2026-10-03:16:18:16,766 INFO     [psi4.driver.task_planner:259] PLANNING Atomic:  keywords={'DFT_RADIAL_POINTS': 99, 'DFT_SPHERICAL_POINTS': 590, 'DF_BASIS_SCF': 'DEF2-UNIVERSAL-JKFIT', 'D_CONVERGENCE': 1e-10, 'E_CONVERGENCE': 1e-10, 'INTS_TOLERANCE': 1e-12, 'MAXITER': 200, 'REFERENCE': 'RHF', 'SCF_TYPE': 'DF', 'WCOMBINE': 0, 'function_kwargs': {}}
2026-10-03:16:18:16,768 INFO     [psi4.driver.driver:638] Compute gradient(): method=wb97m-d3bj, basis=def2-tzvppd, molecule=default, nre=229.47889069555058
2026-10-03:16:26:25,503 INFO     [psi4.driver.driver:641] Return gradient(): -274.3476197892407
2026-10-03:16:26:25,510 INFO     [psi4.driver.driver:642] [[-0.00744401 -0.00713053 -0.01705167]
 [ 0.00101511  0.00234697  0.00295397]
 [ 0.00006882  0.00266406  0.00680742]
 [ 0.00252643 -0.00107328 -0.00235587]
 [ 0.00158837 -0.00251054  0.00573937]
 [ 0.00193295 -0.00250222 -0.00052746]
 [ 0.00237228 -0.00222538  0.00212546]
 [ 0.00132452  0.00292227 -0.00171373]
 [-0.00301166  0.00365756 -0.00067663]
 [-0.00080595  0.00116396  0.00425511]
 [ 0.0005406   0.00342995  0.00171629]
 [-0.00060576  0.00017238 -0.00314223]
 [-0.00066929 -0.00068813  0.00307162]
 [ 0.00168701 -0.00021033 -0.0012094 ]
 [-0.00013066 -0.00144249  0.00383542]
 [-0.00968697 -0.00347025  0.00936246]
 [-0.00323995 -0.0013977   0.00382094]
 [ 0.0050613   0.00252468 -0.0009911 ]
 [ 0.00503606 -0.00131225 -0.00234366]
 [ 0.00244405  0.00508079 -0.01367521]]
