FFFFFFFFF..F.F.......................................................... [ 85%]
.......F....                                                             [100%]
=================================== FAILURES ===================================
____________ test_invalid_restored_geometry_rejects_before_step[0] _____________

tmp_path = PosixPath('/tmp/pytest-of-agent/pytest-3/test_invalid_restored_geometry0')
monkeypatch = <_pytest.monkeypatch.MonkeyPatch object at 0x7fd14f5588d0>
map_index = 0

    @pytest.mark.parametrize('map_index', (0, 1))
    def test_invalid_restored_geometry_rejects_before_step(tmp_path, monkeypatch, map_index):
        import openmm as mm
        from openmm import unit
        from atm_mlmm.persistence import read_json
        from atm_mlmm.schema import NumericalDomainError
        from atm_mlmm.workflow import _snapshot, resume_run
    
>       output = _analytic_fixed_window(tmp_path/'fixed')
                 ^^^^^^^^^^^^^^^^^^^^^^^^^^^^^^^^^^^^^^^^

tests/workflow/test_restored_state_admission.py:62: 
_ _ _ _ _ _ _ _ _ _ _ _ _ _ _ _ _ _ _ _ _ _ _ _ _ _ _ _ _ _ _ _ _ _ _ _ _ _ _ _ 
tests/workflow/test_engine_restart.py:48: in _analytic_fixed_window
    _execute(output, metadata, stop_after_samples=stop_after_samples)
src/atm_mlmm/workflow.py:454: in _execute
    _compare_saved_evaluation(refreshed,read_json(directory/'handover-parity.json'),
                                        ^^^^^^^^^^^^^^^^^^^^^^^^^^^^^^^^^^^^^^^^^^^
src/atm_mlmm/persistence.py:29: in read_json
    return json.loads(Path(path).read_text(), parse_constant=reject_constant)
                      ^^^^^^^^^^^^^^^^^^^^^^
../before-hpc-cpu-v2/env/lib/python3.11/pathlib.py:1058: in read_text
    with self.open(mode='r', encoding=encoding, errors=errors) as f:
         ^^^^^^^^^^^^^^^^^^^^^^^^^^^^^^^^^^^^^^^^^^^^^^^^^^^^^
_ _ _ _ _ _ _ _ _ _ _ _ _ _ _ _ _ _ _ _ _ _ _ _ _ _ _ _ _ _ _ _ _ _ _ _ _ _ _ _ 

self = PosixPath('/tmp/pytest-of-agent/pytest-3/test_invalid_restored_geometry0/fixed/handover-parity.json')
mode = 'r', buffering = -1, encoding = 'locale', errors = None, newline = None

    def open(self, mode='r', buffering=-1, encoding=None,
             errors=None, newline=None):
        """
        Open the file pointed by this path and return a file object, as
        the built-in open() function does.
        """
        if "b" not in mode:
            encoding = io.text_encoding(encoding)
>       return io.open(self, mode, buffering, encoding, errors, newline)
               ^^^^^^^^^^^^^^^^^^^^^^^^^^^^^^^^^^^^^^^^^^^^^^^^^^^^^^^^^
E       FileNotFoundError: [Errno 2] No such file or directory: '/tmp/pytest-of-agent/pytest-3/test_invalid_restored_geometry0/fixed/handover-parity.json'

../before-hpc-cpu-v2/env/lib/python3.11/pathlib.py:1044: FileNotFoundError
____________ test_invalid_restored_geometry_rejects_before_step[1] _____________

tmp_path = PosixPath('/tmp/pytest-of-agent/pytest-3/test_invalid_restored_geometry1')
monkeypatch = <_pytest.monkeypatch.MonkeyPatch object at 0x7fd148e335d0>
map_index = 1

    @pytest.mark.parametrize('map_index', (0, 1))
    def test_invalid_restored_geometry_rejects_before_step(tmp_path, monkeypatch, map_index):
        import openmm as mm
        from openmm import unit
        from atm_mlmm.persistence import read_json
        from atm_mlmm.schema import NumericalDomainError
        from atm_mlmm.workflow import _snapshot, resume_run
    
>       output = _analytic_fixed_window(tmp_path/'fixed')
                 ^^^^^^^^^^^^^^^^^^^^^^^^^^^^^^^^^^^^^^^^

tests/workflow/test_restored_state_admission.py:62: 
_ _ _ _ _ _ _ _ _ _ _ _ _ _ _ _ _ _ _ _ _ _ _ _ _ _ _ _ _ _ _ _ _ _ _ _ _ _ _ _ 
tests/workflow/test_engine_restart.py:48: in _analytic_fixed_window
    _execute(output, metadata, stop_after_samples=stop_after_samples)
src/atm_mlmm/workflow.py:454: in _execute
    _compare_saved_evaluation(refreshed,read_json(directory/'handover-parity.json'),
                                        ^^^^^^^^^^^^^^^^^^^^^^^^^^^^^^^^^^^^^^^^^^^
src/atm_mlmm/persistence.py:29: in read_json
    return json.loads(Path(path).read_text(), parse_constant=reject_constant)
                      ^^^^^^^^^^^^^^^^^^^^^^
../before-hpc-cpu-v2/env/lib/python3.11/pathlib.py:1058: in read_text
    with self.open(mode='r', encoding=encoding, errors=errors) as f:
         ^^^^^^^^^^^^^^^^^^^^^^^^^^^^^^^^^^^^^^^^^^^^^^^^^^^^^
_ _ _ _ _ _ _ _ _ _ _ _ _ _ _ _ _ _ _ _ _ _ _ _ _ _ _ _ _ _ _ _ _ _ _ _ _ _ _ _ 

self = PosixPath('/tmp/pytest-of-agent/pytest-3/test_invalid_restored_geometry1/fixed/handover-parity.json')
mode = 'r', buffering = -1, encoding = 'locale', errors = None, newline = None

    def open(self, mode='r', buffering=-1, encoding=None,
             errors=None, newline=None):
        """
        Open the file pointed by this path and return a file object, as
        the built-in open() function does.
        """
        if "b" not in mode:
            encoding = io.text_encoding(encoding)
>       return io.open(self, mode, buffering, encoding, errors, newline)
               ^^^^^^^^^^^^^^^^^^^^^^^^^^^^^^^^^^^^^^^^^^^^^^^^^^^^^^^^^
E       FileNotFoundError: [Errno 2] No such file or directory: '/tmp/pytest-of-agent/pytest-3/test_invalid_restored_geometry1/fixed/handover-parity.json'

../before-hpc-cpu-v2/env/lib/python3.11/pathlib.py:1044: FileNotFoundError
_____________ test_restored_checkpoint_time_must_match_saved_state _____________

tmp_path = PosixPath('/tmp/pytest-of-agent/pytest-3/test_restored_checkpoint_time_0')
monkeypatch = <_pytest.monkeypatch.MonkeyPatch object at 0x7fd1471308d0>

    def test_restored_checkpoint_time_must_match_saved_state(tmp_path, monkeypatch):
        import openmm as mm
        from openmm import unit
        from atm_mlmm.schema import IdentityError
        from atm_mlmm.workflow import resume_run
    
>       output = _analytic_fixed_window(tmp_path/'fixed')
                 ^^^^^^^^^^^^^^^^^^^^^^^^^^^^^^^^^^^^^^^^

tests/workflow/test_restored_state_admission.py:96: 
_ _ _ _ _ _ _ _ _ _ _ _ _ _ _ _ _ _ _ _ _ _ _ _ _ _ _ _ _ _ _ _ _ _ _ _ _ _ _ _ 
tests/workflow/test_engine_restart.py:48: in _analytic_fixed_window
    _execute(output, metadata, stop_after_samples=stop_after_samples)
src/atm_mlmm/workflow.py:454: in _execute
    _compare_saved_evaluation(refreshed,read_json(directory/'handover-parity.json'),
                                        ^^^^^^^^^^^^^^^^^^^^^^^^^^^^^^^^^^^^^^^^^^^
src/atm_mlmm/persistence.py:29: in read_json
    return json.loads(Path(path).read_text(), parse_constant=reject_constant)
                      ^^^^^^^^^^^^^^^^^^^^^^
../before-hpc-cpu-v2/env/lib/python3.11/pathlib.py:1058: in read_text
    with self.open(mode='r', encoding=encoding, errors=errors) as f:
         ^^^^^^^^^^^^^^^^^^^^^^^^^^^^^^^^^^^^^^^^^^^^^^^^^^^^^
_ _ _ _ _ _ _ _ _ _ _ _ _ _ _ _ _ _ _ _ _ _ _ _ _ _ _ _ _ _ _ _ _ _ _ _ _ _ _ _ 

self = PosixPath('/tmp/pytest-of-agent/pytest-3/test_restored_checkpoint_time_0/fixed/handover-parity.json')
mode = 'r', buffering = -1, encoding = 'locale', errors = None, newline = None

    def open(self, mode='r', buffering=-1, encoding=None,
             errors=None, newline=None):
        """
        Open the file pointed by this path and return a file object, as
        the built-in open() function does.
        """
        if "b" not in mode:
            encoding = io.text_encoding(encoding)
>       return io.open(self, mode, buffering, encoding, errors, newline)
               ^^^^^^^^^^^^^^^^^^^^^^^^^^^^^^^^^^^^^^^^^^^^^^^^^^^^^^^^^
E       FileNotFoundError: [Errno 2] No such file or directory: '/tmp/pytest-of-agent/pytest-3/test_restored_checkpoint_time_0/fixed/handover-parity.json'

../before-hpc-cpu-v2/env/lib/python3.11/pathlib.py:1044: FileNotFoundError
________ test_saved_row_must_match_actual_restored_state[positions_nm] _________

tmp_path = PosixPath('/tmp/pytest-of-agent/pytest-3/test_saved_row_must_match_actu0')
monkeypatch = <_pytest.monkeypatch.MonkeyPatch object at 0x7fd1474b2490>
field = 'positions_nm'

    @pytest.mark.parametrize('field', ('positions_nm', 'velocities_nm_ps', 'box_nm', 'parameters'))
    def test_saved_row_must_match_actual_restored_state(tmp_path, monkeypatch, field):
        from atm_mlmm.persistence import read_json, write_json
        from atm_mlmm.schema import IdentityError
        from atm_mlmm.workflow import resume_run
    
>       output = _analytic_fixed_window(tmp_path/'fixed')
                 ^^^^^^^^^^^^^^^^^^^^^^^^^^^^^^^^^^^^^^^^

tests/workflow/test_restored_state_admission.py:115: 
_ _ _ _ _ _ _ _ _ _ _ _ _ _ _ _ _ _ _ _ _ _ _ _ _ _ _ _ _ _ _ _ _ _ _ _ _ _ _ _ 
tests/workflow/test_engine_restart.py:48: in _analytic_fixed_window
    _execute(output, metadata, stop_after_samples=stop_after_samples)
src/atm_mlmm/workflow.py:454: in _execute
    _compare_saved_evaluation(refreshed,read_json(directory/'handover-parity.json'),
                                        ^^^^^^^^^^^^^^^^^^^^^^^^^^^^^^^^^^^^^^^^^^^
src/atm_mlmm/persistence.py:29: in read_json
    return json.loads(Path(path).read_text(), parse_constant=reject_constant)
                      ^^^^^^^^^^^^^^^^^^^^^^
../before-hpc-cpu-v2/env/lib/python3.11/pathlib.py:1058: in read_text
    with self.open(mode='r', encoding=encoding, errors=errors) as f:
         ^^^^^^^^^^^^^^^^^^^^^^^^^^^^^^^^^^^^^^^^^^^^^^^^^^^^^
_ _ _ _ _ _ _ _ _ _ _ _ _ _ _ _ _ _ _ _ _ _ _ _ _ _ _ _ _ _ _ _ _ _ _ _ _ _ _ _ 

self = PosixPath('/tmp/pytest-of-agent/pytest-3/test_saved_row_must_match_actu0/fixed/handover-parity.json')
mode = 'r', buffering = -1, encoding = 'locale', errors = None, newline = None

    def open(self, mode='r', buffering=-1, encoding=None,
             errors=None, newline=None):
        """
        Open the file pointed by this path and return a file object, as
        the built-in open() function does.
        """
        if "b" not in mode:
            encoding = io.text_encoding(encoding)
>       return io.open(self, mode, buffering, encoding, errors, newline)
               ^^^^^^^^^^^^^^^^^^^^^^^^^^^^^^^^^^^^^^^^^^^^^^^^^^^^^^^^^
E       FileNotFoundError: [Errno 2] No such file or directory: '/tmp/pytest-of-agent/pytest-3/test_saved_row_must_match_actu0/fixed/handover-parity.json'

../before-hpc-cpu-v2/env/lib/python3.11/pathlib.py:1044: FileNotFoundError
______ test_saved_row_must_match_actual_restored_state[velocities_nm_ps] _______

tmp_path = PosixPath('/tmp/pytest-of-agent/pytest-3/test_saved_row_must_match_actu1')
monkeypatch = <_pytest.monkeypatch.MonkeyPatch object at 0x7fd148e189d0>
field = 'velocities_nm_ps'

    @pytest.mark.parametrize('field', ('positions_nm', 'velocities_nm_ps', 'box_nm', 'parameters'))
    def test_saved_row_must_match_actual_restored_state(tmp_path, monkeypatch, field):
        from atm_mlmm.persistence import read_json, write_json
        from atm_mlmm.schema import IdentityError
        from atm_mlmm.workflow import resume_run
    
>       output = _analytic_fixed_window(tmp_path/'fixed')
                 ^^^^^^^^^^^^^^^^^^^^^^^^^^^^^^^^^^^^^^^^

tests/workflow/test_restored_state_admission.py:115: 
_ _ _ _ _ _ _ _ _ _ _ _ _ _ _ _ _ _ _ _ _ _ _ _ _ _ _ _ _ _ _ _ _ _ _ _ _ _ _ _ 
tests/workflow/test_engine_restart.py:48: in _analytic_fixed_window
    _execute(output, metadata, stop_after_samples=stop_after_samples)
src/atm_mlmm/workflow.py:454: in _execute
    _compare_saved_evaluation(refreshed,read_json(directory/'handover-parity.json'),
                                        ^^^^^^^^^^^^^^^^^^^^^^^^^^^^^^^^^^^^^^^^^^^
src/atm_mlmm/persistence.py:29: in read_json
    return json.loads(Path(path).read_text(), parse_constant=reject_constant)
                      ^^^^^^^^^^^^^^^^^^^^^^
../before-hpc-cpu-v2/env/lib/python3.11/pathlib.py:1058: in read_text
    with self.open(mode='r', encoding=encoding, errors=errors) as f:
         ^^^^^^^^^^^^^^^^^^^^^^^^^^^^^^^^^^^^^^^^^^^^^^^^^^^^^
_ _ _ _ _ _ _ _ _ _ _ _ _ _ _ _ _ _ _ _ _ _ _ _ _ _ _ _ _ _ _ _ _ _ _ _ _ _ _ _ 

self = PosixPath('/tmp/pytest-of-agent/pytest-3/test_saved_row_must_match_actu1/fixed/handover-parity.json')
mode = 'r', buffering = -1, encoding = 'locale', errors = None, newline = None

    def open(self, mode='r', buffering=-1, encoding=None,
             errors=None, newline=None):
        """
        Open the file pointed by this path and return a file object, as
        the built-in open() function does.
        """
        if "b" not in mode:
            encoding = io.text_encoding(encoding)
>       return io.open(self, mode, buffering, encoding, errors, newline)
               ^^^^^^^^^^^^^^^^^^^^^^^^^^^^^^^^^^^^^^^^^^^^^^^^^^^^^^^^^
E       FileNotFoundError: [Errno 2] No such file or directory: '/tmp/pytest-of-agent/pytest-3/test_saved_row_must_match_actu1/fixed/handover-parity.json'

../before-hpc-cpu-v2/env/lib/python3.11/pathlib.py:1044: FileNotFoundError
___________ test_saved_row_must_match_actual_restored_state[box_nm] ____________

tmp_path = PosixPath('/tmp/pytest-of-agent/pytest-3/test_saved_row_must_match_actu2')
monkeypatch = <_pytest.monkeypatch.MonkeyPatch object at 0x7fd14a1182d0>
field = 'box_nm'

    @pytest.mark.parametrize('field', ('positions_nm', 'velocities_nm_ps', 'box_nm', 'parameters'))
    def test_saved_row_must_match_actual_restored_state(tmp_path, monkeypatch, field):
        from atm_mlmm.persistence import read_json, write_json
        from atm_mlmm.schema import IdentityError
        from atm_mlmm.workflow import resume_run
    
>       output = _analytic_fixed_window(tmp_path/'fixed')
                 ^^^^^^^^^^^^^^^^^^^^^^^^^^^^^^^^^^^^^^^^

tests/workflow/test_restored_state_admission.py:115: 
_ _ _ _ _ _ _ _ _ _ _ _ _ _ _ _ _ _ _ _ _ _ _ _ _ _ _ _ _ _ _ _ _ _ _ _ _ _ _ _ 
tests/workflow/test_engine_restart.py:48: in _analytic_fixed_window
    _execute(output, metadata, stop_after_samples=stop_after_samples)
src/atm_mlmm/workflow.py:454: in _execute
    _compare_saved_evaluation(refreshed,read_json(directory/'handover-parity.json'),
                                        ^^^^^^^^^^^^^^^^^^^^^^^^^^^^^^^^^^^^^^^^^^^
src/atm_mlmm/persistence.py:29: in read_json
    return json.loads(Path(path).read_text(), parse_constant=reject_constant)
                      ^^^^^^^^^^^^^^^^^^^^^^
../before-hpc-cpu-v2/env/lib/python3.11/pathlib.py:1058: in read_text
    with self.open(mode='r', encoding=encoding, errors=errors) as f:
         ^^^^^^^^^^^^^^^^^^^^^^^^^^^^^^^^^^^^^^^^^^^^^^^^^^^^^
_ _ _ _ _ _ _ _ _ _ _ _ _ _ _ _ _ _ _ _ _ _ _ _ _ _ _ _ _ _ _ _ _ _ _ _ _ _ _ _ 

self = PosixPath('/tmp/pytest-of-agent/pytest-3/test_saved_row_must_match_actu2/fixed/handover-parity.json')
mode = 'r', buffering = -1, encoding = 'locale', errors = None, newline = None

    def open(self, mode='r', buffering=-1, encoding=None,
             errors=None, newline=None):
        """
        Open the file pointed by this path and return a file object, as
        the built-in open() function does.
        """
        if "b" not in mode:
            encoding = io.text_encoding(encoding)
>       return io.open(self, mode, buffering, encoding, errors, newline)
               ^^^^^^^^^^^^^^^^^^^^^^^^^^^^^^^^^^^^^^^^^^^^^^^^^^^^^^^^^
E       FileNotFoundError: [Errno 2] No such file or directory: '/tmp/pytest-of-agent/pytest-3/test_saved_row_must_match_actu2/fixed/handover-parity.json'

../before-hpc-cpu-v2/env/lib/python3.11/pathlib.py:1044: FileNotFoundError
_________ test_saved_row_must_match_actual_restored_state[parameters] __________

tmp_path = PosixPath('/tmp/pytest-of-agent/pytest-3/test_saved_row_must_match_actu3')
monkeypatch = <_pytest.monkeypatch.MonkeyPatch object at 0x7fd1470de5d0>
field = 'parameters'

    @pytest.mark.parametrize('field', ('positions_nm', 'velocities_nm_ps', 'box_nm', 'parameters'))
    def test_saved_row_must_match_actual_restored_state(tmp_path, monkeypatch, field):
        from atm_mlmm.persistence import read_json, write_json
        from atm_mlmm.schema import IdentityError
        from atm_mlmm.workflow import resume_run
    
>       output = _analytic_fixed_window(tmp_path/'fixed')
                 ^^^^^^^^^^^^^^^^^^^^^^^^^^^^^^^^^^^^^^^^

tests/workflow/test_restored_state_admission.py:115: 
_ _ _ _ _ _ _ _ _ _ _ _ _ _ _ _ _ _ _ _ _ _ _ _ _ _ _ _ _ _ _ _ _ _ _ _ _ _ _ _ 
tests/workflow/test_engine_restart.py:48: in _analytic_fixed_window
    _execute(output, metadata, stop_after_samples=stop_after_samples)
src/atm_mlmm/workflow.py:454: in _execute
    _compare_saved_evaluation(refreshed,read_json(directory/'handover-parity.json'),
                                        ^^^^^^^^^^^^^^^^^^^^^^^^^^^^^^^^^^^^^^^^^^^
src/atm_mlmm/persistence.py:29: in read_json
    return json.loads(Path(path).read_text(), parse_constant=reject_constant)
                      ^^^^^^^^^^^^^^^^^^^^^^
../before-hpc-cpu-v2/env/lib/python3.11/pathlib.py:1058: in read_text
    with self.open(mode='r', encoding=encoding, errors=errors) as f:
         ^^^^^^^^^^^^^^^^^^^^^^^^^^^^^^^^^^^^^^^^^^^^^^^^^^^^^
_ _ _ _ _ _ _ _ _ _ _ _ _ _ _ _ _ _ _ _ _ _ _ _ _ _ _ _ _ _ _ _ _ _ _ _ _ _ _ _ 

self = PosixPath('/tmp/pytest-of-agent/pytest-3/test_saved_row_must_match_actu3/fixed/handover-parity.json')
mode = 'r', buffering = -1, encoding = 'locale', errors = None, newline = None

    def open(self, mode='r', buffering=-1, encoding=None,
             errors=None, newline=None):
        """
        Open the file pointed by this path and return a file object, as
        the built-in open() function does.
        """
        if "b" not in mode:
            encoding = io.text_encoding(encoding)
>       return io.open(self, mode, buffering, encoding, errors, newline)
               ^^^^^^^^^^^^^^^^^^^^^^^^^^^^^^^^^^^^^^^^^^^^^^^^^^^^^^^^^
E       FileNotFoundError: [Errno 2] No such file or directory: '/tmp/pytest-of-agent/pytest-3/test_saved_row_must_match_actu3/fixed/handover-parity.json'

../before-hpc-cpu-v2/env/lib/python3.11/pathlib.py:1044: FileNotFoundError
__________ test_fresh_valid_prefix_continues_with_exact_saved_history __________

tmp_path = PosixPath('/tmp/pytest-of-agent/pytest-3/test_fresh_valid_prefix_contin0')

    def test_fresh_valid_prefix_continues_with_exact_saved_history(tmp_path):
        from atm_mlmm.persistence import read_sample_chunks
        from atm_mlmm.workflow import resume_run
    
>       output = _analytic_fixed_window(tmp_path/'fixed')
                 ^^^^^^^^^^^^^^^^^^^^^^^^^^^^^^^^^^^^^^^^

tests/workflow/test_restored_state_admission.py:143: 
_ _ _ _ _ _ _ _ _ _ _ _ _ _ _ _ _ _ _ _ _ _ _ _ _ _ _ _ _ _ _ _ _ _ _ _ _ _ _ _ 
tests/workflow/test_engine_restart.py:48: in _analytic_fixed_window
    _execute(output, metadata, stop_after_samples=stop_after_samples)
src/atm_mlmm/workflow.py:454: in _execute
    _compare_saved_evaluation(refreshed,read_json(directory/'handover-parity.json'),
                                        ^^^^^^^^^^^^^^^^^^^^^^^^^^^^^^^^^^^^^^^^^^^
src/atm_mlmm/persistence.py:29: in read_json
    return json.loads(Path(path).read_text(), parse_constant=reject_constant)
                      ^^^^^^^^^^^^^^^^^^^^^^
../before-hpc-cpu-v2/env/lib/python3.11/pathlib.py:1058: in read_text
    with self.open(mode='r', encoding=encoding, errors=errors) as f:
         ^^^^^^^^^^^^^^^^^^^^^^^^^^^^^^^^^^^^^^^^^^^^^^^^^^^^^
_ _ _ _ _ _ _ _ _ _ _ _ _ _ _ _ _ _ _ _ _ _ _ _ _ _ _ _ _ _ _ _ _ _ _ _ _ _ _ _ 

self = PosixPath('/tmp/pytest-of-agent/pytest-3/test_fresh_valid_prefix_contin0/fixed/handover-parity.json')
mode = 'r', buffering = -1, encoding = 'locale', errors = None, newline = None

    def open(self, mode='r', buffering=-1, encoding=None,
             errors=None, newline=None):
        """
        Open the file pointed by this path and return a file object, as
        the built-in open() function does.
        """
        if "b" not in mode:
            encoding = io.text_encoding(encoding)
>       return io.open(self, mode, buffering, encoding, errors, newline)
               ^^^^^^^^^^^^^^^^^^^^^^^^^^^^^^^^^^^^^^^^^^^^^^^^^^^^^^^^^
E       FileNotFoundError: [Errno 2] No such file or directory: '/tmp/pytest-of-agent/pytest-3/test_fresh_valid_prefix_contin0/fixed/handover-parity.json'

../before-hpc-cpu-v2/env/lib/python3.11/pathlib.py:1044: FileNotFoundError
___ test_interrupted_actual_workers_resume_without_duplicate_or_lost_samples ___

tmp_path = PosixPath('/tmp/pytest-of-agent/pytest-3/test_interrupted_actual_worker0')

    def test_interrupted_actual_workers_resume_without_duplicate_or_lost_samples(tmp_path):
        from atm_mlmm.workflow import run_configuration, resume_run, _execute
        from atm_mlmm.persistence import read_sample_chunks
        base = json.loads((FIXTURE/'config.json').read_text())
        base['input_manifest'] = str(FIXTURE/'manifest.json')
        base['settings'].update(frames_per_state=2,steps_per_frame=1,minimization_iterations=3)
        path = tmp_path/'config.json'
        path.write_text(json.dumps(base))
        complete, interrupted = tmp_path/'complete', tmp_path/'interrupted'
        first = run_configuration(path,interrupted,trusted=True,stop_after_samples=1)
        assert first['status'] == 'interrupted'
        assert len(read_sample_chunks(interrupted/'samples')) == 1
        # Independent minimizations may differ at floating-point roundoff, including
        # the resulting anchor center. Compare continuation from the same exact
        # prepared System/State and seed, not two independently assembled bundles.
        complete.mkdir()
        shutil.copytree(interrupted/'worker',complete/'worker')
        metadata=json.loads((interrupted/'metadata.json').read_text())
        reference_metadata={**metadata,'run_id':metadata['run_id']+':reference'}
>       _execute(complete,reference_metadata)

tests/workflow/test_engine_restart.py:86: 
_ _ _ _ _ _ _ _ _ _ _ _ _ _ _ _ _ _ _ _ _ _ _ _ _ _ _ _ _ _ _ _ _ _ _ _ _ _ _ _ 
src/atm_mlmm/workflow.py:454: in _execute
    _compare_saved_evaluation(refreshed,read_json(directory/'handover-parity.json'),
                                        ^^^^^^^^^^^^^^^^^^^^^^^^^^^^^^^^^^^^^^^^^^^
src/atm_mlmm/persistence.py:29: in read_json
    return json.loads(Path(path).read_text(), parse_constant=reject_constant)
                      ^^^^^^^^^^^^^^^^^^^^^^
../before-hpc-cpu-v2/env/lib/python3.11/pathlib.py:1058: in read_text
    with self.open(mode='r', encoding=encoding, errors=errors) as f:
         ^^^^^^^^^^^^^^^^^^^^^^^^^^^^^^^^^^^^^^^^^^^^^^^^^^^^^
_ _ _ _ _ _ _ _ _ _ _ _ _ _ _ _ _ _ _ _ _ _ _ _ _ _ _ _ _ _ _ _ _ _ _ _ _ _ _ _ 

self = PosixPath('/tmp/pytest-of-agent/pytest-3/test_interrupted_actual_worker0/complete/handover-parity.json')
mode = 'r', buffering = -1, encoding = 'locale', errors = None, newline = None

    def open(self, mode='r', buffering=-1, encoding=None,
             errors=None, newline=None):
        """
        Open the file pointed by this path and return a file object, as
        the built-in open() function does.
        """
        if "b" not in mode:
            encoding = io.text_encoding(encoding)
>       return io.open(self, mode, buffering, encoding, errors, newline)
               ^^^^^^^^^^^^^^^^^^^^^^^^^^^^^^^^^^^^^^^^^^^^^^^^^^^^^^^^^
E       FileNotFoundError: [Errno 2] No such file or directory: '/tmp/pytest-of-agent/pytest-3/test_interrupted_actual_worker0/complete/handover-parity.json'

../before-hpc-cpu-v2/env/lib/python3.11/pathlib.py:1044: FileNotFoundError
----------------------------- Captured stdout call -----------------------------
cuequivariance or cuequivariance_torch is not available. Cuequivariance acceleration will be disabled.
_______________ test_missing_bundled_source_rejects_before_load ________________

tmp_path = PosixPath('/tmp/pytest-of-agent/pytest-3/test_missing_bundled_source_re0')
monkeypatch = <_pytest.monkeypatch.MonkeyPatch object at 0x7fd114ad0190>

    def test_missing_bundled_source_rejects_before_load(tmp_path,monkeypatch):
        from atm_mlmm.adapters import atom
        import atm_mlmm.workflow as workflow
        from atm_mlmm.schema import IdentityError
    
>       output = _analytic_fixed_window(tmp_path/'fixed')
                 ^^^^^^^^^^^^^^^^^^^^^^^^^^^^^^^^^^^^^^^^

tests/workflow/test_engine_restart.py:159: 
_ _ _ _ _ _ _ _ _ _ _ _ _ _ _ _ _ _ _ _ _ _ _ _ _ _ _ _ _ _ _ _ _ _ _ _ _ _ _ _ 
tests/workflow/test_engine_restart.py:48: in _analytic_fixed_window
    _execute(output, metadata, stop_after_samples=stop_after_samples)
src/atm_mlmm/workflow.py:454: in _execute
    _compare_saved_evaluation(refreshed,read_json(directory/'handover-parity.json'),
                                        ^^^^^^^^^^^^^^^^^^^^^^^^^^^^^^^^^^^^^^^^^^^
src/atm_mlmm/persistence.py:29: in read_json
    return json.loads(Path(path).read_text(), parse_constant=reject_constant)
                      ^^^^^^^^^^^^^^^^^^^^^^
../before-hpc-cpu-v2/env/lib/python3.11/pathlib.py:1058: in read_text
    with self.open(mode='r', encoding=encoding, errors=errors) as f:
         ^^^^^^^^^^^^^^^^^^^^^^^^^^^^^^^^^^^^^^^^^^^^^^^^^^^^^
_ _ _ _ _ _ _ _ _ _ _ _ _ _ _ _ _ _ _ _ _ _ _ _ _ _ _ _ _ _ _ _ _ _ _ _ _ _ _ _ 

self = PosixPath('/tmp/pytest-of-agent/pytest-3/test_missing_bundled_source_re0/fixed/handover-parity.json')
mode = 'r', buffering = -1, encoding = 'locale', errors = None, newline = None

    def open(self, mode='r', buffering=-1, encoding=None,
             errors=None, newline=None):
        """
        Open the file pointed by this path and return a file object, as
        the built-in open() function does.
        """
        if "b" not in mode:
            encoding = io.text_encoding(encoding)
>       return io.open(self, mode, buffering, encoding, errors, newline)
               ^^^^^^^^^^^^^^^^^^^^^^^^^^^^^^^^^^^^^^^^^^^^^^^^^^^^^^^^^
E       FileNotFoundError: [Errno 2] No such file or directory: '/tmp/pytest-of-agent/pytest-3/test_missing_bundled_source_re0/fixed/handover-parity.json'

../before-hpc-cpu-v2/env/lib/python3.11/pathlib.py:1044: FileNotFoundError
__________ test_pair_restored_checkpoint_time_must_match_saved_state ___________

prepared = PosixPath('/tmp/pytest-of-agent/pytest-3/test_pair_restored_checkpoint_0/prepared')
tmp_path = PosixPath('/tmp/pytest-of-agent/pytest-3/test_pair_restored_checkpoint_0')
monkeypatch = <_pytest.monkeypatch.MonkeyPatch object at 0x7fd115ec2610>

    def test_pair_restored_checkpoint_time_must_match_saved_state(prepared,tmp_path,monkeypatch):
        import openmm as mm
        from openmm import unit
        from atm_mlmm.adapters import atom
        from atm_mlmm.adapters.atom import load_worker_run
        from atm_mlmm.exchange_journal import read_exchange_rounds
        from atm_mlmm.persistence import read_json,write_json
        from atm_mlmm.schema import IdentityError
    
        run,resume,_=api()
        output=tmp_path/'clock-mismatch'
        run(prepared,output,rounds=2,steps_per_round=1,seed=73,trusted=True,stop_after_rounds=1)
        metadata=read_json(output/'metadata.json')
        boundary=output/'rounds/000000'
        record=read_json(boundary/'record.json')
        sample=record['samples'][0]
        state_id=record['state_ids_after'][0]
        checkpoint=boundary/'worker-0.chk'
        with load_worker_run(output/'worker',metadata['worker_manifest_sha256'],trusted=True,
                             integrator_seed=metadata['settings']['seed']) as worker:
            worker.restore_checkpoint(checkpoint.read_bytes(),state_id)
            worker.evaluator.context.setTime(1.0005*unit.picosecond)
            checkpoint.write_bytes(worker.evaluator.context.createCheckpoint())
        manifest_path=boundary/'manifest.json'
        manifest=read_json(manifest_path)
        manifest['files']['worker-0.chk']=hashlib.sha256(checkpoint.read_bytes()).hexdigest()
        write_json(manifest_path,manifest)
        assert sample['step']==1 and sample['time_ps']==.0005
        assert len(read_exchange_rounds(output))==1
    
        calls={'energy':0,'steps':[]}
        original_evaluate=atom.WorkerRun.evaluate
        original_step=mm.LangevinMiddleIntegrator.step
        def evaluate(self,*args,**kwargs):
            calls['energy']+=1
            return original_evaluate(self,*args,**kwargs)
        def step(self,count):
            calls['steps'].append(count)
            return original_step(self,count)
        monkeypatch.setattr(atom.WorkerRun,'evaluate',evaluate)
        monkeypatch.setattr(mm.LangevinMiddleIntegrator,'step',step)
        with pytest.raises(IdentityError,match='clock|time'):
            resume(output,trusted=True)
        assert calls=={'energy':0,'steps':[]}
        assert len(read_exchange_rounds(output))==1 and not any((output/'rounds').glob('.pending-*'))
>       np.testing.assert_array_equal(after[1],caller_numpy[1])
                                      ^^^^^
E       NameError: name 'after' is not defined

tests/workflow/test_persistent_exchange.py:168: NameError
______ test_worker_artifact_trust_and_identity_are_checked_before_loading ______

tmp_path = PosixPath('/tmp/pytest-of-agent/pytest-3/test_worker_artifact_trust_and0')

    def test_worker_artifact_trust_and_identity_are_checked_before_loading(tmp_path):
        from atm_mlmm.adapters.atom import build_atom, export_worker_run, load_worker_run
        from atm_mlmm.schema import IdentityError, UnsupportedCapability
        physical,transfer,schedule,restraints,snapshot=atom_case('abfe')
        with build_atom(physical,transfer,schedule,restraints,REFERENCE) as source:
            manifest,digest=export_worker_run(source,tmp_path/'export',snapshot,'first')
        with pytest.raises(UnsupportedCapability,match='trusted'):
            load_worker_run(manifest.parent,digest)
        with pytest.raises(IdentityError,match='digest'):
            load_worker_run(manifest.parent,'0'*64,trusted=True)
        path=manifest.parent/'handover_sys.xml'
        path.write_bytes(path.read_bytes()+b' ')
>       with pytest.raises(IdentityError,match='file'):
E       AssertionError: Regex pattern did not match.
E         Expected regex: 'file'
E         Actual message: 'worker artifact hash mismatch: handover_sys.xml'

tests/workflow/test_worker_handover.py:60: AssertionError
=========================== short test summary info ============================
FAILED tests/workflow/test_restored_state_admission.py::test_invalid_restored_geometry_rejects_before_step[0]
FAILED tests/workflow/test_restored_state_admission.py::test_invalid_restored_geometry_rejects_before_step[1]
FAILED tests/workflow/test_restored_state_admission.py::test_restored_checkpoint_time_must_match_saved_state
FAILED tests/workflow/test_restored_state_admission.py::test_saved_row_must_match_actual_restored_state[positions_nm]
FAILED tests/workflow/test_restored_state_admission.py::test_saved_row_must_match_actual_restored_state[velocities_nm_ps]
FAILED tests/workflow/test_restored_state_admission.py::test_saved_row_must_match_actual_restored_state[box_nm]
FAILED tests/workflow/test_restored_state_admission.py::test_saved_row_must_match_actual_restored_state[parameters]
FAILED tests/workflow/test_restored_state_admission.py::test_fresh_valid_prefix_continues_with_exact_saved_history
FAILED tests/workflow/test_engine_restart.py::test_interrupted_actual_workers_resume_without_duplicate_or_lost_samples
FAILED tests/workflow/test_engine_restart.py::test_missing_bundled_source_rejects_before_load
FAILED tests/workflow/test_persistent_exchange.py::test_pair_restored_checkpoint_time_must_match_saved_state
FAILED tests/workflow/test_worker_handover.py::test_worker_artifact_trust_and_identity_are_checked_before_loading
12 failed, 72 passed in 79.67s (0:01:19)
