FF............                                                           [100%]
=================================== FAILURES ===================================
____________ test_invalid_restored_geometry_rejects_before_step[0] _____________

tmp_path = PosixPath('/tmp/pytest-of-agent/pytest-4/test_invalid_restored_geometry0')
monkeypatch = <_pytest.monkeypatch.MonkeyPatch object at 0x7efdf1b6ce90>
map_index = 0

    @pytest.mark.parametrize('map_index', (0, 1))
    def test_invalid_restored_geometry_rejects_before_step(tmp_path, monkeypatch, map_index):
        import openmm as mm
        from openmm import unit
        from atm_mlmm.persistence import read_json
        from atm_mlmm.schema import NumericalDomainError
        from atm_mlmm.workflow import _snapshot, resume_run
    
        output = _analytic_fixed_window(tmp_path/'fixed')
    
        def overlap(worker, _row):
            physical = worker.bundle.physical
            context = worker.evaluator.context
            state = context.getState(getPositions=True)
            positions = state.getPositions(asNumpy=True).value_in_unit(unit.nanometer)
            ligand_index = physical.real_to_final['b1']
            protein_index = physical.real_to_final['protein']
            if map_index == 0:
                positions[protein_index] = positions[ligand_index]
            else:
                displacement = np.asarray(worker.bundle.transfer.protocol.geometry_requests['displacement_nm'])
                positions[protein_index] = positions[ligand_index] - displacement
            context.setPositions(positions*unit.nanometer)
            context.computeVirtualSites()
    
        row = _mutate_checkpoint(output, overlap)
        assert row['state_id'] == 'first'
        calls = _watch_admission_calls(monkeypatch)
        with pytest.raises(NumericalDomainError, match=f'map{map_index} intermolecular Bondi ratio'):
>           resume_run(output, trusted=True)

tests/workflow/test_restored_state_admission.py:83: 
_ _ _ _ _ _ _ _ _ _ _ _ _ _ _ _ _ _ _ _ _ _ _ _ _ _ _ _ _ _ _ _ _ _ _ _ _ _ _ _ 
src/atm_mlmm/workflow.py:612: in resume_run
    return _execute(directory,metadata,stop_after_samples=stop_after_samples)
           ^^^^^^^^^^^^^^^^^^^^^^^^^^^^^^^^^^^^^^^^^^^^^^^^^^^^^^^^^^^^^^^^^^
src/atm_mlmm/workflow.py:437: in _execute
    snapshot = validate_restored_state(worker,state_id=state.state_id,
_ _ _ _ _ _ _ _ _ _ _ _ _ _ _ _ _ _ _ _ _ _ _ _ _ _ _ _ _ _ _ _ _ _ _ _ _ _ _ _ 

worker = <atm_mlmm.adapters.atom.WorkerRun object at 0x7efdea130fd0>
state_id = 'first'
portable_state_xml = '<?xml version="1.0" ?>\n<State openmmVersion="8.6.1" stepCount="1" time=".0005" type="State" version="1">\n\t<Periodi...574453998"/>\n\t\t<Force x="7.630049130905139" y="1.7397386433739501" z="-1.60967679679197"/>\n\t</Forces>\n</State>\n'
expected_step_count = 1, expected_time_ps = 0.0005
compare_portable_parameters = True

    def validate_restored_state(worker, *, state_id: str, portable_state_xml: str,
                                expected_step_count: int, expected_time_ps: float,
                                compare_portable_parameters: bool = True):
        """Validate actual restored context state against its saved portable State.
    
        The comparison is observational: it requests no energy or forces and does
        not advance the integrator. Exact step/time identity is intentionally
        separate from elapsed-time accumulation bounds.
        """
        import numpy as np
        import openmm as mm
        from openmm import unit
        import xml.etree.ElementTree as ET
        from .workflow import _snapshot
        from .schedule import schedule_state
    
        if (type(expected_step_count) is not int or expected_step_count < 0 or
                isinstance(expected_time_ps, bool) or
                not isinstance(expected_time_ps, (int, float)) or
                not math.isfinite(expected_time_ps)):
            raise IdentityError('saved checkpoint clock is malformed')
        if type(compare_portable_parameters) is not bool:
            raise IdentityError('portable parameter comparison flag must be boolean')
        try:
            root = ET.fromstring(portable_state_xml)
            if root.tag != 'State':
                raise IdentityError('portable artifact must be a State')
            portable = mm.XmlSerializer.deserialize(portable_state_xml)
            actual = worker.evaluator.context.getState(
                getPositions=True, getVelocities=True, getParameters=True)
            snapshot = _snapshot(worker)
            portable_positions = portable.getPositions(asNumpy=True).value_in_unit(unit.nanometer)
            portable_velocities = portable.getVelocities(asNumpy=True).value_in_unit(
                unit.nanometer/unit.picosecond)
            actual_positions = actual.getPositions(asNumpy=True).value_in_unit(unit.nanometer)
            actual_velocities = actual.getVelocities(asNumpy=True).value_in_unit(
                unit.nanometer/unit.picosecond)
            actual_step = worker.evaluator.context.getStepCount()
            actual_time_ps = float(actual.getTime().value_in_unit(unit.picosecond))
            portable_step = portable.getStepCount()
            portable_time_ps = float(portable.getTime().value_in_unit(unit.picosecond))
        except IdentityError:
            raise
        except Exception as error:
            raise IdentityError(f'restored checkpoint/portable State cannot be inspected: {error}') from error
    
        if (not np.isfinite(actual_positions).all() or not np.isfinite(actual_velocities).all() or
                not np.isfinite(portable_positions).all() or not np.isfinite(portable_velocities).all()):
            raise IdentityError('restored checkpoint or portable State has nonfinite coordinates/velocities')
        if (actual_positions.ndim != 2 or actual_positions.shape[1:] != (3,) or
                portable_positions.shape != actual_positions.shape or
                actual_velocities.shape != actual_positions.shape or
                portable_velocities.shape != actual_velocities.shape):
            raise IdentityError('restored checkpoint/portable State particle shapes disagree')
        if (actual_step != expected_step_count or actual_time_ps != expected_time_ps):
            raise IdentityError('restored checkpoint clock disagrees with saved state')
        if (portable_step != expected_step_count or portable_time_ps != expected_time_ps):
            raise IdentityError('portable State clock disagrees with saved state')
    
        physical = worker.bundle.physical
        particle_indices = [physical.real_to_final[atom.atom_id] for atom in physical.topology.atoms]
        actual_snapshot = np.asarray(snapshot.positions_nm, dtype=float)
        actual_velocities_real = np.asarray(snapshot.velocities_nm_ps, dtype=float)
        if not np.array_equal(actual_snapshot, portable_positions[particle_indices]):
>           raise IdentityError('restored checkpoint coordinates disagree with portable State')
E           atm_mlmm.schema.IdentityError: restored checkpoint coordinates disagree with portable State

src/atm_mlmm/runtime_validation.py:155: IdentityError
____________ test_invalid_restored_geometry_rejects_before_step[1] _____________

tmp_path = PosixPath('/tmp/pytest-of-agent/pytest-4/test_invalid_restored_geometry1')
monkeypatch = <_pytest.monkeypatch.MonkeyPatch object at 0x7efdec974a50>
map_index = 1

    @pytest.mark.parametrize('map_index', (0, 1))
    def test_invalid_restored_geometry_rejects_before_step(tmp_path, monkeypatch, map_index):
        import openmm as mm
        from openmm import unit
        from atm_mlmm.persistence import read_json
        from atm_mlmm.schema import NumericalDomainError
        from atm_mlmm.workflow import _snapshot, resume_run
    
        output = _analytic_fixed_window(tmp_path/'fixed')
    
        def overlap(worker, _row):
            physical = worker.bundle.physical
            context = worker.evaluator.context
            state = context.getState(getPositions=True)
            positions = state.getPositions(asNumpy=True).value_in_unit(unit.nanometer)
            ligand_index = physical.real_to_final['b1']
            protein_index = physical.real_to_final['protein']
            if map_index == 0:
                positions[protein_index] = positions[ligand_index]
            else:
                displacement = np.asarray(worker.bundle.transfer.protocol.geometry_requests['displacement_nm'])
                positions[protein_index] = positions[ligand_index] - displacement
            context.setPositions(positions*unit.nanometer)
            context.computeVirtualSites()
    
        row = _mutate_checkpoint(output, overlap)
        assert row['state_id'] == 'first'
        calls = _watch_admission_calls(monkeypatch)
        with pytest.raises(NumericalDomainError, match=f'map{map_index} intermolecular Bondi ratio'):
>           resume_run(output, trusted=True)

tests/workflow/test_restored_state_admission.py:83: 
_ _ _ _ _ _ _ _ _ _ _ _ _ _ _ _ _ _ _ _ _ _ _ _ _ _ _ _ _ _ _ _ _ _ _ _ _ _ _ _ 
src/atm_mlmm/workflow.py:612: in resume_run
    return _execute(directory,metadata,stop_after_samples=stop_after_samples)
           ^^^^^^^^^^^^^^^^^^^^^^^^^^^^^^^^^^^^^^^^^^^^^^^^^^^^^^^^^^^^^^^^^^
src/atm_mlmm/workflow.py:437: in _execute
    snapshot = validate_restored_state(worker,state_id=state.state_id,
_ _ _ _ _ _ _ _ _ _ _ _ _ _ _ _ _ _ _ _ _ _ _ _ _ _ _ _ _ _ _ _ _ _ _ _ _ _ _ _ 

worker = <atm_mlmm.adapters.atom.WorkerRun object at 0x7efdf1c032d0>
state_id = 'first'
portable_state_xml = '<?xml version="1.0" ?>\n<State openmmVersion="8.6.1" stepCount="1" time=".0005" type="State" version="1">\n\t<Periodi...574453998"/>\n\t\t<Force x="7.630049130905139" y="1.7397386433739501" z="-1.60967679679197"/>\n\t</Forces>\n</State>\n'
expected_step_count = 1, expected_time_ps = 0.0005
compare_portable_parameters = True

    def validate_restored_state(worker, *, state_id: str, portable_state_xml: str,
                                expected_step_count: int, expected_time_ps: float,
                                compare_portable_parameters: bool = True):
        """Validate actual restored context state against its saved portable State.
    
        The comparison is observational: it requests no energy or forces and does
        not advance the integrator. Exact step/time identity is intentionally
        separate from elapsed-time accumulation bounds.
        """
        import numpy as np
        import openmm as mm
        from openmm import unit
        import xml.etree.ElementTree as ET
        from .workflow import _snapshot
        from .schedule import schedule_state
    
        if (type(expected_step_count) is not int or expected_step_count < 0 or
                isinstance(expected_time_ps, bool) or
                not isinstance(expected_time_ps, (int, float)) or
                not math.isfinite(expected_time_ps)):
            raise IdentityError('saved checkpoint clock is malformed')
        if type(compare_portable_parameters) is not bool:
            raise IdentityError('portable parameter comparison flag must be boolean')
        try:
            root = ET.fromstring(portable_state_xml)
            if root.tag != 'State':
                raise IdentityError('portable artifact must be a State')
            portable = mm.XmlSerializer.deserialize(portable_state_xml)
            actual = worker.evaluator.context.getState(
                getPositions=True, getVelocities=True, getParameters=True)
            snapshot = _snapshot(worker)
            portable_positions = portable.getPositions(asNumpy=True).value_in_unit(unit.nanometer)
            portable_velocities = portable.getVelocities(asNumpy=True).value_in_unit(
                unit.nanometer/unit.picosecond)
            actual_positions = actual.getPositions(asNumpy=True).value_in_unit(unit.nanometer)
            actual_velocities = actual.getVelocities(asNumpy=True).value_in_unit(
                unit.nanometer/unit.picosecond)
            actual_step = worker.evaluator.context.getStepCount()
            actual_time_ps = float(actual.getTime().value_in_unit(unit.picosecond))
            portable_step = portable.getStepCount()
            portable_time_ps = float(portable.getTime().value_in_unit(unit.picosecond))
        except IdentityError:
            raise
        except Exception as error:
            raise IdentityError(f'restored checkpoint/portable State cannot be inspected: {error}') from error
    
        if (not np.isfinite(actual_positions).all() or not np.isfinite(actual_velocities).all() or
                not np.isfinite(portable_positions).all() or not np.isfinite(portable_velocities).all()):
            raise IdentityError('restored checkpoint or portable State has nonfinite coordinates/velocities')
        if (actual_positions.ndim != 2 or actual_positions.shape[1:] != (3,) or
                portable_positions.shape != actual_positions.shape or
                actual_velocities.shape != actual_positions.shape or
                portable_velocities.shape != actual_velocities.shape):
            raise IdentityError('restored checkpoint/portable State particle shapes disagree')
        if (actual_step != expected_step_count or actual_time_ps != expected_time_ps):
            raise IdentityError('restored checkpoint clock disagrees with saved state')
        if (portable_step != expected_step_count or portable_time_ps != expected_time_ps):
            raise IdentityError('portable State clock disagrees with saved state')
    
        physical = worker.bundle.physical
        particle_indices = [physical.real_to_final[atom.atom_id] for atom in physical.topology.atoms]
        actual_snapshot = np.asarray(snapshot.positions_nm, dtype=float)
        actual_velocities_real = np.asarray(snapshot.velocities_nm_ps, dtype=float)
        if not np.array_equal(actual_snapshot, portable_positions[particle_indices]):
>           raise IdentityError('restored checkpoint coordinates disagree with portable State')
E           atm_mlmm.schema.IdentityError: restored checkpoint coordinates disagree with portable State

src/atm_mlmm/runtime_validation.py:155: IdentityError
=========================== short test summary info ============================
FAILED tests/workflow/test_restored_state_admission.py::test_invalid_restored_geometry_rejects_before_step[0]
FAILED tests/workflow/test_restored_state_admission.py::test_invalid_restored_geometry_rejects_before_step[1]
2 failed, 12 passed in 5.34s
