2026-09-30T18:14:23.0541666Z Current runner version: '2.337.0'
2026-09-30T18:14:23.0567497Z ##[group]Runner Image Provisioner
2026-09-30T18:14:23.0568356Z Hosted Compute Agent
2026-09-30T18:14:23.0568974Z Version: 20260901.588
2026-09-30T18:14:23.0569950Z Commit: f88ec8081b781fac6c440065ac7ff9e710ce3d0b
2026-09-30T18:14:23.0570731Z Build Date: 2026-09-01T19:56:44Z
2026-09-30T18:14:23.0571454Z Worker ID: {d30810b9-61f4-4e78-85ff-dc0766bb00f7}
2026-09-30T18:14:23.0572176Z Azure Region: eastus
2026-09-30T18:14:23.0572792Z ##[endgroup]
2026-09-30T18:14:23.0574469Z ##[group]Operating System
2026-09-30T18:14:23.0575127Z Ubuntu
2026-09-30T18:14:23.0575631Z 24.04.5
2026-09-30T18:14:23.0576283Z LTS
2026-09-30T18:14:23.0576831Z ##[endgroup]
2026-09-30T18:14:23.0577425Z ##[group]Runner Image
2026-09-30T18:14:23.0578076Z Image: ubuntu-24.04
2026-09-30T18:14:23.0578626Z Version: 20260927.320.1
2026-09-30T18:14:23.0580392Z Included Software: https://github.com/actions/runner-images/blob/ubuntu24/20260927.320/images/ubuntu/Ubuntu2404-Readme.md
2026-09-30T18:14:23.0582481Z Image Release: https://github.com/actions/runner-images/releases/tag/ubuntu24%2F20260927.320
2026-09-30T18:14:23.0583471Z ##[endgroup]
2026-09-30T18:14:23.0584578Z ##[group]GITHUB_TOKEN Permissions
2026-09-30T18:14:23.0586829Z Contents: read
2026-09-30T18:14:23.0587420Z Metadata: read
2026-09-30T18:14:23.0588098Z ##[endgroup]
2026-09-30T18:14:23.0590771Z Secret source: Actions
2026-09-30T18:14:23.0591829Z Cache mode: write
2026-09-30T18:14:23.0592880Z Prepare workflow directory
2026-09-30T18:14:23.0993847Z Prepare all required actions
2026-09-30T18:14:23.1043023Z Getting action download info
2026-09-30T18:14:23.3875004Z Download action repository 'actions/checkout@11d5960a326750d5838078e36cf38b85af677262' (SHA:11d5960a326750d5838078e36cf38b85af677262)
2026-09-30T18:14:23.5108920Z Download action repository 'mamba-org/setup-micromamba@add3a49764cedee8ee24e82dfde87f5bc2914462' (SHA:add3a49764cedee8ee24e82dfde87f5bc2914462)
2026-09-30T18:14:23.7287484Z Download action repository 'actions/upload-artifact@ea165f8d65b6e75b540449e92b4886f43607fa02' (SHA:ea165f8d65b6e75b540449e92b4886f43607fa02)
2026-09-30T18:14:23.9426325Z Complete job name: characterize-cpu
2026-09-30T18:14:24.0183514Z ##[group]Run actions/checkout@11d5960a326750d5838078e36cf38b85af677262
2026-09-30T18:14:24.0184648Z with:
2026-09-30T18:14:24.0185105Z   persist-credentials: false
2026-09-30T18:14:24.0185683Z   repository: georgpou/AToM_MLMM
2026-09-30T18:14:24.0190532Z   token: ***
2026-09-30T18:14:24.0191031Z   ssh-strict: true
2026-09-30T18:14:24.0191478Z   ssh-user: git
2026-09-30T18:14:24.0191939Z   clean: true
2026-09-30T18:14:24.0192404Z   sparse-checkout-cone-mode: true
2026-09-30T18:14:24.0192942Z   fetch-depth: 1
2026-09-30T18:14:24.0193380Z   fetch-tags: false
2026-09-30T18:14:24.0193860Z   show-progress: true
2026-09-30T18:14:24.0194525Z   lfs: false
2026-09-30T18:14:24.0195091Z   submodules: false
2026-09-30T18:14:24.0195559Z   set-safe-directory: true
2026-09-30T18:14:24.0196080Z   allow-unsafe-pr-checkout: false
2026-09-30T18:14:24.0197132Z env:
2026-09-30T18:14:24.0197577Z   OPENMM_CPU_THREADS: 2
2026-09-30T18:14:24.0198065Z   OMP_NUM_THREADS: 2
2026-09-30T18:14:24.0198556Z ##[endgroup]
2026-09-30T18:14:24.1377660Z Syncing repository: georgpou/AToM_MLMM
2026-09-30T18:14:24.1380926Z ##[group]Getting Git version info
2026-09-30T18:14:24.1382113Z Working directory is '/home/runner/work/AToM_MLMM/AToM_MLMM'
2026-09-30T18:14:24.1383937Z [command]/usr/bin/git version
2026-09-30T18:14:24.1490480Z git version 2.55.0
2026-09-30T18:14:24.1507638Z ##[endgroup]
2026-09-30T18:14:24.1519893Z Temporarily overriding HOME='/home/runner/work/_temp/e8976784-c442-477c-a721-3bc3c02ce251' before making global git config changes
2026-09-30T18:14:24.1551028Z Adding repository directory to the temporary git global config as a safe directory
2026-09-30T18:14:24.1553127Z [command]/usr/bin/git config --global --add safe.directory /home/runner/work/AToM_MLMM/AToM_MLMM
2026-09-30T18:14:24.1586093Z Deleting the contents of '/home/runner/work/AToM_MLMM/AToM_MLMM'
2026-09-30T18:14:24.1590810Z ##[group]Initializing the repository
2026-09-30T18:14:24.1595078Z [command]/usr/bin/git init /home/runner/work/AToM_MLMM/AToM_MLMM
2026-09-30T18:14:24.1740812Z hint: Using 'master' as the name for the initial branch. This default branch name
2026-09-30T18:14:24.1742980Z hint: will change to "main" in Git 3.0. To configure the initial branch name
2026-09-30T18:14:24.1744723Z hint: to use in all of your new repositories, which will suppress this warning,
2026-09-30T18:14:24.1746179Z hint: call:
2026-09-30T18:14:24.1747026Z hint:
2026-09-30T18:14:24.1747821Z hint: 	git config --global init.defaultBranch <name>
2026-09-30T18:14:24.1748628Z hint:
2026-09-30T18:14:24.1750406Z hint: Names commonly chosen instead of 'master' are 'main', 'trunk' and
2026-09-30T18:14:24.1752225Z hint: 'development'. The just-created branch can be renamed via this command:
2026-09-30T18:14:24.1753657Z hint:
2026-09-30T18:14:24.1754657Z hint: 	git branch -m <name>
2026-09-30T18:14:24.1755782Z hint:
2026-09-30T18:14:24.1757106Z hint: Disable this message with "git config set advice.defaultBranchName false"
2026-09-30T18:14:24.1759201Z Initialized empty Git repository in /home/runner/work/AToM_MLMM/AToM_MLMM/.git/
2026-09-30T18:14:24.1762891Z [command]/usr/bin/git remote add origin https://github.com/georgpou/AToM_MLMM
2026-09-30T18:14:24.1823958Z ##[endgroup]
2026-09-30T18:14:24.1825393Z ##[group]Disabling automatic garbage collection
2026-09-30T18:14:24.1830075Z [command]/usr/bin/git config --local gc.auto 0
2026-09-30T18:14:24.1871625Z ##[endgroup]
2026-09-30T18:14:24.1873061Z ##[group]Setting up auth
2026-09-30T18:14:24.1881437Z [command]/usr/bin/git config --local --name-only --get-regexp core\.sshCommand
2026-09-30T18:14:24.1923135Z [command]/usr/bin/git submodule foreach --recursive sh -c "git config --local --name-only --get-regexp 'core\.sshCommand' && git config --local --unset-all 'core.sshCommand' || :"
2026-09-30T18:14:24.2335261Z [command]/usr/bin/git config --local --name-only --get-regexp http\.https\:\/\/github\.com\/\.extraheader
2026-09-30T18:14:24.2377559Z [command]/usr/bin/git submodule foreach --recursive sh -c "git config --local --name-only --get-regexp 'http\.https\:\/\/github\.com\/\.extraheader' && git config --local --unset-all 'http.https://github.com/.extraheader' || :"
2026-09-30T18:14:24.2613199Z [command]/usr/bin/git config --local --name-only --get-regexp ^includeIf\.gitdir:
2026-09-30T18:14:24.2652519Z [command]/usr/bin/git submodule foreach --recursive git config --local --show-origin --name-only --get-regexp remote.origin.url
2026-09-30T18:14:24.2886145Z [command]/usr/bin/git config --local http.https://github.com/.extraheader AUTHORIZATION: basic ***
2026-09-30T18:14:24.2927609Z ##[endgroup]
2026-09-30T18:14:24.2938265Z ##[group]Fetching the repository
2026-09-30T18:14:24.2940691Z [command]/usr/bin/git -c protocol.version=2 fetch --no-tags --prune --no-recurse-submodules --depth=1 origin +12e4f5e28833cfdcb88b7d2675d6bf32a42c355c:refs/remotes/origin/M00
2026-09-30T18:14:24.9877055Z From https://github.com/georgpou/AToM_MLMM
2026-09-30T18:14:24.9879874Z  * [new ref]         12e4f5e28833cfdcb88b7d2675d6bf32a42c355c -> origin/M00
2026-09-30T18:14:24.9883449Z ##[endgroup]
2026-09-30T18:14:24.9884995Z ##[group]Determining the checkout info
2026-09-30T18:14:24.9886615Z ##[endgroup]
2026-09-30T18:14:24.9890302Z [command]/usr/bin/git sparse-checkout disable
2026-09-30T18:14:24.9946251Z [command]/usr/bin/git config --local --unset-all extensions.worktreeConfig
2026-09-30T18:14:24.9980160Z ##[group]Checking out the ref
2026-09-30T18:14:24.9984188Z [command]/usr/bin/git checkout --progress --force -B M00 refs/remotes/origin/M00
2026-09-30T18:14:25.0129640Z Switched to a new branch 'M00'
2026-09-30T18:14:25.0135843Z branch 'M00' set up to track 'origin/M00'.
2026-09-30T18:14:25.0142780Z ##[endgroup]
2026-09-30T18:14:25.0186469Z [command]/usr/bin/git log -1 --format=%H
2026-09-30T18:14:25.0214580Z 12e4f5e28833cfdcb88b7d2675d6bf32a42c355c
2026-09-30T18:14:25.0224178Z ##[group]Removing auth
2026-09-30T18:14:25.0227892Z [command]/usr/bin/git config --local --name-only --get-regexp core\.sshCommand
2026-09-30T18:14:25.0264830Z [command]/usr/bin/git submodule foreach --recursive sh -c "git config --local --name-only --get-regexp 'core\.sshCommand' && git config --local --unset-all 'core.sshCommand' || :"
2026-09-30T18:14:25.0495438Z [command]/usr/bin/git config --local --name-only --get-regexp http\.https\:\/\/github\.com\/\.extraheader
2026-09-30T18:14:25.0523731Z http.https://github.com/.extraheader
2026-09-30T18:14:25.0533436Z [command]/usr/bin/git config --local --unset-all http.https://github.com/.extraheader
2026-09-30T18:14:25.0605396Z [command]/usr/bin/git submodule foreach --recursive sh -c "git config --local --name-only --get-regexp 'http\.https\:\/\/github\.com\/\.extraheader' && git config --local --unset-all 'http.https://github.com/.extraheader' || :"
2026-09-30T18:14:25.0835059Z [command]/usr/bin/git config --local --name-only --get-regexp ^includeIf\.gitdir:
2026-09-30T18:14:25.0868887Z [command]/usr/bin/git submodule foreach --recursive git config --local --show-origin --name-only --get-regexp remote.origin.url
2026-09-30T18:14:25.1091487Z ##[endgroup]
2026-09-30T18:14:25.1456534Z ##[group]Run mamba-org/setup-micromamba@add3a49764cedee8ee24e82dfde87f5bc2914462
2026-09-30T18:14:25.1458473Z with:
2026-09-30T18:14:25.1459763Z   micromamba-version: 2.3.3-0
2026-09-30T18:14:25.1460954Z   init-shell: none
2026-09-30T18:14:25.1461914Z env:
2026-09-30T18:14:25.1462874Z   OPENMM_CPU_THREADS: 2
2026-09-30T18:14:25.1463949Z   OMP_NUM_THREADS: 2
2026-09-30T18:14:25.1464940Z ##[endgroup]
2026-09-30T18:14:25.2992477Z Will download micromamba to /home/runner/micromamba-bin/micromamba
2026-09-30T18:14:25.3001584Z ##[group]Install micromamba
2026-09-30T18:14:25.5375800Z micromamba installed to /home/runner/micromamba-bin/micromamba
2026-09-30T18:14:25.5377316Z ##[endgroup]
2026-09-30T18:14:25.5378254Z Adding conda-forge to condarc channels ...
2026-09-30T18:14:25.5391552Z Set environment variables.
2026-09-30T18:14:25.5395387Z ##[group]micromamba info
2026-09-30T18:14:25.5409792Z [command]/home/runner/micromamba-bin/micromamba info -r /home/runner/micromamba
2026-09-30T18:14:25.5539791Z 
2026-09-30T18:14:25.5540364Z        libmamba version : 2.3.3
2026-09-30T18:14:25.5541179Z      micromamba version : 2.3.3
2026-09-30T18:14:25.5541814Z            curl version : libcurl/8.14.1 OpenSSL/3.5.4 zlib/1.3.1 zstd/1.5.7 libssh2/1.11.1 nghttp2/1.67.0
2026-09-30T18:14:25.5542734Z      libarchive version : libarchive 3.8.2 zlib/1.3.1 bz2lib/1.0.8 libzstd/1.5.7 libb2/bundled
2026-09-30T18:14:25.5543416Z        envs directories : /home/runner/micromamba/envs
2026-09-30T18:14:25.5543938Z           package cache : /home/runner/micromamba/pkgs
2026-09-30T18:14:25.5544545Z                           /home/runner/.mamba/pkgs
2026-09-30T18:14:25.5545012Z             environment : base (not found)
2026-09-30T18:14:25.5545457Z            env location : /home/runner/micromamba
2026-09-30T18:14:25.5545910Z       user config files : /home/runner/.mambarc
2026-09-30T18:14:25.5546555Z  populated config files : /home/runner/work/_temp/setup-micromamba/.condarc
2026-09-30T18:14:25.5547676Z        virtual packages : __unix=0=0
2026-09-30T18:14:25.5548536Z                           __linux=6.17.0=0
2026-09-30T18:14:25.5549638Z                           __glibc=2.39=0
2026-09-30T18:14:25.5550556Z                           __archspec=1=x86_64_v3
2026-09-30T18:14:25.5551829Z                channels : https://conda.anaconda.org/conda-forge/linux-64
2026-09-30T18:14:25.5553004Z                           https://conda.anaconda.org/conda-forge/noarch
2026-09-30T18:14:25.5553900Z        base environment : /home/runner/micromamba
2026-09-30T18:14:25.5554489Z                platform : linux-64
2026-09-30T18:14:25.5563749Z ##[endgroup]
2026-09-30T18:14:25.5698883Z ##[group]Run bash environment/bootstrap_cpu.sh
2026-09-30T18:14:25.5699977Z [36;1mbash environment/bootstrap_cpu.sh[0m
2026-09-30T18:14:25.5987658Z shell: /usr/bin/bash --noprofile --norc -e -o pipefail {0}
2026-09-30T18:14:25.5988613Z env:
2026-09-30T18:14:25.5989251Z   OPENMM_CPU_THREADS: 2
2026-09-30T18:14:25.5989715Z   OMP_NUM_THREADS: 2
2026-09-30T18:14:25.5990194Z   MAMBA_ROOT_PREFIX: /home/runner/micromamba
2026-09-30T18:14:25.5990786Z   MAMBA_EXE: /home/runner/micromamba-bin/micromamba
2026-09-30T18:14:25.5991430Z   CONDARC: /home/runner/work/_temp/setup-micromamba/.condarc
2026-09-30T18:14:25.5992011Z ##[endgroup]
2026-09-30T18:14:38.2133833Z 
2026-09-30T18:15:33.9265281Z 
2026-09-30T18:15:33.9265766Z Transaction
2026-09-30T18:15:33.9266075Z 
2026-09-30T18:15:33.9266393Z   Prefix: /home/runner/micromamba/envs/atm-mlmm-p0
2026-09-30T18:15:33.9266817Z 
2026-09-30T18:15:33.9266965Z   Updating specs:
2026-09-30T18:15:33.9267175Z 
2026-09-30T18:15:33.9267428Z    - python=3.11
2026-09-30T18:15:33.9267798Z    - pip[version=">=25,<27"]
2026-09-30T18:15:33.9268230Z    - git
2026-09-30T18:15:33.9268533Z    - setuptools
2026-09-30T18:15:33.9268893Z    - wheel
2026-09-30T18:15:33.9269614Z    - openmm=8.6.1
2026-09-30T18:15:33.9270016Z    - ambertools=26.0
2026-09-30T18:15:33.9270398Z    - openmmforcefields=0.16.0
2026-09-30T18:15:33.9270848Z    - configobj=5.0.9
2026-09-30T18:15:33.9271231Z    - setproctitle
2026-09-30T18:15:33.9271579Z    - numpy
2026-09-30T18:15:33.9271926Z    - scipy
2026-09-30T18:15:33.9272365Z    - pyyaml
2026-09-30T18:15:33.9280724Z    - packaging
2026-09-30T18:15:33.9281339Z    - psutil
2026-09-30T18:15:33.9281873Z    - e3nn=0.4.4
2026-09-30T18:15:33.9282441Z    - pymbar=4.0.3
2026-09-30T18:15:33.9282992Z    - mdtraj
2026-09-30T18:15:33.9283481Z    - pytest
2026-09-30T18:15:33.9284008Z    - pytest-cov
2026-09-30T18:15:33.9284668Z    - pytorch[version="=2.8.0",build="cpu*"]
2026-09-30T18:15:33.9285578Z    - pip
2026-09-30T18:15:33.9286024Z 
2026-09-30T18:15:33.9286554Z 
2026-09-30T18:15:33.9537903Z   Package                           Version  Build                              Channel          Size
2026-09-30T18:15:33.9540151Z ───────────────────────────────────────────────────────────────────────────────────────────────────────
2026-09-30T18:15:33.9541113Z   Install:
2026-09-30T18:15:33.9542083Z ───────────────────────────────────────────────────────────────────────────────────────────────────────
2026-09-30T18:15:33.9542823Z 
2026-09-30T18:15:33.9543233Z   + _openmp_mutex                       4.5  8_kmp_llvm                         conda-forge       8kB
2026-09-30T18:15:33.9544321Z   + _python_abi3_support                1.0  hd8ed1ab_3                         conda-forge       8kB
2026-09-30T18:15:33.9544970Z   + ambertools                         26.0  cuda_None_nompi_py311h232f31e_100  conda-forge     101MB
2026-09-30T18:15:33.9545513Z   + annotated-types                   0.8.0  pyhd8ed1ab_0                       conda-forge      19kB
2026-09-30T18:15:33.9546052Z   + arpack                            3.9.1  nompi_hf03ea27_102                 conda-forge     130kB
2026-09-30T18:15:33.9546542Z   + aws-c-auth                       0.10.4  h4610da3_2                         conda-forge     135kB
2026-09-30T18:15:33.9547038Z   + aws-c-cal                        0.9.15  h6bbde05_1                         conda-forge      57kB
2026-09-30T18:15:33.9547530Z   + aws-c-common                     0.14.3  hb03c661_0                         conda-forge     246kB
2026-09-30T18:15:33.9548078Z   + aws-c-compression                 0.3.2  h01ee8f8_5                         conda-forge      22kB
2026-09-30T18:15:33.9548587Z   + aws-c-http                       0.11.0  hbe094ff_5                         conda-forge     231kB
2026-09-30T18:15:33.9549391Z   + aws-c-io                         0.27.5  h4f381ba_1                         conda-forge     184kB
2026-09-30T18:15:33.9549883Z   + aws-c-s3                         0.13.1  h7508075_1                         conda-forge     158kB
2026-09-30T18:15:33.9550674Z   + aws-c-sdkutils                    0.2.7  h01ee8f8_3                         conda-forge      69kB
2026-09-30T18:15:33.9551211Z   + aws-checksums                    0.2.10  h01ee8f8_5                         conda-forge     102kB
2026-09-30T18:15:33.9551886Z   + biopython                          1.88  py311h0d48ccd_1                    conda-forge       3MB
2026-09-30T18:15:33.9552369Z   + blosc                            1.21.6  he440d0b_1                         conda-forge      48kB
2026-09-30T18:15:33.9552833Z   + brotli                            1.2.0  h505cf86_4                         conda-forge      21kB
2026-09-30T18:15:33.9553319Z   + brotli-bin                        1.2.0  h9908984_4                         conda-forge      22kB
2026-09-30T18:15:33.9553793Z   + bson                             0.5.10  pyhd8ed1ab_0                       conda-forge      17kB
2026-09-30T18:15:33.9554263Z   + bzip2                             1.0.8  hda65f42_10                        conda-forge     258kB
2026-09-30T18:15:33.9554730Z   + c-ares                           1.34.8  hebe6cf0_2                         conda-forge     229kB
2026-09-30T18:15:33.9555219Z   + c-blosc2                          3.3.5  hea3f660_0                         conda-forge     416kB
2026-09-30T18:15:33.9555729Z   + ca-certificates               2026.7.22  hbd8a1cb_0                         conda-forge     132kB
2026-09-30T18:15:33.9556246Z   + cachetools                        7.2.0  pyhd8ed1ab_0                       conda-forge      22kB
2026-09-30T18:15:33.9556729Z   + cairo                            1.18.6  h3c89d7e_0                         conda-forge       1MB
2026-09-30T18:15:33.9557231Z   + charset-normalizer                3.5.2  h1114479_0                         conda-forge     217kB
2026-09-30T18:15:33.9557734Z   + click                             8.5.0  pyh5ded981_0                       conda-forge     112kB
2026-09-30T18:15:33.9558242Z   + click-option-group                0.5.9  pyhcf101f3_0                       conda-forge      21kB
2026-09-30T18:15:33.9558769Z   + cloudpickle                       3.1.2  pyhcf101f3_1                       conda-forge      27kB
2026-09-30T18:15:33.9559529Z   + colorama                          0.4.6  pyhd8ed1ab_1                       conda-forge      27kB
2026-09-30T18:15:33.9560042Z   + configobj                         5.0.9  pyhd8ed1ab_1                       conda-forge      38kB
2026-09-30T18:15:33.9560543Z   + contourpy                         1.3.3  py311h724c32c_4                    conda-forge     321kB
2026-09-30T18:15:33.9561040Z   + coverage                         7.16.2  py311h364832d_0                    conda-forge     430kB
2026-09-30T18:15:33.9561527Z   + cpython                         3.11.16  py311hd8ed1ab_2                    conda-forge      49kB
2026-09-30T18:15:33.9562018Z   + cuda-nvrtc                      13.4.92  hd2095e1_0                         conda-forge      41MB
2026-09-30T18:15:33.9562521Z   + cuda-version                       13.4  hfacf21a_3                         conda-forge      21kB
2026-09-30T18:15:33.9563031Z   + cycler                           0.12.1  pyhcf101f3_2                       conda-forge      15kB
2026-09-30T18:15:33.9563595Z   + cyrus-sasl                       2.1.28  hac629b4_1                         conda-forge     210kB
2026-09-30T18:15:33.9564068Z   + e3nn                              0.4.4  pyhd8ed1ab_1                       conda-forge     321kB
2026-09-30T18:15:33.9564557Z   + eigen-abi                     3.4.0.100  h3bcb7cf_2                         conda-forge      13kB
2026-09-30T18:15:33.9565073Z   + exceptiongroup                    1.3.1  pyhd8ed1ab_0                       conda-forge      21kB
2026-09-30T18:15:33.9565566Z   + fftw                             3.3.11  nompi_h3b011a4_100                 conda-forge       2MB
2026-09-30T18:15:33.9566042Z   + filelock                          4.0.7  pyhd8ed1ab_0                       conda-forge      85kB
2026-09-30T18:15:33.9566754Z   + flexcache                           0.3  pyh5ded981_2                       conda-forge      19kB
2026-09-30T18:15:33.9567253Z   + flexparser                          0.4  pyh5ded981_2                       conda-forge      31kB
2026-09-30T18:15:33.9567913Z   + font-ttf-dejavu-sans-mono          2.37  hab24e00_0                         conda-forge     397kB
2026-09-30T18:15:33.9568476Z   + font-ttf-inconsolata              3.000  h77eed37_0                         conda-forge      97kB
2026-09-30T18:15:33.9569324Z   + font-ttf-source-code-pro          2.038  h77eed37_0                         conda-forge     701kB
2026-09-30T18:15:33.9569948Z   + font-ttf-ubuntu                    0.83  h77eed37_3                         conda-forge       2MB
2026-09-30T18:15:33.9570452Z   + fontconfig                       2.18.3  h4db4eae_1                         conda-forge     296kB
2026-09-30T18:15:33.9570961Z   + fonts-conda-ecosystem                 1  0                                  conda-forge       4kB
2026-09-30T18:15:33.9571489Z   + fonts-conda-forge                     1  hc364b38_1                         conda-forge       4kB
2026-09-30T18:15:33.9572000Z   + fonttools                        4.66.1  py311h92159aa_0                    conda-forge       3MB
2026-09-30T18:15:33.9572494Z   + freesasa                          2.2.1  hd8ed1ab_5                         conda-forge       7kB
2026-09-30T18:15:33.9573019Z   + freesasa-python                   2.2.1  py311h49ec1c0_1                    conda-forge     257kB
2026-09-30T18:15:33.9573522Z   + freetype                         2.14.3  ha770c72_2                         conda-forge     175kB
2026-09-30T18:15:33.9574008Z   + freetype-py                       2.3.0  pyhd8ed1ab_0                       conda-forge      59kB
2026-09-30T18:15:33.9574497Z   + fribidi                          1.0.17  h7cc23a3_0                         conda-forge      64kB
2026-09-30T18:15:33.9575324Z   + fsspec                         2026.9.0  pyhd8ed1ab_0                       conda-forge     164kB
2026-09-30T18:15:33.9575806Z   + gemmi                             0.7.5  py311h5b8264c_0                    conda-forge       4MB
2026-09-30T18:15:33.9576276Z   + git                              2.56.0  pl5440h3795e67_0                   conda-forge      12MB
2026-09-30T18:15:33.9576745Z   + gmp                               6.3.0  hfd2156b_3                         conda-forge     493kB
2026-09-30T18:15:33.9577204Z   + gmpy2                             2.3.1  py311hbc40be8_1                    conda-forge     313kB
2026-09-30T18:15:33.9577685Z   + graphite2                        1.3.15  h54a6638_1                         conda-forge     103kB
2026-09-30T18:15:33.9578158Z   + hdf4                             4.2.15  h2a13503_7                         conda-forge     757kB
2026-09-30T18:15:33.9578619Z   + hdf5                              2.2.0  nompi_hc529623_100                 conda-forge       4MB
2026-09-30T18:15:33.9579352Z   + icu                                78.3  py310h44b86e0_2                    conda-forge      14MB
2026-09-30T18:15:33.9579863Z   + importlib-metadata                9.0.1  pyhcf101f3_0                       conda-forge      35kB
2026-09-30T18:15:33.9580412Z   + importlib_resources               7.1.0  pyhd8ed1ab_0                       conda-forge      35kB
2026-09-30T18:15:33.9580926Z   + iniconfig                         2.3.0  pyhd8ed1ab_0                       conda-forge      13kB
2026-09-30T18:15:33.9581397Z   + jax                               0.9.0  pyhd8ed1ab_0                       conda-forge       2MB
2026-09-30T18:15:33.9581868Z   + jaxlib                            0.9.0  cpu_py311ha68bf88_0                conda-forge      64MB
2026-09-30T18:15:33.9582342Z   + jinja2                            3.1.6  pyhcf101f3_1                       conda-forge     121kB
2026-09-30T18:15:33.9582811Z   + joblib                            1.6.0  pyhcf101f3_0                       conda-forge     229kB
2026-09-30T18:15:33.9583451Z   + keyutils                          1.6.3  h7cc23a3_1                         conda-forge     135kB
2026-09-30T18:15:33.9583955Z   + kiwisolver                        1.5.1  py311h4c6fd42_3                    conda-forge      77kB
2026-09-30T18:15:33.9584557Z   + krb5                             1.22.2  hbc21106_2                         conda-forge       1MB
2026-09-30T18:15:33.9585014Z   + lcms2                            2.19.1  h9073bf1_3                         conda-forge     254kB
2026-09-30T18:15:33.9585512Z   + ld_impl_linux-64                 2.46.1  default_hbd61a6d_102               conda-forge     745kB
2026-09-30T18:15:33.9586003Z   + lerc                              4.2.0  hdb68285_0                         conda-forge     271kB
2026-09-30T18:15:33.9586489Z   + libabseil                    20250512.1  cxx17_hba17884_0                   conda-forge       1MB
2026-09-30T18:15:33.9586987Z   + libaec                            1.1.5  h088129d_0                         conda-forge      37kB
2026-09-30T18:15:33.9587472Z   + libblas                          3.11.0  6_h5875eb1_mkl                     conda-forge      19kB
2026-09-30T18:15:33.9587950Z   + libboost                         1.86.0  hd24cca6_5                         conda-forge       3MB
2026-09-30T18:15:33.9588462Z   + libboost-python                  1.86.0  py311h1d5f577_5                    conda-forge     120kB
2026-09-30T18:15:33.9589300Z   + libbrotlicommon                   1.2.0  h39a168f_4                         conda-forge      81kB
2026-09-30T18:15:33.9589964Z   + libbrotlidec                      1.2.0  ha411449_4                         conda-forge      35kB
2026-09-30T18:15:33.9590478Z   + libbrotlienc                      1.2.0  h018ffa1_4                         conda-forge     298kB
2026-09-30T18:15:33.9590975Z   + libcblas                         3.11.0  6_hfef963f_mkl                     conda-forge      19kB
2026-09-30T18:15:33.9591467Z   + libcufft                      12.4.0.43  hd2095e1_0                         conda-forge     128MB
2026-09-30T18:15:33.9591966Z   + libcurl                          8.22.0  ha042cf0_0                         conda-forge     500kB
2026-09-30T18:15:33.9592445Z   + libdeflate                         1.25  hd45a770_1                         conda-forge      74kB
2026-09-30T18:15:33.9592951Z   + libedit                    3.1.20250104  pl5321h373387f_1                   conda-forge     135kB
2026-09-30T18:15:33.9593455Z   + libev                              4.33  h280c20c_3                         conda-forge      43kB
2026-09-30T18:15:33.9593921Z   + libexpat                          2.8.5  hd2095e1_0                         conda-forge      78kB
2026-09-30T18:15:33.9594391Z   + libffi                            3.7.0  h81df57d_1                         conda-forge      68kB
2026-09-30T18:15:33.9594878Z   + libfreetype                      2.14.3  ha770c72_2                         conda-forge       8kB
2026-09-30T18:15:33.9595380Z   + libfreetype6                     2.14.3  h5e6c136_2                         conda-forge     388kB
2026-09-30T18:15:33.9595866Z   + libgcc                           16.2.0  ha9f2e26_7                         conda-forge       1MB
2026-09-30T18:15:33.9596338Z   + libgcc-ng                        16.2.0  h69a702a_7                         conda-forge      29kB
2026-09-30T18:15:33.9596835Z   + libgfortran                      16.2.0  h69a702a_7                         conda-forge      29kB
2026-09-30T18:15:33.9597336Z   + libgfortran5                     16.2.0  h6b99dfc_7                         conda-forge       3MB
2026-09-30T18:15:33.9597822Z   + libglib                          2.90.0  h569388d_0                         conda-forge       5MB
2026-09-30T18:15:33.9598302Z   + libgomp                          16.2.0  he0feb66_7                         conda-forge     641kB
2026-09-30T18:15:33.9598776Z   + libgrpc                          1.73.1  h3288cfb_1                         conda-forge       8MB
2026-09-30T18:15:33.9599624Z   + libharfbuzz                      14.5.0  h23af247_0                         conda-forge       1MB
2026-09-30T18:15:33.9600133Z   + libhwloc                         2.15.0  default_hd7c4d0c_1001              conda-forge       2MB
2026-09-30T18:15:33.9600620Z   + libiconv                           1.18  h0cb94f2_3                         conda-forge     789kB
2026-09-30T18:15:33.9601224Z   + libjpeg-turbo                     3.2.0  hb03c661_1                         conda-forge     650kB
2026-09-30T18:15:33.9601723Z   + liblapack                        3.11.0  6_h5e43f62_mkl                     conda-forge      19kB
2026-09-30T18:15:33.9602210Z   + libllvm21                        21.1.8  h474f4eb_1                         conda-forge      45MB
2026-09-30T18:15:33.9602698Z   + liblzma                           5.8.3  hb03c661_1                         conda-forge     113kB
2026-09-30T18:15:33.9603218Z   + libnetcdf                        4.10.1  nompi_he3e3c8e_201                 conda-forge       1MB
2026-09-30T18:15:33.9603719Z   + libnghttp2                       1.68.1  h74cf4be_1                         conda-forge     650kB
2026-09-30T18:15:33.9604209Z   + libnsl                            2.0.1  hb9d3cd8_1                         conda-forge      34kB
2026-09-30T18:15:33.9604682Z   + libntlm                             1.8  hb9d3cd8_0                         conda-forge      33kB
2026-09-30T18:15:33.9605155Z   + libpng                           1.6.58  h922cc85_1                         conda-forge     317kB
2026-09-30T18:15:33.9605621Z   + libpq                              18.6  h3883810_2                         conda-forge      12MB
2026-09-30T18:15:33.9606097Z   + libprotobuf                      6.31.1  hfb7daa7_5                         conda-forge       4MB
2026-09-30T18:15:33.9606579Z   + libpsl                           0.23.1  hd9e3e90_1                         conda-forge      73kB
2026-09-30T18:15:33.9607076Z   + libpython                       3.11.16  h0c77377_2_cpython                 conda-forge       8MB
2026-09-30T18:15:33.9607579Z   + libraqm                          0.11.0  h6406941_0                         conda-forge      34kB
2026-09-30T18:15:33.9608067Z   + librdkit                      2026.03.1  h4dfd318_0                         conda-forge      10MB
2026-09-30T18:15:33.9608559Z   + libre2-11                    2025.11.05  h7b12aa8_0                         conda-forge     211kB
2026-09-30T18:15:33.9609330Z   + libsqlite                        3.53.4  h13e7031_1                         conda-forge     974kB
2026-09-30T18:15:33.9609826Z   + libssh2                          1.11.1  h6154650_1                         conda-forge     306kB
2026-09-30T18:15:33.9610303Z   + libstdcxx                        16.2.0  h934c35e_7                         conda-forge       7MB
2026-09-30T18:15:33.9610791Z   + libstdcxx-ng                     16.2.0  hdf11a46_7                         conda-forge      29kB
2026-09-30T18:15:33.9611279Z   + libtiff                           4.7.2  hcc2c06a_1                         conda-forge     460kB
2026-09-30T18:15:33.9611765Z   + libtorch                          2.8.0  cpu_mkl_h09b866c_102               conda-forge      59MB
2026-09-30T18:15:33.9612256Z   + libuuid                          2.42.4  hcfc3c73_0                         conda-forge      34kB
2026-09-30T18:15:33.9612735Z   + libuv                            1.52.1  h280c20c_1                         conda-forge     420kB
2026-09-30T18:15:33.9613216Z   + libwebp-base                      1.6.0  hd42ef1d_1                         conda-forge     428kB
2026-09-30T18:15:33.9613699Z   + libxcb                           1.17.0  hb83e432_2                         conda-forge     395kB
2026-09-30T18:15:33.9614178Z   + libxcrypt                        4.4.38  h280c20c_0                         conda-forge     102kB
2026-09-30T18:15:33.9614661Z   + libxml2                          2.15.4  h7df9aa5_0                         conda-forge      47kB
2026-09-30T18:15:33.9615137Z   + libxml2-16                       2.15.4  hf3af7cc_0                         conda-forge     569kB
2026-09-30T18:15:33.9615760Z   + libxslt                          1.1.45  h8e12856_1                         conda-forge     250kB
2026-09-30T18:15:33.9616248Z   + libzip                           1.11.4  h6008cf6_0                         conda-forge     113kB
2026-09-30T18:15:33.9616831Z   + libzlib                           1.3.2  h25fd6f3_3                         conda-forge      64kB
2026-09-30T18:15:33.9617350Z   + lightning-utilities              0.15.3  pyhd8ed1ab_0                       conda-forge      32kB
2026-09-30T18:15:33.9617881Z   + llvm-openmp                      23.1.2  h7148c6a_0                         conda-forge       6MB
2026-09-30T18:15:33.9618376Z   + llvmlite                         0.49.0  py311h1369f55_5                    conda-forge      41MB
2026-09-30T18:15:33.9618856Z   + lxml                              6.1.3  py311h0537bf7_0                    conda-forge       2MB
2026-09-30T18:15:33.9619461Z   + lz4-c                            1.10.0  hee9eb32_2                         conda-forge     182kB
2026-09-30T18:15:33.9619957Z   + markdown-it-py                    4.2.0  pyhd8ed1ab_0                       conda-forge      69kB
2026-09-30T18:15:33.9620493Z   + markupsafe                        3.0.3  py311h3778330_1                    conda-forge      27kB
2026-09-30T18:15:33.9621018Z   + matplotlib-base                  3.11.2  py311hfea5af0_1                    conda-forge       9MB
2026-09-30T18:15:33.9621534Z   + mda-xdrlib                        0.2.0  pyhd8ed1ab_1                       conda-forge      17kB
2026-09-30T18:15:33.9622021Z   + mdtraj                           1.11.1  py311h90ed22e_2                    conda-forge       2MB
2026-09-30T18:15:33.9622500Z   + mdurl                             0.1.2  pyhd8ed1ab_1                       conda-forge      14kB
2026-09-30T18:15:33.9622966Z   + mkl                            2025.3.1  h0e700b2_12                        conda-forge     125MB
2026-09-30T18:15:33.9623472Z   + ml_dtypes                         0.5.4  np2py311h5a3f614_2                 conda-forge     348kB
2026-09-30T18:15:33.9623956Z   + mpc                               1.4.0  ha2cb11d_1                         conda-forge     101kB
2026-09-30T18:15:33.9624415Z   + mpfr                              4.2.2  ha2cb11d_1                         conda-forge     730kB
2026-09-30T18:15:33.9624896Z   + mpmath                            1.4.1  pyhd8ed1ab_0                       conda-forge     465kB
2026-09-30T18:15:33.9625379Z   + munkres                           1.1.4  pyhd8ed1ab_1                       conda-forge      16kB
2026-09-30T18:15:33.9625864Z   + narwhals                         2.26.0  pyh5ded981_0                       conda-forge     297kB
2026-09-30T18:15:33.9626351Z   + ncurses                             6.6  hdb14827_1                         conda-forge     911kB
2026-09-30T18:15:33.9626850Z   + netcdf-fortran                    4.6.4  nompi_h52816da_101                 conda-forge     477kB
2026-09-30T18:15:33.9627359Z   + networkx                          3.6.1  pyhcf101f3_0                       conda-forge       2MB
2026-09-30T18:15:33.9627844Z   + nlopt                            2.11.0  np2py311h1a37cdc_2                 conda-forge     462kB
2026-09-30T18:15:33.9628320Z   + numba                            0.67.0  py311hdfc3925_1                    conda-forge       6MB
2026-09-30T18:15:33.9628800Z   + numexpr                          2.14.1  mkl_py311hf9c0e9f_1                conda-forge     221kB
2026-09-30T18:15:33.9629610Z   + numpy                             2.4.6  py311h2e04523_0                    conda-forge       9MB
2026-09-30T18:15:33.9630086Z   + ocl-icd                           2.3.4  hb03c661_1                         conda-forge     110kB
2026-09-30T18:15:33.9630560Z   + ocl-icd-system                    1.0.0  1                                  conda-forge       4kB
2026-09-30T18:15:33.9631060Z   + onemkl-license                 2025.3.1  hf2ce2f3_12                        conda-forge      40kB
2026-09-30T18:15:33.9631732Z   + opencl-headers               2025.06.13  hecca717_0                         conda-forge      56kB
2026-09-30T18:15:33.9632298Z   + openff-amber-ff-ports         2025.09.0  pyhd8ed1ab_0                       conda-forge     222kB
2026-09-30T18:15:33.9632971Z   + openff-forcefields            2026.01.0  pyhd8ed1ab_0                       conda-forge     119kB
2026-09-30T18:15:33.9633521Z   + openff-interchange                0.5.2  pyhd8ed1ab_1                       conda-forge       9kB
2026-09-30T18:15:33.9634072Z   + openff-interchange-base           0.5.2  pyhd8ed1ab_1                       conda-forge     699kB
2026-09-30T18:15:33.9634610Z   + openff-nagl                       0.5.5  pyh3fa9b46_2                       conda-forge       8kB
2026-09-30T18:15:33.9635123Z   + openff-nagl-base                  0.5.5  pyhc364b38_2                       conda-forge     127kB
2026-09-30T18:15:33.9635663Z   + openff-nagl-models             2025.9.0  pyhd8ed1ab_1                       conda-forge      53MB
2026-09-30T18:15:33.9636224Z   + openff-toolkit                   0.18.0  pyhd8ed1ab_6                       conda-forge      10kB
2026-09-30T18:15:33.9636763Z   + openff-toolkit-base              0.18.0  pyhd8ed1ab_6                       conda-forge       8MB
2026-09-30T18:15:33.9637294Z   + openff-units                      0.3.2  pyhd8ed1ab_0                       conda-forge      25kB
2026-09-30T18:15:33.9637811Z   + openff-utilities                 0.1.18  pyh5ded981_0                       conda-forge      21kB
2026-09-30T18:15:33.9638324Z   + openjpeg                          2.5.4  heb1ab33_2                         conda-forge     391kB
2026-09-30T18:15:33.9638809Z   + openldap                         2.6.13  hbde042b_0                         conda-forge     786kB
2026-09-30T18:15:33.9639588Z   + openmm                            8.6.1  py311h1aadaef_0                    conda-forge      14MB
2026-09-30T18:15:33.9640117Z   + openmmforcefields                0.16.0  pyhc364b38_1                       conda-forge       3MB
2026-09-30T18:15:33.9640625Z   + openssl                           3.6.4  h781a0a9_0                         conda-forge       3MB
2026-09-30T18:15:33.9641107Z   + opt-einsum                        3.4.0  hd8ed1ab_1                         conda-forge       7kB
2026-09-30T18:15:33.9641603Z   + opt_einsum                        3.4.0  pyhd8ed1ab_1                       conda-forge      62kB
2026-09-30T18:15:33.9642093Z   + opt_einsum_fx                     0.1.4  pyh5ded981_2                       conda-forge      19kB
2026-09-30T18:15:33.9642580Z   + optree                           0.20.0  py311h5f908af_1                    conda-forge     573kB
2026-09-30T18:15:33.9643064Z   + packaging                          26.3  pyhc364b38_0                       conda-forge     116kB
2026-09-30T18:15:33.9643572Z   + pandas                            2.3.3  py311hed34c8f_2                    conda-forge      15MB
2026-09-30T18:15:33.9644063Z   + parmed                            4.3.1  py311h74232ed_1                    conda-forge      20MB
2026-09-30T18:15:33.9644551Z   + pcre2                             10.47  h8b3dc9c_1                         conda-forge       1MB
2026-09-30T18:15:33.9645023Z   + perl                             5.44.0  1_h7cc23a3_perl5                   conda-forge      11MB
2026-09-30T18:15:33.9645502Z   + pillow                           12.3.0  py311hf303fd3_4                    conda-forge       1MB
2026-09-30T18:15:33.9645983Z   + pint                             0.25.3  pyhc364b38_0                       conda-forge     245kB
2026-09-30T18:15:33.9646444Z   + pip                              26.2.1  pyh8b19718_0                       conda-forge       1MB
2026-09-30T18:15:33.9646913Z   + pixman                           0.46.4  h54a6638_3                         conda-forge     377kB
2026-09-30T18:15:33.9647402Z   + platformdirs                     4.12.2  pyh5ded981_0                       conda-forge      34kB
2026-09-30T18:15:33.9648028Z   + pluggy                            1.6.0  pyhf9edf01_1                       conda-forge      26kB
2026-09-30T18:15:33.9648510Z   + psutil                            7.2.2  py311h194be0f_3                    conda-forge     232kB
2026-09-30T18:15:33.9649006Z   + pthread-stubs                       0.4  h7cc23a3_1004                      conda-forge      10kB
2026-09-30T18:15:33.9649765Z   + py-cpuinfo                        9.0.0  pyhd8ed1ab_1                       conda-forge      26kB
2026-09-30T18:15:33.9650260Z   + pybind11                         2.13.6  pyhc790b64_3                       conda-forge     187kB
2026-09-30T18:15:33.9650755Z   + pybind11-abi                          4  hd8ed1ab_3                         conda-forge      10kB
2026-09-30T18:15:33.9651262Z   + pybind11-global                  2.13.6  pyh217bc35_3                       conda-forge     180kB
2026-09-30T18:15:33.9651765Z   + pycairo                          1.29.1  py311h616d719_2                    conda-forge     122kB
2026-09-30T18:15:33.9652260Z   + pydantic                        2.11.10  pyh3cfb1c2_0                       conda-forge     308kB
2026-09-30T18:15:33.9652761Z   + pydantic-core                    2.33.2  py311h902ca64_1                    conda-forge       2MB
2026-09-30T18:15:33.9653259Z   + pyedr                             0.8.0  pyhd8ed1ab_1                       conda-forge     345kB
2026-09-30T18:15:33.9653750Z   + pygments                         2.21.0  pyhcf101f3_0                       conda-forge     959kB
2026-09-30T18:15:33.9654235Z   + pymbar                            4.0.3  h38be061_3                         conda-forge       7kB
2026-09-30T18:15:33.9654725Z   + pymbar-core                       4.0.3  py311h9f3472d_3                    conda-forge     194kB
2026-09-30T18:15:33.9655223Z   + pyparsing                         3.3.3  pyh5ded981_0                       conda-forge     114kB
2026-09-30T18:15:33.9655716Z   + pytables                         3.11.1  py311h9acb22d_6                    conda-forge       2MB
2026-09-30T18:15:33.9656209Z   + pytest                            9.1.1  pyhc364b38_2                       conda-forge     307kB
2026-09-30T18:15:33.9656691Z   + pytest-cov                        7.1.0  pyhcf101f3_0                       conda-forge      30kB
2026-09-30T18:15:33.9657195Z   + python                          3.11.16  h5f976f7_2_cpython                 conda-forge      23MB
2026-09-30T18:15:33.9657721Z   + python-constraint                 1.4.0  pyhff2d567_1                       conda-forge      26kB
2026-09-30T18:15:33.9658276Z   + python-dateutil             2.9.0.post0  pyhe01879c_2                       conda-forge     233kB
2026-09-30T18:15:33.9658797Z   + python-gil                      3.11.16  hd8ed1ab_2                         conda-forge      49kB
2026-09-30T18:15:33.9659573Z   + python-tzdata                    2026.4  pyh5ded981_0                       conda-forge     141kB
2026-09-30T18:15:33.9660074Z   + python_abi                         3.11  9_cp311                            conda-forge       7kB
2026-09-30T18:15:33.9660565Z   + pytorch                           2.8.0  cpu_mkl_py311_hcfbaf12_102         conda-forge      25MB
2026-09-30T18:15:33.9661089Z   + pytorch-lightning                 2.6.6  pyh5ded981_0                       conda-forge     498kB
2026-09-30T18:15:33.9661608Z   + pytz                             2026.4  pyh5ded981_0                       conda-forge     202kB
2026-09-30T18:15:33.9662081Z   + pyyaml                            6.0.3  py311h3778330_1                    conda-forge     206kB
2026-09-30T18:15:33.9662556Z   + qhull                            2020.2  h434a139_5                         conda-forge     553kB
2026-09-30T18:15:33.9663036Z   + rdkit                         2026.03.1  py311h34e1bb8_0                    conda-forge      20MB
2026-09-30T18:15:33.9663520Z   + re2                          2025.11.05  h5301d42_0                         conda-forge      27kB
2026-09-30T18:15:33.9664127Z   + readline                            8.3  hd6e31c0_1                         conda-forge     349kB
2026-09-30T18:15:33.9664624Z   + reportlab                         5.0.1  pyhc364b38_0                       conda-forge       2MB
2026-09-30T18:15:33.9665104Z   + rich                             15.0.0  pyhcf101f3_0                       conda-forge     209kB
2026-09-30T18:15:33.9665842Z   + rlpycairo                         0.4.0  pyh6c17108_0                       conda-forge      16kB
2026-09-30T18:15:33.9666348Z   + rocm-core                         7.2.4  h54a6638_1                         conda-forge      37kB
2026-09-30T18:15:33.9666820Z   + s2n                               1.7.6  h7e3ee7f_0                         conda-forge     394kB
2026-09-30T18:15:33.9667311Z   + scikit-learn                      1.9.1  np2py311h1e9b377_1                 conda-forge      10MB
2026-09-30T18:15:33.9667828Z   + scipy                            1.17.1  py311hbe70eeb_1                    conda-forge      17MB
2026-09-30T18:15:33.9668334Z   + setproctitle                      1.3.7  py311h194be0f_1                    conda-forge      24kB
2026-09-30T18:15:33.9668845Z   + setuptools                       84.0.0  pyh332efcf_0                       conda-forge     524kB
2026-09-30T18:15:33.9669580Z   + six                              1.17.0  pyhe01879c_1                       conda-forge      18kB
2026-09-30T18:15:33.9670049Z   + sleef                             3.9.0  ha0421bc_0                         conda-forge       2MB
2026-09-30T18:15:33.9670515Z   + snappy                            1.2.2  h34e00bb_2                         conda-forge      46kB
2026-09-30T18:15:33.9671000Z   + sqlalchemy                        2.1.1  py311h194be0f_0                    conda-forge       4MB
2026-09-30T18:15:33.9671491Z   + sympy                            1.14.0  pyh2585a3b_106                     conda-forge       5MB
2026-09-30T18:15:33.9671960Z   + tbb                            2023.1.0  haa8c3ee_2                         conda-forge     187kB
2026-09-30T18:15:33.9672463Z   + threadpoolctl                     3.7.0  pyhc455866_0                       conda-forge      32kB
2026-09-30T18:15:33.9672959Z   + tinydb                            4.8.2  pyhd8ed1ab_1                       conda-forge      28kB
2026-09-30T18:15:33.9673444Z   + tk                               8.6.13  noxft_h1df4ec4_4                   conda-forge       4MB
2026-09-30T18:15:33.9673919Z   + tomli                             2.4.1  pyhcf101f3_0                       conda-forge      22kB
2026-09-30T18:15:33.9674409Z   + torchmetrics                      1.9.0  pyhd8ed1ab_0                       conda-forge     399kB
2026-09-30T18:15:33.9674899Z   + tqdm                             4.70.1  pyhfa0c392_0                       conda-forge      96kB
2026-09-30T18:15:33.9675405Z   + typing-extensions                4.16.0  h69aa097_0                         conda-forge      94kB
2026-09-30T18:15:33.9675938Z   + typing-inspection                 0.4.4  pyhcf101f3_0                       conda-forge      21kB
2026-09-30T18:15:33.9676480Z   + typing_extensions                4.16.0  pyhcf101f3_0                       conda-forge      53kB
2026-09-30T18:15:33.9676989Z   + tzdata                            2026c  h151e31d_0                         conda-forge     119kB
2026-09-30T18:15:33.9677500Z   + unicodedata2                     18.0.0  py311h0d48ccd_0                    conda-forge     421kB
2026-09-30T18:15:33.9678353Z   + validators                       0.35.0  pyhd8ed1ab_0                       conda-forge      40kB
2026-09-30T18:15:33.9678940Z   + wheel                            0.48.0  pyhd8ed1ab_0                       conda-forge      35kB
2026-09-30T18:15:33.9679792Z   + xmltodict                         1.0.2  pyhcf101f3_0                       conda-forge      20kB
2026-09-30T18:15:33.9680496Z   + xorg-libice                       1.1.2  h280c20c_0                         conda-forge      63kB
2026-09-30T18:15:33.9681007Z   + xorg-libsm                        1.2.6  h0d788c3_1                         conda-forge      31kB
2026-09-30T18:15:33.9681704Z   + xorg-libx11                      1.8.13  he1eb515_1                         conda-forge     840kB
2026-09-30T18:15:33.9682451Z   + xorg-libxau                      1.0.12  h7cc23a3_2                         conda-forge      19kB
2026-09-30T18:15:33.9683118Z   + xorg-libxdmcp                     1.1.5  h7cc23a3_2                         conda-forge      23kB
2026-09-30T18:15:33.9683631Z   + xorg-libxext                      1.3.7  h7cc23a3_1                         conda-forge      53kB
2026-09-30T18:15:33.9684140Z   + xorg-libxrender                  0.9.12  hb03c661_1                         conda-forge      35kB
2026-09-30T18:15:33.9684638Z   + xorg-libxt                        1.3.1  h7cc23a3_1                         conda-forge     384kB
2026-09-30T18:15:33.9685104Z   + yaml                              0.2.5  hebe6cf0_3                         conda-forge      85kB
2026-09-30T18:15:33.9685581Z   + zipp                              4.1.0  pyhcf101f3_0                       conda-forge      24kB
2026-09-30T18:15:33.9686048Z   + zlib                              1.3.2  h25fd6f3_3                         conda-forge      96kB
2026-09-30T18:15:33.9686529Z   + zlib-ng                           2.3.3  hce19668_1                         conda-forge     124kB
2026-09-30T18:15:33.9687000Z   + zstd                              1.5.7  hb78ec9c_7                         conda-forge     601kB
2026-09-30T18:15:33.9687290Z 
2026-09-30T18:15:33.9687367Z   Summary:
2026-09-30T18:15:33.9687483Z 
2026-09-30T18:15:33.9687570Z   Install: 273 packages
2026-09-30T18:15:33.9687717Z 
2026-09-30T18:15:33.9687801Z   Total download: 1GB
2026-09-30T18:15:33.9687939Z 
2026-09-30T18:15:33.9688515Z ───────────────────────────────────────────────────────────────────────────────────────────────────────
2026-09-30T18:15:33.9689271Z 
2026-09-30T18:15:33.9689277Z 
2026-09-30T18:15:33.9689283Z 
2026-09-30T18:15:33.9689389Z Transaction starting
2026-09-30T18:15:47.5991373Z Linking python_abi-3.11-9_cp311
2026-09-30T18:15:47.5994236Z Linking pybind11-abi-4-hd8ed1ab_3
2026-09-30T18:15:47.5997397Z Linking tzdata-2026c-h151e31d_0
2026-09-30T18:15:47.6350991Z Linking ca-certificates-2026.7.22-hbd8a1cb_0
2026-09-30T18:15:47.6357669Z Linking cuda-version-13.4-hfacf21a_3
2026-09-30T18:15:47.6359504Z Linking font-ttf-dejavu-sans-mono-2.37-hab24e00_0
2026-09-30T18:15:47.6380032Z Linking font-ttf-ubuntu-0.83-h77eed37_3
2026-09-30T18:15:47.6381061Z Linking font-ttf-inconsolata-3.000-h77eed37_0
2026-09-30T18:15:47.6382013Z Linking font-ttf-source-code-pro-2.038-h77eed37_0
2026-09-30T18:15:47.6388460Z Linking fonts-conda-forge-1-hc364b38_1
2026-09-30T18:15:47.6391946Z Linking fonts-conda-ecosystem-1-0
2026-09-30T18:15:47.6395010Z Linking libgomp-16.2.0-he0feb66_7
2026-09-30T18:15:47.6401876Z Linking libzlib-1.3.2-h25fd6f3_3
2026-09-30T18:15:47.6406789Z Linking llvm-openmp-23.1.2-h7148c6a_0
2026-09-30T18:15:47.6417870Z Linking onemkl-license-2025.3.1-hf2ce2f3_12
2026-09-30T18:15:47.6427109Z Linking eigen-abi-3.4.0.100-h3bcb7cf_2
2026-09-30T18:15:47.6430039Z Linking zstd-1.5.7-hb78ec9c_7
2026-09-30T18:15:47.6448445Z Linking zlib-1.3.2-h25fd6f3_3
2026-09-30T18:15:47.6455943Z Linking _openmp_mutex-4.5-8_kmp_llvm
2026-09-30T18:15:47.6471452Z Linking ld_impl_linux-64-2.46.1-default_hbd61a6d_102
2026-09-30T18:15:47.6605209Z Linking libgcc-16.2.0-ha9f2e26_7
2026-09-30T18:15:47.6618552Z Linking aws-c-common-0.14.3-hb03c661_0
2026-09-30T18:15:47.6686251Z Linking xorg-libice-1.1.2-h280c20c_0
2026-09-30T18:15:47.6696704Z Linking xorg-libxdmcp-1.1.5-h7cc23a3_2
2026-09-30T18:15:47.6703477Z Linking xorg-libxau-1.0.12-h7cc23a3_2
2026-09-30T18:15:47.6709965Z Linking yaml-0.2.5-hebe6cf0_3
2026-09-30T18:15:47.6716967Z Linking libev-4.33-h280c20c_3
2026-09-30T18:15:47.6722996Z Linking c-ares-1.34.8-hebe6cf0_2
2026-09-30T18:15:47.6827007Z Linking libbrotlicommon-1.2.0-h39a168f_4
2026-09-30T18:15:47.6836720Z Linking keyutils-1.6.3-h7cc23a3_1
2026-09-30T18:15:47.6884180Z Linking libiconv-1.18-h0cb94f2_3
2026-09-30T18:15:47.6942438Z Linking fribidi-1.0.17-h7cc23a3_0
2026-09-30T18:15:47.6962669Z Linking libdeflate-1.25-hd45a770_1
2026-09-30T18:15:47.6972539Z Linking pthread-stubs-0.4-h7cc23a3_1004
2026-09-30T18:15:47.6976374Z Linking libgcc-ng-16.2.0-h69a702a_7
2026-09-30T18:15:47.6979076Z Linking libpng-1.6.58-h922cc85_1
2026-09-30T18:15:47.6998584Z Linking libntlm-1.8-hb9d3cd8_0
2026-09-30T18:15:47.7005865Z Linking libwebp-base-1.6.0-hd42ef1d_1
2026-09-30T18:15:47.7035311Z Linking libjpeg-turbo-3.2.0-hb03c661_1
2026-09-30T18:15:47.7064582Z Linking tk-8.6.13-noxft_h1df4ec4_4
2026-09-30T18:15:47.7380104Z Linking openssl-3.6.4-h781a0a9_0
2026-09-30T18:15:47.7577009Z Linking ncurses-6.6-hdb14827_1
2026-09-30T18:15:49.5894094Z Linking libuuid-2.42.4-hcfc3c73_0
2026-09-30T18:15:49.5911811Z Linking libnsl-2.0.1-hb9d3cd8_1
2026-09-30T18:15:49.5922607Z Linking liblzma-5.8.3-hb03c661_1
2026-09-30T18:15:49.5926902Z Linking libffi-3.7.0-h81df57d_1
2026-09-30T18:15:49.5937832Z Linking bzip2-1.0.8-hda65f42_10
2026-09-30T18:15:49.5959676Z Linking libuv-1.52.1-h280c20c_1
2026-09-30T18:15:49.5975082Z Linking libgfortran5-16.2.0-h6b99dfc_7
2026-09-30T18:15:49.5985120Z Linking libstdcxx-16.2.0-h934c35e_7
2026-09-30T18:15:49.5995186Z Linking libxcrypt-4.4.38-h280c20c_0
2026-09-30T18:15:49.6013560Z Linking libexpat-2.8.5-hd2095e1_0
2026-09-30T18:15:49.6018190Z Linking aws-c-compression-0.3.2-h01ee8f8_5
2026-09-30T18:15:49.6028024Z Linking aws-checksums-0.2.10-h01ee8f8_5
2026-09-30T18:15:49.6038400Z Linking aws-c-sdkutils-0.2.7-h01ee8f8_3
2026-09-30T18:15:49.6052851Z Linking libbrotlienc-1.2.0-h018ffa1_4
2026-09-30T18:15:49.6059351Z Linking libbrotlidec-1.2.0-ha411449_4
2026-09-30T18:15:49.6065993Z Linking libxcb-1.17.0-hb83e432_2
2026-09-30T18:15:49.6215316Z Linking libfreetype6-2.14.3-h5e6c136_2
2026-09-30T18:15:49.6220709Z Linking s2n-1.7.6-h7e3ee7f_0
2026-09-30T18:15:49.6237704Z Linking aws-c-cal-0.9.15-h6bbde05_1
2026-09-30T18:15:49.6254105Z Linking libssh2-1.11.1-h6154650_1
2026-09-30T18:15:49.6388639Z Linking libedit-3.1.20250104-pl5321h373387f_1
2026-09-30T18:15:49.6440097Z Linking readline-8.3-hd6e31c0_1
2026-09-30T18:15:49.6462179Z Linking xorg-libsm-1.2.6-h0d788c3_1
2026-09-30T18:15:49.6471427Z Linking libzip-1.11.4-h6008cf6_0
2026-09-30T18:15:49.6566973Z Linking pcre2-10.47-h8b3dc9c_1
2026-09-30T18:15:49.6724679Z Linking libgfortran-16.2.0-h69a702a_7
2026-09-30T18:15:49.6728480Z Linking lz4-c-1.10.0-hee9eb32_2
2026-09-30T18:15:49.6747478Z Linking opencl-headers-2025.06.13-hecca717_0
2026-09-30T18:15:49.6764646Z Linking libaec-1.1.5-h088129d_0
2026-09-30T18:15:49.6777260Z Linking zlib-ng-2.3.3-hce19668_1
2026-09-30T18:15:49.6789322Z Linking graphite2-1.3.15-h54a6638_1
2026-09-30T18:15:49.6800962Z Linking icu-78.3-py310h44b86e0_2
2026-09-30T18:15:49.7002828Z Linking pixman-0.46.4-h54a6638_3
2026-09-30T18:15:49.7011920Z Linking gmp-6.3.0-hfd2156b_3
2026-09-30T18:15:49.7028569Z Linking libnghttp2-1.68.1-h74cf4be_1
2026-09-30T18:15:49.7041839Z Linking libstdcxx-ng-16.2.0-hdf11a46_7
2026-09-30T18:15:49.7044772Z Linking snappy-1.2.2-h34e00bb_2
2026-09-30T18:15:49.7055874Z Linking rocm-core-7.2.4-h54a6638_1
2026-09-30T18:15:49.7072388Z Linking libcufft-12.4.0.43-hd2095e1_0
2026-09-30T18:15:49.7083772Z Linking cuda-nvrtc-13.4.92-hd2095e1_0
2026-09-30T18:15:49.7094266Z Linking lerc-4.2.0-hdb68285_0
2026-09-30T18:15:49.7101678Z Linking sleef-3.9.0-ha0421bc_0
2026-09-30T18:15:49.7119906Z Linking libabseil-20250512.1-cxx17_hba17884_0
2026-09-30T18:15:49.8166544Z Linking libpython-3.11.16-h0c77377_2_cpython
2026-09-30T18:15:49.8538833Z Linking perl-5.44.0-1_h7cc23a3_perl5
2026-09-30T18:15:50.0191771Z Linking brotli-bin-1.2.0-h9908984_4
2026-09-30T18:15:50.0196175Z Linking xorg-libx11-1.8.13-he1eb515_1
2026-09-30T18:15:50.0373077Z Linking libfreetype-2.14.3-ha770c72_2
2026-09-30T18:15:50.0376817Z Linking aws-c-io-0.27.5-h4f381ba_1
2026-09-30T18:15:50.0404062Z Linking krb5-1.22.2-hbc21106_2
2026-09-30T18:15:50.0574206Z Linking libglib-2.90.0-h569388d_0
2026-09-30T18:15:50.0968958Z Linking fftw-3.3.11-nompi_h3b011a4_100
2026-09-30T18:15:50.1237702Z Linking ocl-icd-2.3.4-hb03c661_1
2026-09-30T18:15:50.1252429Z Linking c-blosc2-3.3.5-hea3f660_0
2026-09-30T18:15:50.1276352Z Linking libxml2-16-2.15.4-hf3af7cc_0
2026-09-30T18:15:50.1302362Z Linking libsqlite-3.53.4-h13e7031_1
2026-09-30T18:15:50.1310827Z Linking libpsl-0.23.1-hd9e3e90_1
2026-09-30T18:15:50.1318379Z Linking libboost-1.86.0-hd24cca6_5
2026-09-30T18:15:50.1404155Z Linking mpfr-4.2.2-ha2cb11d_1
2026-09-30T18:15:50.1424754Z Linking hdf4-4.2.15-h2a13503_7
2026-09-30T18:15:50.1495654Z Linking qhull-2020.2-h434a139_5
2026-09-30T18:15:50.1572840Z Linking blosc-1.21.6-he440d0b_1
2026-09-30T18:15:50.1583166Z Linking libtiff-4.7.2-hcc2c06a_1
2026-09-30T18:15:50.1609216Z Linking libre2-11-2025.11.05-h7b12aa8_0
2026-09-30T18:15:50.1615226Z Linking libprotobuf-6.31.1-hfb7daa7_5
2026-09-30T18:15:50.1857221Z Linking brotli-1.2.0-h505cf86_4
2026-09-30T18:15:50.1863871Z Linking xorg-libxt-1.3.1-h7cc23a3_1
2026-09-30T18:15:50.1908834Z Linking xorg-libxrender-0.9.12-hb03c661_1
2026-09-30T18:15:50.1916482Z Linking xorg-libxext-1.3.7-h7cc23a3_1
2026-09-30T18:15:50.1932032Z Linking fontconfig-2.18.3-h4db4eae_1
2026-09-30T18:15:50.2040883Z Linking freetype-2.14.3-ha770c72_2
2026-09-30T18:15:50.2100072Z Linking aws-c-http-0.11.0-hbe094ff_5
2026-09-30T18:15:50.2124607Z Linking cyrus-sasl-2.1.28-hac629b4_1
2026-09-30T18:15:50.2202450Z Linking ocl-icd-system-1.0.0-1
2026-09-30T18:15:50.2818722Z 
2026-09-30T18:15:50.2823153Z Linking libxml2-2.15.4-h7df9aa5_0
2026-09-30T18:15:50.2831697Z Linking python-3.11.16-h5f976f7_2_cpython
2026-09-30T18:15:50.4756625Z Linking libcurl-8.22.0-ha042cf0_0
2026-09-30T18:15:50.4785477Z Linking mpc-1.4.0-ha2cb11d_1
2026-09-30T18:15:50.4793395Z Linking openjpeg-2.5.4-heb1ab33_2
2026-09-30T18:15:50.4808155Z Linking lcms2-2.19.1-h9073bf1_3
2026-09-30T18:15:50.4822509Z Linking re2-2025.11.05-h5301d42_0
2026-09-30T18:15:50.4837618Z Linking cairo-1.18.6-h3c89d7e_0
2026-09-30T18:15:50.4882912Z Linking aws-c-auth-0.10.4-h4610da3_2
2026-09-30T18:15:50.4899356Z Linking openldap-2.6.13-hbde042b_0
2026-09-30T18:15:50.5423825Z Linking libhwloc-2.15.0-default_hd7c4d0c_1001
2026-09-30T18:15:50.5787356Z Linking libllvm21-21.1.8-h474f4eb_1
2026-09-30T18:15:50.5794110Z Linking libxslt-1.1.45-h8e12856_1
2026-09-30T18:15:50.5859387Z Linking git-2.56.0-pl5440h3795e67_0
2026-09-30T18:15:50.7372479Z Linking libgrpc-1.73.1-h3288cfb_1
2026-09-30T18:15:50.7699535Z Linking libharfbuzz-14.5.0-h23af247_0
2026-09-30T18:15:50.7724304Z Linking librdkit-2026.03.1-h4dfd318_0
2026-09-30T18:15:50.8373572Z Linking aws-c-s3-0.13.1-h7508075_1
2026-09-30T18:15:50.8390667Z Linking tbb-2023.1.0-haa8c3ee_2
2026-09-30T18:15:50.8400460Z Linking libpq-18.6-h3883810_2
2026-09-30T18:15:50.9836033Z Linking libraqm-0.11.0-h6406941_0
2026-09-30T18:15:50.9845429Z Linking hdf5-2.2.0-nompi_hc529623_100
2026-09-30T18:15:51.0154317Z Linking mkl-2025.3.1-h0e700b2_12
2026-09-30T18:15:51.0192423Z Linking libnetcdf-4.10.1-nompi_he3e3c8e_201
2026-09-30T18:15:51.0247303Z Linking libblas-3.11.0-6_h5875eb1_mkl
2026-09-30T18:15:51.0521519Z Linking netcdf-fortran-4.6.4-nompi_h52816da_101
2026-09-30T18:15:51.0550201Z Linking libcblas-3.11.0-6_hfef963f_mkl
2026-09-30T18:15:51.0830840Z Linking liblapack-3.11.0-6_h5e43f62_mkl
2026-09-30T18:15:51.1503045Z Linking libtorch-2.8.0-cpu_mkl_h09b866c_102
2026-09-30T18:15:51.7430758Z Linking arpack-3.9.1-nompi_hf03ea27_102
2026-09-30T18:15:51.7448693Z Linking setuptools-84.0.0-pyh332efcf_0
2026-09-30T18:15:51.8145350Z Linking packaging-26.3-pyhc364b38_0
2026-09-30T18:15:51.8174111Z Linking wheel-0.48.0-pyhd8ed1ab_0
2026-09-30T18:15:51.8194156Z Linking pip-26.2.1-pyh8b19718_0
2026-09-30T18:15:51.8597998Z Linking py-cpuinfo-9.0.0-pyhd8ed1ab_1
2026-09-30T18:15:51.8612014Z Linking pybind11-global-2.13.6-pyh217bc35_3
2026-09-30T18:15:51.8650648Z Linking threadpoolctl-3.7.0-pyhc455866_0
2026-09-30T18:15:51.8661474Z Linking narwhals-2.26.0-pyh5ded981_0
2026-09-30T18:15:51.8788921Z Linking cloudpickle-3.1.2-pyhcf101f3_1
2026-09-30T18:15:51.8801469Z Linking mdurl-0.1.2-pyhd8ed1ab_1
2026-09-30T18:15:51.8816504Z Linking platformdirs-4.12.2-pyh5ded981_0
2026-09-30T18:15:51.8837027Z Linking mda-xdrlib-0.2.0-pyhd8ed1ab_1
2026-09-30T18:15:51.8851930Z Linking munkres-1.1.4-pyhd8ed1ab_1
2026-09-30T18:15:51.8860396Z Linking cycler-0.12.1-pyhcf101f3_2
2026-09-30T18:15:51.8873107Z Linking pyparsing-3.3.3-pyh5ded981_0
2026-09-30T18:15:51.8898329Z Linking pytz-2026.4-pyh5ded981_0
2026-09-30T18:15:51.9526275Z Linking python-tzdata-2026.4-pyh5ded981_0
2026-09-30T18:15:52.0450346Z Linking fsspec-2026.9.0-pyhd8ed1ab_0
2026-09-30T18:15:52.0540708Z Linking filelock-4.0.7-pyhd8ed1ab_0
2026-09-30T18:15:52.0562756Z Linking freetype-py-2.3.0-pyhd8ed1ab_0
2026-09-30T18:15:52.0636942Z Linking six-1.17.0-pyhe01879c_1
2026-09-30T18:15:52.0659866Z Linking zipp-4.1.0-pyhcf101f3_0
2026-09-30T18:15:52.0691643Z Linking tqdm-4.70.1-pyhfa0c392_0
2026-09-30T18:15:52.0780695Z Linking click-8.5.0-pyh5ded981_0
2026-09-30T18:15:52.0810613Z Linking openff-forcefields-2026.01.0-pyhd8ed1ab_0
2026-09-30T18:15:52.0898336Z Linking networkx-3.6.1-pyhcf101f3_0
2026-09-30T18:15:52.1715108Z Linking xmltodict-1.0.2-pyhcf101f3_0
2026-09-30T18:15:52.1742929Z Linking typing_extensions-4.16.0-pyhcf101f3_0
2026-09-30T18:15:52.1776779Z Linking python-constraint-1.4.0-pyhff2d567_1
2026-09-30T18:15:52.1809845Z Linking cachetools-7.2.0-pyhd8ed1ab_0
2026-09-30T18:15:52.1847016Z Linking openff-utilities-0.1.18-pyh5ded981_0
2026-09-30T18:15:52.1873339Z Linking validators-0.35.0-pyhd8ed1ab_0
2026-09-30T18:15:52.1951117Z Linking openff-amber-ff-ports-2025.09.0-pyhd8ed1ab_0
2026-09-30T18:15:52.1983438Z Linking tinydb-4.8.2-pyhd8ed1ab_1
2026-09-30T18:15:52.2010272Z Linking opt_einsum-3.4.0-pyhd8ed1ab_1
2026-09-30T18:15:52.2051463Z Linking tomli-2.4.1-pyhcf101f3_0
2026-09-30T18:15:52.2100384Z Linking pygments-2.21.0-pyhcf101f3_0
2026-09-30T18:15:52.2553191Z Linking iniconfig-2.3.0-pyhd8ed1ab_0
2026-09-30T18:15:52.2580143Z Linking colorama-0.4.6-pyhd8ed1ab_1
2026-09-30T18:15:52.2610191Z Linking pluggy-1.6.0-pyhf9edf01_1
2026-09-30T18:15:52.2617174Z Linking mpmath-1.4.1-pyhd8ed1ab_0
2026-09-30T18:15:52.2759557Z Linking cpython-3.11.16-py311hd8ed1ab_2
2026-09-30T18:15:52.2770023Z Linking pybind11-2.13.6-pyhc790b64_3
2026-09-30T18:15:52.2860104Z Linking joblib-1.6.0-pyhcf101f3_0
2026-09-30T18:15:52.3080236Z Linking markdown-it-py-4.2.0-pyhd8ed1ab_0
2026-09-30T18:15:52.3159684Z Linking python-dateutil-2.9.0.post0-pyhe01879c_2
2026-09-30T18:15:52.3261980Z Linking configobj-5.0.9-pyhd8ed1ab_1
2026-09-30T18:15:52.3301845Z Linking importlib-metadata-9.0.1-pyhcf101f3_0
2026-09-30T18:15:52.3350281Z Linking importlib_resources-7.1.0-pyhd8ed1ab_0
2026-09-30T18:15:52.3410156Z Linking click-option-group-0.5.9-pyhcf101f3_0
2026-09-30T18:15:52.3440081Z Linking typing-inspection-0.4.4-pyhcf101f3_0
2026-09-30T18:15:52.3469950Z Linking lightning-utilities-0.15.3-pyhd8ed1ab_0
2026-09-30T18:15:52.3555763Z Linking typing-extensions-4.16.0-h69aa097_0
2026-09-30T18:15:52.3597670Z Linking exceptiongroup-1.3.1-pyhd8ed1ab_0
2026-09-30T18:15:52.3661081Z Linking opt-einsum-3.4.0-hd8ed1ab_1
2026-09-30T18:15:52.3710527Z Linking python-gil-3.11.16-hd8ed1ab_2
2026-09-30T18:15:52.3732332Z Linking rich-15.0.0-pyhcf101f3_0
2026-09-30T18:15:52.3789923Z Linking bson-0.5.10-pyhd8ed1ab_0
2026-09-30T18:15:52.3819943Z Linking openff-nagl-models-2025.9.0-pyhd8ed1ab_1
2026-09-30T18:15:52.3850362Z warning  libmamba [openff-nagl-models-2025.9.0-pyhd8ed1ab_1] The following files were already present in the environment:
2026-09-30T18:15:52.3879887Z     - lib/python3.11/site-packages/docs/conf.py
2026-09-30T18:15:52.3909901Z Linking flexparser-0.4-pyh5ded981_2
2026-09-30T18:15:52.3969960Z Linking flexcache-0.3-pyh5ded981_2
2026-09-30T18:15:52.4018355Z Linking annotated-types-0.8.0-pyhd8ed1ab_0
2026-09-30T18:15:52.4021421Z Linking pytest-9.1.1-pyhc364b38_2
2026-09-30T18:15:52.4111090Z Linking _python_abi3_support-1.0-hd8ed1ab_3
2026-09-30T18:15:52.4112042Z Linking pint-0.25.3-pyhc364b38_0
2026-09-30T18:15:52.4229307Z Linking llvmlite-0.49.0-py311h1369f55_5
2026-09-30T18:15:52.4305897Z Linking freesasa-python-2.2.1-py311h49ec1c0_1
2026-09-30T18:15:52.4380757Z Linking markupsafe-3.0.3-py311h3778330_1
2026-09-30T18:15:52.4440559Z Linking unicodedata2-18.0.0-py311h0d48ccd_0
2026-09-30T18:15:52.4457762Z Linking kiwisolver-1.5.1-py311h4c6fd42_3
2026-09-30T18:15:52.4593999Z Linking pycairo-1.29.1-py311h616d719_2
2026-09-30T18:15:52.4625096Z Linking pillow-12.3.0-py311hf303fd3_4
2026-09-30T18:15:52.4705628Z Linking lxml-6.1.3-py311h0537bf7_0
2026-09-30T18:15:52.4760174Z Linking coverage-7.16.2-py311h364832d_0
2026-09-30T18:15:52.4856705Z Linking gmpy2-2.3.1-py311hbc40be8_1
2026-09-30T18:15:52.4896339Z Linking setproctitle-1.3.7-py311h194be0f_1
2026-09-30T18:15:52.4920594Z Linking pyyaml-6.0.3-py311h3778330_1
2026-09-30T18:15:52.4971060Z Linking gemmi-0.7.5-py311h5b8264c_0
2026-09-30T18:15:52.5369700Z Linking psutil-7.2.2-py311h194be0f_3
2026-09-30T18:15:52.5422569Z Linking numpy-2.4.6-py311h2e04523_0
2026-09-30T18:15:52.7589911Z Linking sqlalchemy-2.1.1-py311h194be0f_0
2026-09-30T18:15:52.8340376Z Linking pydantic-core-2.33.2-py311h902ca64_1
2026-09-30T18:15:52.8359839Z Linking optree-0.20.0-py311h5f908af_1
2026-09-30T18:15:52.8405438Z Linking charset-normalizer-3.5.2-h1114479_0
2026-09-30T18:15:52.8437308Z Linking fonttools-4.66.1-py311h92159aa_0
2026-09-30T18:15:52.9228980Z Linking numba-0.67.0-py311hdfc3925_1
2026-09-30T18:15:53.0982655Z Linking nlopt-2.11.0-np2py311h1a37cdc_2
2026-09-30T18:15:53.1009886Z Linking biopython-1.88-py311h0d48ccd_1
2026-09-30T18:15:53.2630349Z Linking ml_dtypes-0.5.4-np2py311h5a3f614_2
2026-09-30T18:15:53.2690251Z Linking contourpy-1.3.3-py311h724c32c_4
2026-09-30T18:15:53.2731750Z Linking numexpr-2.14.1-mkl_py311hf9c0e9f_1
2026-09-30T18:15:53.2749856Z Linking pandas-2.3.3-py311hed34c8f_2
2026-09-30T18:15:53.6390294Z Linking libboost-python-1.86.0-py311h1d5f577_5
2026-09-30T18:15:53.6441230Z Linking scipy-1.17.1-py311hbe70eeb_1
2026-09-30T18:15:53.8220311Z Linking matplotlib-base-3.11.2-py311hfea5af0_1
2026-09-30T18:15:53.9168633Z Linking pytables-3.11.1-py311h9acb22d_6
2026-09-30T18:15:53.9440449Z Linking parmed-4.3.1-py311h74232ed_1
2026-09-30T18:15:53.9759829Z Linking scikit-learn-1.9.1-np2py311h1e9b377_1
2026-09-30T18:15:54.1670174Z Linking jaxlib-0.9.0-cpu_py311ha68bf88_0
2026-09-30T18:15:54.7170560Z Linking pymbar-core-4.0.3-py311h9f3472d_3
2026-09-30T18:15:54.7211464Z Linking openmm-8.6.1-py311h1aadaef_0
2026-09-30T18:15:54.7719178Z Linking mdtraj-1.11.1-py311h90ed22e_2
2026-09-30T18:15:54.7865001Z Linking freesasa-2.2.1-hd8ed1ab_5
2026-09-30T18:15:54.7867354Z Linking jinja2-3.1.6-pyhcf101f3_1
2026-09-30T18:15:54.7894781Z Linking rlpycairo-0.4.0-pyh6c17108_0
2026-09-30T18:15:54.7970335Z Linking pytest-cov-7.1.0-pyhcf101f3_0
2026-09-30T18:15:54.8020160Z Linking sympy-1.14.0-pyh2585a3b_106
2026-09-30T18:15:54.9681294Z Linking pyedr-0.8.0-pyhd8ed1ab_1
2026-09-30T18:15:54.9740645Z Linking openff-units-0.3.2-pyhd8ed1ab_0
2026-09-30T18:15:54.9760769Z Linking pydantic-2.11.10-pyh3cfb1c2_0
2026-09-30T18:15:54.9944442Z Linking jax-0.9.0-pyhd8ed1ab_0
2026-09-30T18:15:55.0600052Z Linking reportlab-5.0.1-pyhc364b38_0
2026-09-30T18:15:55.0862602Z Linking openff-toolkit-base-0.18.0-pyhd8ed1ab_6
2026-09-30T18:15:55.1170957Z warning  libmamba [openff-toolkit-base-0.18.0-pyhd8ed1ab_6] The following files were already present in the environment:
2026-09-30T18:15:55.1190013Z     - lib/python3.11/site-packages/docs/conf.py
2026-09-30T18:15:55.1220194Z Linking openff-interchange-base-0.5.2-pyhd8ed1ab_1
2026-09-30T18:15:55.1570882Z Linking pytorch-2.8.0-cpu_mkl_py311_hcfbaf12_102
2026-09-30T18:15:56.1292843Z Linking ambertools-26.0-cuda_None_nompi_py311h232f31e_100
2026-09-30T18:15:56.7179953Z Linking pymbar-4.0.3-h38be061_3
2026-09-30T18:15:56.7208898Z Linking rdkit-2026.03.1-py311h34e1bb8_0
2026-09-30T18:15:56.8980616Z Linking torchmetrics-1.9.0-pyhd8ed1ab_0
2026-09-30T18:15:56.9610238Z Linking opt_einsum_fx-0.1.4-pyh5ded981_2
2026-09-30T18:15:56.9666086Z Linking pytorch-lightning-2.6.6-pyh5ded981_0
2026-09-30T18:15:57.0410481Z Linking e3nn-0.4.4-pyhd8ed1ab_1
2026-09-30T18:15:57.0560200Z Linking openff-nagl-base-0.5.5-pyhc364b38_2
2026-09-30T18:15:57.0862851Z Linking openff-nagl-0.5.5-pyh3fa9b46_2
2026-09-30T18:15:57.0871847Z Linking openff-toolkit-0.18.0-pyhd8ed1ab_6
2026-09-30T18:15:57.0872943Z Linking openff-interchange-0.5.2-pyhd8ed1ab_1
2026-09-30T18:15:57.0876848Z Linking openmmforcefields-0.16.0-pyhc364b38_1
2026-09-30T18:15:58.8297585Z 
2026-09-30T18:15:58.8298445Z Transaction finished
2026-09-30T18:15:58.8298769Z 
2026-09-30T18:15:58.8311918Z 
2026-09-30T18:15:58.8312381Z To activate this environment, use:
2026-09-30T18:15:58.8312713Z 
2026-09-30T18:15:58.8312904Z     micromamba activate atm-mlmm-p0
2026-09-30T18:15:58.8313222Z 
2026-09-30T18:15:58.8313495Z Or to execute a single command in this environment, use:
2026-09-30T18:15:58.8313913Z 
2026-09-30T18:15:58.8314123Z     micromamba run -n atm-mlmm-p0 mycommand
2026-09-30T18:15:58.8314472Z 
2026-09-30T18:15:58.8315004Z warning  libmamba You are using 'pip' as an additional package manager.
2026-09-30T18:15:58.8316011Z     Be aware that packages installed with 'pip' are managed independently from 'conda-forge' channel.
2026-09-30T18:15:58.8363887Z 
2026-09-30T18:15:58.8365614Z Installing pip packages: mace-torch==0.3.16, openmmml @ git+https://github.com/openmm/openmm-ml.git@1.8, atom-openmm @ git+https://github.com/Gallicchio-Lab/AToM-OpenMM.git@v8.5.0
2026-09-30T18:16:13.4930147Z Obtaining file:///home/runner/work/AToM_MLMM/AToM_MLMM
2026-09-30T18:16:13.4946336Z   Installing build dependencies: started
2026-09-30T18:16:14.2137136Z   Installing build dependencies: finished with status 'done'
2026-09-30T18:16:14.2143121Z   Checking if build backend supports build_editable: started
2026-09-30T18:16:14.4700346Z   Checking if build backend supports build_editable: finished with status 'done'
2026-09-30T18:16:14.4707204Z   Getting requirements to build editable: started
2026-09-30T18:16:14.7444226Z   Getting requirements to build editable: finished with status 'done'
2026-09-30T18:16:14.7452710Z   Preparing editable metadata (pyproject.toml): started
2026-09-30T18:16:14.9257883Z   Preparing editable metadata (pyproject.toml): finished with status 'done'
2026-09-30T18:16:14.9282067Z Building wheels for collected packages: atm-mlmm
2026-09-30T18:16:14.9288735Z   Building editable for atm-mlmm (pyproject.toml): started
2026-09-30T18:16:15.1173645Z   Building editable for atm-mlmm (pyproject.toml): finished with status 'done'
2026-09-30T18:16:15.1179589Z   Created wheel for atm-mlmm: filename=atm_mlmm-0.0.1-0.editable-py3-none-any.whl size=4817 sha256=4f0d3f3f273b3098b8bbcec106e9f8ab771417af939725bd3e0433b1e02acd96
2026-09-30T18:16:15.1181342Z   Stored in directory: /tmp/pip-ephem-wheel-cache-85vpjk1_/wheels/84/47/86/58bc9bdea689a39dfe5adb952a73c47fdf0c6d63eb91ac84ce
2026-09-30T18:16:15.1200208Z Successfully built atm-mlmm
2026-09-30T18:16:15.1295957Z Installing collected packages: atm-mlmm
2026-09-30T18:16:15.1410165Z Successfully installed atm-mlmm-0.0.1
2026-09-30T18:16:19.4298545Z Traceback (most recent call last):
2026-09-30T18:16:19.4299652Z   File "/home/runner/work/AToM_MLMM/AToM_MLMM/tools/archive_pip.py", line 57, in <module>
2026-09-30T18:16:19.4300395Z     main()
2026-09-30T18:16:19.4300973Z   File "/home/runner/work/AToM_MLMM/AToM_MLMM/tools/archive_pip.py", line 31, in main
2026-09-30T18:16:19.4301883Z     raise RuntimeError(f"Unreviewed non-VCS direct dependency: {name}: {origin}")
2026-09-30T18:16:19.4304823Z RuntimeError: Unreviewed non-VCS direct dependency: jaxlib: {'archive_info': {'hash': 'sha256=a3a5a6e80361cf136de0f305ea8bd318c8613d95d73b311cac5df01b904a0415', 'hashes': {'sha256': 'a3a5a6e80361cf136de0f305ea8bd318c8613d95d73b311cac5df01b904a0415'}}, 'url': 'file:///home/conda/feedstock_root/build_artifacts/bld/rattler-build_jaxlib_1773654329/work/dist/jaxlib-0.9.0-cp311-cp311-manylinux_2_27_x86_64.whl'}
2026-09-30T18:16:19.7151190Z ##[error]Process completed with exit code 1.
2026-09-30T18:16:19.7264049Z ##[group]Run actions/upload-artifact@ea165f8d65b6e75b540449e92b4886f43607fa02
2026-09-30T18:16:19.7264468Z with:
2026-09-30T18:16:19.7264738Z   name: g00-cpu-12e4f5e28833cfdcb88b7d2675d6bf32a42c355c-1
2026-09-30T18:16:19.7265074Z   path: artifacts/g00-cpu/
2026-09-30T18:16:19.7265309Z   if-no-files-found: error
2026-09-30T18:16:19.7265533Z   retention-days: 30
2026-09-30T18:16:19.7265749Z   compression-level: 6
2026-09-30T18:16:19.7265961Z   overwrite: false
2026-09-30T18:16:19.7266177Z   include-hidden-files: false
2026-09-30T18:16:19.7266608Z env:
2026-09-30T18:16:19.7266791Z   OPENMM_CPU_THREADS: 2
2026-09-30T18:16:19.7267008Z   OMP_NUM_THREADS: 2
2026-09-30T18:16:19.7267245Z   MAMBA_ROOT_PREFIX: /home/runner/micromamba
2026-09-30T18:16:19.7267573Z   MAMBA_EXE: /home/runner/micromamba-bin/micromamba
2026-09-30T18:16:19.7267939Z   CONDARC: /home/runner/work/_temp/setup-micromamba/.condarc
2026-09-30T18:16:19.7268259Z ##[endgroup]
2026-09-30T18:16:19.9034254Z (node:3552) [DEP0040] DeprecationWarning: The `punycode` module is deprecated. Please use a userland alternative instead.
2026-09-30T18:16:19.9035481Z (Use `node --trace-deprecation ...` to show where the warning was created)
2026-09-30T18:16:19.9111442Z With the provided path, there will be 11 files uploaded
2026-09-30T18:16:19.9118496Z Artifact name is valid!
2026-09-30T18:16:19.9119834Z Root directory input is valid!
2026-09-30T18:16:20.1268588Z Beginning upload of artifact content to blob storage
2026-09-30T18:16:20.1712358Z (node:3552) [DEP0169] DeprecationWarning: `url.parse()` behavior is not standardized and prone to errors that have security implications. Use the WHATWG URL API instead. CVEs are not issued for `url.parse()` vulnerabilities.
2026-09-30T18:16:20.2281207Z Uploaded bytes 79362
2026-09-30T18:16:20.2476352Z Finished uploading artifact content to blob storage!
2026-09-30T18:16:20.2478041Z SHA256 digest of uploaded artifact zip is 8c9f5df3e34c9c713c1f83887ea58f4050c90934c78b94bbccc4d1775da54add
2026-09-30T18:16:20.2479799Z Finalizing artifact upload
2026-09-30T18:16:20.4742646Z Artifact g00-cpu-12e4f5e28833cfdcb88b7d2675d6bf32a42c355c-1.zip successfully finalized. Artifact ID 11117960518
2026-09-30T18:16:20.4744213Z Artifact g00-cpu-12e4f5e28833cfdcb88b7d2675d6bf32a42c355c-1 has been successfully uploaded! Final size is 79362 bytes. Artifact ID is 11117960518
2026-09-30T18:16:20.4752228Z Artifact download URL: https://github.com/georgpou/AToM_MLMM/actions/runs/36757134376/artifacts/11117960518
2026-09-30T18:16:20.4945481Z Post job cleanup.
2026-09-30T18:16:20.6420454Z Will use pre-installed micromamba at /home/runner/micromamba-bin/micromamba
2026-09-30T18:16:20.6600647Z Post job cleanup.
2026-09-30T18:16:20.7593396Z [command]/usr/bin/git version
2026-09-30T18:16:20.7642695Z git version 2.55.0
2026-09-30T18:16:20.7690475Z Temporarily overriding HOME='/home/runner/work/_temp/42bb01bc-8cf7-4c3a-9bd8-63e7a22c14b5' before making global git config changes
2026-09-30T18:16:20.7691908Z Adding repository directory to the temporary git global config as a safe directory
2026-09-30T18:16:20.7697559Z [command]/usr/bin/git config --global --add safe.directory /home/runner/work/AToM_MLMM/AToM_MLMM
2026-09-30T18:16:20.7742989Z [command]/usr/bin/git config --local --name-only --get-regexp core\.sshCommand
2026-09-30T18:16:20.7784097Z [command]/usr/bin/git submodule foreach --recursive sh -c "git config --local --name-only --get-regexp 'core\.sshCommand' && git config --local --unset-all 'core.sshCommand' || :"
2026-09-30T18:16:20.8066940Z [command]/usr/bin/git config --local --name-only --get-regexp http\.https\:\/\/github\.com\/\.extraheader
2026-09-30T18:16:20.8203993Z [command]/usr/bin/git submodule foreach --recursive sh -c "git config --local --name-only --get-regexp 'http\.https\:\/\/github\.com\/\.extraheader' && git config --local --unset-all 'http.https://github.com/.extraheader' || :"
2026-09-30T18:16:20.8422383Z [command]/usr/bin/git config --local --name-only --get-regexp ^includeIf\.gitdir:
2026-09-30T18:16:20.8463516Z [command]/usr/bin/git submodule foreach --recursive git config --local --show-origin --name-only --get-regexp remote.origin.url
2026-09-30T18:16:20.8875054Z Cleaning up orphan processes
2026-09-30T18:16:20.9281225Z ##[warning]Node.js 20 is deprecated. The following actions target Node.js 20 but are being forced to run on Node.js 24: actions/checkout@11d5960a326750d5838078e36cf38b85af677262, actions/upload-artifact@ea165f8d65b6e75b540449e92b4886f43607fa02, mamba-org/setup-micromamba@add3a49764cedee8ee24e82dfde87f5bc2914462. For more information see: https://github.blog/changelog/2025-09-19-deprecation-of-node-20-on-github-actions-runners/

