cuequivariance or cuequivariance_torch is not available. Cuequivariance acceleration will be disabled.
butane-acetamide-d3.4-r0 baseline 1.1641532182693481e-10 2.4442670110147446e-12
butane-acetamide-d3.4-r0 uncut 0.0 1.9326762412674725e-12
butane-acetamide-d3.4-r0 alternative-ethane 1.1641532182693481e-10 9.094947017729282e-13
butane-acetamide-d3.8-r0 baseline 0.0 1.7053025658242404e-12
butane-acetamide-d3.8-r0 uncut 0.0 2.0463630789890885e-12
butane-acetamide-d3.8-r0 alternative-ethane 1.1641532182693481e-10 9.094947017729282e-13
butane-acetamide-d3.8-r60 baseline 0.0 8.526512829121202e-13
butane-acetamide-d3.8-r60 uncut 0.0 1.6484591469634324e-12
butane-acetamide-d3.8-r60 alternative-ethane 1.1641532182693481e-10 1.0800249583553523e-12
butane-acetamide-d4.5-r0 baseline 0.0 2.2737367544323206e-12
butane-acetamide-d4.5-r0 uncut 0.0 5.684341886080801e-13
butane-acetamide-d4.5-r0 alternative-ethane 1.1641532182693481e-10 2.0463630789890885e-12
butane-acetamide-separated baseline 0.0 1.1368683772161603e-13
butane-acetamide-separated uncut 0.0 1.1368683772161603e-13
butane-acetamide-separated alternative-ethane 1.1641532182693481e-10 9.094947017729282e-13
butane-methanol-d3.4-r0 baseline 0.0 5.684341886080801e-13
butane-methanol-d3.4-r0 uncut 0.0 7.958078640513122e-13
butane-methanol-d3.4-r0 alternative-ethane 0.0 9.094947017729282e-13
butane-methanol-d3.8-r0 baseline 0.0 3.410605131648481e-13
butane-methanol-d3.8-r0 uncut 0.0 8.242295734817162e-13
butane-methanol-d3.8-r0 alternative-ethane 0.0 1.0231815394945443e-12
butane-methanol-d3.8-r60 baseline 0.0 1.1368683772161603e-13
butane-methanol-d3.8-r60 uncut 0.0 1.1368683772161603e-13
butane-methanol-d3.8-r60 alternative-ethane 0.0 1.7053025658242404e-12
butane-methanol-d4.5-r0 baseline 0.0 6.821210263296962e-13
butane-methanol-d4.5-r0 uncut 0.0 6.821210263296962e-13
butane-methanol-d4.5-r0 alternative-ethane 0.0 9.094947017729282e-13
butane-methanol-separated baseline 0.0 3.979039320256561e-13
butane-methanol-separated uncut 0.0 3.979039320256561e-13
butane-methanol-separated alternative-ethane 0.0 9.094947017729282e-13
ethanol-acetamide-d2.6-r0 baseline 1.1641532182693481e-10 9.379164112033322e-13
ethanol-acetamide-d2.6-r0 uncut 0.0 1.8189894035458565e-12
ethanol-acetamide-d3-r0 baseline 0.0 2.7853275241795927e-12
ethanol-acetamide-d3-r0 uncut 0.0 1.0800249583553523e-12
ethanol-acetamide-d3-r60 baseline 1.1641532182693481e-10 1.3926637620897964e-12
ethanol-acetamide-d3-r60 uncut 0.0 1.1795009413617663e-12
ethanol-acetamide-d3.5-r0 baseline 0.0 2.3874235921539366e-12
ethanol-acetamide-d3.5-r0 uncut 0.0 9.663381206337363e-13
ethanol-acetamide-separated baseline 0.0 6.394884621840902e-13
ethanol-acetamide-separated uncut 4.656612873077393e-10 6.394884621840902e-13
ethanol-methanol-d2.6-r0 baseline 0.0 5.684341886080802e-14
ethanol-methanol-d2.6-r0 uncut 2.3283064365386963e-10 1.1368683772161603e-13
ethanol-methanol-d3-r0 baseline 0.0 1.3642420526593924e-12
ethanol-methanol-d3-r0 uncut 2.3283064365386963e-10 5.115907697472721e-13
ethanol-methanol-d3-r60 baseline 0.0 9.379164112033322e-13
ethanol-methanol-d3-r60 uncut 0.0 9.094947017729282e-13
ethanol-methanol-d3.5-r0 baseline 1.1641532182693481e-10 6.821210263296962e-13
ethanol-methanol-d3.5-r0 uncut 0.0 7.105427357601002e-13
ethanol-methanol-separated baseline 0.0 2.2737367544323206e-13
ethanol-methanol-separated uncut 0.0 2.2737367544323206e-13
Full-real route comparisons passed: 50
