FF                                                                       [100%]
=================================== FAILURES ===================================
________________ test_joint_periodic_geometry_and_forces[False] ________________

two_ligands = False

    @pytest.mark.model_assets
    @pytest.mark.parametrize('two_ligands',(False,True))
    def test_joint_periodic_geometry_and_forces(two_ligands):
        from atm_mlmm.model_reference import NativeMACE
        from atm_mlmm.atm import AtmEvaluator,PhysicalEvaluator,build_atm
        from atm_mlmm.adapters.atom import build_atom
        from atm_mlmm.endpoints import check_reference
        from tests.analytic_oracle import nonlinear_answer
        bundle,snapshot = joint_case(two_ligands=two_ligands,periodic=True)
>       transfer,schedule,restraints = protocol_case(bundle,two_ligands)
                                       ^^^^^^^^^^^^^^^^^^^^^^^^^^^^^^^^^

tests/integration/test_joint_hybrid_atm.py:122: 
_ _ _ _ _ _ _ _ _ _ _ _ _ _ _ _ _ _ _ _ _ _ _ _ _ _ _ _ _ _ _ _ _ _ _ _ _ _ _ _ 
tests/joint_oracle.py:100: in protocol_case
    schedule = production_schedule((('map0',production_parameters(Lambda1=0.,Lambda2=0.,Acore=0.,W0=0.,UOffset=0.)),
src/atm_mlmm/schedule.py:33: in production_schedule
    validate_schedule(result)
_ _ _ _ _ _ _ _ _ _ _ _ _ _ _ _ _ _ _ _ _ _ _ _ _ _ _ _ _ _ _ _ _ _ _ _ _ _ _ _ 

schedule = ScheduleSpec(kind='softplus', expression='select(step(Direction), u0, u1) + select(Lambda2-Lambda1, ((Lambda2-Lambda1)...'Ubcore': 'kJ/mol', 'Acore': 'dimensionless', 'Direction': 'dimensionless', 'UOffset': 'kJ/mol'}), temperature_K=300.0)

    def validate_schedule(schedule):
        if schedule.kind == 'linear':
            if schedule.expression != LINEAR_EXPRESSION or dict(schedule.parameter_units) != {'Lambda': 'dimensionless'}:
                raise UnsupportedCapability('unreviewed linear expression or units')
            if any(not 0 <= s.parameters['Lambda'] <= 1 for s in schedule.states):
                raise MalformedInput('linear Lambda outside [0,1]')
        elif schedule.kind == 'softplus':
            if schedule.expression != PRODUCTION_EXPRESSION or dict(schedule.parameter_units) != PRODUCTION_UNITS:
                raise UnsupportedCapability('unreviewed production expression or units')
            for state in schedule.states:
                p = state.parameters
                if not all(0 <= p[k] <= 1 for k in ('Lambda1', 'Lambda2')):
                    raise MalformedInput('production Lambda outside [0,1]')
                if p['Direction'] not in (-1., 1.) or p['Acore'] < 0:
                    raise MalformedInput('invalid Direction/Acore domain')
                if p['Alpha'] < 0 or (p['Lambda1'] != p['Lambda2'] and p['Alpha'] == 0):
                    raise MalformedInput('nonlinear softplus requires positive Alpha')
                if p['Umax'] <= p['Ubcore']:
                    raise MalformedInput('Umax must exceed Ubcore')
            fixed = ('Umax', 'Ubcore', 'Acore', 'UOffset')
            if any(any(s.parameters[k] != schedule.states[0].parameters[k] for k in fixed) for s in schedule.states):
>               raise UnsupportedCapability('soft-core parameters and perturbation offset are fixed across states')
E               atm_mlmm.schema.UnsupportedCapability: soft-core parameters and perturbation offset are fixed across states

src/atm_mlmm/schedule.py:58: UnsupportedCapability
________________ test_joint_periodic_geometry_and_forces[True] _________________

two_ligands = True

    @pytest.mark.model_assets
    @pytest.mark.parametrize('two_ligands',(False,True))
    def test_joint_periodic_geometry_and_forces(two_ligands):
        from atm_mlmm.model_reference import NativeMACE
        from atm_mlmm.atm import AtmEvaluator,PhysicalEvaluator,build_atm
        from atm_mlmm.adapters.atom import build_atom
        from atm_mlmm.endpoints import check_reference
        from tests.analytic_oracle import nonlinear_answer
        bundle,snapshot = joint_case(two_ligands=two_ligands,periodic=True)
>       transfer,schedule,restraints = protocol_case(bundle,two_ligands)
                                       ^^^^^^^^^^^^^^^^^^^^^^^^^^^^^^^^^

tests/integration/test_joint_hybrid_atm.py:122: 
_ _ _ _ _ _ _ _ _ _ _ _ _ _ _ _ _ _ _ _ _ _ _ _ _ _ _ _ _ _ _ _ _ _ _ _ _ _ _ _ 
tests/joint_oracle.py:100: in protocol_case
    schedule = production_schedule((('map0',production_parameters(Lambda1=0.,Lambda2=0.,Acore=0.,W0=0.,UOffset=0.)),
src/atm_mlmm/schedule.py:33: in production_schedule
    validate_schedule(result)
_ _ _ _ _ _ _ _ _ _ _ _ _ _ _ _ _ _ _ _ _ _ _ _ _ _ _ _ _ _ _ _ _ _ _ _ _ _ _ _ 

schedule = ScheduleSpec(kind='softplus', expression='select(step(Direction), u0, u1) + select(Lambda2-Lambda1, ((Lambda2-Lambda1)...'Ubcore': 'kJ/mol', 'Acore': 'dimensionless', 'Direction': 'dimensionless', 'UOffset': 'kJ/mol'}), temperature_K=300.0)

    def validate_schedule(schedule):
        if schedule.kind == 'linear':
            if schedule.expression != LINEAR_EXPRESSION or dict(schedule.parameter_units) != {'Lambda': 'dimensionless'}:
                raise UnsupportedCapability('unreviewed linear expression or units')
            if any(not 0 <= s.parameters['Lambda'] <= 1 for s in schedule.states):
                raise MalformedInput('linear Lambda outside [0,1]')
        elif schedule.kind == 'softplus':
            if schedule.expression != PRODUCTION_EXPRESSION or dict(schedule.parameter_units) != PRODUCTION_UNITS:
                raise UnsupportedCapability('unreviewed production expression or units')
            for state in schedule.states:
                p = state.parameters
                if not all(0 <= p[k] <= 1 for k in ('Lambda1', 'Lambda2')):
                    raise MalformedInput('production Lambda outside [0,1]')
                if p['Direction'] not in (-1., 1.) or p['Acore'] < 0:
                    raise MalformedInput('invalid Direction/Acore domain')
                if p['Alpha'] < 0 or (p['Lambda1'] != p['Lambda2'] and p['Alpha'] == 0):
                    raise MalformedInput('nonlinear softplus requires positive Alpha')
                if p['Umax'] <= p['Ubcore']:
                    raise MalformedInput('Umax must exceed Ubcore')
            fixed = ('Umax', 'Ubcore', 'Acore', 'UOffset')
            if any(any(s.parameters[k] != schedule.states[0].parameters[k] for k in fixed) for s in schedule.states):
>               raise UnsupportedCapability('soft-core parameters and perturbation offset are fixed across states')
E               atm_mlmm.schema.UnsupportedCapability: soft-core parameters and perturbation offset are fixed across states

src/atm_mlmm/schedule.py:58: UnsupportedCapability
=========================== short test summary info ============================
FAILED tests/integration/test_joint_hybrid_atm.py::test_joint_periodic_geometry_and_forces[False]
FAILED tests/integration/test_joint_hybrid_atm.py::test_joint_periodic_geometry_and_forces[True]
2 failed in 0.34s
