2026-10-03:15:58:19,224 INFO     [psi4.driver.task_planner:259] PLANNING Atomic:  keywords={'DFT_RADIAL_POINTS': 99, 'DFT_SPHERICAL_POINTS': 590, 'DF_BASIS_SCF': 'DEF2-UNIVERSAL-JKFIT', 'D_CONVERGENCE': 1e-10, 'E_CONVERGENCE': 1e-10, 'INTS_TOLERANCE': 1e-12, 'MAXITER': 200, 'REFERENCE': 'RHF', 'SCF_TYPE': 'DF', 'WCOMBINE': 0, 'function_kwargs': {}}
2026-10-03:15:58:19,228 INFO     [psi4.driver.driver:638] Compute gradient(): method=wb97m-d3bj, basis=def2-tzvppd, molecule=default, nre=329.9257821735133
2026-10-03:16:10:02,506 INFO     [psi4.driver.driver:641] Return gradient(): -367.91166406252944
2026-10-03:16:10:02,509 INFO     [psi4.driver.driver:642] [[-0.00735347 -0.00715178 -0.01699844]
 [ 0.00036961  0.00237045  0.00277682]
 [ 0.00006856  0.00268737  0.00678558]
 [ 0.00253411 -0.00106959 -0.00235594]
 [ 0.00156003 -0.00252856  0.00574181]
 [ 0.0018052  -0.00237308 -0.00043015]
 [ 0.00225321 -0.00214399  0.00207801]
 [ 0.00123824  0.00270673 -0.00163116]
 [-0.0030063   0.00363255 -0.00066034]
 [-0.00079636  0.001175    0.00425909]
 [ 0.00054383  0.00343004  0.00171199]
 [-0.00060169  0.00017423 -0.00313949]
 [-0.00067782 -0.00069879  0.00307681]
 [ 0.00171872 -0.00021217 -0.00120213]
 [ 0.00706999 -0.00171585  0.00295972]
 [-0.01374098  0.00602312 -0.00937496]
 [-0.00564379 -0.00399737  0.00617143]
 [ 0.01052704 -0.00663052  0.01026607]
 [ 0.00019878  0.0020758  -0.0033572 ]
 [-0.00108394 -0.00427735 -0.00256294]
 [-0.00103426  0.00406246  0.00276183]
 [-0.00283191  0.00442796 -0.00677738]
 [ 0.00689988  0.00003549 -0.00009556]]
