F..                                                                      [100%]
=================================== FAILURES ===================================
__ test_two_cut_structural_controls_share_the_original_system_and_conventions __

    def test_two_cut_structural_controls_share_the_original_system_and_conventions():
        import openmm as mm
        from atm_mlmm.embeddings.mechanical import original_system
        from atm_mlmm.hybrid import build_physical
        from atm_mlmm.ledger import inventory_system
        from atm_mlmm.models.mace import model_spec
        from atm_mlmm.partition import resolve_partition
        from atm_mlmm.schema import EmbeddingSpec
        from tests.cap_collection_oracle import DATA, input_case
    
        original, cavity_spec, snapshot = input_case()
        ligand_original, ligand_only_spec, ligand_snapshot = input_case(mixed_zero_cut=True)
        assert original == ligand_original
        assert snapshot == ligand_snapshot
        assert len(cavity_spec.permitted_cuts) == 2
        assert not ligand_only_spec.permitted_cuts
        control_doc = json.loads((ROOT / 'fixtures/protein_structural_control/v1/controls.json').read_text())
        assert control_doc['scope'] == 'synthetic_structural_control_only'
        assert control_doc['source_fixture'] == 'fixtures/two_cut_control'
        all_mm = original_system(original, require_inventory_identity=True)
        assert inventory_system(all_mm).content_identity == original.prepared_mm_inventory_identity
        ligand_bundle = build_physical(
            ligand_original, resolve_partition(ligand_original.topology, ligand_only_spec), model_spec(),
            EmbeddingSpec('mechanical', '1', 'protein_c_c', 'nonperiodic'),
            cap_distance_nm=DATA['cap_distance_nm'])
        cavity_bundle = build_physical(
            original, resolve_partition(original.topology, cavity_spec), model_spec(),
            EmbeddingSpec('mechanical', '1', 'protein_c_c', 'nonperiodic'),
            cap_distance_nm=DATA['cap_distance_nm'])
        assert ligand_bundle.manifest['boundary_builder_version'] == 2
        assert ligand_bundle.links == ()
        assert cavity_bundle.manifest['boundary_builder_version'] == 2
        assert len(cavity_bundle.links) == 2
        assert {frozenset((link.ml_parent_id, link.mm_parent_id))
                for link in cavity_bundle.links} == {
                    frozenset(edge) for edge in cavity_spec.permitted_cuts}
        cavity_system = mm.XmlSerializer.deserialize(cavity_bundle.system_xml)
>       assert all(cavity_system.isVirtualSite(link.virtual_particle_index)
                   and cavity_bundle.masses_da[link.virtual_particle_index] == 0.
                   for link in cavity_bundle.links)

tests/workflow/test_protein_abfe.py:45: 
_ _ _ _ _ _ _ _ _ _ _ _ _ _ _ _ _ _ _ _ _ _ _ _ _ _ _ _ _ _ _ _ _ _ _ _ _ _ _ _ 

.0 = <tuple_iterator object at 0x7f927ac57010>

>   assert all(cavity_system.isVirtualSite(link.virtual_particle_index)
                                           ^^^^^^^^^^^^^^^^^^^^^^^^^^^
               and cavity_bundle.masses_da[link.virtual_particle_index] == 0.
               for link in cavity_bundle.links)
E   AttributeError: 'LinkRecord' object has no attribute 'virtual_particle_index'

tests/workflow/test_protein_abfe.py:45: AttributeError
=========================== short test summary info ============================
FAILED tests/workflow/test_protein_abfe.py::test_two_cut_structural_controls_share_the_original_system_and_conventions
1 failed, 2 passed in 0.22s
