{
  "files": {
    "correction-accounting.json": "a5802edbe4a45b3dd2a312a4203a4dda2294d7fb2ea784bce440017cdcf51745",
    "geometry-admission.json": "39736fdcd7d6052a820dd6a3b3c20f1518d82827a09d7423451fce58c403695c",
    "partition.json": "09dc49ea9abceb757c472f36e317793caf9f3fb115729b48d837d6dbe0add0c5",
    "run-definitions.json": "eaa33e499d9efbe306fc6eb2d5ef9256513c51009f1401bb1c02d5ed6ec95c62",
    "snapshot.json": "4a759e195f54f12c7f3b211aff62ea727b61b61482df355266e972910a9dddc9",
    "system-input.json": "9d89a76196c57740c1a63ddd7bef6ef4f51d3ec1329ca6f8d6890afed70750b0",
    "thermodynamic-ledger.json": "6044a6be6be86142c95f3c0907ad86882605145d2e5f16b05c62f3f0d4be27d2"
  },
  "fixture_kind": "development_host_guest_rbfe",
  "host_formula": "C12H24O6",
  "ligand_formulas": {
    "A": "CH4O",
    "B": "C2H6O"
  },
  "parameter_route": {
    "detail": "blocked: prepared-mm-v1 supplies complete methanol/ethanol GAFF 2.2.20 / AM1-BCC ligand artifacts but no 18-crown-6 host parameters; its manifest records G07 quantum launch budget/review pending, and no crown charge/parameter calculation is authorized here",
    "status": "blocked_missing_host_parameters"
  },
  "physical_scope": "all-ML vacuum plumbing only",
  "preparation": {
    "bound_geometry": {
      "ethanol_B": {
        "O_O_distance_nm": 0.3,
        "approach": [
          0.0,
          0.0,
          -1.0
        ],
        "host_oxygen": 0,
        "whole_host_minimum_Bondi_ratio": 0.7454333929617507
      },
      "methanol_A": {
        "O_O_distance_nm": 0.3,
        "approach": [
          1.0,
          -8.202412913557183e-18,
          0.0
        ],
        "host_oxygen": 0,
        "whole_host_minimum_Bondi_ratio": 0.7454596710086366
      }
    },
    "bulk_ligands": {
      "ethanol_B": "map0; map1 - displacement",
      "methanol_A": "map1 + displacement"
    },
    "displacement_nm": [
      2.4,
      0.0,
      0.0
    ],
    "geometry": "RDKit ETKDGv3/MMFF94s conformers with canonical deterministic orientation",
    "host_oxygen_order": [
      0,
      3,
      6,
      9,
      12,
      15
    ],
    "host_smiles": "O1CCOCCOCCOCCOCCOCC1",
    "ligand_smiles": {
      "A": "CO",
      "B": "CCO"
    },
    "openmm": "8.6.1.dev-b399af4",
    "parameter_route": "blocked: prepared-mm-v1 supplies complete methanol/ethanol GAFF 2.2.20 / AM1-BCC ligand artifacts but no 18-crown-6 host parameters; its manifest records G07 quantum launch budget/review pending, and no crown charge/parameter calculation is authorized here",
    "parameter_route_source": {
      "path": "fixtures/fragment_ligand/prepared-mm-v1/manifest.json",
      "sha256": "b956f580c233ca84cf1c88c855f13bb060e14f4178a479177ba535d153b81c08",
      "software": {
        "ambertools": "26.0",
        "gaff": "2.2.20",
        "openff_toolkit": "0.18.0",
        "openmm": "8.6.1"
      },
      "state": "prepared; G07 quantum launch budget/review pending"
    },
    "physical_scope": "all-ML vacuum plumbing only; original MM is explicitly inert",
    "rdkit": "2026.03.6",
    "seeds": {
      "ethanol_B": 61711,
      "host": 61709,
      "methanol_A": 61710
    },
    "selection": "fixed geometry ordering only; no model, quantum, experimental, docking, or energy pose score"
  },
  "real_atoms": 57,
  "status": "preflight_only",
  "version": 1
}
