.F.F....                                                                 [100%]
=================================== FAILURES ===================================
______ test_host_guest_opposite_maps_clear_the_entire_host_and_each_other ______

    def test_host_guest_opposite_maps_clear_the_entire_host_and_each_other():
        from atm_mlmm.schema import from_json
        from atm_mlmm.workflow import _domain
    
        original = from_json((FIXTURE / 'system-input.json').read_text())
        partition = from_json((FIXTURE / 'partition.json').read_text())
        snapshot = from_json((FIXTURE / 'snapshot.json').read_text())
        config = json.loads((FIXTURE / 'config.json').read_text())
        displacement = np.asarray(config['settings']['displacement_nm'])
        ids = {atom_id: i for i, atom_id in enumerate(snapshot.real_atom_ids)}
        groups = {m.molecule_id: [ids[a] for a in m.atom_ids]
                  for m in original.topology.molecules}
        host0 = np.asarray(snapshot.positions_nm)[groups['host-18-crown-6']]
        x0 = np.asarray(snapshot.positions_nm)
        x1 = x0.copy()
        x1[groups['ligand-methanol-A']] += displacement
        x1[groups['ligand-ethanol-B']] -= displacement
        np.testing.assert_array_equal(x0[groups['host-18-crown-6']], host0)
>       np.testing.assert_allclose(x1[groups['ligand-methanol-A']] - x0[groups['ligand-methanol-A']],
                                   displacement)
E       AssertionError: 
E       Not equal to tolerance rtol=1e-07, atol=0
E       
E       (shapes (6, 3), (3,) mismatch)
E        ACTUAL: array([[2.4, 0. , 0. ],
E              [2.4, 0. , 0. ],
E              [2.4, 0. , 0. ],...
E        DESIRED: array([2.4, 0. , 0. ])

tests/workflow/test_host_guest_rbfe.py:77: AssertionError
_ test_host_guest_direct_native_and_fresh_worker_restart_are_mechanism_checks __

tmp_path = PosixPath('/tmp/pytest-of-agent/pytest-31/test_host_guest_direct_native_0')

    @pytest.mark.model_assets
    def test_host_guest_direct_native_and_fresh_worker_restart_are_mechanism_checks(tmp_path):
        import os
        import subprocess
        import sys
        from dataclasses import replace
        from atm_mlmm.atm import AtmEvaluator, PhysicalEvaluator, build_atm
        from atm_mlmm.geometry import resolve_protocol
        from atm_mlmm.hybrid import build_physical
        from atm_mlmm.models.mace import model_spec
        from atm_mlmm.partition import resolve_partition
        from atm_mlmm.protocols.rbfe import make_protocol
        from atm_mlmm.schema import EmbeddingSpec, MobileGroup, RestraintSpec, from_json
        from atm_mlmm.workflow import load_configuration
    
        config = load_configuration(FIXTURE / 'config.json')
        groups = tuple(MobileGroup(m.molecule_id, m.atom_ids, ('ligand',), m.molecule_id)
                       for m in config.original.topology.molecules if m.role == 'ligand')
        physical = build_physical(config.original, resolve_partition(
            config.original.topology, config.partition), model_spec(),
            EmbeddingSpec('mechanical', '1', 'protein_c_c', 'nonperiodic'),
            cap_distance_nm=.109)
        transfer = resolve_protocol(physical, make_protocol(
            groups, tuple(config.settings['displacement_nm'])))
        anchor = next(a.atom_id for a in config.original.topology.atoms
                      if a.atom_id.startswith('h'))
        restraint = RestraintSpec('static-host-anchor', (anchor,), 10.,
                                  config.snapshot.positions_nm[
                                      config.snapshot.real_atom_ids.index(anchor)])
        bundle = build_atm(physical, transfer, config.schedule, restraint)
        mapped = np.array(config.snapshot.positions_nm)
        for group in groups:
            for atom_id in group.atom_ids:
                real_index = config.snapshot.real_atom_ids.index(atom_id)
>               mapped[real_index] += np.asarray(transfer.map1[physical.real_to_final[atom_id]])
                                                 ^^^^^^^^^^^^^
E               AttributeError: 'TransferDefinition' object has no attribute 'map1'

tests/workflow/test_host_guest_rbfe.py:139: AttributeError
=========================== short test summary info ============================
FAILED tests/workflow/test_host_guest_rbfe.py::test_host_guest_opposite_maps_clear_the_entire_host_and_each_other
FAILED tests/workflow/test_host_guest_rbfe.py::test_host_guest_direct_native_and_fresh_worker_restart_are_mechanism_checks
2 failed, 6 passed in 0.53s
