F..                                                                      [100%]
=================================== FAILURES ===================================
__ test_two_cut_structural_controls_share_the_original_system_and_conventions __

    def test_two_cut_structural_controls_share_the_original_system_and_conventions():
        import openmm as mm
        from atm_mlmm.embeddings.mechanical import original_system
        from atm_mlmm.hybrid import build_physical
        from atm_mlmm.ledger import inventory_system
        from atm_mlmm.models.mace import model_spec
        from atm_mlmm.partition import resolve_partition
        from atm_mlmm.schema import EmbeddingSpec
        from tests.cap_collection_oracle import DATA, input_case
    
        original, cavity_spec, snapshot = input_case()
        ligand_original, ligand_only_spec, ligand_snapshot = input_case(mixed_zero_cut=True)
        assert original == ligand_original
        assert snapshot == ligand_snapshot
        assert len(cavity_spec.permitted_cuts) == 2
        assert not ligand_only_spec.permitted_cuts
        control_doc = json.loads((ROOT / 'fixtures/protein_structural_control/v1/controls.json').read_text())
        assert control_doc['scope'] == 'synthetic_structural_control_only'
        assert control_doc['source_fixture'] == 'fixtures/two_cut_control'
        all_mm = original_system(original, require_inventory_identity=True)
        assert inventory_system(all_mm).content_identity == original.prepared_mm_inventory_identity
        ligand_bundle = build_physical(
            ligand_original, resolve_partition(ligand_original.topology, ligand_only_spec), model_spec(),
            EmbeddingSpec('mechanical', '1', 'protein_c_c', 'nonperiodic'),
            cap_distance_nm=DATA['cap_distance_nm'])
        cavity_bundle = build_physical(
            original, resolve_partition(original.topology, cavity_spec), model_spec(),
            EmbeddingSpec('mechanical', '1', 'protein_c_c', 'nonperiodic'),
            cap_distance_nm=DATA['cap_distance_nm'])
        assert ligand_bundle.manifest['boundary_builder_version'] == 2
        assert ligand_bundle.links == ()
        assert cavity_bundle.manifest['boundary_builder_version'] == 2
        assert len(cavity_bundle.links) == 2
>       assert ligand_bundle.masses_da == cavity_bundle.masses_da == original.masses_da
E       assert (12.011, 12.0...8, 1.008, ...) == (12.011, 12.0...8, 1.008, ...)
E         
E         Right contains 2 more items, first extra item: 0.0
E         Use -v to get more diff

tests/workflow/test_protein_abfe.py:41: AssertionError
=========================== short test summary info ============================
FAILED tests/workflow/test_protein_abfe.py::test_two_cut_structural_controls_share_the_original_system_and_conventions
1 failed, 2 passed in 0.20s
