.F.F...F                                                                 [100%]
=================================== FAILURES ===================================
______ test_host_guest_opposite_maps_clear_the_entire_host_and_each_other ______

    def test_host_guest_opposite_maps_clear_the_entire_host_and_each_other():
        from atm_mlmm.schema import from_json
        from atm_mlmm.workflow import _domain
    
        original = from_json((FIXTURE / 'system-input.json').read_text())
        partition = from_json((FIXTURE / 'partition.json').read_text())
        snapshot = from_json((FIXTURE / 'snapshot.json').read_text())
        config = json.loads((FIXTURE / 'config.json').read_text())
        displacement = np.asarray(config['settings']['displacement_nm'])
        ids = {atom_id: i for i, atom_id in enumerate(snapshot.real_atom_ids)}
        groups = {m.molecule_id: [ids[a] for a in m.atom_ids]
                  for m in original.topology.molecules}
        host0 = np.asarray(snapshot.positions_nm)[groups['host-18-crown-6']]
        x0 = np.asarray(snapshot.positions_nm)
        x1 = x0.copy()
        x1[groups['ligand-methanol-A']] += displacement
        x1[groups['ligand-ethanol-B']] -= displacement
        np.testing.assert_array_equal(x0[groups['host-18-crown-6']], host0)
>       np.testing.assert_array_equal(
            x0[groups['ligand-ethanol-B']],
            x1[groups['ligand-methanol-A']],
        )
E       AssertionError: 
E       Arrays are not equal
E       
E       (shapes (9, 3), (6, 3) mismatch)
E        ACTUAL: array([[ 2.487196e+00,  6.925333e-02, -3.391553e-01],
E              [ 2.625888e+00,  9.995970e-02, -3.917108e-01],
E              [ 2.717234e+00, -2.602085e-18, -3.488982e-01],...
E        DESIRED: array([[ 3.058841e+00, -1.352540e-01, -5.317334e-02],
E              [ 3.017234e+00, -5.062809e-18, -4.889819e-02],
E              [ 3.168034e+00, -1.388571e-01, -5.328723e-02],...

tests/workflow/test_host_guest_rbfe.py:77: AssertionError
_ test_host_guest_direct_native_and_fresh_worker_restart_are_mechanism_checks __

tmp_path = PosixPath('/tmp/pytest-of-agent/pytest-30/test_host_guest_direct_native_0')

    @pytest.mark.model_assets
    def test_host_guest_direct_native_and_fresh_worker_restart_are_mechanism_checks(tmp_path):
        import os
        import subprocess
        import sys
        from dataclasses import replace
        from atm_mlmm.atm import AtmEvaluator, PhysicalEvaluator, build_atm
        from atm_mlmm.geometry import resolve_protocol
        from atm_mlmm.hybrid import build_physical
        from atm_mlmm.models.mace import model_spec
        from atm_mlmm.partition import resolve_partition
        from atm_mlmm.protocols.rbfe import make_protocol
        from atm_mlmm.schema import EmbeddingSpec, MobileGroup, RestraintSpec, from_json
        from atm_mlmm.workflow import load_configuration
    
        config = load_configuration(FIXTURE / 'config.json')
        groups = tuple(MobileGroup(m.molecule_id, m.atom_ids, ('ligand',), m.molecule_id)
                       for m in config.original.topology.molecules if m.role == 'ligand')
        physical = build_physical(config.original, resolve_partition(
            config.original.topology, config.partition), model_spec(),
            EmbeddingSpec('mechanical', '1', 'protein_c_c', 'nonperiodic'),
            cap_distance_nm=.109)
        transfer = resolve_protocol(physical, make_protocol(
            groups, tuple(config.settings['displacement_nm'])))
        anchor = next(a.atom_id for a in config.original.topology.atoms
                      if a.atom_id.startswith('h'))
        restraint = RestraintSpec('static-host-anchor', (anchor,), 10.,
                                  config.snapshot.positions_nm[
                                      config.snapshot.real_atom_ids.index(anchor)])
>       bundle = build_atm(physical, transfer, config.schedule, restraint, config.runtime)
                 ^^^^^^^^^^^^^^^^^^^^^^^^^^^^^^^^^^^^^^^^^^^^^^^^^^^^^^^^^^^^^^^^^^^^^^^^^
E       TypeError: build_atm() takes 4 positional arguments but 5 were given

tests/workflow/test_host_guest_rbfe.py:131: TypeError
__ test_existing_sixty_four_water_control_stays_a_synthetic_plumbing_fixture ___

    def test_existing_sixty_four_water_control_stays_a_synthetic_plumbing_fixture():
        from tools.validate_solvent_recipe import validate_recipe
    
        recipe_path = ROOT / 'fixtures/solvent_recipe/v1/synthetic-64-water-reference.json'
        recipe = json.loads(recipe_path.read_text())
>       result = validate_recipe(recipe, recipe_path.parent)
                 ^^^^^^^^^^^^^^^^^^^^^^^^^^^^^^^^^^^^^^^^^^^

tests/workflow/test_protein_input_admission.py:105: 
_ _ _ _ _ _ _ _ _ _ _ _ _ _ _ _ _ _ _ _ _ _ _ _ _ _ _ _ _ _ _ _ _ _ _ _ _ _ _ _ 

document = {'schema': 'physical-solvent-recipe-v1', 'schema_version': 1, 'scope': 'synthetic_plumbing_reference', 'fixture': '../../solvated_fragment/v2/abfe', ...}
base_dir = PosixPath('/workspace/AToM_MLMM-before-HPC/fixtures/solvent_recipe/v1')

    def validate_recipe(document, base_dir):
        if document.get('schema') != 'physical-solvent-recipe-v1':
            raise ValueError('unsupported solvent recipe schema')
        base_dir = Path(base_dir).resolve()
        scope = document.get('scope')
        if scope == 'synthetic_plumbing_reference':
            fixture = document.get('fixture')
            if not fixture:
                return {'status': 'blocked', 'missing_fields': ['fixture'],
                        'physical_liquid': False, 'binding_result': 'not_evaluated'}
            fixture_root = (base_dir / fixture).resolve()
            if base_dir not in fixture_root.parents:
>               raise ValueError('reference fixture escapes the recipe directory')
E               ValueError: reference fixture escapes the recipe directory

tools/validate_solvent_recipe.py:45: ValueError
=========================== short test summary info ============================
FAILED tests/workflow/test_host_guest_rbfe.py::test_host_guest_opposite_maps_clear_the_entire_host_and_each_other
FAILED tests/workflow/test_host_guest_rbfe.py::test_host_guest_direct_native_and_fresh_worker_restart_are_mechanism_checks
FAILED tests/workflow/test_protein_input_admission.py::test_existing_sixty_four_water_control_stays_a_synthetic_plumbing_fixture
3 failed, 5 passed in 0.42s
