FFFFFFFF                                                                 [100%]
=================================== FAILURES ===================================
________ test_host_guest_rbfe_fixture_is_complete_unequal_and_loadable _________

    def test_host_guest_rbfe_fixture_is_complete_unequal_and_loadable():
        import openmm as mm
        from openmm import unit
        from atm_mlmm.ledger import inventory_system
        from atm_mlmm.schema import from_json
        from atm_mlmm.workflow import load_configuration
    
>       manifest = json.loads((FIXTURE / 'manifest.json').read_text())
                              ^^^^^^^^^^^^^^^^^^^^^^^^^^^^^^^^^^^^^^^

tests/workflow/test_host_guest_rbfe.py:20: 
_ _ _ _ _ _ _ _ _ _ _ _ _ _ _ _ _ _ _ _ _ _ _ _ _ _ _ _ _ _ _ _ _ _ _ _ _ _ _ _ 
../before-hpc-cpu-v2/env/lib/python3.11/pathlib.py:1058: in read_text
    with self.open(mode='r', encoding=encoding, errors=errors) as f:
         ^^^^^^^^^^^^^^^^^^^^^^^^^^^^^^^^^^^^^^^^^^^^^^^^^^^^^
_ _ _ _ _ _ _ _ _ _ _ _ _ _ _ _ _ _ _ _ _ _ _ _ _ _ _ _ _ _ _ _ _ _ _ _ _ _ _ _ 

self = PosixPath('/workspace/AToM_MLMM-before-HPC/fixtures/host_guest_rbfe/v1/manifest.json')
mode = 'r', buffering = -1, encoding = 'locale', errors = None, newline = None

    def open(self, mode='r', buffering=-1, encoding=None,
             errors=None, newline=None):
        """
        Open the file pointed by this path and return a file object, as
        the built-in open() function does.
        """
        if "b" not in mode:
            encoding = io.text_encoding(encoding)
>       return io.open(self, mode, buffering, encoding, errors, newline)
               ^^^^^^^^^^^^^^^^^^^^^^^^^^^^^^^^^^^^^^^^^^^^^^^^^^^^^^^^^
E       FileNotFoundError: [Errno 2] No such file or directory: '/workspace/AToM_MLMM-before-HPC/fixtures/host_guest_rbfe/v1/manifest.json'

../before-hpc-cpu-v2/env/lib/python3.11/pathlib.py:1044: FileNotFoundError
______ test_host_guest_opposite_maps_clear_the_entire_host_and_each_other ______

    def test_host_guest_opposite_maps_clear_the_entire_host_and_each_other():
        from atm_mlmm.schema import from_json
        from atm_mlmm.workflow import _domain
    
>       original = from_json((FIXTURE / 'system-input.json').read_text())
                             ^^^^^^^^^^^^^^^^^^^^^^^^^^^^^^^^^^^^^^^^^^^

tests/workflow/test_host_guest_rbfe.py:63: 
_ _ _ _ _ _ _ _ _ _ _ _ _ _ _ _ _ _ _ _ _ _ _ _ _ _ _ _ _ _ _ _ _ _ _ _ _ _ _ _ 
../before-hpc-cpu-v2/env/lib/python3.11/pathlib.py:1058: in read_text
    with self.open(mode='r', encoding=encoding, errors=errors) as f:
         ^^^^^^^^^^^^^^^^^^^^^^^^^^^^^^^^^^^^^^^^^^^^^^^^^^^^^
_ _ _ _ _ _ _ _ _ _ _ _ _ _ _ _ _ _ _ _ _ _ _ _ _ _ _ _ _ _ _ _ _ _ _ _ _ _ _ _ 

self = PosixPath('/workspace/AToM_MLMM-before-HPC/fixtures/host_guest_rbfe/v1/system-input.json')
mode = 'r', buffering = -1, encoding = 'locale', errors = None, newline = None

    def open(self, mode='r', buffering=-1, encoding=None,
             errors=None, newline=None):
        """
        Open the file pointed by this path and return a file object, as
        the built-in open() function does.
        """
        if "b" not in mode:
            encoding = io.text_encoding(encoding)
>       return io.open(self, mode, buffering, encoding, errors, newline)
               ^^^^^^^^^^^^^^^^^^^^^^^^^^^^^^^^^^^^^^^^^^^^^^^^^^^^^^^^^
E       FileNotFoundError: [Errno 2] No such file or directory: '/workspace/AToM_MLMM-before-HPC/fixtures/host_guest_rbfe/v1/system-input.json'

../before-hpc-cpu-v2/env/lib/python3.11/pathlib.py:1044: FileNotFoundError
_______ test_host_guest_generator_reproduces_the_frozen_preflight_input ________

tmp_path = PosixPath('/tmp/pytest-of-agent/pytest-29/test_host_guest_generator_repr0')

    def test_host_guest_generator_reproduces_the_frozen_preflight_input(tmp_path):
>       from tools.prepare_host_guest_rbfe import prepare
E       ModuleNotFoundError: No module named 'tools.prepare_host_guest_rbfe'

tests/workflow/test_host_guest_rbfe.py:92: ModuleNotFoundError
_ test_host_guest_direct_native_and_fresh_worker_restart_are_mechanism_checks __

tmp_path = PosixPath('/tmp/pytest-of-agent/pytest-29/test_host_guest_direct_native_0')

    @pytest.mark.model_assets
    def test_host_guest_direct_native_and_fresh_worker_restart_are_mechanism_checks(tmp_path):
        import os
        import subprocess
        import sys
        from dataclasses import replace
        from atm_mlmm.atm import AtmEvaluator, PhysicalEvaluator, build_atm
        from atm_mlmm.geometry import resolve_protocol
        from atm_mlmm.hybrid import build_physical
        from atm_mlmm.models.mace import model_spec
        from atm_mlmm.partition import resolve_partition
        from atm_mlmm.protocols.rbfe import make_protocol
        from atm_mlmm.schema import EmbeddingSpec, MobileGroup, RestraintSpec, from_json
        from atm_mlmm.workflow import load_configuration
    
>       config = load_configuration(FIXTURE / 'config.json')
                 ^^^^^^^^^^^^^^^^^^^^^^^^^^^^^^^^^^^^^^^^^^^

tests/workflow/test_host_guest_rbfe.py:117: 
_ _ _ _ _ _ _ _ _ _ _ _ _ _ _ _ _ _ _ _ _ _ _ _ _ _ _ _ _ _ _ _ _ _ _ _ _ _ _ _ 
src/atm_mlmm/workflow.py:67: in load_configuration
    document = read_json(path)
               ^^^^^^^^^^^^^^^
src/atm_mlmm/persistence.py:29: in read_json
    return json.loads(Path(path).read_text(), parse_constant=reject_constant)
                      ^^^^^^^^^^^^^^^^^^^^^^
../before-hpc-cpu-v2/env/lib/python3.11/pathlib.py:1058: in read_text
    with self.open(mode='r', encoding=encoding, errors=errors) as f:
         ^^^^^^^^^^^^^^^^^^^^^^^^^^^^^^^^^^^^^^^^^^^^^^^^^^^^^
_ _ _ _ _ _ _ _ _ _ _ _ _ _ _ _ _ _ _ _ _ _ _ _ _ _ _ _ _ _ _ _ _ _ _ _ _ _ _ _ 

self = PosixPath('/workspace/AToM_MLMM-before-HPC/fixtures/host_guest_rbfe/v1/config.json')
mode = 'r', buffering = -1, encoding = 'locale', errors = None, newline = None

    def open(self, mode='r', buffering=-1, encoding=None,
             errors=None, newline=None):
        """
        Open the file pointed by this path and return a file object, as
        the built-in open() function does.
        """
        if "b" not in mode:
            encoding = io.text_encoding(encoding)
>       return io.open(self, mode, buffering, encoding, errors, newline)
               ^^^^^^^^^^^^^^^^^^^^^^^^^^^^^^^^^^^^^^^^^^^^^^^^^^^^^^^^^
E       FileNotFoundError: [Errno 2] No such file or directory: '/workspace/AToM_MLMM-before-HPC/fixtures/host_guest_rbfe/v1/config.json'

../before-hpc-cpu-v2/env/lib/python3.11/pathlib.py:1044: FileNotFoundError
___ test_unselected_complete_protein_target_is_rejected_with_missing_choices ___

    def test_unselected_complete_protein_target_is_rejected_with_missing_choices():
>       from tools.prepare_protein_input import validate_manifest
E       ModuleNotFoundError: No module named 'tools.prepare_protein_input'

tests/workflow/test_protein_input_admission.py:13: ModuleNotFoundError
__ test_two_cut_structural_control_imports_without_becoming_a_protein_target ___

tmp_path = PosixPath('/tmp/pytest-of-agent/pytest-29/test_two_cut_structural_contro0')

    def test_two_cut_structural_control_imports_without_becoming_a_protein_target(tmp_path):
>       from tools.prepare_protein_input import validate_manifest
E       ModuleNotFoundError: No module named 'tools.prepare_protein_input'

tests/workflow/test_protein_input_admission.py:35: ModuleNotFoundError
____ test_solvent_recipe_checker_blocks_missing_physical_liquid_definitions ____

    def test_solvent_recipe_checker_blocks_missing_physical_liquid_definitions():
>       from tools.validate_solvent_recipe import validate_recipe
E       ModuleNotFoundError: No module named 'tools.validate_solvent_recipe'

tests/workflow/test_protein_input_admission.py:81: ModuleNotFoundError
__ test_existing_sixty_four_water_control_stays_a_synthetic_plumbing_fixture ___

    def test_existing_sixty_four_water_control_stays_a_synthetic_plumbing_fixture():
>       from tools.validate_solvent_recipe import validate_recipe
E       ModuleNotFoundError: No module named 'tools.validate_solvent_recipe'

tests/workflow/test_protein_input_admission.py:101: ModuleNotFoundError
=========================== short test summary info ============================
FAILED tests/workflow/test_host_guest_rbfe.py::test_host_guest_rbfe_fixture_is_complete_unequal_and_loadable
FAILED tests/workflow/test_host_guest_rbfe.py::test_host_guest_opposite_maps_clear_the_entire_host_and_each_other
FAILED tests/workflow/test_host_guest_rbfe.py::test_host_guest_generator_reproduces_the_frozen_preflight_input
FAILED tests/workflow/test_host_guest_rbfe.py::test_host_guest_direct_native_and_fresh_worker_restart_are_mechanism_checks
FAILED tests/workflow/test_protein_input_admission.py::test_unselected_complete_protein_target_is_rejected_with_missing_choices
FAILED tests/workflow/test_protein_input_admission.py::test_two_cut_structural_control_imports_without_becoming_a_protein_target
FAILED tests/workflow/test_protein_input_admission.py::test_solvent_recipe_checker_blocks_missing_physical_liquid_definitions
FAILED tests/workflow/test_protein_input_admission.py::test_existing_sixty_four_water_control_stays_a_synthetic_plumbing_fixture
8 failed in 0.26s
