2026-10-03:16:55:47,799 INFO     [psi4.driver.task_planner:259] PLANNING Atomic:  keywords={'DFT_RADIAL_POINTS': 99, 'DFT_SPHERICAL_POINTS': 590, 'DF_BASIS_SCF': 'DEF2-UNIVERSAL-JKFIT', 'D_CONVERGENCE': 1e-10, 'E_CONVERGENCE': 1e-10, 'INTS_TOLERANCE': 1e-12, 'MAXITER': 200, 'REFERENCE': 'RHF', 'SCF_TYPE': 'DF', 'WCOMBINE': 0, 'function_kwargs': {}}
2026-10-03:16:55:47,802 INFO     [psi4.driver.driver:638] Compute gradient(): method=wb97m-d3bj, basis=def2-tzvppd, molecule=default, nre=184.10441917951033
2026-10-03:17:02:21,64 INFO     [psi4.driver.driver:641] Return gradient(): -274.3462808062311
2026-10-03:17:02:21,72 INFO     [psi4.driver.driver:642] [[-0.00745425 -0.00715836 -0.01703767]
 [ 0.00055186  0.00227605  0.00288931]
 [ 0.00011452  0.00270469  0.00687104]
 [ 0.0025195  -0.00110272 -0.00237175]
 [ 0.00165857 -0.00248132  0.00570432]
 [ 0.00183555 -0.0024899  -0.00044497]
 [ 0.00229605 -0.00216961  0.00207298]
 [ 0.00123856  0.00290057 -0.00167962]
 [-0.00300905  0.00367807 -0.00068119]
 [-0.00080676  0.00116506  0.00424224]
 [ 0.00057613  0.00339976  0.00170431]
 [-0.00060463  0.00017553 -0.00313564]
 [-0.00065025 -0.00066681  0.00306221]
 [ 0.0017339  -0.00023101 -0.00119517]
 [ 0.00031517 -0.00140034  0.00376808]
 [-0.00935936 -0.00347239  0.00934395]
 [-0.003357   -0.00131596  0.00354151]
 [ 0.00498963  0.00218499 -0.00090808]
 [ 0.00498964 -0.00106164 -0.00211459]
 [ 0.00242183  0.00506515 -0.01363124]]
