2026-10-03:16:10:04,137 INFO     [psi4.driver.task_planner:259] PLANNING Atomic:  keywords={'DFT_RADIAL_POINTS': 99, 'DFT_SPHERICAL_POINTS': 590, 'DF_BASIS_SCF': 'DEF2-UNIVERSAL-JKFIT', 'D_CONVERGENCE': 1e-10, 'E_CONVERGENCE': 1e-10, 'INTS_TOLERANCE': 1e-12, 'MAXITER': 200, 'REFERENCE': 'RHF', 'SCF_TYPE': 'DF', 'WCOMBINE': 0, 'function_kwargs': {}}
2026-10-03:16:10:04,141 INFO     [psi4.driver.driver:638] Compute gradient(): method=wb97m-d3bj, basis=def2-tzvppd, molecule=default, nre=274.0650288632817
2026-10-03:16:18:14,956 INFO     [psi4.driver.driver:641] Return gradient(): -367.91100082904893
2026-10-03:16:18:14,961 INFO     [psi4.driver.driver:642] [[-0.00745502 -0.00715639 -0.01703828]
 [ 0.00055213  0.00227627  0.00288776]
 [ 0.00011603  0.00270438  0.00686978]
 [ 0.00251973 -0.00110201 -0.0023716 ]
 [ 0.00165709 -0.0024822   0.00570514]
 [ 0.00183556 -0.00248933 -0.00044532]
 [ 0.0022962  -0.00216937  0.00207409]
 [ 0.0012385   0.00289906 -0.00167935]
 [-0.00300891  0.00367719 -0.00068108]
 [-0.00080546  0.00116456  0.00424299]
 [ 0.00057602  0.00339983  0.00170406]
 [-0.0006041   0.00017562 -0.00313567]
 [-0.00065045 -0.00066793  0.00306254]
 [ 0.0017333  -0.00023019 -0.00119525]
 [ 0.00709674 -0.00169513  0.00293442]
 [-0.01397911  0.00602717 -0.00938238]
 [-0.00556816 -0.00398048  0.00614555]
 [ 0.01065169 -0.0066659   0.01031647]
 [ 0.0000835   0.00203824 -0.00329966]
 [-0.00118515 -0.00422816 -0.00256036]
 [-0.00114133  0.00404774  0.00271093]
 [-0.00285123  0.00441876 -0.0067633 ]
 [ 0.00689508  0.00003853 -0.00009913]]
