Traceback (most recent call last):
  File "/workspace/AToM_MLMM-m03-reference-g05/Worker_Log/Milestone_03/evidence/G05_v4_independent_sol61_max/scientific_recompute.py", line 237, in <module>
    with (E/'scientific-results.json').open('x') as stream:json.dump(result,stream,indent=2,allow_nan=False);stream.write('\n')
                                                           ^^^^^^^^^^^^^^^^^^^^^^^^^^^^^^^^^^^^^^^^^^^^^^^^^
  File "/workspace/atom-mlmm-g05-v2/env/lib/python3.11/json/__init__.py", line 179, in dump
    for chunk in iterable:
  File "/workspace/atom-mlmm-g05-v2/env/lib/python3.11/json/encoder.py", line 432, in _iterencode
    yield from _iterencode_dict(o, _current_indent_level)
  File "/workspace/atom-mlmm-g05-v2/env/lib/python3.11/json/encoder.py", line 406, in _iterencode_dict
    yield from chunks
  File "/workspace/atom-mlmm-g05-v2/env/lib/python3.11/json/encoder.py", line 326, in _iterencode_list
    yield from chunks
  File "/workspace/atom-mlmm-g05-v2/env/lib/python3.11/json/encoder.py", line 406, in _iterencode_dict
    yield from chunks
  File "/workspace/atom-mlmm-g05-v2/env/lib/python3.11/json/encoder.py", line 439, in _iterencode
    o = _default(o)
        ^^^^^^^^^^^
  File "/workspace/atom-mlmm-g05-v2/env/lib/python3.11/json/encoder.py", line 180, in default
    raise TypeError(f'Object of type {o.__class__.__name__} '
TypeError: Object of type bool is not JSON serializable
