CLOUD_START.md: OK
README.md: OK
activate-amber.sh: OK
activate.sh: OK
amber-conda-linux-64.lock: OK
amber-packages.json: OK
amber-pip-inventory.txt: OK
check_versions.py: OK
cloud-install.sh: OK
constraints.txt: OK
core-conda-linux-64.lock: OK
core-packages.json: OK
core-pip-inventory.txt: OK
install.sh: OK
package-identities.json: OK
pip-requirements.lock: OK
pip-wheels.lock: OK
smoke_cpu.py: OK
smoke_prep.py: OK
sources/AToM-OpenMM-9e26c5a3811038be1c98e3be6af4c78cd0dd57a7.tar.gz: OK
sources/openmm-ml-a7fb40ebecd031db3a5d1da08202cad6819c366f.tar.gz: OK
sources/openmmforcefields-3aa91626db3aeea8e8388c43c42a51bf1d99159e.tar.gz: OK
upstream-sources.json: OK
validate.py: OK
wheels/annotated_doc-0.0.5-py3-none-any.whl: OK
wheels/anyio-4.15.1-py3-none-any.whl: OK
wheels/asciitree-0.3.3-py3-none-any.whl: OK
wheels/ase-3.29.0-py3-none-any.whl: OK
wheels/atom_openmm-8.5.0b0-py3-none-any.whl: OK
wheels/click-8.5.0-py3-none-any.whl: OK
wheels/configargparse-1.8.0-py3-none-any.whl: OK
wheels/contourpy-1.3.3-cp311-cp311-manylinux_2_27_x86_64.manylinux_2_28_x86_64.whl: OK
wheels/cycler-0.12.1-py3-none-any.whl: OK
wheels/deprecated-1.3.1-py2.py3-none-any.whl: OK
wheels/fasteners-0.20-py3-none-any.whl: OK
wheels/fonttools-4.66.1-cp311-cp311-manylinux2014_x86_64.manylinux_2_17_x86_64.whl: OK
wheels/gitdb-4.0.12-py3-none-any.whl: OK
wheels/gitpython-3.2.0-py3-none-any.whl: OK
wheels/h11-0.16.0-py3-none-any.whl: OK
wheels/h5py-3.16.0-cp311-cp311-manylinux_2_28_x86_64.whl: OK
wheels/hf_xet-1.6.0-cp38-abi3-manylinux2014_x86_64.manylinux_2_17_x86_64.whl: OK
wheels/httpcore2-2.13.1-py3-none-any.whl: OK
wheels/httpx2-2.13.1-py3-none-any.whl: OK
wheels/huggingface_hub-2.0.0-py3-none-any.whl: OK
wheels/kiwisolver-1.5.1-cp311-cp311-manylinux2014_x86_64.manylinux_2_17_x86_64.whl: OK
wheels/lightning_utilities-0.15.3-py3-none-any.whl: OK
wheels/lmdb-2.3.0-cp311-cp311-manylinux2014_x86_64.manylinux_2_17_x86_64.manylinux_2_28_x86_64.whl: OK
wheels/lxml-6.1.3-cp311-cp311-manylinux_2_26_x86_64.manylinux_2_28_x86_64.whl: OK
wheels/mace_torch-0.3.16-py3-none-any.whl: OK
wheels/markdown_it_py-4.2.0-py3-none-any.whl: OK
wheels/matscipy-1.3.0-cp311-cp311-manylinux_2_24_x86_64.manylinux_2_28_x86_64.whl: OK
wheels/mdurl-0.1.2-py3-none-any.whl: OK
wheels/ninja-1.13.2-py3-none-manylinux2014_x86_64.manylinux_2_17_x86_64.whl: OK
wheels/numcodecs-0.15.1-cp311-cp311-manylinux_2_17_x86_64.manylinux2014_x86_64.whl: OK
wheels/openmmforcefields-0.16.0-py3-none-any.whl: OK
wheels/openmmml-1.8-py3-none-any.whl: OK
wheels/orjson-3.12.0-cp311-cp311-manylinux_2_17_x86_64.manylinux2014_x86_64.whl: OK
wheels/pillow-12.3.0-cp311-cp311-manylinux_2_27_x86_64.manylinux_2_28_x86_64.whl: OK
wheels/prettytable-3.18.0-py3-none-any.whl: OK
wheels/pyarrow-25.0.1-cp311-cp311-manylinux_2_28_x86_64.whl: OK
wheels/python_hostlist-2.3.0-py3-none-any.whl: OK
wheels/rich-15.0.0-py3-none-any.whl: OK
wheels/shellingham-1.5.4-py2.py3-none-any.whl: OK
wheels/smmap-5.0.3-py3-none-any.whl: OK
wheels/tinydb-4.9.0-py3-none-any.whl: OK
wheels/torch_ema-0.3-py3-none-any.whl: OK
wheels/torchani-2.9.0-py3-none-any.whl: OK
wheels/torchmetrics-1.9.0-py3-none-any.whl: OK
wheels/tqdm-4.70.1-py3-none-any.whl: OK
wheels/truststore-0.10.4-py3-none-any.whl: OK
wheels/typer-0.27.2-py3-none-any.whl: OK
wheels/validators-0.35.0-py3-none-any.whl: OK
wheels/wcwidth-0.9.1-cp310-abi3-manylinux2014_x86_64.manylinux_2_17_x86_64.whl: OK
wheels/wrapt-2.5.0-cp311-cp311-manylinux1_x86_64.manylinux_2_28_x86_64.manylinux_2_5_x86_64.whl: OK
wheels/zarr-2.18.7-py3-none-any.whl: OK
wheels.sha256: OK
  % Total    % Received % Xferd  Average Speed   Time    Time     Time  Current
                                 Dload  Upload   Total   Spent    Left  Speed
  0     0    0     0    0     0      0      0 --:--:-- --:--:-- --:--:--     0  0     0    0     0    0     0      0      0 --:--:-- --:--:-- --:--:--     0
 23  118M   23 28.1M    0     0  41.9M      0  0:00:02 --:--:--  0:00:02 41.9M 98  118M   98  116M    0     0  69.6M      0  0:00:01  0:00:01 --:--:-- 88.2M100  118M  100  118M    0     0  69.9M      0  0:00:01  0:00:01 --:--:-- 88.3M
/workspace/repository-review-cpu-v2/bootstrap/Miniforge3-26.7.2-0-Linux-x86_64.sh: OK
PREFIX=/workspace/repository-review-cpu-v2/conda
Unpacking bootstrapper...
Unpacking payload...
Extracting ca-certificates-2026.7.22-hbd8a1cb_0.conda
Extracting libgomp-16.2.0-he0feb66_4.conda
Extracting libzlib-1.3.2-h25fd6f3_3.conda
Extracting nlohmann_json-abi-3.12.0-h0f90c79_2.conda
Extracting pybind11-abi-11-hc364b38_1.conda
Extracting python_abi-3.14-9_cp314.conda
Extracting tzdata-2026c-h151e31d_0.conda
Extracting _openmp_mutex-4.5-20_gnu.conda
Extracting zstd-1.5.7-hb78ec9c_7.conda
Extracting ld_impl_linux-64-2.46.1-default_hbd61a6d_102.conda
Extracting libgcc-16.2.0-ha9f2e26_4.conda
Extracting bzip2-1.0.8-hda65f42_10.conda
Extracting c-ares-1.34.8-hebe6cf0_2.conda
Extracting keyutils-1.6.3-h7cc23a3_1.conda
Extracting libev-4.33-h280c20c_3.conda
Extracting libexpat-2.8.1-hecca717_1.conda
Extracting libffi-3.7.0-h81df57d_1.conda
Extracting libiconv-1.18-h0cb94f2_3.conda
Extracting liblzma-5.8.3-hb03c661_1.conda
Extracting libmpdec-4.0.0-hb03c661_2.conda
Extracting libstdcxx-16.2.0-h934c35e_4.conda
Extracting libuuid-2.42.3-hcfc3c73_0.conda
Extracting lzo-2.10-hebe6cf0_1003.conda
Extracting ncurses-6.6-hdb14827_1.conda
Extracting openssl-3.6.4-h781a0a9_0.conda
Extracting reproc-14.2.8.post0-hee9eb32_0.conda
Extracting tk-8.6.13-noxft_h1df4ec4_4.conda
Extracting cpp-expected-1.3.1-h171cf75_1.conda
Extracting fmt-12.1.0-h76c4fd7_1.conda
Extracting icu-78.3-py310h44b86e0_2.conda
Extracting libedit-3.1.20250104-pl5321h373387f_1.conda
Extracting libmsgpack-c-6.1.0-h54a6638_7.conda
Extracting libnghttp2-1.68.1-h74cf4be_1.conda
Extracting libpython-3.14.7-hdc7f604_106_cp314.conda
Extracting libsolv-0.7.39-h72ddc62_1.conda
Extracting libssh2-1.11.1-h6154650_1.conda
Extracting lz4-c-1.10.0-hee9eb32_2.conda
Extracting readline-8.3-hd6e31c0_1.conda
Extracting reproc-cpp-14.2.8.post0-h1c70be6_0.conda
Extracting simdjson-4.6.11-h4dbf13b_0.conda
Extracting yaml-cpp-0.8.0-h54a6638_1.conda
Extracting krb5-1.22.2-hbc21106_2.conda
Extracting libpsl-0.23.1-hd9e3e90_1.conda
Extracting libsqlite-3.53.4-h13e7031_1.conda
Extracting libxml2-16-2.15.4-hf3af7cc_0.conda
Extracting spdlog-1.17.0-hb6aa676_2.conda
Extracting libcurl-8.22.0-ha042cf0_0.conda
Extracting libxml2-2.15.4-h7df9aa5_0.conda
Extracting python-3.14.7-hcd007b5_106_cp314.conda
Extracting libarchive-3.8.9-gpl_h3152399_101.conda
Extracting tomli-w-1.2.0-pyhd8ed1ab_0.conda
Extracting libmamba-2.9.0-py314h6ba947b_0.conda
Extracting menuinst-2.5.2-py314h9e666f3_2.conda
Extracting archspec-0.2.5-pyhd8ed1ab_0.conda
Extracting backports.zstd-1.7.0-py314h680f03e_1.conda
Extracting boltons-26.2.0-pyhd8ed1ab_0.conda
Extracting brotli-python-1.2.0-py314hcd2bdb6_4.conda
Extracting cached_property-2.0.1-pyhcf101f3_0.conda
Extracting certifi-2026.7.22-pyhd8ed1ab_0.conda
Extracting charset-normalizer-3.5.1-pyhd8ed1ab_0.conda
Extracting colorama-0.4.6-pyhd8ed1ab_1.conda
Extracting cpython-3.14.7-py314hd8ed1ab_106.conda
Extracting distro-1.9.0-pyhd8ed1ab_1.conda
Extracting frozendict-2.4.7-pyh851646a_2.conda
Extracting hpack-4.2.0-pyhd8ed1ab_0.conda
Extracting hyperframe-6.1.0-pyhd8ed1ab_0.conda
Extracting idna-3.19-pyhcf101f3_0.conda
Extracting libmamba-spdlog-2.9.0-h5efa3ab_0.conda
Extracting mamba-2.9.0-h9649d4f_0.conda
Extracting markupsafe-3.0.3-py314h67df5f8_1.conda
Extracting msgpack-python-1.2.2-py314h5383ef5_2.conda
Extracting packaging-26.3-pyhc364b38_0.conda
Extracting pip-26.2.1-pyh145f28c_0.conda
Extracting platformdirs-4.11.6-pyh5ded981_0.conda
Extracting pluggy-1.6.0-pyhf9edf01_1.conda
Extracting pycosat-0.6.6-py314h89acca1_5.conda
Extracting pysocks-1.7.1-pyha55dd90_7.conda
Extracting python-installer-1.0.1-pyh332efcf_0.conda
Extracting ruamel.yaml.clib-0.2.15-py314hfe1a184_5.conda
Extracting setuptools-84.0.0-pyh332efcf_0.conda
Extracting sniffio-1.3.1-pyhd8ed1ab_2.conda
Extracting tomli-2.4.1-pyhcf101f3_0.conda
Extracting tqdm-4.70.0-pyh8f84b5b_0.conda
Extracting truststore-0.10.4-pyhcf101f3_0.conda
Extracting typing_extensions-4.16.0-pyhcf101f3_0.conda
Extracting zipp-4.1.0-pyhcf101f3_0.conda
Extracting anyio-4.15.1-pyh5ded981_1.conda
Extracting cached-property-2.0.1-pyhcf101f3_0.conda
Extracting conda-package-streaming-0.13.0-pyhd8ed1ab_0.conda
Extracting h11-0.16.0-pyhcf101f3_1.conda
Extracting h2-4.4.1-pyhcf101f3_0.conda
Extracting importlib-metadata-9.0.1-pyhcf101f3_0.conda
Extracting jinja2-3.1.6-pyhcf101f3_1.conda
Extracting libmambapy-2.9.0-py314h959206d_0.conda
Extracting pyproject_hooks-1.2.0-pyhd8ed1ab_1.conda
Extracting python-gil-3.14.7-h4df99d1_106.conda
Extracting ruamel.yaml-0.19.1-pyhcf101f3_0.conda
Extracting typing-extensions-4.16.0-h69aa097_0.conda
Extracting typing-inspection-0.4.4-pyhcf101f3_0.conda
Extracting _python_abi3_support-1.0-hd8ed1ab_3.conda
Extracting annotated-types-0.8.0-pyhd8ed1ab_0.conda
Extracting conda-libmamba-solver-26.7.0-pyhcf101f3_0.conda
Extracting httpcore-1.0.9-pyh29332c3_0.conda
Extracting pydantic-core-2.46.5-py314h7e8cd81_1.conda
Extracting python-build-1.6.0-pyhc364b38_0.conda
Extracting urllib3-2.7.0-pyhd8ed1ab_0.conda
Extracting httpx-0.28.1-pyhd8ed1ab_0.conda
Extracting py-rattler-0.25.0-py310hefeb9ab_5.conda
Extracting pydantic-2.13.5-pyhcf101f3_0.conda
Extracting requests-2.34.2-pyhcf101f3_0.conda
Extracting conda-package-handling-2.6.0-pyh5ded981_0.conda
Extracting unearth-0.18.3-pyhd8ed1ab_0.conda
Extracting conda-index-0.13.0-pyh5ded981_0.conda
Extracting conda-pypi-0.11.0-pyh5ded981_2.conda
Extracting conda-lockfiles-0.2.1-pyhd8ed1ab_0.conda
Extracting conda-rattler-solver-0.1.1-pyhcf101f3_0.conda
Extracting conda-26.7.2-py314h9e666f3_1.conda
Extracting conda-self-0.2.1-pyhd8ed1ab_0.conda
mkdir: cannot create directory ‘/home/agent/.conda’: Read-only file system
Installer exit code: 1
