{"case": "overflow-origin", "error": null, "evaluations": 25, "loader_seeds": [41, 42, 43], "pending_exists": false, "step_calls": [1, 1, 1], "tree_unchanged": false}
F{"case": "finite-one-ulp-backward", "error": null, "evaluations": 25, "loader_seeds": [41, 42, 43], "pending_exists": false, "step_calls": [1, 1, 1], "tree_unchanged": false}
F
=================================== FAILURES ===================================
____ test_multistate_public_backward_clocks_reject_inertly[overflow-origin] ____

tmp_path = PosixPath('/tmp/pytest-of-agent/pytest-60/test_multistate_public_backwar0')
monkeypatch = <_pytest.monkeypatch.MonkeyPatch object at 0x7f0ec9874810>
clock_case = 'overflow-origin'

    @pytest.mark.parametrize('clock_case',('overflow-origin','finite-one-ulp-backward'))
    def test_multistate_public_backward_clocks_reject_inertly(tmp_path,monkeypatch,clock_case):
        import math
        import openmm as mm
        from openmm import unit
        from atm_mlmm.adapters import atom
        from atm_mlmm.adapters.atom import load_worker_run
        from atm_mlmm.exchange_journal import seal_tree
        from atm_mlmm.persistence import read_json,write_json
        run,resume,read=multistate_api()
        origin=1e308 if clock_case=='overflow-origin' else 1e14
        backwards=.0005 if clock_case=='overflow-origin' else math.nextafter(origin,-math.inf)
        prepared=prepare_multistate(tmp_path/'prepared')
        _set_prepared_multistate_clock(prepared,origin)
        output=tmp_path/'exchange'
        run(prepared,output,state_ids=('first','middle','third'),state_pairs=((0,1),(1,2)),
            boundaries=2,steps_per_boundary=1,seed=73,trusted=True,stop_after_boundaries=1)
        boundary=output/'boundaries/000000'; metadata=read_json(output/'metadata.json')
        sample_path=boundary/'samples/worker-000.json'; sample=read_json(sample_path)
        reports_path=boundary/'final-state-reports.json'; reports=read_json(reports_path)
        record=read_json(boundary/'record.json')
        final_state=metadata['state_ids'][record['walker_to_state_final'][0]]
        sample_checkpoint=boundary/'samples/worker-000.chk'
        sample_state=boundary/'samples/worker-000-state.xml'
        final_checkpoint=boundary/'workers/worker-000.chk'
        final_portable=boundary/'workers/worker-000-state.xml'
        for checkpoint,portable,state_id in ((sample_checkpoint,sample_state,sample['state_id']),
                                             (final_checkpoint,final_portable,final_state)):
            with load_worker_run(output/'worker',metadata['worker_manifest_sha256'],trusted=True,
                                 integrator_seed=metadata['integrator_seed_base']) as worker:
                worker.restore_checkpoint(checkpoint.read_bytes(),state_id)
                step=worker.evaluator.context.getStepCount()
                worker.evaluator.context.setTime(backwards*unit.picosecond)
                assert worker.evaluator.context.getStepCount()==step
                checkpoint.write_bytes(worker.evaluator.context.createCheckpoint())
                state=worker.evaluator.context.getState(getPositions=True,getVelocities=True,getParameters=True)
                portable.write_text(mm.XmlSerializer.serialize(state))
        sample['time_ps']=backwards; reports['workers'][0]['time_ps']=backwards
        write_json(sample_path,sample); write_json(reports_path,reports)
        seal_tree(boundary,index=0)
        before=_clock_tree(output)
        loads=[]; evaluations=[]; steps=[]
        original_load=atom.load_worker_run; original_evaluate=atom.WorkerRun.evaluate
        original_step=mm.LangevinMiddleIntegrator.step
        def watch_load(*args,**kwargs):
            loads.append(kwargs.get('integrator_seed')); return original_load(*args,**kwargs)
        def watch_evaluate(self,*args,**kwargs):
            evaluations.append(self.integrator_seed); return original_evaluate(self,*args,**kwargs)
        def watch_step(self,count):
            steps.append(count); return original_step(self,count)
        monkeypatch.setattr(atom,'load_worker_run',watch_load)
        monkeypatch.setattr(atom.WorkerRun,'evaluate',watch_evaluate)
        monkeypatch.setattr(mm.LangevinMiddleIntegrator,'step',watch_step)
        error=None
        try:
            resume(output,trusted=True)
        except ValueError as caught:
            error=str(caught)
        after=_clock_tree(output)
        print(json.dumps({'case':clock_case,'error':error,'loader_seeds':loads,
                          'evaluations':len(evaluations),'step_calls':steps,
                          'pending_exists':(output/'pending').exists(),
                          'tree_unchanged':before==after},sort_keys=True),flush=True)
>       assert error is not None and 'clock' in error.lower()
E       assert (None is not None)

tests/workflow/test_persistent_exchange.py:987: AssertionError
_ test_multistate_public_backward_clocks_reject_inertly[finite-one-ulp-backward] _

tmp_path = PosixPath('/tmp/pytest-of-agent/pytest-60/test_multistate_public_backwar1')
monkeypatch = <_pytest.monkeypatch.MonkeyPatch object at 0x7f0eaefd9990>
clock_case = 'finite-one-ulp-backward'

    @pytest.mark.parametrize('clock_case',('overflow-origin','finite-one-ulp-backward'))
    def test_multistate_public_backward_clocks_reject_inertly(tmp_path,monkeypatch,clock_case):
        import math
        import openmm as mm
        from openmm import unit
        from atm_mlmm.adapters import atom
        from atm_mlmm.adapters.atom import load_worker_run
        from atm_mlmm.exchange_journal import seal_tree
        from atm_mlmm.persistence import read_json,write_json
        run,resume,read=multistate_api()
        origin=1e308 if clock_case=='overflow-origin' else 1e14
        backwards=.0005 if clock_case=='overflow-origin' else math.nextafter(origin,-math.inf)
        prepared=prepare_multistate(tmp_path/'prepared')
        _set_prepared_multistate_clock(prepared,origin)
        output=tmp_path/'exchange'
        run(prepared,output,state_ids=('first','middle','third'),state_pairs=((0,1),(1,2)),
            boundaries=2,steps_per_boundary=1,seed=73,trusted=True,stop_after_boundaries=1)
        boundary=output/'boundaries/000000'; metadata=read_json(output/'metadata.json')
        sample_path=boundary/'samples/worker-000.json'; sample=read_json(sample_path)
        reports_path=boundary/'final-state-reports.json'; reports=read_json(reports_path)
        record=read_json(boundary/'record.json')
        final_state=metadata['state_ids'][record['walker_to_state_final'][0]]
        sample_checkpoint=boundary/'samples/worker-000.chk'
        sample_state=boundary/'samples/worker-000-state.xml'
        final_checkpoint=boundary/'workers/worker-000.chk'
        final_portable=boundary/'workers/worker-000-state.xml'
        for checkpoint,portable,state_id in ((sample_checkpoint,sample_state,sample['state_id']),
                                             (final_checkpoint,final_portable,final_state)):
            with load_worker_run(output/'worker',metadata['worker_manifest_sha256'],trusted=True,
                                 integrator_seed=metadata['integrator_seed_base']) as worker:
                worker.restore_checkpoint(checkpoint.read_bytes(),state_id)
                step=worker.evaluator.context.getStepCount()
                worker.evaluator.context.setTime(backwards*unit.picosecond)
                assert worker.evaluator.context.getStepCount()==step
                checkpoint.write_bytes(worker.evaluator.context.createCheckpoint())
                state=worker.evaluator.context.getState(getPositions=True,getVelocities=True,getParameters=True)
                portable.write_text(mm.XmlSerializer.serialize(state))
        sample['time_ps']=backwards; reports['workers'][0]['time_ps']=backwards
        write_json(sample_path,sample); write_json(reports_path,reports)
        seal_tree(boundary,index=0)
        before=_clock_tree(output)
        loads=[]; evaluations=[]; steps=[]
        original_load=atom.load_worker_run; original_evaluate=atom.WorkerRun.evaluate
        original_step=mm.LangevinMiddleIntegrator.step
        def watch_load(*args,**kwargs):
            loads.append(kwargs.get('integrator_seed')); return original_load(*args,**kwargs)
        def watch_evaluate(self,*args,**kwargs):
            evaluations.append(self.integrator_seed); return original_evaluate(self,*args,**kwargs)
        def watch_step(self,count):
            steps.append(count); return original_step(self,count)
        monkeypatch.setattr(atom,'load_worker_run',watch_load)
        monkeypatch.setattr(atom.WorkerRun,'evaluate',watch_evaluate)
        monkeypatch.setattr(mm.LangevinMiddleIntegrator,'step',watch_step)
        error=None
        try:
            resume(output,trusted=True)
        except ValueError as caught:
            error=str(caught)
        after=_clock_tree(output)
        print(json.dumps({'case':clock_case,'error':error,'loader_seeds':loads,
                          'evaluations':len(evaluations),'step_calls':steps,
                          'pending_exists':(output/'pending').exists(),
                          'tree_unchanged':before==after},sort_keys=True),flush=True)
>       assert error is not None and 'clock' in error.lower()
E       assert (None is not None)

tests/workflow/test_persistent_exchange.py:987: AssertionError
=========================== short test summary info ============================
FAILED tests/workflow/test_persistent_exchange.py::test_multistate_public_backward_clocks_reject_inertly[overflow-origin]
FAILED tests/workflow/test_persistent_exchange.py::test_multistate_public_backward_clocks_reject_inertly[finite-one-ulp-backward]
2 failed, 60 deselected in 5.42s
