..FFFFF                                                                  [100%]
=================================== FAILURES ===================================
________ test_two_cut_native_build_admits_every_declared_cap_by_parent _________

    def test_two_cut_native_build_admits_every_declared_cap_by_parent():
        from atm_mlmm.embeddings.mechanical import seal_boundary_result
        from atm_mlmm.hybrid import build_physical
        from atm_mlmm.models.mace import model_spec
        from atm_mlmm.partition import resolve_partition
        from atm_mlmm.schema import EmbeddingSpec
    
        original, spec, _ = input_case()
        resolved = resolve_partition(original.topology, spec)
>       bundle = build_physical(
            original, resolved, model_spec(),
            EmbeddingSpec("mechanical", "1", "protein_c_c", "nonperiodic"),
            cap_distance_nm=DATA["cap_distance_nm"],
        )

tests/contracts/test_general_input_admission.py:44: 
_ _ _ _ _ _ _ _ _ _ _ _ _ _ _ _ _ _ _ _ _ _ _ _ _ _ _ _ _ _ _ _ _ _ _ _ _ _ _ _ 
src/atm_mlmm/hybrid.py:110: in build_physical
    topology = openmm_topology(original.topology)
               ^^^^^^^^^^^^^^^^^^^^^^^^^^^^^^^^^^
src/atm_mlmm/embeddings/mechanical.py:20: in openmm_topology
    atoms[a.atom_id] = topology.addAtom(a.atom_name, app.Element.getBySymbol(a.element), residues[molecule.molecule_id])
                       ^^^^^^^^^^^^^^^^^^^^^^^^^^^^^^^^^^^^^^^^^^^^^^^^^^^^^^^^^^^^^^^^^^^^^^^^^^^^^^^^^^^^^^^^^^^^^^^^^
_ _ _ _ _ _ _ _ _ _ _ _ _ _ _ _ _ _ _ _ _ _ _ _ _ _ _ _ _ _ _ _ _ _ _ _ _ _ _ _ 

self = <Topology; 2 chains, 2 residues, 2 atoms, 0 bonds>, name = 'CB'
element = <Element carbon>, residue = <Residue 0 (protein) of chain 0>
id = None, formalCharge = None

    def addAtom(self, name, element, residue, id=None, formalCharge=None):
        """Create a new Atom and add it to the Topology.
    
        Parameters
        ----------
        name : string
            The name of the atom to add
        element : Element
            The element of the atom to add
        residue : Residue
            The Residue to add it to
        id : string=None
            An optional identifier for the atom.  If this is omitted, an id is
            generated based on the atom index.
        formalCharge : int=None
            An optional formal charge for the atom.
        Returns
        -------
        Atom
             the newly created Atom
        """
        if len(residue._atoms) > 0 and self._numAtoms != residue._atoms[-1].index+1:
>           raise ValueError('All atoms within a residue must be contiguous')
E           ValueError: All atoms within a residue must be contiguous

../before-hpc-cpu-v2/env/lib/python3.11/site-packages/openmm/app/topology.py:193: ValueError
______________ test_zero_cut_mixed_ligands_retain_mm_environment _______________

    def test_zero_cut_mixed_ligands_retain_mm_environment():
        from atm_mlmm.hybrid import build_physical
        from atm_mlmm.models.mace import model_spec
        from atm_mlmm.partition import resolve_partition
        from atm_mlmm.schema import EmbeddingSpec
    
        original, spec, _ = input_case(mixed_zero_cut=True)
        resolved = resolve_partition(original.topology, spec)
>       bundle = build_physical(
            original, resolved, model_spec(),
            EmbeddingSpec("mechanical", "1", "protein_c_c", "nonperiodic"),
            cap_distance_nm=DATA["cap_distance_nm"],
        )

tests/contracts/test_general_input_admission.py:66: 
_ _ _ _ _ _ _ _ _ _ _ _ _ _ _ _ _ _ _ _ _ _ _ _ _ _ _ _ _ _ _ _ _ _ _ _ _ _ _ _ 
src/atm_mlmm/hybrid.py:110: in build_physical
    topology = openmm_topology(original.topology)
               ^^^^^^^^^^^^^^^^^^^^^^^^^^^^^^^^^^
src/atm_mlmm/embeddings/mechanical.py:20: in openmm_topology
    atoms[a.atom_id] = topology.addAtom(a.atom_name, app.Element.getBySymbol(a.element), residues[molecule.molecule_id])
                       ^^^^^^^^^^^^^^^^^^^^^^^^^^^^^^^^^^^^^^^^^^^^^^^^^^^^^^^^^^^^^^^^^^^^^^^^^^^^^^^^^^^^^^^^^^^^^^^^^
_ _ _ _ _ _ _ _ _ _ _ _ _ _ _ _ _ _ _ _ _ _ _ _ _ _ _ _ _ _ _ _ _ _ _ _ _ _ _ _ 

self = <Topology; 2 chains, 2 residues, 2 atoms, 0 bonds>, name = 'CB'
element = <Element carbon>, residue = <Residue 0 (protein) of chain 0>
id = None, formalCharge = None

    def addAtom(self, name, element, residue, id=None, formalCharge=None):
        """Create a new Atom and add it to the Topology.
    
        Parameters
        ----------
        name : string
            The name of the atom to add
        element : Element
            The element of the atom to add
        residue : Residue
            The Residue to add it to
        id : string=None
            An optional identifier for the atom.  If this is omitted, an id is
            generated based on the atom index.
        formalCharge : int=None
            An optional formal charge for the atom.
        Returns
        -------
        Atom
             the newly created Atom
        """
        if len(residue._atoms) > 0 and self._numAtoms != residue._atoms[-1].index+1:
>           raise ValueError('All atoms within a residue must be contiguous')
E           ValueError: All atoms within a residue must be contiguous

../before-hpc-cpu-v2/env/lib/python3.11/site-packages/openmm/app/topology.py:193: ValueError
___ test_v2_input_rejects_declared_original_parameter_inventory_disagreement ___

    def test_v2_input_rejects_declared_original_parameter_inventory_disagreement():
        from atm_mlmm.embeddings.mechanical import original_system
        from atm_mlmm.schema import IdentityError
    
        original, _, _ = input_case()
        inventory_identity = DATA["mm_parameter_identity"]
        original = replace(original, prepared_mm_inventory_identity=inventory_identity)
        system = frozen_mm_identity()
        force = next(f for f in system.getForces() if f.__class__.__name__ == "NonbondedForce")
        q, sigma, epsilon = force.getParticleParameters(0)
>       force.setParticleParameters(0, q + 0.01, sigma, epsilon)
                                       ^^^^^^^^

tests/contracts/test_general_input_admission.py:88: 
_ _ _ _ _ _ _ _ _ _ _ _ _ _ _ _ _ _ _ _ _ _ _ _ _ _ _ _ _ _ _ _ _ _ _ _ _ _ _ _ 

self = -0.2 e, other = 0.01

    def __add__(self, other):
        """Add two Quantities.
    
        Only Quantities with the same dimensions (e.g. length)
        can be added.  Raises TypeError otherwise.
    
        Parameters
         - self: left hand member of sum
         - other: right hand member of sum
    
        Returns a new Quantity that is the sum of the two arguments.
        """
        # can only add using like units
>       if not self.unit.is_compatible(other.unit):
                                       ^^^^^^^^^^
E       AttributeError: 'float' object has no attribute 'unit'

../before-hpc-cpu-v2/env/lib/python3.11/site-packages/openmm/unit/quantity.py:233: AttributeError
___ test_two_cap_collection_probe_matches_independent_per_edge_force_oracle ____

    def test_two_cap_collection_probe_matches_independent_per_edge_force_oracle():
>       bundle, snapshot, probe = build_collection()
                                  ^^^^^^^^^^^^^^^^^^

tests/integration/test_cap_collections.py:99: 
_ _ _ _ _ _ _ _ _ _ _ _ _ _ _ _ _ _ _ _ _ _ _ _ _ _ _ _ _ _ _ _ _ _ _ _ _ _ _ _ 
tests/integration/test_cap_collections.py:41: in build_collection
    bundle = build_physical(
src/atm_mlmm/hybrid.py:110: in build_physical
    topology = openmm_topology(original.topology)
               ^^^^^^^^^^^^^^^^^^^^^^^^^^^^^^^^^^
src/atm_mlmm/embeddings/mechanical.py:20: in openmm_topology
    atoms[a.atom_id] = topology.addAtom(a.atom_name, app.Element.getBySymbol(a.element), residues[molecule.molecule_id])
                       ^^^^^^^^^^^^^^^^^^^^^^^^^^^^^^^^^^^^^^^^^^^^^^^^^^^^^^^^^^^^^^^^^^^^^^^^^^^^^^^^^^^^^^^^^^^^^^^^^
_ _ _ _ _ _ _ _ _ _ _ _ _ _ _ _ _ _ _ _ _ _ _ _ _ _ _ _ _ _ _ _ _ _ _ _ _ _ _ _ 

self = <Topology; 2 chains, 2 residues, 2 atoms, 0 bonds>, name = 'CB'
element = <Element carbon>, residue = <Residue 0 (protein) of chain 0>
id = None, formalCharge = None

    def addAtom(self, name, element, residue, id=None, formalCharge=None):
        """Create a new Atom and add it to the Topology.
    
        Parameters
        ----------
        name : string
            The name of the atom to add
        element : Element
            The element of the atom to add
        residue : Residue
            The Residue to add it to
        id : string=None
            An optional identifier for the atom.  If this is omitted, an id is
            generated based on the atom index.
        formalCharge : int=None
            An optional formal charge for the atom.
        Returns
        -------
        Atom
             the newly created Atom
        """
        if len(residue._atoms) > 0 and self._numAtoms != residue._atoms[-1].index+1:
>           raise ValueError('All atoms within a residue must be contiguous')
E           ValueError: All atoms within a residue must be contiguous

../before-hpc-cpu-v2/env/lib/python3.11/site-packages/openmm/app/topology.py:193: ValueError
___ test_zero_cut_mixed_collection_keeps_model_to_mm_environment_derivative ____

    def test_zero_cut_mixed_collection_keeps_model_to_mm_environment_derivative():
        from atm_mlmm.models.analytic_caps import CapCollectionProbe, EnvironmentTerm, LigandTerm
    
        probe = CapCollectionProbe(
            cap_parameters=(),
            environment_terms=(EnvironmentTerm("lA_c", "p1_env", 4.0),),
            ligand_terms=(LigandTerm("lB_c", 1.25, (.6, .75, .0)),),
        )
>       bundle, snapshot, probe = build_collection(probe, mixed_zero_cut=True)
                                  ^^^^^^^^^^^^^^^^^^^^^^^^^^^^^^^^^^^^^^^^^^^^

tests/integration/test_cap_collections.py:123: 
_ _ _ _ _ _ _ _ _ _ _ _ _ _ _ _ _ _ _ _ _ _ _ _ _ _ _ _ _ _ _ _ _ _ _ _ _ _ _ _ 
tests/integration/test_cap_collections.py:41: in build_collection
    bundle = build_physical(
src/atm_mlmm/hybrid.py:110: in build_physical
    topology = openmm_topology(original.topology)
               ^^^^^^^^^^^^^^^^^^^^^^^^^^^^^^^^^^
src/atm_mlmm/embeddings/mechanical.py:20: in openmm_topology
    atoms[a.atom_id] = topology.addAtom(a.atom_name, app.Element.getBySymbol(a.element), residues[molecule.molecule_id])
                       ^^^^^^^^^^^^^^^^^^^^^^^^^^^^^^^^^^^^^^^^^^^^^^^^^^^^^^^^^^^^^^^^^^^^^^^^^^^^^^^^^^^^^^^^^^^^^^^^^
_ _ _ _ _ _ _ _ _ _ _ _ _ _ _ _ _ _ _ _ _ _ _ _ _ _ _ _ _ _ _ _ _ _ _ _ _ _ _ _ 

self = <Topology; 2 chains, 2 residues, 2 atoms, 0 bonds>, name = 'CB'
element = <Element carbon>, residue = <Residue 0 (protein) of chain 0>
id = None, formalCharge = None

    def addAtom(self, name, element, residue, id=None, formalCharge=None):
        """Create a new Atom and add it to the Topology.
    
        Parameters
        ----------
        name : string
            The name of the atom to add
        element : Element
            The element of the atom to add
        residue : Residue
            The Residue to add it to
        id : string=None
            An optional identifier for the atom.  If this is omitted, an id is
            generated based on the atom index.
        formalCharge : int=None
            An optional formal charge for the atom.
        Returns
        -------
        Atom
             the newly created Atom
        """
        if len(residue._atoms) > 0 and self._numAtoms != residue._atoms[-1].index+1:
>           raise ValueError('All atoms within a residue must be contiguous')
E           ValueError: All atoms within a residue must be contiguous

../before-hpc-cpu-v2/env/lib/python3.11/site-packages/openmm/app/topology.py:193: ValueError
=========================== short test summary info ============================
FAILED tests/contracts/test_general_input_admission.py::test_two_cut_native_build_admits_every_declared_cap_by_parent
FAILED tests/contracts/test_general_input_admission.py::test_zero_cut_mixed_ligands_retain_mm_environment
FAILED tests/contracts/test_general_input_admission.py::test_v2_input_rejects_declared_original_parameter_inventory_disagreement
FAILED tests/integration/test_cap_collections.py::test_two_cap_collection_probe_matches_independent_per_edge_force_oracle
FAILED tests/integration/test_cap_collections.py::test_zero_cut_mixed_collection_keeps_model_to_mm_environment_derivative
5 failed, 2 passed in 0.26s
