...F                                                                     [100%]
=================================== FAILURES ===================================
_____________ test_two_cap_ledger_and_nonidentity_particle_mapping _____________

    def test_two_cap_ledger_and_nonidentity_particle_mapping():
        from atm_mlmm.atm import physical_system
        from atm_mlmm.embeddings.mechanical import openmm_topology, seal_boundary_result
        from atm_mlmm.partition import resolve_partition
        from atm_mlmm.schema import IdentityError
        from tests.link_permutation import permute_info
    
        bundle, snapshot, _ = build_collection()
        expected_cuts = {frozenset(edge) for edge in DATA["permitted_cuts"]}
        removed_bonds = {frozenset(row["atom_ids"]) for row in bundle.manifest["boundary_terms"]
                         if row["kind"] == "bond" and row["disposition"] == "removed"}
>       assert removed_bonds == expected_cuts
E       AssertionError: assert {frozenset({'...lB_h1'}), ...} == {frozenset({'...l', 'p2_mm'})}
E         
E         Extra items in the left set:
E         frozenset({'lA_c', 'lA_h1'})
E         frozenset({'lB_c', 'lB_h3'})
E         frozenset({'lA_c', 'lA_h2'})
E         frozenset({'p2_h', 'p2_ml'})
E         frozenset({'lB_c', 'lB_h2'})...
E         
E         ...Full output truncated (6 lines hidden), use '-vv' to show

tests/integration/test_cap_collections.py:306: AssertionError
=========================== short test summary info ============================
FAILED tests/integration/test_cap_collections.py::test_two_cap_ledger_and_nonidentity_particle_mapping
1 failed, 3 passed, 3 deselected in 0.22s
