...F                                                                     [100%]
=================================== FAILURES ===================================
_____________ test_two_cap_ledger_and_nonidentity_particle_mapping _____________

    def test_two_cap_ledger_and_nonidentity_particle_mapping():
        from atm_mlmm.atm import physical_system
        from atm_mlmm.embeddings.mechanical import openmm_topology, seal_boundary_result
        from atm_mlmm.partition import resolve_partition
        from atm_mlmm.schema import IdentityError
        from tests.link_permutation import permute_info
    
        bundle, snapshot, _ = build_collection()
        expected_cuts = {frozenset(edge) for edge in DATA["permitted_cuts"]}
        ml_ids = set(DATA["ml_ids"])
        expected_removed = {frozenset((row["atom1"], row["atom2"])) for row in DATA["bonds"]
                            if row["atom1"] in ml_ids and row["atom2"] in ml_ids}
        expected_retained = {frozenset((row["atom1"], row["atom2"])) for row in DATA["bonds"]
                             if row["atom1"] not in ml_ids or row["atom2"] not in ml_ids}
        removed_bonds = {frozenset(row["atom_ids"]) for row in bundle.manifest["boundary_terms"]
                         if row["kind"] == "bond" and row["disposition"] == "removed"}
        retained_bonds = {frozenset(row["atom_ids"]) for row in bundle.manifest["boundary_terms"]
                          if row["kind"] == "bond" and row["disposition"] == "retained"}
        assert removed_bonds == expected_removed
        assert retained_bonds == expected_retained
        assert expected_cuts <= retained_bonds
        inert_caps = [row for row in bundle.manifest["boundary_terms"]
                      if row["kind"] == "nonbonded_particle" and row["disposition"] == "added_inert_cap"]
        assert len(inert_caps) == 2
        assert {entry["projection_owner"] for entry in bundle.manifest["cap_force_ownership"]} == {
            "native LocalCoordinatesSite exactly once"
        }
        system = physical_system(bundle)
        nonbonded = next(force for force in system.getForces() if isinstance(force, mm.NonbondedForce))
        for link in bundle.links:
            assert bundle.masses_da[link.final_particle_index] == 0.
            q, sigma, epsilon = nonbonded.getParticleParameters(link.final_particle_index)
            assert q.value_in_unit(unit.elementary_charge) == 0.
            assert epsilon.value_in_unit(unit.kilojoule_per_mole) == 0.
    
        original, spec, _ = input_case()
        info = dict(system=system, topology=openmm_topology(bundle.topology),
                    oldToNew=list(bundle.old_to_new))
        topology = info["topology"]
        for _ in bundle.links:
            cap_residue = topology.addResidue("CAP", topology.addChain("CAP"))
            topology.addAtom("Hcap", mm.app.element.hydrogen, cap_residue)
        permutation = (8, 1, 13, 0, 11, 4, 16, 2, 15, 5, 10, 3, 14, 6, 12, 9, 7)
        remapped_info = permute_info(info, permutation)
        remapped = seal_boundary_result(
            original, resolve_partition(original.topology, spec), remapped_info,
            manifest=dict(bundle.manifest),
        )
        assert remapped.old_to_new == tuple(permutation[i] for i in range(len(IDS)))
        assert set(remapped.model_input_ids) == set(bundle.model_input_ids)
        assert {link.cap_id: link.final_particle_index for link in remapped.links} == {
            link.cap_id: permutation[link.final_particle_index] for link in bundle.links
        }
        energy_a, forces_a, _ = model_result(bundle, snapshot)
        energy_b, forces_b, _ = model_result(remapped, snapshot)
        assert abs(energy_a-energy_b) <= 1e-8
        np.testing.assert_allclose(forces_a, forces_b, rtol=0, atol=1e-8)
    
        link0, link1 = bundle.links
>       with pytest.raises(IdentityError, match="duplicate cap identity"):
E       AssertionError: Regex pattern did not match.
E         Expected regex: 'duplicate cap identity'
E         Actual message: 'model map must cover fixed real ML membership'

tests/integration/test_cap_collections.py:354: AssertionError
=========================== short test summary info ============================
FAILED tests/integration/test_cap_collections.py::test_two_cap_ledger_and_nonidentity_particle_mapping
1 failed, 3 passed, 3 deselected in 0.24s
