UTC 2026-10-07 11:37:07
F                                                                        [100%]
=================================== FAILURES ===================================
_____ test_two_cap_bounded_restart_through_common_runner_in_fresh_process ______

tmp_path = PosixPath('/tmp/pytest-of-agent/pytest-8/test_two_cap_bounded_restart_t0')

    def test_two_cap_bounded_restart_through_common_runner_in_fresh_process(tmp_path):
        import hashlib
        from atm_mlmm.schema import to_json
        from atm_mlmm.workflow import run_configuration
    
        original, partition, snapshot = input_case()
        inputs = tmp_path / "inputs"
        inputs.mkdir()
        files = {}
        for name, record in (("system-input.json", original), ("partition.json", partition),
                             ("snapshot.json", snapshot)):
            payload = to_json(record).encode()
            (inputs / name).write_bytes(payload)
            files[name] = hashlib.sha256(payload).hexdigest()
        manifest_path = inputs / "manifest.json"
        manifest_payload = json.dumps({"files": files}, sort_keys=True).encode()
        manifest_path.write_bytes(manifest_payload)
        config = inputs / "config.json"
        config.write_text(json.dumps({
            "version": 1,
            "input_manifest": "manifest.json",
            "input_manifest_sha256": hashlib.sha256(manifest_payload).hexdigest(),
            "settings": {
                "temperature_K": 300., "timestep_ps": .0005, "platform": "Reference",
                "seed": 41, "temperatures_K": [10., 100., 300.],
                "steps_per_phase": 1, "minimization_iterations": 3,
                "frames_per_state": 1, "steps_per_frame": 1,
                "displacement_nm": [0., 0., 1.2],
                "outside_spring_kj_mol_nm2": 1., "protocol_kind": "rbfe",
            },
        }))
        output = tmp_path / "bounded-run"
>       prefix = run_configuration(config, output, trusted=True, stop_after_samples=1)
                 ^^^^^^^^^^^^^^^^^^^^^^^^^^^^^^^^^^^^^^^^^^^^^^^^^^^^^^^^^^^^^^^^^^^^^

tests/integration/test_cap_collections.py:388: 
_ _ _ _ _ _ _ _ _ _ _ _ _ _ _ _ _ _ _ _ _ _ _ _ _ _ _ _ _ _ _ _ _ _ _ _ _ _ _ _ 
src/atm_mlmm/workflow.py:530: in run_configuration
    domain = _domain(configuration.original.topology,configuration.snapshot,settings['displacement_nm'],settings['protocol_kind'],
_ _ _ _ _ _ _ _ _ _ _ _ _ _ _ _ _ _ _ _ _ _ _ _ _ _ _ _ _ _ _ _ _ _ _ _ _ _ _ _ 

topology = TopologyView(atoms=(AtomIdentity(atom_id='p1_ml', element='C', chain='P', residue='1', insertion_code='', atom_name='C...molecule_id='ligand-B', atom_ids=('lB_c', 'lB_h1', 'lB_h2', 'lB_h3'), role='ligand', formal_charge=0, multiplicity=1)))
snapshot = Snapshot(real_atom_ids=('p1_ml', 'lA_c', 'p1_mm', 'lB_c', 'p1_h', 'lA_h1', 'p2_mm', 'lB_h1', 'p2_ml', 'lA_h2', 'p2_h',...e, velocities_nm_ps=None, units=Units(positions='nm', energy='kJ/mol', forces='kJ/mol/nm', time='ps', temperature='K'))
displacement = [0.0, 0.0, 1.2], kind = 'rbfe'
boundary_edges = (('p1_ml', 'p1_mm'), ('p2_ml', 'p2_mm'))

    def _domain(topology, snapshot, displacement, kind, boundary_edges=()):
        """Fixed geometry admission on both full maps; no energy-based pose choice."""
        import numpy as np
        atoms = topology.atoms
        index = {a.atom_id:i for i,a in enumerate(atoms)}
        radii = {'H':.12,'C':.17,'N':.155,'O':.152}
        if any(a.element not in radii for a in atoms):
            raise UnsupportedCapability('geometry guard admits H/C/N/O only')
        x = np.asarray(snapshot.positions_nm,dtype=float)
        from .geometry import minimum_image, unwrap_molecules
        if snapshot.box_nm is not None:
            x = unwrap_molecules(topology,x,snapshot.box_nm)
        def distances(a, b):
            delta = a[:,None,:]-b[None,:,:]
            if snapshot.box_nm is not None:
                delta = minimum_image(delta,snapshot.box_nm)
            return np.linalg.norm(delta,axis=2)
        caps = []
        for a,b in boundary_edges:
            delta = x[index[b]]-x[index[a]]
            length = np.linalg.norm(delta)
            if length == 0 or not math.isfinite(length):
                raise NumericalDomainError('coincident/nonfinite cap parents')
            caps.append(x[index[a]]+.109*delta/length)
        mapped = x.copy()
        ligands = [m for m in topology.molecules if m.role == 'ligand']
        for sign,molecule in zip((1.,-1.),ligands):
            mapped[[index[a] for a in molecule.atom_ids]] += sign*np.asarray(displacement)
        diagnostics = []
        for label,positions in (('map0',x),('map1',mapped)):
            minimum,pair = math.inf,None
            for i,molecule in enumerate(topology.molecules):
                for other in topology.molecules[i+1:]:
                    a,b = [index[v] for v in molecule.atom_ids],[index[v] for v in other.atom_ids]
                    distance = distances(positions[a],positions[b])
                    scale = np.asarray([radii[atoms[j].element] for j in a])[:,None]+np.asarray([radii[atoms[j].element] for j in b])[None,:]
                    ratio = distance/scale
                    p,q = np.unravel_index(np.argmin(ratio),ratio.shape)
                    if ratio[p,q] < minimum:
                        minimum,pair = float(ratio[p,q]),[atoms[a[p]].atom_id,atoms[b[q]].atom_id]
            if minimum < .65:
                raise NumericalDomainError(f'{label} intermolecular Bondi ratio {minimum:.9g} < 0.65 at {pair}')
            diagnostics.append(dict(map=label,minimum_intermolecular_Bondi_ratio=minimum,closest_pair=pair))
            if caps:
                mobile = [index[a] for molecule in ligands for a in molecule.atom_ids]
                cap_distances = distances(positions[mobile],np.asarray(caps))
                scale = np.asarray([radii[atoms[i].element]+radii['H'] for i in mobile])[:,None]
                if float(np.min(cap_distances/scale)) < .65:
                    raise NumericalDomainError(f'{label} ligand-cap Bondi ratio below 0.65')
                diagnostics[-1]['minimum_ligand_cap_distance_nm'] = float(np.min(cap_distances))
        # The alternate placement must initially/remain beyond the model's local
        # support plus a 0.2-nm margin from every static host/protein real atom.
        obstacles = [index[a] for m in topology.molecules if m.role in ('host','protein') for a in m.atom_ids]
        if not obstacles:
            raise UnsupportedCapability('preflight requires a declared static host or protein')
        for j,ligand in enumerate(ligands):
            bulk = mapped if j == 0 else x  # RBFE starts ligand2 in bulk; map1 moves it back.
            static = bulk[obstacles]
            if caps:
                static = np.vstack((static,caps))
            distance = float(np.min(distances(bulk[[index[a] for a in ligand.atom_ids]],static)))
            if distance < .65:
>               raise NumericalDomainError(f'bulk ligand {ligand.molecule_id} clearance {distance:.9g} nm < 0.65 nm')
E               atm_mlmm.schema.NumericalDomainError: bulk ligand ligand-B clearance 0.490204039 nm < 0.65 nm

src/atm_mlmm/workflow.py:213: NumericalDomainError
=========================== short test summary info ============================
FAILED tests/integration/test_cap_collections.py::test_two_cap_bounded_restart_through_common_runner_in_fresh_process
1 failed in 0.16s
