UTC 2026-10-07 11:38:13
F                                                                        [100%]
=================================== FAILURES ===================================
_____ test_two_cap_bounded_restart_through_common_runner_in_fresh_process ______

tmp_path = PosixPath('/tmp/pytest-of-agent/pytest-10/test_two_cap_bounded_restart_t0')

    def test_two_cap_bounded_restart_through_common_runner_in_fresh_process(tmp_path):
        import hashlib
        from atm_mlmm.schema import to_json
        from atm_mlmm.workflow import run_configuration
    
        original, partition, snapshot = input_case()
        # This restart input keeps the fixture's bonded geometry and identities,
        # while placing the second complete ligand in a separated host-free region
        # required by the common runner's bounded bulk-geometry admission.
        separated = np.asarray(snapshot.positions_nm, dtype=float).copy()
        for atom_id in ("lB_c", "lB_h1", "lB_h2", "lB_h3"):
            separated[IDS.index(atom_id), 1] += 1.0
        snapshot = replace(snapshot, positions_nm=tuple(tuple(row) for row in separated))
        inputs = tmp_path / "inputs"
        inputs.mkdir()
        files = {}
        for name, record in (("system-input.json", original), ("partition.json", partition),
                             ("snapshot.json", snapshot)):
            payload = to_json(record).encode()
            (inputs / name).write_bytes(payload)
            files[name] = hashlib.sha256(payload).hexdigest()
        manifest_path = inputs / "manifest.json"
        manifest_payload = json.dumps({"files": files}, sort_keys=True).encode()
        manifest_path.write_bytes(manifest_payload)
        config = inputs / "config.json"
        config.write_text(json.dumps({
            "version": 1,
            "input_manifest": "manifest.json",
            "input_manifest_sha256": hashlib.sha256(manifest_payload).hexdigest(),
            "settings": {
                "temperature_K": 300., "timestep_ps": .0005, "platform": "Reference",
                "seed": 41, "temperatures_K": [10., 100., 300.],
                "steps_per_phase": 1, "minimization_iterations": 3,
                "frames_per_state": 1, "steps_per_frame": 1,
                "displacement_nm": [0., 0., 1.2],
                "outside_spring_kj_mol_nm2": 1., "protocol_kind": "rbfe",
            },
        }))
        output = tmp_path / "bounded-run"
>       prefix = run_configuration(config, output, trusted=True, stop_after_samples=1)
                 ^^^^^^^^^^^^^^^^^^^^^^^^^^^^^^^^^^^^^^^^^^^^^^^^^^^^^^^^^^^^^^^^^^^^^

tests/integration/test_cap_collections.py:395: 
_ _ _ _ _ _ _ _ _ _ _ _ _ _ _ _ _ _ _ _ _ _ _ _ _ _ _ _ _ _ _ _ _ _ _ _ _ _ _ _ 
src/atm_mlmm/workflow.py:578: in run_configuration
    with load_worker_run(manifest.parent,digest,trusted=True) as worker:
         ^^^^^^^^^^^^^^^^^^^^^^^^^^^^^^^^^^^^^^^^^^^^^^^^^^^^
src/atm_mlmm/adapters/atom.py:357: in load_worker_run
    return WorkerRun(directory, manifest, bundle, runtime, seed)
           ^^^^^^^^^^^^^^^^^^^^^^^^^^^^^^^^^^^^^^^^^^^^^^^^^^^^^
src/atm_mlmm/adapters/atom.py:388: in __init__
    self.worker = OMMWorkerATMSync(basename,upstream,keywords,compute=True,logger=logging.getLogger('atm_mlmm.worker'))
                  ^^^^^^^^^^^^^^^^^^^^^^^^^^^^^^^^^^^^^^^^^^^^^^^^^^^^^^^^^^^^^^^^^^^^^^^^^^^^^^^^^^^^^^^^^^^^^^^^^^^^^
../before-hpc-cpu-v2/env/lib/python3.11/site-packages/atom_openmm/ommworker.py:53: in __init__
    self.start_worker()
../before-hpc-cpu-v2/env/lib/python3.11/site-packages/atom_openmm/ommworker.py:448: in start_worker
    self._openmm_worker_makecontext()
../before-hpc-cpu-v2/env/lib/python3.11/site-packages/atom_openmm/ommworker.py:253: in _openmm_worker_makecontext
    self.context.setPositions(self.positions)
_ _ _ _ _ _ _ _ _ _ _ _ _ _ _ _ _ _ _ _ _ _ _ _ _ _ _ _ _ _ _ _ _ _ _ _ _ _ _ _ 

self = <openmm.openmm.Context; proxy of <Swig Object of type 'OpenMM::Context *' at 0x7f076399f0b0> >
positions = [Vec3(x=-0.0041, y=-0.0002, z=-0.0041), Vec3(x=0.1544, y=0.8084, z=0.0097), Vec3(x=0.1718, y=0.00030000000000000003, z...1240000000000001, y=-0.0011, z=0.023400000000000004), Vec3(x=0.25670000000000004, y=0.8311999999999999, z=0.0745), ...]

    def setPositions(self, positions):
        r"""
        setPositions(self, positions)
        Set the positions of all particles in the System (measured in nm). This method simply sets the positions without checking to see whether they satisfy distance constraints. If you want constraints to be enforced, call applyConstraints() after setting the positions.
    
        Parameters
        ----------
        positions : Sequence[Vec3]
            a vector whose length equals the number of particles in the System. The i'th element contains the position of the i'th particle.
        """
    
        if unit.is_quantity(positions):
            positions = positions.value_in_unit(unit.nanometer)
    
    
>       return _openmm.Context_setPositions(self, positions)
               ^^^^^^^^^^^^^^^^^^^^^^^^^^^^^^^^^^^^^^^^^^^^^
E       openmm.OpenMMException: Called setPositions() on a Context with the wrong number of positions

../before-hpc-cpu-v2/env/lib/python3.11/site-packages/openmm/openmm.py:5821: OpenMMException
----------------------------- Captured stdout call -----------------------------
cuequivariance or cuequivariance_torch is not available. Cuequivariance acceleration will be disabled.
=============================== warnings summary ===============================
tests/integration/test_cap_collections.py::test_two_cap_bounded_restart_through_common_runner_in_fresh_process
  /workspace/before-hpc-cpu-v2/env/lib/python3.11/site-packages/openmm/app/internal/pdbstructure.py:538: UserWarning: WARNING: duplicate atom (HETATM   30 Hcap CAP N   1       5.305  -0.021   0.125  1.00  0.00           H  , HETATM   29 Hcap CAP N   1       1.049   0.001  -0.018  1.00  0.00           H  )
    warnings.warn("WARNING: duplicate atom (%s, %s)" % (atom, old_atom._pdb_string(old_atom.serial_number, atom.alternate_location_indicator)))

-- Docs: https://docs.pytest.org/en/stable/how-to/capture-warnings.html
=========================== short test summary info ============================
FAILED tests/integration/test_cap_collections.py::test_two_cap_bounded_restart_through_common_runner_in_fresh_process
1 failed, 1 warning in 6.09s
