links [('p1_ml', 'p1_mm', 0.117), ('p2_ml', 'p2_mm', 0.117)]
model_inputs ('lA_c', 'lA_h1', 'lA_h2', 'lB_c', 'lB_h1', 'lB_h2', 'lB_h3', 'p1_h', 'p1_ml', 'p2_h', 'p2_ml', 'cap:e24f166f5a48e3d0be8d7a32faea75018795d240b74255f617ef7088202bbcc6', 'cap:e605757baf99ad120765e597d53899cfda30e673096a194031a2023c42f40a72')
cuequivariance or cuequivariance_torch is not available. Cuequivariance acceleration will be disabled.
energy_kj_mol -411985.8983744822
p1_ml 0 0.0001 fd -6151.916392846033 force -6151.866970425277 abs_error 0.049422420755945495
p1_ml 0 1e-05 fd -6151.867465814575 force -6151.866970425277 abs_error 0.0004953892976118368
p1_ml 1 0.0001 fd 0.8762770448811352 force 0.8762802488896726 abs_error 3.204008537371905e-06
p1_ml 1 1e-05 fd 0.8762814104557036 force 0.8762802488896726 abs_error 1.161566031027128e-06
p1_ml 2 0.0001 fd -1757.1214053896256 force -1757.131240794014 abs_error 0.009835404388468305
p1_ml 2 1e-05 fd -1757.131144404411 force -1757.131240794014 abs_error 9.638960295887955e-05
p1_mm 0 0.0001 fd 14373.625324224122 force 14373.428145704474 abs_error 0.19717851964742295
p1_mm 0 1e-05 fd 14373.430117848327 force 14373.428145704474 abs_error 0.0019721438529813895
p1_mm 1 0.0001 fd -5.676549626514316 force -5.676502616644883 abs_error 4.7009869432734774e-05
p1_mm 1 1e-05 fd -5.676504224538802 force -5.676502616644883 abs_error 1.6078939193420183e-06
p1_mm 2 0.0001 fd -26.59096848219633 force -26.591081309055483 abs_error 0.0001128268591514825
p1_mm 2 1e-05 fd -26.5910814050585 force -26.591081309055483 abs_error 9.600301709156156e-08
p2_ml 0 0.0001 fd 39748.66648990428 force 39748.2091970385 abs_error 0.45729286577989114
p2_ml 0 1e-05 fd 39748.213766142726 force 39748.2091970385 abs_error 0.00456910422508372
p2_ml 1 0.0001 fd 811.3830289221369 force 811.3873762754765 abs_error 0.004347353339653637
p2_ml 1 1e-05 fd 811.3873307593166 force 811.3873762754765 abs_error 4.55161599575149e-05
p2_ml 2 0.0001 fd 9296.85641080141 force 9296.885404294335 abs_error 0.028993492924200837
p2_ml 2 1e-05 fd 9296.885109506547 force 9296.885404294335 abs_error 0.0002947877874248661
p2_mm 0 0.0001 fd -37228.09423139552 force -37227.628715068066 abs_error 0.46551632745104143
p2_mm 0 1e-05 fd -37227.63337136712 force -37227.628715068066 abs_error 0.004656299053749535
p2_mm 1 0.0001 fd -31.747289467602968 force -31.74736124357692 abs_error 7.17759739501389e-05
p2_mm 1 1e-05 fd -31.74736048094928 force -31.74736124357692 abs_error 7.626276392613818e-07
p2_mm 2 0.0001 fd -7470.22537747398 force -7470.2434591631945 abs_error 0.018081689214341168
p2_mm 2 1e-05 fd -7470.243278658017 force -7470.2434591631945 abs_error 0.0001805051779228961
p1_env 0 0.0001 fd -7.7658306690864265 force -7.7657792752636245 abs_error 5.1393822801948374e-05
p1_env 0 1e-05 fd -7.765780901536345 force -7.7657792752636245 abs_error 1.6262727200455629e-06
p1_env 1 0.0001 fd 4.3620041105896235 force 4.36195416972139 abs_error 4.9940868233733227e-05
p1_env 1 1e-05 fd 4.361954052001238 force 4.36195416972139 abs_error 1.1772015184874363e-07
p1_env 2 0.0001 fd 0.3915533307008445 force 0.3915552635075364 abs_error 1.9328066918622433e-06
p1_env 2 1e-05 fd 0.39155711419880385 force 0.3915552635075364 abs_error 1.850691267457627e-06
p2_env 0 0.0001 fd 7.912079454399645 force 7.912028607907697 abs_error 5.0846491948419725e-05
p2_env 0 1e-05 fd 7.9120276495814315 force 7.912028607907697 abs_error 9.583262654544455e-07
p2_env 1 0.0001 fd 11.24934118706733 force 11.249254020297856 abs_error 8.716676947351232e-05
p2_env 1 1e-05 fd 11.249256203882394 force 11.249254020297856 abs_error 2.1835845380735464e-06
p2_env 2 0.0001 fd 1.2368083116598427 force 1.2368107685591148 abs_error 2.4568992720297445e-06
p2_env 2 1e-05 fd 1.2368109310045838 force 1.2368107685591148 abs_error 1.6244546907628887e-07
parent_environment_rms_error 0.1140752948428535 rms_reference_force 13654.95813770698
MACE_TWO_CAP_CROSSCHECK_PASS
