2026-10-03:15:42:49,550 INFO     [psi4.driver.task_planner:259] PLANNING Atomic:  keywords={'DFT_RADIAL_POINTS': 99, 'DFT_SPHERICAL_POINTS': 590, 'DF_BASIS_SCF': 'DEF2-UNIVERSAL-JKFIT', 'D_CONVERGENCE': 1e-10, 'E_CONVERGENCE': 1e-10, 'INTS_TOLERANCE': 1e-12, 'MAXITER': 200, 'REFERENCE': 'RHF', 'SCF_TYPE': 'DF', 'WCOMBINE': 0, 'function_kwargs': {}}
2026-10-03:15:42:49,553 INFO     [psi4.driver.driver:638] Compute gradient(): method=wb97m-d3bj, basis=def2-tzvppd, molecule=default, nre=346.33285450954014
2026-10-03:15:58:16,628 INFO     [psi4.driver.driver:641] Return gradient(): -367.9125037647103
2026-10-03:15:58:16,632 INFO     [psi4.driver.driver:642] [[-0.00730145 -0.00718096 -0.01695391]
 [ 0.00063397  0.00252489  0.00281338]
 [ 0.00002168  0.0026134   0.00669814]
 [ 0.00253423 -0.00102979 -0.00232468]
 [ 0.00149312 -0.00253429  0.00577126]
 [ 0.00177167 -0.00220962 -0.00045995]
 [ 0.00220638 -0.00226478  0.00219556]
 [ 0.00111814  0.00246598 -0.00179509]
 [-0.00301413  0.00363476 -0.00069698]
 [-0.00080322  0.00114711  0.00431438]
 [ 0.00049513  0.00346837  0.00172618]
 [-0.00058713  0.00016965 -0.00313724]
 [-0.00068286 -0.00071277  0.0030772 ]
 [ 0.00171338 -0.00017785 -0.00119703]
 [ 0.00493324  0.00526198  0.00312489]
 [-0.01196938 -0.00861403 -0.00944504]
 [ 0.0006791  -0.00694173  0.00621639]
 [ 0.01095586  0.00568104  0.01021906]
 [-0.00155441  0.00105022 -0.00366783]
 [ 0.0029568  -0.00317609 -0.00257405]
 [-0.00387688  0.00099879  0.00301453]
 [-0.00517977 -0.0001699  -0.0068074 ]
 [ 0.00343962  0.00599481 -0.00010849]]
