2026-10-03:17:46:01,28 INFO     [psi4.driver.task_planner:259] PLANNING Atomic:  keywords={'DFT_RADIAL_POINTS': 99, 'DFT_SPHERICAL_POINTS': 590, 'DF_BASIS_SCF': 'DEF2-UNIVERSAL-JKFIT', 'D_CONVERGENCE': 1e-10, 'E_CONVERGENCE': 1e-10, 'INTS_TOLERANCE': 1e-12, 'MAXITER': 200, 'REFERENCE': 'RHF', 'SCF_TYPE': 'DF', 'WCOMBINE': 0, 'function_kwargs': {}}
2026-10-03:17:46:01,30 INFO     [psi4.driver.driver:638] Compute gradient(): method=wb97m-d3bj, basis=def2-tzvppd, molecule=default, nre=221.69015823161675
2026-10-03:17:52:17,942 INFO     [psi4.driver.driver:641] Return gradient(): -364.5006801090488
2026-10-03:17:52:17,949 INFO     [psi4.driver.driver:642] [[ 0.00988299  0.00165201 -0.01398789]
 [-0.01543266 -0.00307222  0.00664127]
 [ 0.00027793  0.00291764 -0.00158378]
 [-0.00158189  0.00153008  0.00614282]
 [ 0.01556392  0.00163354 -0.00216761]
 [-0.00344502 -0.00358109  0.00151644]
 [-0.0032056  -0.0001676   0.00386652]
 [-0.00222564  0.00214583 -0.00222006]
 [ 0.00016208 -0.00305769  0.00179025]
 [-0.00671823 -0.00141139  0.00383709]
 [ 0.01696541  0.0021071  -0.0051897 ]
 [-0.00306868  0.00334808 -0.00798222]
 [-0.01609353 -0.00081625  0.00202617]
 [ 0.00319972 -0.00092822  0.00199028]
 [ 0.00051728 -0.00414173 -0.00290009]
 [ 0.00056774  0.00487615  0.00096348]
 [ 0.00831987 -0.0007669   0.00188858]
 [-0.00369043 -0.00226692  0.00536538]]
