
==================================== ERRORS ====================================
_________ ERROR collecting tests/sampling/test_exchange_uncertainty.py _________
../before-hpc-cpu-v2/env/lib/python3.11/site-packages/_pytest/python.py:508: in importtestmodule
    mod = import_path(
../before-hpc-cpu-v2/env/lib/python3.11/site-packages/_pytest/pathlib.py:596: in import_path
    importlib.import_module(module_name)
../before-hpc-cpu-v2/env/lib/python3.11/importlib/__init__.py:126: in import_module
    return _bootstrap._gcd_import(name[level:], package, level)
           ^^^^^^^^^^^^^^^^^^^^^^^^^^^^^^^^^^^^^^^^^^^^^^^^^^^^
<frozen importlib._bootstrap>:1204: in _gcd_import
    ???
<frozen importlib._bootstrap>:1176: in _find_and_load
    ???
<frozen importlib._bootstrap>:1147: in _find_and_load_unlocked
    ???
<frozen importlib._bootstrap>:690: in _load_unlocked
    ???
../before-hpc-cpu-v2/env/lib/python3.11/site-packages/_pytest/assertion/rewrite.py:179: in exec_module
    source_stat, co = _rewrite_test(fn, self.config)
                      ^^^^^^^^^^^^^^^^^^^^^^^^^^^^^^
../before-hpc-cpu-v2/env/lib/python3.11/site-packages/_pytest/assertion/rewrite.py:348: in _rewrite_test
    tree = ast.parse(source, filename=strfn)
           ^^^^^^^^^^^^^^^^^^^^^^^^^^^^^^^^^
../before-hpc-cpu-v2/env/lib/python3.11/ast.py:50: in parse
    return compile(source, filename, mode, flags,
E     File "/workspace/AToM_MLMM-before-HPC/tests/sampling/test_exchange_uncertainty.py", line 83
E       return ExchangeAnalysisInput(records, tuple(grouped_ids), run_id, str(evidence))
E   IndentationError: unexpected indent
=========================== short test summary info ============================
ERROR tests/sampling/test_exchange_uncertainty.py
!!!!!!!!!!!!!!!!!!!! Interrupted: 1 error during collection !!!!!!!!!!!!!!!!!!!!
1 error in 0.20s
