.F...............                                                        [100%]
=================================== FAILURES ===================================
_ test_relative_value_uses_declared_physical_endpoints_and_is_gauge_invariant __

    def test_relative_value_uses_declared_physical_endpoints_and_is_gauge_invariant():
        spec = relative_spec()
        ids = ('state-zulu', 'bridge-state', 'state-alpha')
        energies = (0., 19., 1.5)
        covariance = np.diag((.02, .03, .08))
        forward = combine_free_energies(ids, energies, covariance, spec)
        shifted = combine_free_energies(ids, np.asarray(energies)+87.25, covariance, spec)
        assert forward.restrained_kj_mol == pytest.approx(1.5)
        assert shifted.restrained_kj_mol == pytest.approx(1.5)
        assert forward.final_kj_mol == pytest.approx(1.5)
        assert forward.final_standard_error_kj_mol == pytest.approx(np.sqrt(.10))
    
        # IDs sort in an order that carries no endpoint meaning. The explicit
        # endpoint descriptions and weights preserve B-minus-A when state order flips.
        reversed_spec = relative_spec(
            endpoint_weights={'state-zulu': 1., 'state-alpha': -1.},
            endpoint_descriptions={'state-zulu': 'ligand B bound endpoint',
                                   'state-alpha': 'ligand A bound endpoint'})
        reverse = combine_free_energies(('state-alpha', 'bridge-state', 'state-zulu'),
                                        (0., 19., 1.5), covariance[::-1, ::-1], reversed_spec)
>       assert reverse.restrained_kj_mol == pytest.approx(-1.5)
E       assert 1.5 == -1.5 ± 1.5e-06
E         
E         comparison failed
E         Obtained: 1.5
E         Expected: -1.5 ± 1.5e-06

tests/unit/test_relative_binding_result.py:75: AssertionError
=========================== short test summary info ============================
FAILED tests/unit/test_relative_binding_result.py::test_relative_value_uses_declared_physical_endpoints_and_is_gauge_invariant
1 failed, 16 passed, 1 deselected in 3.36s
