FFFFFFFFFFFFFFFFF                                                        [100%]
=================================== FAILURES ===================================
____ test_relative_standard_definition_accepts_explicit_b_minus_a_endpoints ____

    def test_relative_standard_definition_accepts_explicit_b_minus_a_endpoints():
>       spec = relative_spec(corrections=correction_ledger(unresolved='translation_standard_state'))
               ^^^^^^^^^^^^^^^^^^^^^^^^^^^^^^^^^^^^^^^^^^^^^^^^^^^^^^^^^^^^^^^^^^^^^^^^^^^^^^^^^^^^^

tests/unit/test_relative_binding_result.py:48: 
_ _ _ _ _ _ _ _ _ _ _ _ _ _ _ _ _ _ _ _ _ _ _ _ _ _ _ _ _ _ _ _ _ _ _ _ _ _ _ _ 
tests/unit/test_relative_binding_result.py:35: in relative_spec
    return ThermodynamicSpec(
<string>:15: in __init__
    ???
src/atm_mlmm/schema.py:112: in __post_init__
    self._validate()
_ _ _ _ _ _ _ _ _ _ _ _ _ _ _ _ _ _ _ _ _ _ _ _ _ _ _ _ _ _ _ _ _ _ _ _ _ _ _ _ 

self = ThermodynamicSpec(observable='relative_standard_binding_free_energy', endpoint_weights=mappingproxy({'state-alpha': 1....description='matched orientation convention', state_counting_description='explicit one-pose state-counting convention')

    def _validate(self):
        if self.observable not in ('restrained_free_energy', 'standard_binding_free_energy'):
>           raise UnsupportedCapability('unadmitted thermodynamic observable')
E           atm_mlmm.schema.UnsupportedCapability: unadmitted thermodynamic observable

src/atm_mlmm/schema.py:756: UnsupportedCapability
_ test_relative_value_uses_declared_physical_endpoints_and_is_gauge_invariant __

    def test_relative_value_uses_declared_physical_endpoints_and_is_gauge_invariant():
>       spec = relative_spec()
               ^^^^^^^^^^^^^^^

tests/unit/test_relative_binding_result.py:56: 
_ _ _ _ _ _ _ _ _ _ _ _ _ _ _ _ _ _ _ _ _ _ _ _ _ _ _ _ _ _ _ _ _ _ _ _ _ _ _ _ 
tests/unit/test_relative_binding_result.py:35: in relative_spec
    return ThermodynamicSpec(
<string>:15: in __init__
    ???
src/atm_mlmm/schema.py:112: in __post_init__
    self._validate()
_ _ _ _ _ _ _ _ _ _ _ _ _ _ _ _ _ _ _ _ _ _ _ _ _ _ _ _ _ _ _ _ _ _ _ _ _ _ _ _ 

self = ThermodynamicSpec(observable='relative_standard_binding_free_energy', endpoint_weights=mappingproxy({'state-alpha': 1....description='matched orientation convention', state_counting_description='explicit one-pose state-counting convention')

    def _validate(self):
        if self.observable not in ('restrained_free_energy', 'standard_binding_free_energy'):
>           raise UnsupportedCapability('unadmitted thermodynamic observable')
E           atm_mlmm.schema.UnsupportedCapability: unadmitted thermodynamic observable

src/atm_mlmm/schema.py:756: UnsupportedCapability
________ test_relative_corrections_are_signed_and_need_joint_covariance ________

    def test_relative_corrections_are_signed_and_need_joint_covariance():
        ledger = correction_ledger(translation=(-.4, 0.), release=(.2, .3))
>       spec = relative_spec(corrections=ledger)
               ^^^^^^^^^^^^^^^^^^^^^^^^^^^^^^^^^

tests/unit/test_relative_binding_result.py:81: 
_ _ _ _ _ _ _ _ _ _ _ _ _ _ _ _ _ _ _ _ _ _ _ _ _ _ _ _ _ _ _ _ _ _ _ _ _ _ _ _ 
tests/unit/test_relative_binding_result.py:35: in relative_spec
    return ThermodynamicSpec(
<string>:15: in __init__
    ???
src/atm_mlmm/schema.py:112: in __post_init__
    self._validate()
_ _ _ _ _ _ _ _ _ _ _ _ _ _ _ _ _ _ _ _ _ _ _ _ _ _ _ _ _ _ _ _ _ _ _ _ _ _ _ _ 

self = ThermodynamicSpec(observable='relative_standard_binding_free_energy', endpoint_weights=mappingproxy({'state-alpha': 1....description='matched orientation convention', state_counting_description='explicit one-pose state-counting convention')

    def _validate(self):
        if self.observable not in ('restrained_free_energy', 'standard_binding_free_energy'):
>           raise UnsupportedCapability('unadmitted thermodynamic observable')
E           atm_mlmm.schema.UnsupportedCapability: unadmitted thermodynamic observable

src/atm_mlmm/schema.py:756: UnsupportedCapability
_ test_every_uncomputed_relative_correction_withholds_final[translation_standard_state] _

missing = 'translation_standard_state'

    @pytest.mark.parametrize('missing', OBLIGATIONS)
    def test_every_uncomputed_relative_correction_withholds_final(missing):
>       spec = relative_spec(corrections=correction_ledger(unresolved=missing))
               ^^^^^^^^^^^^^^^^^^^^^^^^^^^^^^^^^^^^^^^^^^^^^^^^^^^^^^^^^^^^^^^^

tests/unit/test_relative_binding_result.py:105: 
_ _ _ _ _ _ _ _ _ _ _ _ _ _ _ _ _ _ _ _ _ _ _ _ _ _ _ _ _ _ _ _ _ _ _ _ _ _ _ _ 
tests/unit/test_relative_binding_result.py:35: in relative_spec
    return ThermodynamicSpec(
<string>:15: in __init__
    ???
src/atm_mlmm/schema.py:112: in __post_init__
    self._validate()
_ _ _ _ _ _ _ _ _ _ _ _ _ _ _ _ _ _ _ _ _ _ _ _ _ _ _ _ _ _ _ _ _ _ _ _ _ _ _ _ 

self = ThermodynamicSpec(observable='relative_standard_binding_free_energy', endpoint_weights=mappingproxy({'state-alpha': 1....description='matched orientation convention', state_counting_description='explicit one-pose state-counting convention')

    def _validate(self):
        if self.observable not in ('restrained_free_energy', 'standard_binding_free_energy'):
>           raise UnsupportedCapability('unadmitted thermodynamic observable')
E           atm_mlmm.schema.UnsupportedCapability: unadmitted thermodynamic observable

src/atm_mlmm/schema.py:756: UnsupportedCapability
___ test_every_uncomputed_relative_correction_withholds_final[bound_release] ___

missing = 'bound_release'

    @pytest.mark.parametrize('missing', OBLIGATIONS)
    def test_every_uncomputed_relative_correction_withholds_final(missing):
>       spec = relative_spec(corrections=correction_ledger(unresolved=missing))
               ^^^^^^^^^^^^^^^^^^^^^^^^^^^^^^^^^^^^^^^^^^^^^^^^^^^^^^^^^^^^^^^^

tests/unit/test_relative_binding_result.py:105: 
_ _ _ _ _ _ _ _ _ _ _ _ _ _ _ _ _ _ _ _ _ _ _ _ _ _ _ _ _ _ _ _ _ _ _ _ _ _ _ _ 
tests/unit/test_relative_binding_result.py:35: in relative_spec
    return ThermodynamicSpec(
<string>:15: in __init__
    ???
src/atm_mlmm/schema.py:112: in __post_init__
    self._validate()
_ _ _ _ _ _ _ _ _ _ _ _ _ _ _ _ _ _ _ _ _ _ _ _ _ _ _ _ _ _ _ _ _ _ _ _ _ _ _ _ 

self = ThermodynamicSpec(observable='relative_standard_binding_free_energy', endpoint_weights=mappingproxy({'state-alpha': 1....description='matched orientation convention', state_counting_description='explicit one-pose state-counting convention')

    def _validate(self):
        if self.observable not in ('restrained_free_energy', 'standard_binding_free_energy'):
>           raise UnsupportedCapability('unadmitted thermodynamic observable')
E           atm_mlmm.schema.UnsupportedCapability: unadmitted thermodynamic observable

src/atm_mlmm/schema.py:756: UnsupportedCapability
____ test_every_uncomputed_relative_correction_withholds_final[orientation] ____

missing = 'orientation'

    @pytest.mark.parametrize('missing', OBLIGATIONS)
    def test_every_uncomputed_relative_correction_withholds_final(missing):
>       spec = relative_spec(corrections=correction_ledger(unresolved=missing))
               ^^^^^^^^^^^^^^^^^^^^^^^^^^^^^^^^^^^^^^^^^^^^^^^^^^^^^^^^^^^^^^^^

tests/unit/test_relative_binding_result.py:105: 
_ _ _ _ _ _ _ _ _ _ _ _ _ _ _ _ _ _ _ _ _ _ _ _ _ _ _ _ _ _ _ _ _ _ _ _ _ _ _ _ 
tests/unit/test_relative_binding_result.py:35: in relative_spec
    return ThermodynamicSpec(
<string>:15: in __init__
    ???
src/atm_mlmm/schema.py:112: in __post_init__
    self._validate()
_ _ _ _ _ _ _ _ _ _ _ _ _ _ _ _ _ _ _ _ _ _ _ _ _ _ _ _ _ _ _ _ _ _ _ _ _ _ _ _ 

self = ThermodynamicSpec(observable='relative_standard_binding_free_energy', endpoint_weights=mappingproxy({'state-alpha': 1....description='matched orientation convention', state_counting_description='explicit one-pose state-counting convention')

    def _validate(self):
        if self.observable not in ('restrained_free_energy', 'standard_binding_free_energy'):
>           raise UnsupportedCapability('unadmitted thermodynamic observable')
E           atm_mlmm.schema.UnsupportedCapability: unadmitted thermodynamic observable

src/atm_mlmm/schema.py:756: UnsupportedCapability
___ test_every_uncomputed_relative_correction_withholds_final[conformation] ____

missing = 'conformation'

    @pytest.mark.parametrize('missing', OBLIGATIONS)
    def test_every_uncomputed_relative_correction_withholds_final(missing):
>       spec = relative_spec(corrections=correction_ledger(unresolved=missing))
               ^^^^^^^^^^^^^^^^^^^^^^^^^^^^^^^^^^^^^^^^^^^^^^^^^^^^^^^^^^^^^^^^

tests/unit/test_relative_binding_result.py:105: 
_ _ _ _ _ _ _ _ _ _ _ _ _ _ _ _ _ _ _ _ _ _ _ _ _ _ _ _ _ _ _ _ _ _ _ _ _ _ _ _ 
tests/unit/test_relative_binding_result.py:35: in relative_spec
    return ThermodynamicSpec(
<string>:15: in __init__
    ???
src/atm_mlmm/schema.py:112: in __post_init__
    self._validate()
_ _ _ _ _ _ _ _ _ _ _ _ _ _ _ _ _ _ _ _ _ _ _ _ _ _ _ _ _ _ _ _ _ _ _ _ _ _ _ _ 

self = ThermodynamicSpec(observable='relative_standard_binding_free_energy', endpoint_weights=mappingproxy({'state-alpha': 1....description='matched orientation convention', state_counting_description='explicit one-pose state-counting convention')

    def _validate(self):
        if self.observable not in ('restrained_free_energy', 'standard_binding_free_energy'):
>           raise UnsupportedCapability('unadmitted thermodynamic observable')
E           atm_mlmm.schema.UnsupportedCapability: unadmitted thermodynamic observable

src/atm_mlmm/schema.py:756: UnsupportedCapability
__ test_every_uncomputed_relative_correction_withholds_final[state_counting] ___

missing = 'state_counting'

    @pytest.mark.parametrize('missing', OBLIGATIONS)
    def test_every_uncomputed_relative_correction_withholds_final(missing):
>       spec = relative_spec(corrections=correction_ledger(unresolved=missing))
               ^^^^^^^^^^^^^^^^^^^^^^^^^^^^^^^^^^^^^^^^^^^^^^^^^^^^^^^^^^^^^^^^

tests/unit/test_relative_binding_result.py:105: 
_ _ _ _ _ _ _ _ _ _ _ _ _ _ _ _ _ _ _ _ _ _ _ _ _ _ _ _ _ _ _ _ _ _ _ _ _ _ _ _ 
tests/unit/test_relative_binding_result.py:35: in relative_spec
    return ThermodynamicSpec(
<string>:15: in __init__
    ???
src/atm_mlmm/schema.py:112: in __post_init__
    self._validate()
_ _ _ _ _ _ _ _ _ _ _ _ _ _ _ _ _ _ _ _ _ _ _ _ _ _ _ _ _ _ _ _ _ _ _ _ _ _ _ _ 

self = ThermodynamicSpec(observable='relative_standard_binding_free_energy', endpoint_weights=mappingproxy({'state-alpha': 1....description='matched orientation convention', state_counting_description='explicit one-pose state-counting convention')

    def _validate(self):
        if self.observable not in ('restrained_free_energy', 'standard_binding_free_energy'):
>           raise UnsupportedCapability('unadmitted thermodynamic observable')
E           atm_mlmm.schema.UnsupportedCapability: unadmitted thermodynamic observable

src/atm_mlmm/schema.py:756: UnsupportedCapability
__ test_every_uncomputed_relative_correction_withholds_final[midpoint_bridge] __

missing = 'midpoint_bridge'

    @pytest.mark.parametrize('missing', OBLIGATIONS)
    def test_every_uncomputed_relative_correction_withholds_final(missing):
>       spec = relative_spec(corrections=correction_ledger(unresolved=missing))
               ^^^^^^^^^^^^^^^^^^^^^^^^^^^^^^^^^^^^^^^^^^^^^^^^^^^^^^^^^^^^^^^^

tests/unit/test_relative_binding_result.py:105: 
_ _ _ _ _ _ _ _ _ _ _ _ _ _ _ _ _ _ _ _ _ _ _ _ _ _ _ _ _ _ _ _ _ _ _ _ _ _ _ _ 
tests/unit/test_relative_binding_result.py:35: in relative_spec
    return ThermodynamicSpec(
<string>:15: in __init__
    ???
src/atm_mlmm/schema.py:112: in __post_init__
    self._validate()
_ _ _ _ _ _ _ _ _ _ _ _ _ _ _ _ _ _ _ _ _ _ _ _ _ _ _ _ _ _ _ _ _ _ _ _ _ _ _ _ 

self = ThermodynamicSpec(observable='relative_standard_binding_free_energy', endpoint_weights=mappingproxy({'state-alpha': 1....description='matched orientation convention', state_counting_description='explicit one-pose state-counting convention')

    def _validate(self):
        if self.observable not in ('restrained_free_energy', 'standard_binding_free_energy'):
>           raise UnsupportedCapability('unadmitted thermodynamic observable')
E           atm_mlmm.schema.UnsupportedCapability: unadmitted thermodynamic observable

src/atm_mlmm/schema.py:756: UnsupportedCapability
_ test_relative_result_admission_rejects_serialization_bypass_and_legacy_final _

    def test_relative_result_admission_rejects_serialization_bypass_and_legacy_final():
>       spec = relative_spec()
               ^^^^^^^^^^^^^^^

tests/unit/test_relative_binding_result.py:113: 
_ _ _ _ _ _ _ _ _ _ _ _ _ _ _ _ _ _ _ _ _ _ _ _ _ _ _ _ _ _ _ _ _ _ _ _ _ _ _ _ 
tests/unit/test_relative_binding_result.py:35: in relative_spec
    return ThermodynamicSpec(
<string>:15: in __init__
    ???
src/atm_mlmm/schema.py:112: in __post_init__
    self._validate()
_ _ _ _ _ _ _ _ _ _ _ _ _ _ _ _ _ _ _ _ _ _ _ _ _ _ _ _ _ _ _ _ _ _ _ _ _ _ _ _ 

self = ThermodynamicSpec(observable='relative_standard_binding_free_energy', endpoint_weights=mappingproxy({'state-alpha': 1....description='matched orientation convention', state_counting_description='explicit one-pose state-counting convention')

    def _validate(self):
        if self.observable not in ('restrained_free_energy', 'standard_binding_free_energy'):
>           raise UnsupportedCapability('unadmitted thermodynamic observable')
E           atm_mlmm.schema.UnsupportedCapability: unadmitted thermodynamic observable

src/atm_mlmm/schema.py:756: UnsupportedCapability
______________ test_exchange_analysis_api_is_explicit_and_opt_in _______________

    def test_exchange_analysis_api_is_explicit_and_opt_in():
>       from atm_mlmm.exchange_analysis import (ExchangeAnalysisInput,
                                                ExchangeResamplingSpec,
                                                analyze_exchange)
E       ModuleNotFoundError: No module named 'atm_mlmm.exchange_analysis'

tests/sampling/test_exchange_uncertainty.py:98: ModuleNotFoundError
_ test_synchronized_bootstrap_keeps_frame_bundles_and_reports_information_scopes _

tmp_path = PosixPath('/tmp/pytest-of-agent/pytest-18/test_synchronized_bootstrap_ke0')

    def test_synchronized_bootstrap_keeps_frame_bundles_and_reports_information_scopes(tmp_path):
>       from atm_mlmm.exchange_analysis import ExchangeResamplingSpec, analyze_exchange
E       ModuleNotFoundError: No module named 'atm_mlmm.exchange_analysis'

tests/sampling/test_exchange_uncertainty.py:108: ModuleNotFoundError
___________ test_synchronized_input_must_match_verified_frame_order ____________

tmp_path = PosixPath('/tmp/pytest-of-agent/pytest-18/test_synchronized_input_must_m0')

    def test_synchronized_input_must_match_verified_frame_order(tmp_path):
>       from atm_mlmm.exchange_analysis import ExchangeResamplingSpec, analyze_exchange
E       ModuleNotFoundError: No module named 'atm_mlmm.exchange_analysis'

tests/sampling/test_exchange_uncertainty.py:130: ModuleNotFoundError
_________ test_raw_outside_energy_is_validated_before_window_selection _________

tmp_path = PosixPath('/tmp/pytest-of-agent/pytest-18/test_raw_outside_energy_is_val0')

    def test_raw_outside_energy_is_validated_before_window_selection(tmp_path):
>       from atm_mlmm.exchange_analysis import ExchangeResamplingSpec, analyze_exchange
E       ModuleNotFoundError: No module named 'atm_mlmm.exchange_analysis'

tests/sampling/test_exchange_uncertainty.py:144: ModuleNotFoundError
____________ test_partial_block_tail_is_rejected_instead_of_dropped ____________

tmp_path = PosixPath('/tmp/pytest-of-agent/pytest-18/test_partial_block_tail_is_rej0')

    def test_partial_block_tail_is_rejected_instead_of_dropped(tmp_path):
>       from atm_mlmm.exchange_analysis import ExchangeResamplingSpec, analyze_exchange
E       ModuleNotFoundError: No module named 'atm_mlmm.exchange_analysis'

tests/sampling/test_exchange_uncertainty.py:162: ModuleNotFoundError
__ test_independent_run_resampling_keeps_complete_runs_without_nested_blocks ___

tmp_path = PosixPath('/tmp/pytest-of-agent/pytest-18/test_independent_run_resamplin0')

    def test_independent_run_resampling_keeps_complete_runs_without_nested_blocks(tmp_path):
>       from atm_mlmm.exchange_analysis import ExchangeResamplingSpec, analyze_exchange
E       ModuleNotFoundError: No module named 'atm_mlmm.exchange_analysis'

tests/sampling/test_exchange_uncertainty.py:173: ModuleNotFoundError
_______ test_failed_bootstrap_draw_is_preserved_and_withholds_covariance _______

tmp_path = PosixPath('/tmp/pytest-of-agent/pytest-18/test_failed_bootstrap_draw_is_0')
monkeypatch = <_pytest.monkeypatch.MonkeyPatch object at 0x7fafdbb90810>

    def test_failed_bootstrap_draw_is_preserved_and_withholds_covariance(tmp_path, monkeypatch):
>       import atm_mlmm.exchange_analysis as module
E       ModuleNotFoundError: No module named 'atm_mlmm.exchange_analysis'

tests/sampling/test_exchange_uncertainty.py:192: ModuleNotFoundError
=========================== short test summary info ============================
FAILED tests/unit/test_relative_binding_result.py::test_relative_standard_definition_accepts_explicit_b_minus_a_endpoints
FAILED tests/unit/test_relative_binding_result.py::test_relative_value_uses_declared_physical_endpoints_and_is_gauge_invariant
FAILED tests/unit/test_relative_binding_result.py::test_relative_corrections_are_signed_and_need_joint_covariance
FAILED tests/unit/test_relative_binding_result.py::test_every_uncomputed_relative_correction_withholds_final[translation_standard_state]
FAILED tests/unit/test_relative_binding_result.py::test_every_uncomputed_relative_correction_withholds_final[bound_release]
FAILED tests/unit/test_relative_binding_result.py::test_every_uncomputed_relative_correction_withholds_final[orientation]
FAILED tests/unit/test_relative_binding_result.py::test_every_uncomputed_relative_correction_withholds_final[conformation]
FAILED tests/unit/test_relative_binding_result.py::test_every_uncomputed_relative_correction_withholds_final[state_counting]
FAILED tests/unit/test_relative_binding_result.py::test_every_uncomputed_relative_correction_withholds_final[midpoint_bridge]
FAILED tests/unit/test_relative_binding_result.py::test_relative_result_admission_rejects_serialization_bypass_and_legacy_final
FAILED tests/sampling/test_exchange_uncertainty.py::test_exchange_analysis_api_is_explicit_and_opt_in
FAILED tests/sampling/test_exchange_uncertainty.py::test_synchronized_bootstrap_keeps_frame_bundles_and_reports_information_scopes
FAILED tests/sampling/test_exchange_uncertainty.py::test_synchronized_input_must_match_verified_frame_order
FAILED tests/sampling/test_exchange_uncertainty.py::test_raw_outside_energy_is_validated_before_window_selection
FAILED tests/sampling/test_exchange_uncertainty.py::test_partial_block_tail_is_rejected_instead_of_dropped
FAILED tests/sampling/test_exchange_uncertainty.py::test_independent_run_resampling_keeps_complete_runs_without_nested_blocks
FAILED tests/sampling/test_exchange_uncertainty.py::test_failed_bootstrap_draw_is_preserved_and_withholds_covariance
17 failed, 1 deselected in 0.48s
