{
  "checked": "2026-10-01T14:59:22.941993+00:00",
  "inherited_files": 204,
  "allowed_reporting_changes": [
    "AGENTS.md",
    "AGENT_HANDOFF.md",
    "README.md",
    "docs/project-0/STATUS.md"
  ],
  "other_inherited_files_preserved": 200,
  "new_documentation_errors": 0,
  "remaining_documentation_errors": [
    "ATM_MLMM_Environment.md: missing heading: docs/project-0/reference/sources.md#scientific-amendment-source-checks",
    "Worker_Log/Milestone_00/Documentation_v4_worker.md: missing heading: ../../docs/project-0/reference/sources.md#scientific-amendment-source-checks"
  ],
  "checker_self_tests": 8,
  "preserved_validation_runs": 4,
  "environment_checks_per_run": 8,
  "controlled_failure_cases": 5,
  "production_loading_policy_finding_still_open": true,
  "gate_or_model_or_gpu_acceptance": false,
  "source_comparisons": 3,
  "commands": [
    {
      "command": [
        "git",
        "diff",
        "--check"
      ],
      "exit_code": 0,
      "stdout": "",
      "stderr": ""
    },
    {
      "command": [
        "git",
        "diff",
        "--exit-code",
        "28f89cb23bdb7081c3723b9794fbde7d9bb50dca",
        "--",
        "environment",
        "docs/project-0/specs",
        "docs/project-0/gates",
        "ATM_MLMM_environment.yml",
        "Worker_Log/Milestone_00"
      ],
      "exit_code": 0,
      "stdout": "",
      "stderr": ""
    },
    {
      "command": [
        "git",
        "merge-base",
        "--is-ancestor",
        "28f89cb23bdb7081c3723b9794fbde7d9bb50dca",
        "HEAD"
      ],
      "exit_code": 0,
      "stdout": "",
      "stderr": ""
    },
    {
      "command": [
        "git",
        "rev-parse",
        "refs/remotes/origin/main"
      ],
      "exit_code": 0,
      "stdout": "2d7bcc94f901738e39f536f16de84699d4e8d631\n",
      "stderr": ""
    },
    {
      "command": [
        "git",
        "branch",
        "--show-current"
      ],
      "exit_code": 0,
      "stdout": "m01-g00-environment-audit-v1\n",
      "stderr": ""
    }
  ]
}
