cuequivariance or cuequivariance_torch is not available. Cuequivariance acceleration will be disabled.
[
  {
    "fixture": "crown48",
    "atoms": 48,
    "all_frames_checked": 60,
    "independent_frames": 6,
    "state_evaluations": 18,
    "minimum_Bondi_ratio": 0.7903498154410965,
    "minimum_bulk_distance_nm": 2.539771093825408,
    "errors": {
      "raw_energy": 0.0,
      "total_energy": 0.0,
      "full_real_force": 1.1368683772161603e-13,
      "cross_state_energy": 4.656612873077393e-10,
      "constructor_energy": 0.0
    },
    "worker_manifest_sha256": "8963f9ae8aa2ff3d5e042113d92ba3573f7e4dc9fd87006e9196b51b6ea57613",
    "physical_identity": "9ccdbadf2abb4a75ddea7fe9ed8faa852b20abcc6e21c7e6b7eb68b1790b18fc",
    "observations_sha256": "37730383784b12da37351d7cbab6ea60ac82b1a2aa523510511c1600c7192eaa"
  },
  {
    "fixture": "cappedABFE32",
    "atoms": 32,
    "all_frames_checked": 3,
    "independent_frames": 3,
    "state_evaluations": 9,
    "minimum_Bondi_ratio": 0.7475859188176605,
    "minimum_bulk_distance_nm": 2.5529456208386923,
    "errors": {
      "raw_energy": 0.0,
      "total_energy": 0.0,
      "full_real_force": 2.2737367544323206e-13,
      "cross_state_energy": 1.1641532182693481e-10,
      "constructor_energy": 0.0
    },
    "worker_manifest_sha256": "c202ef31e4ebf374956648f1d71c7f14b9f7856ec22f83c4ee100a671911ccd6",
    "physical_identity": "ea8403adc44acc0045757ac229e14ac3682598a614711d644c59bbae8b60ddc9",
    "observations_sha256": "3fdde4a3230454c151d1bdbb69de236745b3faa3d77b380f3329b54c5c407990"
  },
  {
    "fixture": "cappedRBFE41",
    "atoms": 41,
    "all_frames_checked": 3,
    "independent_frames": 3,
    "state_evaluations": 9,
    "minimum_Bondi_ratio": 0.74796278351661,
    "minimum_bulk_distance_nm": 2.5526056382869817,
    "errors": {
      "raw_energy": 0.0,
      "total_energy": 0.0,
      "full_real_force": 2.2737367544323206e-13,
      "cross_state_energy": 2.3283064365386963e-10,
      "constructor_energy": 0.0
    },
    "worker_manifest_sha256": "cf0698046e433325e3a0f716fc187c49c1f3e00a8346a4431e9bc9edf879dfa8",
    "physical_identity": "de91a4e9d7a9292a75ecc60e99308ca74ec68f327dd355a4bfc62278b9bd219f",
    "observations_sha256": "fe063e9db5ebbc3511d5de0bb190357235d322a41cb09a423785facf955f7bb6"
  }
]
