cuequivariance or cuequivariance_torch is not available. Cuequivariance acceleration will be disabled.
{
  "scope": "bounded two-worker exchange; no equilibrium, affinity or exchanging-walker uncertainty qualification",
  "status": "complete",
  "rounds": 4,
  "samples": 8,
  "accepted_exchanges": 4,
  "walker_ids": [
    "5c6cff314dac4569af06b485d97d9824:walker-0",
    "5c6cff314dac4569af06b485d97d9824:walker-1"
  ],
  "state_ids_after": [
    "contact",
    "separated"
  ],
  "all_real_atoms": 224,
  "profile": {
    "installed_distribution_identity": "1865672db5d5a8db6c4d6abc4035d2eb0d70339cb85c1958f85eac7e7800fbf1",
    "machine": "x86_64",
    "model_device": "CPU",
    "model_dtype": "float64",
    "openmm_platform": "Reference",
    "packages": {
      "atom-openmm": "8.5.0b0",
      "mace-torch": "0.3.16",
      "numpy": "2.4.6",
      "openmm": "8.6.1",
      "torch": "2.8.0"
    },
    "precision": "double",
    "python": "3.11.16"
  },
  "elapsed_execution_seconds": 15.074803802999668,
  "peak_process_rss_bytes": 815181824,
  "reconstructed_matrix_shape": [
    3,
    8
  ],
  "binding_result": "not_evaluated"
}
