cuequivariance or cuequivariance_torch is not available. Cuequivariance acceleration will be disabled.
{
  "scope": "bounded engine preflight; no equilibrium or physical-accuracy claim",
  "status": "complete",
  "samples": 9,
  "states": [
    "contact",
    "middle",
    "separated"
  ],
  "all_real_atoms": 224,
  "binding_result": "not_evaluated",
  "physical_identity": "09635a263a620e1e99c8f81919c066c753f70440311739e062852be41e5224d1",
  "alchemical_identity": "68a68fb7caec8def9528dd9bf12ed982184cc6327ca2e1306d95634fbf454332",
  "runtime_identity": "93485f1c629858c556c4758a1f735296e45d3ccbe6c908aa5e73d42f965cf56b",
  "worker_manifest_sha256": "f5bc89d98525b5da786cbd92d4aa7433e33be453eef4179b573ef37cf9aa3f9b",
  "profile": {
    "python": "3.11.16",
    "machine": "x86_64",
    "packages": {
      "openmm": "8.6.1",
      "numpy": "2.4.6",
      "torch": "2.8.0",
      "mace-torch": "0.3.16",
      "atom-openmm": "8.5.0b0"
    },
    "installed_distribution_identity": "1865672db5d5a8db6c4d6abc4035d2eb0d70339cb85c1958f85eac7e7800fbf1",
    "openmm_platform": "Reference",
    "precision": "double",
    "model_device": "CPU",
    "model_dtype": "float64"
  },
  "elapsed_execution_seconds": 10.748916197000199,
  "peak_process_rss_bytes": 888344576,
  "reconstructed_matrix_shape": [
    3,
    9
  ],
  "limitations": [
    "Fixed windows; replica exchange is pending.",
    "No equilibrium, solvent-density, molecular accuracy, standard corrections or affinity qualification.",
    "Checkpoint continuation requires the identical CPU/software/source profile.",
    "Hard-crash pending transactions are preserved and require inspection."
  ]
}
