cuequivariance or cuequivariance_torch is not available. Cuequivariance acceleration will be disabled.
{
  "scope": "bounded engine preflight; no equilibrium or physical-accuracy claim",
  "status": "complete",
  "samples": 9,
  "states": [
    "contact",
    "middle",
    "separated"
  ],
  "all_real_atoms": 233,
  "binding_result": "not_evaluated",
  "physical_identity": "e8e1aeaaaacc3afc0bfa5845690a21e75c20861774f8716aa0a50edc22eaaaa4",
  "alchemical_identity": "0caa4c0d0882a6b44b705326a16479de62717bede8bd910339917faea37f5c2c",
  "runtime_identity": "93485f1c629858c556c4758a1f735296e45d3ccbe6c908aa5e73d42f965cf56b",
  "worker_manifest_sha256": "24331d12c1e155a61612c4e3d9f1b9b123ead9715a36ed1db2d17d321fbafd66",
  "profile": {
    "python": "3.11.16",
    "machine": "x86_64",
    "packages": {
      "openmm": "8.6.1",
      "numpy": "2.4.6",
      "torch": "2.8.0",
      "mace-torch": "0.3.16",
      "atom-openmm": "8.5.0b0"
    },
    "installed_distribution_identity": "1865672db5d5a8db6c4d6abc4035d2eb0d70339cb85c1958f85eac7e7800fbf1",
    "openmm_platform": "Reference",
    "precision": "double",
    "model_device": "CPU",
    "model_dtype": "float64"
  },
  "elapsed_execution_seconds": 11.210020322000219,
  "peak_process_rss_bytes": 913424384,
  "reconstructed_matrix_shape": [
    3,
    9
  ],
  "limitations": [
    "Fixed windows; replica exchange is pending.",
    "No equilibrium, solvent-density, molecular accuracy, standard corrections or affinity qualification.",
    "Checkpoint continuation requires the identical CPU/software/source profile.",
    "Hard-crash pending transactions are preserved and require inspection."
  ]
}
