F                                                                        [100%]
=================================== FAILURES ===================================
_____ test_nonfinite_probe_values_are_preserved_as_inert_failure_evidence ______

tmp_path = PosixPath('/tmp/pytest-of-agent/pytest-17/test_nonfinite_probe_values_ar0')

    def test_nonfinite_probe_values_are_preserved_as_inert_failure_evidence(tmp_path):
        path=tmp_path/'report.json'
>       api()._save(path,{'energy':float('nan'),'force':[float('inf'),-float('inf')],'status':'incompatible'})

tests/environment/test_tpu_experiment.py:107: 
_ _ _ _ _ _ _ _ _ _ _ _ _ _ _ _ _ _ _ _ _ _ _ _ _ _ _ _ _ _ _ _ _ _ _ _ _ _ _ _ 
src/atm_mlmm/tpu_experiment.py:16: in _save
    Path(path).write_text(json.dumps(document, indent=2, allow_nan=False)+'\n')
                          ^^^^^^^^^^^^^^^^^^^^^^^^^^^^^^^^^^^^^^^^^^^^^^^
../atom-mlmm-m05/env/lib/python3.11/json/__init__.py:238: in dumps
    **kw).encode(obj)
          ^^^^^^^^^^^
../atom-mlmm-m05/env/lib/python3.11/json/encoder.py:202: in encode
    chunks = list(chunks)
             ^^^^^^^^^^^^
../atom-mlmm-m05/env/lib/python3.11/json/encoder.py:432: in _iterencode
    yield from _iterencode_dict(o, _current_indent_level)
../atom-mlmm-m05/env/lib/python3.11/json/encoder.py:398: in _iterencode_dict
    yield _floatstr(value)
          ^^^^^^^^^^^^^^^^
_ _ _ _ _ _ _ _ _ _ _ _ _ _ _ _ _ _ _ _ _ _ _ _ _ _ _ _ _ _ _ _ _ _ _ _ _ _ _ _ 

o = nan, allow_nan = False, _repr = <slot wrapper '__repr__' of 'float' objects>
_inf = inf, _neginf = -inf

    def floatstr(o, allow_nan=self.allow_nan,
            _repr=float.__repr__, _inf=INFINITY, _neginf=-INFINITY):
        # Check for specials.  Note that this type of test is processor
        # and/or platform-specific, so do tests which don't depend on the
        # internals.
    
        if o != o:
            text = 'NaN'
        elif o == _inf:
            text = 'Infinity'
        elif o == _neginf:
            text = '-Infinity'
        else:
            return _repr(o)
    
        if not allow_nan:
>           raise ValueError(
                "Out of range float values are not JSON compliant: " +
                repr(o))
E           ValueError: Out of range float values are not JSON compliant: nan

../atom-mlmm-m05/env/lib/python3.11/json/encoder.py:240: ValueError
=========================== short test summary info ============================
FAILED tests/environment/test_tpu_experiment.py::test_nonfinite_probe_values_are_preserved_as_inert_failure_evidence
1 failed, 6 deselected in 0.15s
