FFFF                                                                     [100%]
=================================== FAILURES ===================================
_______ test_tpu_admission_requires_hardware_arithmetic_and_no_fallback ________

    def test_tpu_admission_requires_hardware_arithmetic_and_no_fallback():
>       admit=api().admit_tpu
              ^^^^^

tests/environment/test_tpu_experiment.py:18: 
_ _ _ _ _ _ _ _ _ _ _ _ _ _ _ _ _ _ _ _ _ _ _ _ _ _ _ _ _ _ _ _ _ _ _ _ _ _ _ _ 

    def api():
>       assert importlib.util.find_spec('atm_mlmm.tpu_experiment'), 'actual-MACE TPU experiment is missing'
E       AssertionError: actual-MACE TPU experiment is missing
E       assert None
E        +  where None = <function find_spec at 0x7f67195d6340>('atm_mlmm.tpu_experiment')
E        +    where <function find_spec at 0x7f67195d6340> = <module 'importlib.util' (frozen)>.find_spec
E        +      where <module 'importlib.util' (frozen)> = importlib.util

tests/environment/test_tpu_experiment.py:12: AssertionError
______ test_tpu_full_real_force_comparison_uses_original_absolute_limits _______

    def test_tpu_full_real_force_comparison_uses_original_absolute_limits():
>       compare=api().compare
                ^^^^^

tests/environment/test_tpu_experiment.py:25: 
_ _ _ _ _ _ _ _ _ _ _ _ _ _ _ _ _ _ _ _ _ _ _ _ _ _ _ _ _ _ _ _ _ _ _ _ _ _ _ _ 

    def api():
>       assert importlib.util.find_spec('atm_mlmm.tpu_experiment'), 'actual-MACE TPU experiment is missing'
E       AssertionError: actual-MACE TPU experiment is missing
E       assert None
E        +  where None = <function find_spec at 0x7f67195d6340>('atm_mlmm.tpu_experiment')
E        +    where <function find_spec at 0x7f67195d6340> = <module 'importlib.util' (frozen)>.find_spec
E        +      where <module 'importlib.util' (frozen)> = importlib.util

tests/environment/test_tpu_experiment.py:12: AssertionError
_________ test_reference_hash_validation_precedes_any_model_execution __________

tmp_path = PosixPath('/tmp/pytest-of-agent/pytest-13/test_reference_hash_validation0')

    def test_reference_hash_validation_precedes_any_model_execution(tmp_path):
        path=tmp_path/'reference.json'; path.write_text('{}')
        with pytest.raises(ValueError,match='hash'):
>           api().read_reference(path,'0'*64)
            ^^^^^

tests/environment/test_tpu_experiment.py:35: 
_ _ _ _ _ _ _ _ _ _ _ _ _ _ _ _ _ _ _ _ _ _ _ _ _ _ _ _ _ _ _ _ _ _ _ _ _ _ _ _ 

    def api():
>       assert importlib.util.find_spec('atm_mlmm.tpu_experiment'), 'actual-MACE TPU experiment is missing'
E       AssertionError: actual-MACE TPU experiment is missing
E       assert None
E        +  where None = <function find_spec at 0x7f67195d6340>('atm_mlmm.tpu_experiment')
E        +    where <function find_spec at 0x7f67195d6340> = <module 'importlib.util' (frozen)>.find_spec
E        +      where <module 'importlib.util' (frozen)> = importlib.util

tests/environment/test_tpu_experiment.py:12: AssertionError
_________ test_separate_tpu_notebook_and_profile_are_pinned_and_clear __________

    def test_separate_tpu_notebook_and_profile_are_pinned_and_clear():
        path=ROOT/'notebooks/m05_colab_tpu_benchmarks.ipynb'
>       assert path.is_file(), 'separate TPU notebook is missing'
E       AssertionError: separate TPU notebook is missing
E       assert False
E        +  where False = is_file()
E        +    where is_file = PosixPath('/workspace/AToM_MLMM/notebooks/m05_colab_tpu_benchmarks.ipynb').is_file

tests/environment/test_tpu_experiment.py:40: AssertionError
=========================== short test summary info ============================
FAILED tests/environment/test_tpu_experiment.py::test_tpu_admission_requires_hardware_arithmetic_and_no_fallback
FAILED tests/environment/test_tpu_experiment.py::test_tpu_full_real_force_comparison_uses_original_absolute_limits
FAILED tests/environment/test_tpu_experiment.py::test_reference_hash_validation_precedes_any_model_execution
FAILED tests/environment/test_tpu_experiment.py::test_separate_tpu_notebook_and_profile_are_pinned_and_clear
4 failed in 0.12s
