2026-10-03:18:50:22,71 INFO     [psi4.driver.task_planner:259] PLANNING Atomic:  keywords={'DFT_RADIAL_POINTS': 199, 'DFT_SPHERICAL_POINTS': 974, 'DF_BASIS_SCF': 'DEF2-UNIVERSAL-JKFIT', 'D_CONVERGENCE': 1e-11, 'E_CONVERGENCE': 1e-12, 'INTS_TOLERANCE': 1e-12, 'MAXITER': 200, 'REFERENCE': 'RHF', 'SCF_TYPE': 'DF', 'WCOMBINE': 0, 'function_kwargs': {}}
2026-10-03:18:50:22,73 INFO     [psi4.driver.driver:638] Compute gradient(): method=wb97m-d3bj, basis=def2-tzvppd, molecule=default, nre=291.4662430193472
2026-10-03:19:15:39,914 INFO     [psi4.driver.driver:641] Return gradient(): -364.5096430010853
2026-10-03:19:15:39,918 INFO     [psi4.driver.driver:642] [[ 0.00812686  0.00560493 -0.01883881]
 [-0.00983919 -0.00558834  0.00973173]
 [ 0.00039199  0.0022947  -0.00083215]
 [-0.00185428  0.0011439   0.00640003]
 [ 0.0099739   0.00169892 -0.00214508]
 [-0.00338789 -0.00341271  0.00141208]
 [-0.00316268 -0.00009843  0.00369424]
 [-0.00166817  0.001935   -0.00195541]
 [-0.00015509 -0.00325994  0.00212772]
 [-0.00593837 -0.00126136  0.00350047]
 [ 0.00916031  0.00298479 -0.00728785]
 [ 0.00047084  0.00206472 -0.00495943]
 [-0.0116062  -0.0010544   0.00217456]
 [ 0.00358696 -0.00086208  0.00181713]
 [ 0.00058025 -0.00410463 -0.00288287]
 [ 0.00062536  0.00483318  0.00095846]
 [ 0.00827791 -0.00085128  0.00214712]
 [-0.00358347 -0.00206676  0.004938  ]]
