2026-10-03:16:26:28,220 INFO     [psi4.driver.task_planner:259] PLANNING Atomic:  keywords={'DFT_RADIAL_POINTS': 99, 'DFT_SPHERICAL_POINTS': 590, 'DF_BASIS_SCF': 'DEF2-UNIVERSAL-JKFIT', 'D_CONVERGENCE': 1e-10, 'E_CONVERGENCE': 1e-10, 'INTS_TOLERANCE': 1e-12, 'MAXITER': 200, 'REFERENCE': 'RHF', 'SCF_TYPE': 'DF', 'WCOMBINE': 0, 'function_kwargs': {}}
2026-10-03:16:26:28,223 INFO     [psi4.driver.driver:638] Compute gradient(): method=wb97m-d3bj, basis=def2-tzvppd, molecule=default, nre=225.23520012362238
2026-10-03:16:37:43,636 INFO     [psi4.driver.driver:641] Return gradient(): -274.3474770601602
2026-10-03:16:37:43,639 INFO     [psi4.driver.driver:642] [[-0.00738831 -0.00713624 -0.01703622]
 [ 0.000358    0.00232343  0.00290254]
 [ 0.00006565  0.00266141  0.00681148]
 [ 0.00252757 -0.00106989 -0.00235458]
 [ 0.00158904 -0.00250962  0.00573528]
 [ 0.00177031 -0.00241197 -0.00043429]
 [ 0.0022375  -0.00218801  0.00203552]
 [ 0.00118096  0.00281202 -0.00167063]
 [-0.00300874  0.0036619  -0.00067675]
 [-0.00080325  0.00116556  0.00425432]
 [ 0.00054312  0.00342675  0.00171514]
 [-0.00060454  0.00017232 -0.00314165]
 [-0.00066604 -0.00068635  0.00307042]
 [ 0.00168946 -0.00021436 -0.00120933]
 [ 0.00049835 -0.00142347  0.00379247]
 [-0.0095817  -0.00347143  0.00936067]
 [-0.00317449 -0.00136155  0.00367122]
 [ 0.00515957  0.00234708 -0.00094369]
 [ 0.00514931 -0.00117263 -0.00222233]
 [ 0.00244579  0.00507471 -0.01365869]]
