2026-10-03:17:08:55,668 INFO     [psi4.driver.task_planner:259] PLANNING Atomic:  keywords={'DFT_RADIAL_POINTS': 99, 'DFT_SPHERICAL_POINTS': 590, 'DF_BASIS_SCF': 'DEF2-UNIVERSAL-JKFIT', 'D_CONVERGENCE': 1e-10, 'E_CONVERGENCE': 1e-10, 'INTS_TOLERANCE': 1e-12, 'MAXITER': 200, 'REFERENCE': 'RHF', 'SCF_TYPE': 'DF', 'WCOMBINE': 0, 'function_kwargs': {}}
2026-10-03:17:08:55,670 INFO     [psi4.driver.driver:638] Compute gradient(): method=wb97m-d3bj, basis=def2-tzvppd, molecule=default, nre=299.7301917127665
2026-10-03:17:18:48,881 INFO     [psi4.driver.driver:641] Return gradient(): -364.50677298766385
2026-10-03:17:18:48,895 INFO     [psi4.driver.driver:642] [[ 0.00783546  0.00864227 -0.02259129]
 [ 0.00105609 -0.00729061  0.01183377]
 [ 0.00059667  0.00160713  0.00000802]
 [-0.00193479  0.00056297  0.00654343]
 [ 0.01423476  0.00167586 -0.00209933]
 [-0.00347028 -0.00335968  0.00133862]
 [-0.00325129 -0.00003552  0.00363686]
 [-0.00125931  0.00181177 -0.0018    ]
 [-0.00027853 -0.00329168  0.00269682]
 [-0.00543336 -0.00117875  0.00326173]
 [ 0.00428795  0.00342248 -0.00836265]
 [ 0.00252973  0.00137484 -0.00326974]
 [-0.02482248 -0.00096429  0.00199951]
 [ 0.00378045 -0.00080814  0.00167941]
 [ 0.00066356 -0.0041056  -0.00287667]
 [ 0.00071047  0.00482537  0.00096979]
 [ 0.00824619 -0.00091352  0.00231349]
 [-0.00349304 -0.001974    0.00471567]]
