2026-10-03:15:30:50,201 INFO     [psi4.driver.task_planner:259] PLANNING Atomic:  keywords={'DFT_RADIAL_POINTS': 99, 'DFT_SPHERICAL_POINTS': 590, 'DF_BASIS_SCF': 'DEF2-UNIVERSAL-JKFIT', 'D_CONVERGENCE': 1e-10, 'E_CONVERGENCE': 1e-10, 'INTS_TOLERANCE': 1e-12, 'MAXITER': 200, 'REFERENCE': 'RHF', 'SCF_TYPE': 'DF', 'WCOMBINE': 0, 'function_kwargs': {}}
2026-10-03:15:30:50,204 INFO     [psi4.driver.driver:638] Compute gradient(): method=wb97m-d3bj, basis=def2-tzvppd, molecule=default, nre=338.5867958822131
2026-10-03:15:42:48,11 INFO     [psi4.driver.driver:641] Return gradient(): -367.91226107489575
2026-10-03:15:42:48,13 INFO     [psi4.driver.driver:642] [[-0.00736039 -0.00715036 -0.016981  ]
 [ 0.00047385  0.00240021  0.00273975]
 [ 0.0000529   0.00267894  0.00676291]
 [ 0.00253666 -0.00106244 -0.00235138]
 [ 0.00152901 -0.00253991  0.00575262]
 [ 0.00175074 -0.00237947 -0.0004425 ]
 [ 0.00218905 -0.0021264   0.00212527]
 [ 0.00119909  0.00267854 -0.00164147]
 [-0.00300624  0.00362112 -0.00065698]
 [-0.00079665  0.00117698  0.00426378]
 [ 0.00053296  0.0034388   0.00171537]
 [-0.00060224  0.0001735  -0.00314125]
 [-0.00068563 -0.00070567  0.00308019]
 [ 0.00171352 -0.00020502 -0.00120517]
 [ 0.00681891 -0.00173734  0.0029874 ]
 [-0.01352624  0.00601471 -0.00936353]
 [-0.0057087  -0.00401163  0.00619506]
 [ 0.01042103 -0.00659385  0.01020877]
 [ 0.00029704  0.00214681 -0.00345306]
 [-0.00098949 -0.00436895 -0.00257037]
 [-0.00093614  0.00408763  0.00285544]
 [-0.00282239  0.00443494 -0.00678732]
 [ 0.00689956  0.00003083 -0.00008891]]
