cuequivariance or cuequivariance_torch is not available. Cuequivariance acceleration will be disabled.
Random, untrained MACE: finite CPU energy and forces; no weights downloaded
TorchANI: CPU descriptors and coordinate derivatives work
OpenMM-ML ASE bridge: CPU energy and forces match direct ASE
Native ATMForce accepts the ASE PythonForce on CPU
{'numpy': '2.4.6', 'torch': '2.8.0', 'mace-torch': '0.3.16', 'torchani': '2.9.0', 'e3nn': '0.4.4', 'openmm': '8.6.1', 'openmmml': '1.8', 'atom-openmm': '8.5.0b0', 'openmmforcefields': '0.16.0'}
/workspace/.onboarding/atom-mlmm/env/lib/python3.11/site-packages/torch/jit/_check.py:178: UserWarning: The TorchScript type system doesn't support instance-level annotations on empty non-base types in `__init__`. Instead, either 1) use a type annotation in the class body, or 2) wrap the type in `torch.jit.Attribute`.
  warnings.warn(
/workspace/.onboarding/atom-mlmm/env/lib/python3.11/site-packages/torch/jit/_check.py:178: UserWarning: The TorchScript type system doesn't support instance-level annotations on empty non-base types in `__init__`. Instead, either 1) use a type annotation in the class body, or 2) wrap the type in `torch.jit.Attribute`.
  warnings.warn(
/workspace/.onboarding/atom-mlmm/env/lib/python3.11/site-packages/torch/jit/_check.py:178: UserWarning: The TorchScript type system doesn't support instance-level annotations on empty non-base types in `__init__`. Instead, either 1) use a type annotation in the class body, or 2) wrap the type in `torch.jit.Attribute`.
  warnings.warn(
/workspace/.onboarding/atom-mlmm/env/lib/python3.11/site-packages/torch/jit/_check.py:178: UserWarning: The TorchScript type system doesn't support instance-level annotations on empty non-base types in `__init__`. Instead, either 1) use a type annotation in the class body, or 2) wrap the type in `torch.jit.Attribute`.
  warnings.warn(
/workspace/.onboarding/atom-mlmm/env/lib/python3.11/site-packages/torch/jit/_check.py:178: UserWarning: The TorchScript type system doesn't support instance-level annotations on empty non-base types in `__init__`. Instead, either 1) use a type annotation in the class body, or 2) wrap the type in `torch.jit.Attribute`.
  warnings.warn(
/workspace/.onboarding/atom-mlmm/env/lib/python3.11/site-packages/torch/jit/_check.py:178: UserWarning: The TorchScript type system doesn't support instance-level annotations on empty non-base types in `__init__`. Instead, either 1) use a type annotation in the class body, or 2) wrap the type in `torch.jit.Attribute`.
  warnings.warn(
/workspace/.onboarding/atom-mlmm/env/lib/python3.11/site-packages/torch/jit/_check.py:178: UserWarning: The TorchScript type system doesn't support instance-level annotations on empty non-base types in `__init__`. Instead, either 1) use a type annotation in the class body, or 2) wrap the type in `torch.jit.Attribute`.
  warnings.warn(
/workspace/.onboarding/atom-mlmm/env/lib/python3.11/site-packages/torch/jit/_check.py:178: UserWarning: The TorchScript type system doesn't support instance-level annotations on empty non-base types in `__init__`. Instead, either 1) use a type annotation in the class body, or 2) wrap the type in `torch.jit.Attribute`.
  warnings.warn(
/workspace/.onboarding/atom-mlmm/env/lib/python3.11/site-packages/torch/jit/_check.py:178: UserWarning: The TorchScript type system doesn't support instance-level annotations on empty non-base types in `__init__`. Instead, either 1) use a type annotation in the class body, or 2) wrap the type in `torch.jit.Attribute`.
  warnings.warn(
/workspace/.onboarding/atom-mlmm/env/lib/python3.11/site-packages/torch/jit/_check.py:178: UserWarning: The TorchScript type system doesn't support instance-level annotations on empty non-base types in `__init__`. Instead, either 1) use a type annotation in the class body, or 2) wrap the type in `torch.jit.Attribute`.
  warnings.warn(
/workspace/.onboarding/atom-mlmm/env/lib/python3.11/site-packages/torch/jit/_check.py:178: UserWarning: The TorchScript type system doesn't support instance-level annotations on empty non-base types in `__init__`. Instead, either 1) use a type annotation in the class body, or 2) wrap the type in `torch.jit.Attribute`.
  warnings.warn(
/workspace/.onboarding/atom-mlmm/env/lib/python3.11/site-packages/torch/jit/_check.py:178: UserWarning: The TorchScript type system doesn't support instance-level annotations on empty non-base types in `__init__`. Instead, either 1) use a type annotation in the class body, or 2) wrap the type in `torch.jit.Attribute`.
  warnings.warn(
/workspace/.onboarding/atom-mlmm/env/lib/python3.11/site-packages/torch/jit/_check.py:178: UserWarning: The TorchScript type system doesn't support instance-level annotations on empty non-base types in `__init__`. Instead, either 1) use a type annotation in the class body, or 2) wrap the type in `torch.jit.Attribute`.
  warnings.warn(
/workspace/.onboarding/atom-mlmm/env/lib/python3.11/site-packages/torch/jit/_check.py:178: UserWarning: The TorchScript type system doesn't support instance-level annotations on empty non-base types in `__init__`. Instead, either 1) use a type annotation in the class body, or 2) wrap the type in `torch.jit.Attribute`.
  warnings.warn(
/workspace/.onboarding/atom-mlmm/env/lib/python3.11/site-packages/torchani/csrc/__init__.py:58: UserWarning: The extensions: ['cuaev', 'mnp', 'cell_list'] are not installed and will not be available. To install the extensions first install the CUDA Toolkit, and afterwards  run `ani build-extensions` To suppress warn set the env var TORCHANI_NO_WARN_EXTENSIONS=1 For example, if using bash, you may add `export TORCHANI_NO_WARN_EXTENSIONS=1` to your .bashrc
  warnings.warn(
