2026-10-03:17:37:50,929 INFO     [psi4.driver.task_planner:259] PLANNING Atomic:  keywords={'DFT_RADIAL_POINTS': 99, 'DFT_SPHERICAL_POINTS': 590, 'DF_BASIS_SCF': 'DEF2-UNIVERSAL-JKFIT', 'D_CONVERGENCE': 1e-10, 'E_CONVERGENCE': 1e-10, 'INTS_TOLERANCE': 1e-12, 'MAXITER': 200, 'REFERENCE': 'RHF', 'SCF_TYPE': 'DF', 'WCOMBINE': 0, 'function_kwargs': {}}
2026-10-03:17:37:50,931 INFO     [psi4.driver.driver:638] Compute gradient(): method=wb97m-d3bj, basis=def2-tzvppd, molecule=default, nre=283.0648252470956
2026-10-03:17:45:58,110 INFO     [psi4.driver.driver:641] Return gradient(): -364.50702490145227
2026-10-03:17:45:58,116 INFO     [psi4.driver.driver:642] [[ 0.00860967  0.00387992 -0.01671298]
 [-0.01279281 -0.00460501  0.00851428]
 [ 0.00031101  0.00263436 -0.0012451 ]
 [-0.00177623  0.00141045  0.00631147]
 [ 0.01121846  0.00170423 -0.00217243]
 [-0.00336865 -0.00345634  0.00145555]
 [-0.00313957 -0.00013285  0.00374052]
 [-0.00189832  0.00200637 -0.00204547]
 [-0.0000539  -0.00321831  0.00187855]
 [-0.00627625 -0.00131579  0.0036357 ]
 [ 0.01213498  0.00268081 -0.00654512]
 [-0.0009341   0.00253851 -0.00610075]
 [-0.01123525 -0.00102062  0.00218499]
 [ 0.00344555 -0.00089784  0.00190844]
 [ 0.0005309  -0.00410718 -0.00288629]
 [ 0.00057597  0.00483956  0.00095469]
 [ 0.00828858 -0.00080782  0.00202898]
 [-0.00364968 -0.0021326   0.00509243]]
