.F..............F...                                                     [100%]
=================================== FAILURES ===================================
____________________ test_ml_mm_cross_interactions_retained ____________________

    def test_ml_mm_cross_interactions_retained():
        from atm_mlmm.atm import PhysicalEvaluator
        from atm_mlmm.ledger import charge_mask_diagnostic, lj_mask_diagnostic
        from tests.link_oracle import REFERENCE
        bundle, snapshot = periodic_case()
        original = mm.XmlSerializer.deserialize(bundle.manifest['original_mm_xml'])
        retained = mm.XmlSerializer.deserialize(bundle.manifest['retained_mm_xml'])
        before = next(f for f in original.getForces() if isinstance(f, mm.NonbondedForce))
        after = next(f for f in retained.getForces() if isinstance(f, mm.NonbondedForce))
        assert after.getNumParticles() == 14
        assert all(after.getParticleParameters(i) == before.getParticleParameters(i) for i in range(13))
        assert after.getParticleParameters(13)[0].value_in_unit(unit.elementary_charge) == 0.
        assert after.getParticleParameters(13)[2].value_in_unit(unit.kilojoule_per_mole) == 0.
        assert after.getExceptionsUsePeriodicBoundaryConditions()
        rows = bundle.manifest['boundary_terms']
>       assert any(r['disposition'] == 'replaced_by_exclusion' for r in rows)
E       assert False
E        +  where False = any(<generator object test_ml_mm_cross_interactions_retained.<locals>.<genexpr> at 0x7f10fa3fb5e0>)

tests/integration/test_mechanical_pme.py:33: AssertionError
_________________ test_cap_wrapping_and_image_seam_continuity __________________

    def test_cap_wrapping_and_image_seam_continuity():
        from atm_mlmm.atm import PhysicalEvaluator
        from atm_mlmm.geometry import unwrap_molecules
        from tests.link_oracle import REFERENCE
        bundle, snapshot = periodic_case(real_model=True)
        x = np.array(snapshot.positions_nm)
        x[:8] += (3.15, -.06, .03)
        original = replace(snapshot, positions_nm=x)
        wrapped = replace(snapshot, positions_nm=np.mod(x, np.diag(BOX)))
        unwrapped = unwrap_molecules(bundle.topology, wrapped.positions_nm, BOX)
        np.testing.assert_allclose(np.diff(unwrapped[:8], axis=0), np.diff(x[:8], axis=0), atol=1e-12)
        with PhysicalEvaluator(bundle, REFERENCE) as evaluator:
>           a, b = evaluator.evaluate(original), evaluator.evaluate(wrapped)
                   ^^^^^^^^^^^^^^^^^^^^^^^^^^^^

tests/integration/test_periodic_geometry.py:37: 
_ _ _ _ _ _ _ _ _ _ _ _ _ _ _ _ _ _ _ _ _ _ _ _ _ _ _ _ _ _ _ _ _ _ _ _ _ _ _ _ 
src/atm_mlmm/atm.py:225: in evaluate
    self._position(self.bundle, snapshot)
src/atm_mlmm/atm.py:190: in _position
    positions = final_positions(physical, snapshot)
                ^^^^^^^^^^^^^^^^^^^^^^^^^^^^^^^^^^^
_ _ _ _ _ _ _ _ _ _ _ _ _ _ _ _ _ _ _ _ _ _ _ _ _ _ _ _ _ _ _ _ _ _ _ _ _ _ _ _ 

bundle = PhysicalBundle(system_xml='<?xml version="1.0" ?>\n<System openmmVersion="8.6.1" type="System" version="1">\n\t<Period..._id='p1', final_particle_index=13, model_input_index=9, virtual_site_type='LocalCoordinatesSite', distance_nm=0.117),))
snapshot = Snapshot(real_atom_ids=('p0', 'p1', 'p2', 'p3', 'p4', 'p5', 'p6', 'p7', 'l8', 'l9', 'l10', 'l11', 'l12'), positions_nm...), velocities_nm_ps=None, units=Units(positions='nm', energy='kJ/mol', forces='kJ/mol/nm', time='ps', temperature='K'))

    def final_positions(bundle, snapshot):
        expected = tuple(a.atom_id for a in bundle.topology.atoms)
        if snapshot.real_atom_ids != expected:
            raise IdentityError('snapshot real-atom order/coverage differs from physical topology')
        coordinates = snapshot.positions_nm
        periodic = bundle.manifest.get('periodicity') == 'orthorhombic-pme-v1'
        if periodic:
            if snapshot.box_nm is None:
                raise UnsupportedCapability('periodic physical evaluation requires a box')
            from .ledger import validate_pme_system
            # The immutable retained artifact has all of the actual MM settings.
            import openmm as mm
            validate_pme_system(mm.XmlSerializer.deserialize(bundle.manifest['retained_mm_xml']), snapshot.box_nm)
            coordinates = unwrap_molecules(bundle.topology, coordinates, snapshot.box_nm)
        elif snapshot.box_nm is not None:
            raise UnsupportedCapability('nonperiodic physical evaluation cannot acquire a box')
        # Derived entries are placeholders only. The Context reconstructs them
        # with its validated virtual-site machinery after every setPositions.
        positions = [(0., 0., 0.)]*len(bundle.masses_da)
        for atom_id, coordinate in zip(expected, coordinates):
            positions[bundle.real_to_final[atom_id]] = coordinate
        for link in bundle.links:
            a, b = (positions[bundle.real_to_final[parent]] for parent in (link.ml_parent_id, link.mm_parent_id))
>           if a == b:
               ^^^^^^
E           ValueError: The truth value of an array with more than one element is ambiguous. Use a.any() or a.all()

src/atm_mlmm/geometry.py:52: ValueError
=========================== short test summary info ============================
FAILED tests/integration/test_mechanical_pme.py::test_ml_mm_cross_interactions_retained
FAILED tests/integration/test_periodic_geometry.py::test_cap_wrapping_and_image_seam_continuity
2 failed, 18 passed in 5.46s
