2026-10-03:17:29:27,430 INFO     [psi4.driver.task_planner:259] PLANNING Atomic:  keywords={'DFT_RADIAL_POINTS': 99, 'DFT_SPHERICAL_POINTS': 590, 'DF_BASIS_SCF': 'DEF2-UNIVERSAL-JKFIT', 'D_CONVERGENCE': 1e-10, 'E_CONVERGENCE': 1e-10, 'INTS_TOLERANCE': 1e-12, 'MAXITER': 200, 'REFERENCE': 'RHF', 'SCF_TYPE': 'DF', 'WCOMBINE': 0, 'function_kwargs': {}}
2026-10-03:17:29:27,432 INFO     [psi4.driver.driver:638] Compute gradient(): method=wb97m-d3bj, basis=def2-tzvppd, molecule=default, nre=301.20184963410685
2026-10-03:17:37:48,638 INFO     [psi4.driver.driver:641] Return gradient(): -364.5096858751067
2026-10-03:17:37:48,645 INFO     [psi4.driver.driver:642] [[ 0.00811766  0.00734566 -0.0190081 ]
 [-0.00854871 -0.00731405  0.00964373]
 [ 0.00044168  0.00184441 -0.00076715]
 [-0.00161885  0.00015448  0.00617463]
 [ 0.00851547  0.00373283 -0.00138824]
 [-0.00367233 -0.0035319   0.00139472]
 [-0.00321199 -0.00004836  0.00372289]
 [-0.00164076  0.00197421 -0.0019535 ]
 [-0.00025367 -0.00319151  0.00222102]
 [-0.00204749 -0.00600827  0.00335403]
 [ 0.00031265  0.00638282 -0.00772725]
 [-0.00170657  0.0018532  -0.00419097]
 [-0.00249688 -0.00972533  0.00146961]
 [ 0.0026365   0.00261488  0.00186865]
 [ 0.00391059 -0.00149941 -0.0029068 ]
 [-0.00370467  0.00288225  0.00105929]
 [ 0.00476499  0.0067432   0.00216021]
 [ 0.00020186 -0.00420664  0.00487502]]
