Warning on use of the timeseries module: If the inherent timescales of the system are long compared to those being analyzed, this statistical inefficiency may be an underestimate.  The estimate presumes the use of many statistically independent samples.  Tests should be performed to assess whether this condition is satisfied.   Be cautious in the interpretation of the data.

****** PyMBAR will use 64-bit JAX! *******
* JAX is currently set to 32-bit bitsize *
* which is its default.                  *
*                                        *
* PyMBAR requires 64-bit mode and WILL   *
* enable JAX's 64-bit mode when called.  *
*                                        *
* This MAY cause problems with other     *
* Uses of JAX in the same code.          *
******************************************


******* JAX 64-bit mode is now on! *******
*     JAX is now set to 64-bit mode!     *
*   This MAY cause problems with other   *
*      uses of JAX in the same code.     *
******************************************

F
=================================== FAILURES ===================================
_ test_persistent_analyzer_rejects_duplicate_producer_streams_but_accepts_distinct_streams _

tmp_path = PosixPath('/tmp/pytest-of-agent/pytest-62/test_persistent_analyzer_rejec0')

    def test_persistent_analyzer_rejects_duplicate_producer_streams_but_accepts_distinct_streams(
            tmp_path):
        from atm_mlmm.exchange_analysis import analyze_exchange
        from atm_mlmm.persistence import read_json, write_json
        from atm_mlmm.schema import IdentityError, QualificationError
        from tests.workflow.test_persistent_exchange import prepare_multistate

        prepared = prepare_multistate(tmp_path / "prepared")
        duplicate_a = tmp_path / "duplicate-a"
        duplicate_b = tmp_path / "duplicate-b"
        distinct = tmp_path / "distinct"
        _run(prepared, duplicate_a, host_seed=73)
        _run(prepared, duplicate_b, host_seed=73)

        distinct_prepared = tmp_path / "prepared-distinct"
        shutil.copytree(prepared, distinct_prepared)
        metadata_path = distinct_prepared / "metadata.json"
        metadata = read_json(metadata_path)
        metadata["settings"]["seed"] = 43
        write_json(metadata_path, metadata)
        (distinct_prepared / "metadata.sha256").write_text(
            hashlib.sha256(metadata_path.read_bytes()).hexdigest() + "\n")
        _run(distinct_prepared, distinct, host_seed=74)

        duplicate_inputs = (
            _analysis_input(duplicate_a, tmp_path / "duplicate-a-window.json"),
            _analysis_input(duplicate_b, tmp_path / "duplicate-b-window.json"),
        )
        distinct_inputs = (
            duplicate_inputs[0],
            _analysis_input(distinct, tmp_path / "distinct-window.json"),
        )
        thermo, resampling = _analysis_contract()
        duplicate_a_metadata = read_json(duplicate_a / "metadata.json")
        duplicate_b_metadata = read_json(duplicate_b / "metadata.json")
        duplicate_a_provenance = read_json(duplicate_a / "initial" / "initialization.json")
        duplicate_b_provenance = read_json(duplicate_b / "initial" / "initialization.json")
        distinct_provenance = read_json(distinct / "initial" / "initialization.json")
        assert duplicate_a_metadata["run_id"] != duplicate_b_metadata["run_id"]
        assert duplicate_a_metadata["walker_ids"] != duplicate_b_metadata["walker_ids"]
        assert duplicate_a_provenance["identity_sha256"] == duplicate_b_provenance["identity_sha256"]
        assert set(duplicate_a_provenance) == {
            "format", "initial_state_sha256", "integrator_seeds", "runtime_identity",
            "host_rng_state_sha256", "identity_sha256",
        }
        assert distinct_provenance["initial_state_sha256"] == duplicate_a_provenance["initial_state_sha256"]
        assert distinct_provenance["integrator_seeds"] != duplicate_a_provenance["integrator_seeds"]
        assert distinct_provenance["host_rng_state_sha256"] != duplicate_a_provenance["host_rng_state_sha256"]
        assert distinct_provenance["identity_sha256"] != duplicate_a_provenance["identity_sha256"]

        with pytest.raises(IdentityError, match="initialization"):
            analyze_exchange(duplicate_inputs, thermo, resampling=resampling)

        try:
            analyze_exchange(distinct_inputs, thermo, resampling=resampling)
        except IdentityError as error:
            assert "initialization" not in str(error)
        except QualificationError:
            pass  # Two retained boundaries test stream admission, not sampling adequacy.

        legacy = tmp_path / "legacy-without-initialization-provenance"
        shutil.copytree(duplicate_b, legacy)
        (legacy / "initial" / "initialization.json").unlink()
        from atm_mlmm.exchange_journal import seal_tree, sha
        metadata_path = legacy / "metadata.json"
        metadata = read_json(metadata_path)
        metadata.pop("initialization_identity_sha256")
        metadata["initial_manifest_sha256"] = seal_tree(legacy / "initial", index=-1)
        write_json(metadata_path, metadata)
        (legacy / "metadata.sha256").write_text(sha(metadata_path) + "\n")
>       legacy_input = _analysis_input(legacy, tmp_path / "legacy-window.json")
                       ^^^^^^^^^^^^^^^^^^^^^^^^^^^^^^^^^^^^^^^^^^^^^^^^^^^^^^^^

tests/workflow/test_persistent_initialization_provenance.py:127:
_ _ _ _ _ _ _ _ _ _ _ _ _ _ _ _ _ _ _ _ _ _ _ _ _ _ _ _ _ _ _ _ _ _ _ _ _ _ _ _
tests/workflow/test_persistent_initialization_provenance.py:17: in _analysis_input
    rows = read_multistate_boundaries(run_dir)
           ^^^^^^^^^^^^^^^^^^^^^^^^^^^^^^^^^^^
_ _ _ _ _ _ _ _ _ _ _ _ _ _ _ _ _ _ _ _ _ _ _ _ _ _ _ _ _ _ _ _ _ _ _ _ _ _ _ _

directory = PosixPath('/tmp/pytest-of-agent/pytest-62/test_persistent_analyzer_rejec0/legacy-without-initialization-provenance')
allow_pending = False

    def read_multistate_boundaries(directory, *, allow_pending=False):
        """Read only a versioned multistate journal, without loading worker code."""
        if type(allow_pending) is not bool:
            raise ValueError('allow_pending must be boolean')
        directory=Path(directory)
        if sha(directory/'metadata.json')!=(directory/'metadata.sha256').read_text().strip():
            raise IdentityError('multistate metadata hash mismatch')
        metadata=read_json(directory/'metadata.json')
        if metadata.get('mode')!='persistent-multistate-exchange-v1':
            raise IdentityError('exchange journal mode is not persistent-multistate-exchange-v1')
        _verify_multistate_source(directory,metadata)
        _validate_multistate_metadata(metadata)
        timestep_ps=_validate_multistate_worker_contract(directory,metadata)
        initial=directory/'initial'
        initial_manifest=verify_tree(initial,index=-1)
        if sha(initial/'manifest.json')!=metadata.get('initial_manifest_sha256'):
            raise IdentityError('multistate initial boundary identity mismatch')
        n=len(metadata['state_ids']); workers=metadata['walker_ids']
        initial_expected={'record.json','rng.json','walker-to-state.json','final-state-reports.json'}
        if (initial/'initialization.json').exists() or (initial/'initialization.json').is_symlink():
            initial_expected.add('initialization.json')
        for w in range(n):
            initial_expected|={f'workers/worker-{w:03d}-state.xml',f'workers/worker-{w:03d}.chk'}
        if set(initial_manifest['files'])!=initial_expected:
            raise IdentityError('multistate initial artifact layout mismatch')
        initial_record=read_json(initial/'record.json')
        _validate_permutation(initial_record.get('walker_to_state'),n,'initial permutation')
        _validate_permutation(initial_record.get('state_to_walker'),n,'initial record inverse')
        if (initial_record.get('run_id')!=metadata['run_id'] or
            initial_record.get('walker_ids')!=workers or initial_record['walker_to_state']!=list(range(n)) or
            initial_record['state_to_walker']!=list(range(n))):
            raise IdentityError('multistate initial walker/state identity mismatch')
        _validate_inverse(initial/'walker-to-state.json',list(range(n)),n)
        _validate_rng_document(read_json(initial/'rng.json'))
        _validate_initialization_provenance(initial,metadata,n)
        initial_reports=_validate_final_reports(initial/'final-state-reports.json',metadata,None,
                                                expected_permutation=list(range(n)))
        previous_reports=initial_reports

        pending=directory/'pending'
        if pending.exists() or pending.is_symlink():
            if not allow_pending:
                raise IdentityError('incomplete multistate boundary preserved; explicit rollback/replay is required')
            if pending.is_symlink() or not pending.is_dir():
                raise IdentityError('multistate pending path identity mismatch')
        boundary_root=directory/'boundaries'
        if boundary_root.is_symlink() or not boundary_root.is_dir():
            raise IdentityError('multistate boundaries directory identity mismatch')
        paths=sorted(boundary_root.iterdir())
        if any(not re.fullmatch(r'\d{6}',p.name) or p.is_symlink() or not p.is_dir() for p in paths):
            raise IdentityError('unrecognized multistate boundary entry')
        if len(paths)>metadata['boundaries']:
            raise IdentityError('multistate journal exceeds declared boundary count')
        rows=[]; previous=sha(initial/'manifest.json')
        before=list(range(n)); sample_ids=set(); sequences={walker:0 for walker in workers}
        schedule_pairs=metadata['state_pairs']
        for index,path in enumerate(paths):
            if path.name!=f'{index:06d}':
                raise IdentityError('multistate boundary prefix is missing or reordered')
            manifest=verify_tree(path,index=index)
            record=read_json(path/'record.json')
            rng_parent=initial if index==0 else paths[index-1]
            if (type(record.get('boundary_index')) is not int or record['boundary_index']!=index or
                record.get('previous_manifest_sha256')!=previous or
                record.get('rng_before_sha256')!=sha(rng_parent/'rng.json')):
>               raise IdentityError('multistate boundary chain/permutation identity mismatch')
E               atm_mlmm.schema.IdentityError: multistate boundary chain/permutation identity mismatch

src/atm_mlmm/exchange_journal.py:195: IdentityError
=========================== short test summary info ============================
FAILED tests/workflow/test_persistent_initialization_provenance.py::test_persistent_analyzer_rejects_duplicate_producer_streams_but_accepts_distinct_streams
1 failed in 5.23s
