COMMAND: pytest -q tests/workflow/test_protein_input_admission.py::test_complete_input_only_manifest_accepts_explicit_none_and_empty_values tests/workflow/test_protein_input_admission.py::test_unselected_complete_protein_target_is_rejected_with_missing_choices
2026-10-07T19:28:02Z
F.                                                                       [100%]
=================================== FAILURES ===================================
___ test_complete_input_only_manifest_accepts_explicit_none_and_empty_values ___

tmp_path = PosixPath('/tmp/pytest-of-agent/pytest-73/test_complete_input_only_manif0')

    def test_complete_input_only_manifest_accepts_explicit_none_and_empty_values(tmp_path):
        from tools.prepare_protein_input import validate_manifest

        manifest = _complete_input_only_fixture(tmp_path)
>       result = validate_manifest(manifest)
                 ^^^^^^^^^^^^^^^^^^^^^^^^^^^

tests/workflow/test_protein_input_admission.py:264:
_ _ _ _ _ _ _ _ _ _ _ _ _ _ _ _ _ _ _ _ _ _ _ _ _ _ _ _ _ _ _ _ _ _ _ _ _ _ _ _
tools/prepare_protein_input.py:183: in validate_manifest
    config, input_manifest = _load_control(path.parent, document)
                             ^^^^^^^^^^^^^^^^^^^^^^^^^^^^^^^^^^^^
tools/prepare_protein_input.py:53: in _load_control
    original_system(config.original, require_inventory_identity=True)
_ _ _ _ _ _ _ _ _ _ _ _ _ _ _ _ _ _ _ _ _ _ _ _ _ _ _ _ _ _ _ _ _ _ _ _ _ _ _ _

original = SystemInput(prepared_mm_artifact='<?xml version="1.0" ?>\n<System openmmVersion="8.6.1" type="System" version="1">\n\t...(positions='nm', energy='kJ/mol', forces='kJ/mol/nm', time='ps', temperature='K'), prepared_mm_inventory_identity=None)
require_inventory_identity = True

    def original_system(original, *, require_inventory_identity=False):
        if hashlib.sha256(original.prepared_mm_artifact.encode()).hexdigest() != original.prepared_mm_sha256:
            raise IdentityError('prepared MM digest mismatch before deserialization')
        if require_inventory_identity and not original.prepared_mm_inventory_identity:
>           raise IdentityError('version-2 construction requires a prepared MM inventory identity')
E           atm_mlmm.schema.IdentityError: version-2 construction requires a prepared MM inventory identity

src/atm_mlmm/embeddings/mechanical.py:37: IdentityError
=========================== short test summary info ============================
FAILED tests/workflow/test_protein_input_admission.py::test_complete_input_only_manifest_accepts_explicit_none_and_empty_values
1 failed, 1 passed in 0.20s
EXIT=1
2026-10-07T19:28:03Z
