COMMAND: pytest -q tests/workflow/test_protein_input_admission.py::test_complete_input_only_manifest_accepts_explicit_none_and_empty_values tests/workflow/test_protein_input_admission.py::test_unselected_complete_protein_target_is_rejected_with_missing_choices
2026-10-07T19:28:11Z
F.                                                                       [100%]
=================================== FAILURES ===================================
___ test_complete_input_only_manifest_accepts_explicit_none_and_empty_values ___

tmp_path = PosixPath('/tmp/pytest-of-agent/pytest-74/test_complete_input_only_manif0')

    def test_complete_input_only_manifest_accepts_explicit_none_and_empty_values(tmp_path):
        from tools.prepare_protein_input import validate_manifest

        manifest = _complete_input_only_fixture(tmp_path)
>       result = validate_manifest(manifest)
                 ^^^^^^^^^^^^^^^^^^^^^^^^^^^

tests/workflow/test_protein_input_admission.py:266:
_ _ _ _ _ _ _ _ _ _ _ _ _ _ _ _ _ _ _ _ _ _ _ _ _ _ _ _ _ _ _ _ _ _ _ _ _ _ _ _
tools/prepare_protein_input.py:192: in validate_manifest
    _validate_complete_target(path.parent, document, config, input_manifest)
tools/prepare_protein_input.py:113: in _validate_complete_target
    if not _json_equal(force_field, original.force_field_provenance):
           ^^^^^^^^^^^^^^^^^^^^^^^^^^^^^^^^^^^^^^^^^^^^^^^^^^^^^^^^^
tools/prepare_protein_input.py:62: in _json_equal
    json.dumps(right, sort_keys=True, separators=(',', ':'), allow_nan=False)
../before-hpc-cpu-v2/env/lib/python3.11/json/__init__.py:238: in dumps
    **kw).encode(obj)
          ^^^^^^^^^^^
../before-hpc-cpu-v2/env/lib/python3.11/json/encoder.py:200: in encode
    chunks = self.iterencode(o, _one_shot=True)
             ^^^^^^^^^^^^^^^^^^^^^^^^^^^^^^^^^^
../before-hpc-cpu-v2/env/lib/python3.11/json/encoder.py:258: in iterencode
    return _iterencode(o, 0)
           ^^^^^^^^^^^^^^^^^
_ _ _ _ _ _ _ _ _ _ _ _ _ _ _ _ _ _ _ _ _ _ _ _ _ _ _ _ _ _ _ _ _ _ _ _ _ _ _ _

self = <json.encoder.JSONEncoder object at 0x7fbf40104390>
o = mappingproxy({'forcefield': 'GAFF 2.2.20 / actual AM1-BCC', 'nonbonded_conventions': mappingproxy({'method': 'NoCutoff'}), 'prepared_manifest': 'b956f580c233ca84cf1c88c855f13bb060e14f4178a479177ba535d153b81c08'})

    def default(self, o):
        """Implement this method in a subclass such that it returns
        a serializable object for ``o``, or calls the base implementation
        (to raise a ``TypeError``).

        For example, to support arbitrary iterators, you could
        implement default like this::

            def default(self, o):
                try:
                    iterable = iter(o)
                except TypeError:
                    pass
                else:
                    return list(iterable)
                # Let the base class default method raise the TypeError
                return super().default(o)

        """
>       raise TypeError(f'Object of type {o.__class__.__name__} '
                        f'is not JSON serializable')
E       TypeError: Object of type mappingproxy is not JSON serializable

../before-hpc-cpu-v2/env/lib/python3.11/json/encoder.py:180: TypeError
=========================== short test summary info ============================
FAILED tests/workflow/test_protein_input_admission.py::test_complete_input_only_manifest_accepts_explicit_none_and_empty_values
1 failed, 1 passed in 0.21s
EXIT=1
2026-10-07T19:28:11Z
