Warning on use of the timeseries module: If the inherent timescales of the system are long compared to those being analyzed, this statistical inefficiency may be an underestimate.  The estimate presumes the use of many statistically independent samples.  Tests should be performed to assess whether this condition is satisfied.   Be cautious in the interpretation of the data.

****** PyMBAR will use 64-bit JAX! *******
* JAX is currently set to 32-bit bitsize *
* which is its default.                  *
*                                        *
* PyMBAR requires 64-bit mode and WILL   *
* enable JAX's 64-bit mode when called.  *
*                                        *
* This MAY cause problems with other     *
* Uses of JAX in the same code.          *
******************************************


******* JAX 64-bit mode is now on! *******
*     JAX is now set to 64-bit mode!     *
*   This MAY cause problems with other   *
*      uses of JAX in the same code.     *
******************************************

F
=================================== FAILURES ===================================
_ test_persistent_analyzer_rejects_duplicate_producer_streams_but_accepts_distinct_streams _

tmp_path = PosixPath('/tmp/pytest-of-agent/pytest-60/test_persistent_analyzer_rejec0')

    def test_persistent_analyzer_rejects_duplicate_producer_streams_but_accepts_distinct_streams(
            tmp_path):
        from atm_mlmm.exchange_analysis import analyze_exchange
        from atm_mlmm.persistence import read_json, write_json
        from atm_mlmm.schema import IdentityError, QualificationError
        from tests.workflow.test_persistent_exchange import prepare_multistate

        prepared = prepare_multistate(tmp_path / "prepared")
        duplicate_a = tmp_path / "duplicate-a"
        duplicate_b = tmp_path / "duplicate-b"
        distinct = tmp_path / "distinct"
        _run(prepared, duplicate_a, host_seed=73)
        _run(prepared, duplicate_b, host_seed=73)

        distinct_prepared = tmp_path / "prepared-distinct"
        shutil.copytree(prepared, distinct_prepared)
        metadata_path = distinct_prepared / "metadata.json"
        metadata = read_json(metadata_path)
        metadata["settings"]["seed"] = 43
        write_json(metadata_path, metadata)
        (distinct_prepared / "metadata.sha256").write_text(
            hashlib.sha256(metadata_path.read_bytes()).hexdigest() + "\n")
        _run(distinct_prepared, distinct, host_seed=74)

        duplicate_inputs = (
            _analysis_input(duplicate_a, tmp_path / "duplicate-a-window.json"),
            _analysis_input(duplicate_b, tmp_path / "duplicate-b-window.json"),
        )
        distinct_inputs = (
            duplicate_inputs[0],
            _analysis_input(distinct, tmp_path / "distinct-window.json"),
        )
        thermo, resampling = _analysis_contract()

>       with pytest.raises(IdentityError, match="initialization"):
E       Failed: DID NOT RAISE IdentityError

tests/workflow/test_persistent_initialization_provenance.py:91: Failed
=========================== short test summary info ============================
FAILED tests/workflow/test_persistent_initialization_provenance.py::test_persistent_analyzer_rejects_duplicate_producer_streams_but_accepts_distinct_streams
1 failed in 4.68s
