COMMAND: pytest -q tests/workflow/test_protein_input_admission.py -k physical_solvent_preparation
2026-10-07T19:26:07Z
FF.                                                                      [100%]
=================================== FAILURES ===================================
_ test_physical_solvent_preparation_requires_every_declared_force_owner[stage_owners0] _

stage_owners = []

    @pytest.mark.parametrize('stage_owners', ([], ['MM', 'outside']))
    def test_physical_solvent_preparation_requires_every_declared_force_owner(stage_owners):
        from tools.validate_solvent_recipe import validate_recipe

>       with pytest.raises(ValueError, match='every preparation stage'):
E       Failed: DID NOT RAISE ValueError

tests/workflow/test_protein_input_admission.py:133: Failed
_ test_physical_solvent_preparation_requires_every_declared_force_owner[stage_owners1] _

stage_owners = ['MM', 'outside']

    @pytest.mark.parametrize('stage_owners', ([], ['MM', 'outside']))
    def test_physical_solvent_preparation_requires_every_declared_force_owner(stage_owners):
        from tools.validate_solvent_recipe import validate_recipe

>       with pytest.raises(ValueError, match='every preparation stage'):
E       Failed: DID NOT RAISE ValueError

tests/workflow/test_protein_input_admission.py:133: Failed
=========================== short test summary info ============================
FAILED tests/workflow/test_protein_input_admission.py::test_physical_solvent_preparation_requires_every_declared_force_owner[stage_owners0]
FAILED tests/workflow/test_protein_input_admission.py::test_physical_solvent_preparation_requires_every_declared_force_owner[stage_owners1]
2 failed, 1 passed, 5 deselected in 0.05s
EXIT=1
2026-10-07T19:26:08Z
