COMMAND: pytest -q tests/workflow/test_runtime_source_inventory_recursive.py
2026-10-07T19:25:10Z
F                                                                        [100%]
=================================== FAILURES ===================================
__________ test_bundle_python_source_inventory_must_match_recursively __________

tmp_path = PosixPath('/tmp/pytest-of-agent/pytest-69/test_bundle_python_source_inve0')

    def test_bundle_python_source_inventory_must_match_recursively(tmp_path):
        root, files = _bundle(tmp_path)
        verify_source_inventory(root, files, current_source_root=SOURCE)

        undeclared = root / "runtime/source/atm_mlmm/nested/undeclared.py"
        undeclared.parent.mkdir()
        undeclared.write_text("VALUE = 'not in manifest'\n")
>       with pytest.raises(IdentityError, match="source inventory"):
E       Failed: DID NOT RAISE IdentityError

tests/workflow/test_runtime_source_inventory_recursive.py:35: Failed
=========================== short test summary info ============================
FAILED tests/workflow/test_runtime_source_inventory_recursive.py::test_bundle_python_source_inventory_must_match_recursively
1 failed in 0.06s
EXIT=1
2026-10-07T19:25:10Z
