{
  "reviewed_sha": "a825f5f1c2d8cf4146133c2049ef1c4eca550e93",
  "reviewer": "/root/m00_reference_design_v3; gpt-6-astra/high fresh context per dispatch",
  "python": "/workspace/atom-mlmm-g05-v2/env/bin/python",
  "numpy": "2.4.6",
  "total_checks": 969,
  "passed": 967,
  "failed": [
    {
      "check": "ethanol-120:internal nonbonded ratio",
      "passed": false,
      "details": 0.6022628415363671
    },
    {
      "check": "ethanol-60:internal nonbonded ratio",
      "passed": false,
      "details": 0.6072050039282513
    }
  ]
}
