Traceback (most recent call last):
  File "/workspace/AToM_MLMM-m03-reference-g05/Worker_Log/Milestone_00/evidence/M00_review_v3/review.py", line 106, in <module>
    (OUT/'review-results.json').write_text(json.dumps(result,indent=2)+'\n')
                                           ^^^^^^^^^^^^^^^^^^^^^^^^^^^
  File "/workspace/atom-mlmm-g05-v2/env/lib/python3.11/json/__init__.py", line 238, in dumps
    **kw).encode(obj)
          ^^^^^^^^^^^
  File "/workspace/atom-mlmm-g05-v2/env/lib/python3.11/json/encoder.py", line 202, in encode
    chunks = list(chunks)
             ^^^^^^^^^^^^
  File "/workspace/atom-mlmm-g05-v2/env/lib/python3.11/json/encoder.py", line 432, in _iterencode
    yield from _iterencode_dict(o, _current_indent_level)
  File "/workspace/atom-mlmm-g05-v2/env/lib/python3.11/json/encoder.py", line 406, in _iterencode_dict
    yield from chunks
  File "/workspace/atom-mlmm-g05-v2/env/lib/python3.11/json/encoder.py", line 326, in _iterencode_list
    yield from chunks
  File "/workspace/atom-mlmm-g05-v2/env/lib/python3.11/json/encoder.py", line 406, in _iterencode_dict
    yield from chunks
  File "/workspace/atom-mlmm-g05-v2/env/lib/python3.11/json/encoder.py", line 406, in _iterencode_dict
    yield from chunks
  File "/workspace/atom-mlmm-g05-v2/env/lib/python3.11/json/encoder.py", line 326, in _iterencode_list
    yield from chunks
  File "/workspace/atom-mlmm-g05-v2/env/lib/python3.11/json/encoder.py", line 439, in _iterencode
    o = _default(o)
        ^^^^^^^^^^^
  File "/workspace/atom-mlmm-g05-v2/env/lib/python3.11/json/encoder.py", line 180, in default
    raise TypeError(f'Object of type {o.__class__.__name__} '
TypeError: Object of type int64 is not JSON serializable
