{
  "reviewed_sha": "a825f5f1c2d8cf4146133c2049ef1c4eca550e93",
  "reviewer": "/root/m00_reference_design_v3; gpt-6-astra/high fresh context per dispatch",
  "python": "/workspace/atom-mlmm-g05-v2/env/bin/python",
  "numpy": "2.4.6",
  "total_checks": 965,
  "passed": 965,
  "failed": [],
  "extra_parent_diagnostics": [
    {
      "name": "ethanol--60",
      "internal_nonbonded_ratio": 0.6988630072699311,
      "criterion_applicable": false
    },
    {
      "name": "ethanol-120",
      "internal_nonbonded_ratio": 0.6022628415363671,
      "criterion_applicable": false
    },
    {
      "name": "ethanol-180",
      "internal_nonbonded_ratio": 0.6988630072699311,
      "criterion_applicable": false
    },
    {
      "name": "ethanol-60",
      "internal_nonbonded_ratio": 0.6072050039282513,
      "criterion_applicable": false
    },
    {
      "name": "ethanol-acetamide-d2.6-r0",
      "internal_nonbonded_ratio": 0.6988630072699312,
      "criterion_applicable": true
    },
    {
      "name": "ethanol-acetamide-d3-r0",
      "internal_nonbonded_ratio": 0.6988630072699312,
      "criterion_applicable": true
    },
    {
      "name": "ethanol-acetamide-d3-r60",
      "internal_nonbonded_ratio": 0.6988630072699312,
      "criterion_applicable": true
    },
    {
      "name": "ethanol-acetamide-d3.5-r0",
      "internal_nonbonded_ratio": 0.6988630072699312,
      "criterion_applicable": true
    },
    {
      "name": "ethanol-acetamide-separated",
      "internal_nonbonded_ratio": 0.6988630072699312,
      "criterion_applicable": true
    },
    {
      "name": "ethanol-methanol-d2.6-r0",
      "internal_nonbonded_ratio": 0.6988630072699312,
      "criterion_applicable": true
    },
    {
      "name": "ethanol-methanol-d3-r0",
      "internal_nonbonded_ratio": 0.6988630072699312,
      "criterion_applicable": true
    },
    {
      "name": "ethanol-methanol-d3-r60",
      "internal_nonbonded_ratio": 0.6988630072699312,
      "criterion_applicable": true
    },
    {
      "name": "ethanol-methanol-d3.5-r0",
      "internal_nonbonded_ratio": 0.6988630072699312,
      "criterion_applicable": true
    },
    {
      "name": "ethanol-methanol-separated",
      "internal_nonbonded_ratio": 0.6988630072699312,
      "criterion_applicable": true
    }
  ]
}
