{
  "case": "fixed_clock",
  "expected": "reject before stepping: checkpoint time disagrees with saved sample and State",
  "actual": "complete",
  "mutation": {
    "original_time_ps": 0.0005,
    "altered_time_ps": 1.0005,
    "step": 1,
    "other_observables_unchanged": true,
    "original_checkpoint_sha256": "cc24680c88376d1c972e09233c14507f43a44778a767912861de1a1a8a3e8c76",
    "altered_checkpoint_sha256": "befc284bdea96e101360612e8b53a5af6defa3310f058af1b906d6142ca76c44"
  },
  "saved_time_ps": 0.0005,
  "next_time_ps": 1.001,
  "expected_elapsed_ps": 0.0005,
  "actual_elapsed_ps": 1.0005,
  "defect_reproduced": true
}
{
  "case": "fixed_source_omission",
  "expected": "reject incomplete bundled source inventory before execution",
  "actual": {
    "execution_reached": true
  },
  "omitted": "runtime/source/atm_mlmm/chemical_reference.py",
  "remaining_source_entries": 37,
  "proof_kind": "admission control-flow sentinel; no continuation or numerical claim",
  "defect_reproduced": true
}
{
  "case": "fixed_geometry_before_step",
  "expected": "geometry guard rejects before integration",
  "oracle_rejection": "map0 intermolecular Bondi ratio 0 < 0.65 at ['b1', 'protein']",
  "actual_exception": {
    "type": "StepSentinel",
    "message": "integration reached before restored geometry admission"
  },
  "integration_calls": [
    1
  ],
  "invalid_geometry_steps_executed": 0,
  "defect_reproduced": true
}
{
  "case": "pair_clock",
  "expected": "reject checkpoint time inconsistent with prior sample/portable State before stepping",
  "actual": "complete",
  "mutation": {
    "original_time_ps": 0.0005,
    "altered_time_ps": 1.0005,
    "step": 1,
    "other_observables_unchanged": true,
    "original_checkpoint_sha256": "4105111f5d291b7f5c5b0636e27f83c617b2b2c363540b4438f603d5cba2915b",
    "altered_checkpoint_sha256": "3bb95c59613de9970ff056390b6bb7260a05a370ba1cc42c2b58866ef3b4acf3"
  },
  "expected_elapsed_ps": 0.0005,
  "actual_elapsed_ps": 1.0005,
  "defect_reproduced": true
}
