2026-10-03:16:37:45,660 INFO     [psi4.driver.task_planner:259] PLANNING Atomic:  keywords={'DFT_RADIAL_POINTS': 99, 'DFT_SPHERICAL_POINTS': 590, 'DF_BASIS_SCF': 'DEF2-UNIVERSAL-JKFIT', 'D_CONVERGENCE': 1e-10, 'E_CONVERGENCE': 1e-10, 'INTS_TOLERANCE': 1e-12, 'MAXITER': 200, 'REFERENCE': 'RHF', 'SCF_TYPE': 'DF', 'WCOMBINE': 0, 'function_kwargs': {}}
2026-10-03:16:37:45,662 INFO     [psi4.driver.driver:638] Compute gradient(): method=wb97m-d3bj, basis=def2-tzvppd, molecule=default, nre=227.85445497853848
2026-10-03:16:46:38,523 INFO     [psi4.driver.driver:641] Return gradient(): -274.3472352257259
2026-10-03:16:46:38,526 INFO     [psi4.driver.driver:642] [[-0.00731428 -0.00718496 -0.01690558]
 [ 0.00131282  0.00251937  0.00266208]
 [ 0.00003403  0.00260649  0.00675677]
 [ 0.00252075 -0.00104445 -0.00233088]
 [ 0.00154532 -0.00249646  0.00573319]
 [ 0.00181452 -0.00230051 -0.0003653 ]
 [ 0.00213966 -0.00228296  0.00214891]
 [ 0.0013654   0.00259581 -0.00170931]
 [-0.00301353  0.00367982 -0.00070837]
 [-0.00081256  0.00114644  0.00429858]
 [ 0.00052191  0.00343798  0.00171883]
 [-0.00059258  0.00016981 -0.00313532]
 [-0.00066048 -0.00068443  0.00306473]
 [ 0.00171266 -0.00019981 -0.00120138]
 [ 0.00248809 -0.00039974  0.00399013]
 [-0.00209052 -0.01025559  0.00934567]
 [-0.00056058 -0.00351386  0.00347515]
 [-0.00057839  0.00564268 -0.00106837]
 [ 0.00323961  0.00387431 -0.00208516]
 [-0.00307534  0.00469071 -0.01368109]]
