============================= test session starts ==============================
platform linux -- Python 3.11.16, pytest-9.1.1, pluggy-1.6.0 -- /workspace/atom-mlmm-g05-v2/env/bin/python
cachedir: .pytest_cache
rootdir: /workspace/AToM_MLMM-m03-reference-g05
configfile: pytest.ini
plugins: cov-7.1.0, platformdirs-4.12.2, anyio-4.15.1
collecting ... collected 7 items

tests/unit/test_quantum_interruptions.py::test_coordinator_crash_cannot_leave_live_or_duplicate_work[before_spawn] PASSED [ 14%]
tests/unit/test_quantum_interruptions.py::test_coordinator_crash_cannot_leave_live_or_duplicate_work[after_spawn] FAILED [ 28%]
tests/unit/test_quantum_interruptions.py::test_coordinator_crash_cannot_leave_live_or_duplicate_work[after_identity] FAILED [ 42%]
tests/unit/test_quantum_interruptions.py::test_coordinator_crash_cannot_leave_live_or_duplicate_work[after_authorize] FAILED [ 57%]
tests/unit/test_quantum_interruptions.py::test_progress_never_references_unsynced_record_or_receipt FAILED [ 71%]
tests/unit/test_quantum_interruptions.py::test_worker_completion_is_atomic_and_durable_before_replace FAILED [ 85%]
tests/unit/test_quantum_interruptions.py::test_missing_promoted_copy_is_restored_from_validated_attempt FAILED [100%]

=================================== FAILURES ===================================
___ test_coordinator_crash_cannot_leave_live_or_duplicate_work[after_spawn] ____

synthetic = (PosixPath('/tmp/pytest-of-agent/pytest-19/test_coordinator_crash_cannot_1/plan'), PosixPath('/tmp/pytest-of-agent/pyt...sh_cannot_1/reference/bin/python'), PosixPath('/tmp/pytest-of-agent/pytest-19/test_coordinator_crash_cannot_1/output'))
monkeypatch = <_pytest.monkeypatch.MonkeyPatch object at 0x7fd0e3074d10>
boundary = 'after_spawn'

    @pytest.mark.parametrize('boundary', ['before_spawn', 'after_spawn', 'after_identity', 'after_authorize'])
    def test_coordinator_crash_cannot_leave_live_or_duplicate_work(synthetic, monkeypatch, boundary):
        functions = load_recovery(monkeypatch)
        output = synthetic[-1]
        guard_pid = output.parent / 'guard.pid'
        child_pid = output.parent / 'child.pid'
        script = output.parent / 'crash.py'
        script.write_text(f'''
    import os, runpy, subprocess, sys, time
    from argparse import Namespace
    from pathlib import Path
    sys.path.insert(0, {str(REPO / 'tools')!r})
    functions = runpy.run_path({str(REPO / 'tools/resume_neutral_quantum.py')!r})
    real_popen = subprocess.Popen
    def spawn(*args, **kwargs):
        if {boundary!r} == 'before_spawn': os._exit(99)
        process = real_popen(*args, **kwargs)
        Path({str(guard_pid)!r}).write_text(str(process.pid))
        if {boundary!r} == 'after_spawn': os._exit(99)
        return process
    subprocess.Popen = spawn
    real_dump = functions['atomic_dump']
    def checkpoint(path, data):
        real_dump(path, data)
        if {boundary!r} == 'after_identity' and Path(path).name == 'progress.json' and data['sessions'][-1].get('active_worker'):
            os._exit(99)
    functions['run'].__globals__['atomic_dump'] = checkpoint
    real_write = os.write
    def authorize(fd, data):
        result = real_write(fd, data)
        if {boundary!r} == 'after_authorize' and data == b'G':
            deadline = time.monotonic() + 5
            while not Path({str(child_pid)!r}).exists() and time.monotonic() < deadline: time.sleep(.01)
            os._exit(99)
        return result
    os.write = authorize
    functions['run'](Namespace(**{arguments(synthetic)!r}))
    ''')
        env = {**os.environ, 'QUANTUM_RECOVERY_TEST_MODE': 'timeout',
               'QUANTUM_RECOVERY_TEST_CHILD': str(child_pid)}
        first = subprocess.run([sys.executable, str(script)], env=env, capture_output=True, text=True, timeout=15)
        try:
            assert first.returncode == 99, first.stderr
            if guard_pid.exists():
                pid = int(guard_pid.read_text())
>               assert wait_for(lambda: functions['process_identity'](pid) is None), 'Orphan launch group survived coordinator death'
E               AssertionError: Orphan launch group survived coordinator death
E               assert False
E                +  where False = wait_for(<function test_coordinator_crash_cannot_leave_live_or_duplicate_work.<locals>.<lambda> at 0x7fd0e1344860>)

tests/unit/test_quantum_interruptions.py:87: AssertionError
__ test_coordinator_crash_cannot_leave_live_or_duplicate_work[after_identity] __

synthetic = (PosixPath('/tmp/pytest-of-agent/pytest-19/test_coordinator_crash_cannot_2/plan'), PosixPath('/tmp/pytest-of-agent/pyt...sh_cannot_2/reference/bin/python'), PosixPath('/tmp/pytest-of-agent/pytest-19/test_coordinator_crash_cannot_2/output'))
monkeypatch = <_pytest.monkeypatch.MonkeyPatch object at 0x7fd0e13b5e90>
boundary = 'after_identity'

    @pytest.mark.parametrize('boundary', ['before_spawn', 'after_spawn', 'after_identity', 'after_authorize'])
    def test_coordinator_crash_cannot_leave_live_or_duplicate_work(synthetic, monkeypatch, boundary):
        functions = load_recovery(monkeypatch)
        output = synthetic[-1]
        guard_pid = output.parent / 'guard.pid'
        child_pid = output.parent / 'child.pid'
        script = output.parent / 'crash.py'
        script.write_text(f'''
    import os, runpy, subprocess, sys, time
    from argparse import Namespace
    from pathlib import Path
    sys.path.insert(0, {str(REPO / 'tools')!r})
    functions = runpy.run_path({str(REPO / 'tools/resume_neutral_quantum.py')!r})
    real_popen = subprocess.Popen
    def spawn(*args, **kwargs):
        if {boundary!r} == 'before_spawn': os._exit(99)
        process = real_popen(*args, **kwargs)
        Path({str(guard_pid)!r}).write_text(str(process.pid))
        if {boundary!r} == 'after_spawn': os._exit(99)
        return process
    subprocess.Popen = spawn
    real_dump = functions['atomic_dump']
    def checkpoint(path, data):
        real_dump(path, data)
        if {boundary!r} == 'after_identity' and Path(path).name == 'progress.json' and data['sessions'][-1].get('active_worker'):
            os._exit(99)
    functions['run'].__globals__['atomic_dump'] = checkpoint
    real_write = os.write
    def authorize(fd, data):
        result = real_write(fd, data)
        if {boundary!r} == 'after_authorize' and data == b'G':
            deadline = time.monotonic() + 5
            while not Path({str(child_pid)!r}).exists() and time.monotonic() < deadline: time.sleep(.01)
            os._exit(99)
        return result
    os.write = authorize
    functions['run'](Namespace(**{arguments(synthetic)!r}))
    ''')
        env = {**os.environ, 'QUANTUM_RECOVERY_TEST_MODE': 'timeout',
               'QUANTUM_RECOVERY_TEST_CHILD': str(child_pid)}
        first = subprocess.run([sys.executable, str(script)], env=env, capture_output=True, text=True, timeout=15)
        try:
            assert first.returncode == 99, first.stderr
            if guard_pid.exists():
                pid = int(guard_pid.read_text())
>               assert wait_for(lambda: functions['process_identity'](pid) is None), 'Orphan launch group survived coordinator death'
E               AssertionError: Orphan launch group survived coordinator death
E               assert False
E                +  where False = wait_for(<function test_coordinator_crash_cannot_leave_live_or_duplicate_work.<locals>.<lambda> at 0x7fd0e1346ac0>)

tests/unit/test_quantum_interruptions.py:87: AssertionError
_ test_coordinator_crash_cannot_leave_live_or_duplicate_work[after_authorize] __

synthetic = (PosixPath('/tmp/pytest-of-agent/pytest-19/test_coordinator_crash_cannot_3/plan'), PosixPath('/tmp/pytest-of-agent/pyt...sh_cannot_3/reference/bin/python'), PosixPath('/tmp/pytest-of-agent/pytest-19/test_coordinator_crash_cannot_3/output'))
monkeypatch = <_pytest.monkeypatch.MonkeyPatch object at 0x7fd0e13b7cd0>
boundary = 'after_authorize'

    @pytest.mark.parametrize('boundary', ['before_spawn', 'after_spawn', 'after_identity', 'after_authorize'])
    def test_coordinator_crash_cannot_leave_live_or_duplicate_work(synthetic, monkeypatch, boundary):
        functions = load_recovery(monkeypatch)
        output = synthetic[-1]
        guard_pid = output.parent / 'guard.pid'
        child_pid = output.parent / 'child.pid'
        script = output.parent / 'crash.py'
        script.write_text(f'''
    import os, runpy, subprocess, sys, time
    from argparse import Namespace
    from pathlib import Path
    sys.path.insert(0, {str(REPO / 'tools')!r})
    functions = runpy.run_path({str(REPO / 'tools/resume_neutral_quantum.py')!r})
    real_popen = subprocess.Popen
    def spawn(*args, **kwargs):
        if {boundary!r} == 'before_spawn': os._exit(99)
        process = real_popen(*args, **kwargs)
        Path({str(guard_pid)!r}).write_text(str(process.pid))
        if {boundary!r} == 'after_spawn': os._exit(99)
        return process
    subprocess.Popen = spawn
    real_dump = functions['atomic_dump']
    def checkpoint(path, data):
        real_dump(path, data)
        if {boundary!r} == 'after_identity' and Path(path).name == 'progress.json' and data['sessions'][-1].get('active_worker'):
            os._exit(99)
    functions['run'].__globals__['atomic_dump'] = checkpoint
    real_write = os.write
    def authorize(fd, data):
        result = real_write(fd, data)
        if {boundary!r} == 'after_authorize' and data == b'G':
            deadline = time.monotonic() + 5
            while not Path({str(child_pid)!r}).exists() and time.monotonic() < deadline: time.sleep(.01)
            os._exit(99)
        return result
    os.write = authorize
    functions['run'](Namespace(**{arguments(synthetic)!r}))
    ''')
        env = {**os.environ, 'QUANTUM_RECOVERY_TEST_MODE': 'timeout',
               'QUANTUM_RECOVERY_TEST_CHILD': str(child_pid)}
>       first = subprocess.run([sys.executable, str(script)], env=env, capture_output=True, text=True, timeout=15)
                ^^^^^^^^^^^^^^^^^^^^^^^^^^^^^^^^^^^^^^^^^^^^^^^^^^^^^^^^^^^^^^^^^^^^^^^^^^^^^^^^^^^^^^^^^^^^^^^^^^

tests/unit/test_quantum_interruptions.py:82: 
_ _ _ _ _ _ _ _ _ _ _ _ _ _ _ _ _ _ _ _ _ _ _ _ _ _ _ _ _ _ _ _ _ _ _ _ _ _ _ _ 
../atom-mlmm-g05-v2/env/lib/python3.11/subprocess.py:550: in run
    stdout, stderr = process.communicate(input, timeout=timeout)
                     ^^^^^^^^^^^^^^^^^^^^^^^^^^^^^^^^^^^^^^^^^^^
../atom-mlmm-g05-v2/env/lib/python3.11/subprocess.py:1209: in communicate
    stdout, stderr = self._communicate(input, endtime, timeout)
                     ^^^^^^^^^^^^^^^^^^^^^^^^^^^^^^^^^^^^^^^^^^
../atom-mlmm-g05-v2/env/lib/python3.11/subprocess.py:2116: in _communicate
    self._check_timeout(endtime, orig_timeout, stdout, stderr)
_ _ _ _ _ _ _ _ _ _ _ _ _ _ _ _ _ _ _ _ _ _ _ _ _ _ _ _ _ _ _ _ _ _ _ _ _ _ _ _ 

self = <Popen: returncode: -9 args: ['/workspace/atom-mlmm-g05-v2/env/bin/python', ...>
endtime = 19797.891390203, orig_timeout = 15
stdout_seq = [b'one exit 0 verified True total 1 / 3\n'], stderr_seq = []
skip_check_and_raise = False

    def _check_timeout(self, endtime, orig_timeout, stdout_seq, stderr_seq,
                       skip_check_and_raise=False):
        """Convenience for checking if a timeout has expired."""
        if endtime is None:
            return
        if skip_check_and_raise or _time() > endtime:
>           raise TimeoutExpired(
                    self.args, orig_timeout,
                    output=b''.join(stdout_seq) if stdout_seq else None,
                    stderr=b''.join(stderr_seq) if stderr_seq else None)
E           subprocess.TimeoutExpired: Command '['/workspace/atom-mlmm-g05-v2/env/bin/python', '/tmp/pytest-of-agent/pytest-19/test_coordinator_crash_cannot_3/crash.py']' timed out after 15 seconds

../atom-mlmm-g05-v2/env/lib/python3.11/subprocess.py:1253: TimeoutExpired
__________ test_progress_never_references_unsynced_record_or_receipt ___________

synthetic = (PosixPath('/tmp/pytest-of-agent/pytest-19/test_progress_never_references0/plan'), PosixPath('/tmp/pytest-of-agent/pyt...references0/reference/bin/python'), PosixPath('/tmp/pytest-of-agent/pytest-19/test_progress_never_references0/output'))
monkeypatch = <_pytest.monkeypatch.MonkeyPatch object at 0x7fd0e2075550>

    def test_progress_never_references_unsynced_record_or_receipt(synthetic, monkeypatch):
        functions = load_recovery(monkeypatch)
        output = synthetic[-1]
        actual_sync = os.fsync
        file_syncs, directory_syncs = {}, {}
        sequence = 0
    
        def trace(fd):
            nonlocal sequence
            path = Path(os.readlink(f'/proc/self/fd/{fd}'))
            sequence += 1
            if path.is_dir():
                directory_syncs[path] = sequence
            else:
                file_syncs[path] = sequence
                if path.name == 'progress.json.tmp':
                    state = json.loads(path.read_text())
                    for name in state['record_hashes']:
                        target = output / 'records' / (name + '.json')
                        assert file_syncs.get(target, 0) or file_syncs.get(target.with_suffix('.json.tmp'), 0), 'Unsynced promoted record'
                        latest = max(file_syncs.get(target, 0), file_syncs.get(target.with_suffix('.json.tmp'), 0))
                        assert directory_syncs.get(target.parent, 0) > latest, 'Record entry not durable'
                        receipt = Path(state['provenance'][name]['receipt'])
                        assert receipt in file_syncs, 'Receipt not durable before admission'
                        assert directory_syncs.get(receipt.parent, 0) > file_syncs[receipt], 'Receipt entry not durable'
            actual_sync(fd)
    
        monkeypatch.setattr(os, 'fsync', trace)
>       assert functions['run'](Namespace(**arguments(synthetic))) == 0
               ^^^^^^^^^^^^^^^^^^^^^^^^^^^^^^^^^^^^^^^^^^^^^^^^^^^

tests/unit/test_quantum_interruptions.py:133: 
_ _ _ _ _ _ _ _ _ _ _ _ _ _ _ _ _ _ _ _ _ _ _ _ _ _ _ _ _ _ _ _ _ _ _ _ _ _ _ _ 
tools/resume_neutral_quantum.py:421: in run
    checkpoint()
tools/resume_neutral_quantum.py:341: in checkpoint
    atomic_dump(progress_path, state)
tools/resume_neutral_quantum.py:35: in atomic_dump
    os.fsync(stream.fileno())
_ _ _ _ _ _ _ _ _ _ _ _ _ _ _ _ _ _ _ _ _ _ _ _ _ _ _ _ _ _ _ _ _ _ _ _ _ _ _ _ 

fd = 12

    def trace(fd):
        nonlocal sequence
        path = Path(os.readlink(f'/proc/self/fd/{fd}'))
        sequence += 1
        if path.is_dir():
            directory_syncs[path] = sequence
        else:
            file_syncs[path] = sequence
            if path.name == 'progress.json.tmp':
                state = json.loads(path.read_text())
                for name in state['record_hashes']:
                    target = output / 'records' / (name + '.json')
>                   assert file_syncs.get(target, 0) or file_syncs.get(target.with_suffix('.json.tmp'), 0), 'Unsynced promoted record'
E                   AssertionError: Unsynced promoted record
E                   assert (0 or 0)
E                    +  where 0 = <built-in method get of dict object at 0x7fd0e2075440>(PosixPath('/tmp/pytest-of-agent/pytest-19/test_progress_never_references0/output/records/one.json'), 0)
E                    +    where <built-in method get of dict object at 0x7fd0e2075440> = {PosixPath('/tmp/pytest-of-agent/pytest-19/test_progress_never_references0/output/progress.json.tmp'): 9, PosixPath('/tmp/pytest-of-agent/pytest-19/test_progress_never_references0/output/jobs/one/attempt-0001/order.json'): 5, PosixPath('/tmp/pytest-of-agent/pytest-19/test_progress_never_references0/output/jobs/one/attempt-0001/receipt.json'): 8}.get
E                    +  and   0 = <built-in method get of dict object at 0x7fd0e2075440>(PosixPath('/tmp/pytest-of-agent/pytest-19/test_progress_never_references0/output/records/one.json.tmp'), 0)
E                    +    where <built-in method get of dict object at 0x7fd0e2075440> = {PosixPath('/tmp/pytest-of-agent/pytest-19/test_progress_never_references0/output/progress.json.tmp'): 9, PosixPath('/tmp/pytest-of-agent/pytest-19/test_progress_never_references0/output/jobs/one/attempt-0001/order.json'): 5, PosixPath('/tmp/pytest-of-agent/pytest-19/test_progress_never_references0/output/jobs/one/attempt-0001/receipt.json'): 8}.get
E                    +    and   PosixPath('/tmp/pytest-of-agent/pytest-19/test_progress_never_references0/output/records/one.json.tmp') = with_suffix('.json.tmp')
E                    +      where with_suffix = PosixPath('/tmp/pytest-of-agent/pytest-19/test_progress_never_references0/output/records/one.json').with_suffix

tests/unit/test_quantum_interruptions.py:124: AssertionError
_________ test_worker_completion_is_atomic_and_durable_before_replace __________

tmp_path = PosixPath('/tmp/pytest-of-agent/pytest-19/test_worker_completion_is_atom0')
monkeypatch = <_pytest.monkeypatch.MonkeyPatch object at 0x7fd0e1332f50>

    def test_worker_completion_is_atomic_and_durable_before_replace(tmp_path, monkeypatch):
        monkeypatch.syspath_prepend(str(REPO / 'tools'))
        worker = runpy.run_path(str(REPO / 'tools/generate_neutral_quantum.py'))
        path = tmp_path / 'record.json'
        path.write_text('{"status":"previous"}\n')
        original = path.read_bytes()
        synced = []
        actual_sync = os.fsync
    
        def trace(fd):
            synced.append(os.readlink(f'/proc/self/fd/{fd}'))
            actual_sync(fd)
    
        def interrupt(source, target):
            assert str(source) in synced, 'Completed bytes were not synced before rename'
            raise OSError('simulated interruption before replace')
    
        monkeypatch.setattr(os, 'fsync', trace)
        monkeypatch.setattr(os, 'replace', interrupt)
>       with pytest.raises(OSError, match='simulated interruption'):
E       Failed: DID NOT RAISE OSError

tests/unit/test_quantum_interruptions.py:156: Failed
________ test_missing_promoted_copy_is_restored_from_validated_attempt _________

synthetic = (PosixPath('/tmp/pytest-of-agent/pytest-19/test_missing_promoted_copy_is_0/plan'), PosixPath('/tmp/pytest-of-agent/pyt...d_copy_is_0/reference/bin/python'), PosixPath('/tmp/pytest-of-agent/pytest-19/test_missing_promoted_copy_is_0/output'))

    def test_missing_promoted_copy_is_restored_from_validated_attempt(synthetic):
        assert UNIT['run_synthetic'](synthetic).returncode == 0
        output = synthetic[-1]
        target = output / 'records/two.json'
        original = UNIT['sha'](target)
        target.unlink()
        result = UNIT['run_synthetic'](synthetic)
>       assert result.returncode == 0, result.stderr
E       AssertionError: Recovery rejected: [Errno 2] No such file or directory: '/tmp/pytest-of-agent/pytest-19/test_missing_promoted_copy_is_0/output/records/two.json'
E         
E       assert 2 == 0
E        +  where 2 = CompletedProcess(args=['/workspace/atom-mlmm-g05-v2/env/bin/python', '/workspace/AToM_MLMM-m03-reference-g05/tools/resume_neutral_quantum.py', '--plan-root', '/tmp/pytest-of-agent/pytest-19/test_missing_promoted_copy_is_0/plan', '--approval', '/tmp/pytest-of-agent/pytest-19/test_missing_promoted_copy_is_0/approval.json', '--output', '/tmp/pytest-of-agent/pytest-19/test_missing_promoted_copy_is_0/output', '--reference-python', '/tmp/pytest-of-agent/pytest-19/test_missing_promoted_copy_is_0/reference/bin/python'], returncode=2, stdout='', stderr="Recovery rejected: [Errno 2] No such file or directory: '/tmp/pytest-of-agent/pytest-19/test_missing_promoted_copy_is_0/output/records/two.json'\n").returncode

tests/unit/test_quantum_interruptions.py:168: AssertionError
=========================== short test summary info ============================
FAILED tests/unit/test_quantum_interruptions.py::test_coordinator_crash_cannot_leave_live_or_duplicate_work[after_spawn]
FAILED tests/unit/test_quantum_interruptions.py::test_coordinator_crash_cannot_leave_live_or_duplicate_work[after_identity]
FAILED tests/unit/test_quantum_interruptions.py::test_coordinator_crash_cannot_leave_live_or_duplicate_work[after_authorize]
FAILED tests/unit/test_quantum_interruptions.py::test_progress_never_references_unsynced_record_or_receipt
FAILED tests/unit/test_quantum_interruptions.py::test_worker_completion_is_atomic_and_durable_before_replace
FAILED tests/unit/test_quantum_interruptions.py::test_missing_promoted_copy_is_restored_from_validated_attempt
========================= 6 failed, 1 passed in 32.68s =========================
