============================= test session starts ==============================
platform linux -- Python 3.11.16, pytest-9.1.1, pluggy-1.6.0 -- /workspace/atom-mlmm-g08-r2/env/bin/python
cachedir: .pytest_cache
rootdir: /workspace/AToM_MLMM
configfile: pytest.ini
plugins: platformdirs-4.12.2, cov-7.1.0, anyio-4.15.1
collecting ... collected 17 items

tests/sampling/test_analytic_free_energy.py::test_estimators_covariance_and_offsets PASSED [  5%]
tests/sampling/test_analytic_free_energy.py::test_uwham_large_constant_state_offsets_are_a_gauge PASSED [ 11%]
tests/sampling/test_analytic_free_energy.py::test_repeated_seed_harmonic_md PASSED [ 17%]
tests/sampling/test_analytic_free_energy.py::test_estimator_rejects_disconnected_support_and_missing_counts PASSED [ 23%]
tests/sampling/test_analytic_free_energy.py::test_harmonic_known_difference PASSED [ 29%]
tests/unit/test_schedule.py::test_reduced_energies_match_context PASSED  [ 35%]
tests/unit/test_schedule.py::test_active_midpoint_difference_requires_bridge PASSED [ 41%]
tests/unit/test_schedule.py::test_raw_records_reject_lost_identity_duplicate_samples_and_nonfinite PASSED [ 47%]
tests/unit/test_restraint_volume.py::test_finite_wall_and_standard_state_sign PASSED [ 52%]
tests/unit/test_restraint_volume.py::test_volume_rejects_invalid_or_undefined_domain[args0] PASSED [ 58%]
tests/unit/test_restraint_volume.py::test_volume_rejects_invalid_or_undefined_domain[args1] PASSED [ 64%]
tests/unit/test_restraint_volume.py::test_volume_rejects_invalid_or_undefined_domain[args2] PASSED [ 70%]
tests/unit/test_restraint_volume.py::test_volume_rejects_invalid_or_undefined_domain[args3] PASSED [ 76%]
tests/unit/test_restraint_volume.py::test_volume_rejects_invalid_or_undefined_domain[args4] PASSED [ 82%]
tests/unit/test_restraint_volume.py::test_required_correction_cannot_default_to_zero PASSED [ 88%]
tests/unit/test_restraint_volume.py::test_endpoint_weights_and_covariance_are_explicit PASSED [ 94%]
tests/unit/test_restraint_volume.py::test_joint_correction_covariance_controls_final_uncertainty PASSED [100%]

============================= 17 passed in 34.15s ==============================
