F                                                                        [100%]
=================================== FAILURES ===================================
________________ test_recovery_refuses_a_live_old_worker[True] _________________

synthetic = (PosixPath('/tmp/pytest-of-agent/pytest-10/test_recovery_refuses_a_live_o0/plan'), PosixPath('/tmp/pytest-of-agent/pyt...s_a_live_o0/reference/bin/python'), PosixPath('/tmp/pytest-of-agent/pytest-10/test_recovery_refuses_a_live_o0/output'))
missing_identity = True

    @pytest.mark.parametrize('missing_identity', [False, True])
    def test_recovery_refuses_a_live_old_worker(synthetic, missing_identity):
        assert run_synthetic(synthetic).returncode == 0
        output = synthetic[-1]
        progress = json.loads((output / 'progress.json').read_text())
        session = progress['sessions'][-1]
        session['status'] = 'running'
        fields = Path('/proc/self/stat').read_text().rsplit(')', 1)[1].split()
        session['active_worker'] = dict(pid=os.getpid(), start_ticks=None if missing_identity else fields[19])
        write(output / 'progress.json', progress)
        result = run_synthetic(synthetic)
>       assert result.returncode == 2
E       AssertionError: assert 0 == 2
E        +  where 0 = CompletedProcess(args=['/workspace/atom-mlmm-g05-v2/env/bin/python', '/workspace/AToM_MLMM-m03-reference-g05/tools/res...p/pytest-of-agent/pytest-10/test_recovery_refuses_a_live_o0/reference/bin/python'], returncode=0, stdout='', stderr='').returncode

tests/unit/test_quantum_recovery.py:224: AssertionError
=========================== short test summary info ============================
FAILED tests/unit/test_quantum_recovery.py::test_recovery_refuses_a_live_old_worker[True]
1 failed in 3.32s
