F                                                                        [100%]
=================================== FAILURES ===================================
_____ test_clean_file_cache_does_not_consume_unreclaimable_memory_headroom _____

tmp_path = PosixPath('/tmp/pytest-of-agent/pytest-6/test_clean_file_cache_does_not0')
monkeypatch = <_pytest.monkeypatch.MonkeyPatch object at 0x7f5fd6f54b90>

    def test_clean_file_cache_does_not_consume_unreclaimable_memory_headroom(tmp_path, monkeypatch):
        monkeypatch.syspath_prepend(str(REPO / 'tools'))
        functions = runpy.run_path(str(PROGRAM))
        (tmp_path / 'memory.current').write_text(str(8 * 2**30))
        (tmp_path / 'memory.stat').write_text('anon 1073741824\nfile 6442450944\n'
                                             'shmem 0\nkernel 1073741824\nslab_reclaimable 536870912\n'
                                             'file_dirty 0\nfile_writeback 0\n')
        original = Path
        monkeypatch.setitem(functions['measurements'].__globals__, 'Path',
                            lambda p: tmp_path if p == '/sys/fs/cgroup' else original(p))
        sample = functions['measurements']()
>       assert sample.get('memory.pressure_bytes') == int(1.5 * 2**30)
E       AssertionError: assert None == 1610612736
E        +  where None = <built-in method get of dict object at 0x7f5fd721e940>('memory.pressure_bytes')
E        +    where <built-in method get of dict object at 0x7f5fd721e940> = {'memory.current': 8589934592, 'disk_free_bytes': 20408918016}.get
E        +  and   1610612736 = int((1.5 * (2 ** 30)))

tests/unit/test_quantum_recovery.py:256: AssertionError
=========================== short test summary info ============================
FAILED tests/unit/test_quantum_recovery.py::test_clean_file_cache_does_not_consume_unreclaimable_memory_headroom
1 failed in 0.08s
