.FFF.........FFF                                                         [100%]
=================================== FAILURES ===================================
_ test_completed_bundle_has_exact_names_runtime_allocation_and_durable_receipts _

synthetic = (PosixPath('/tmp/pytest-of-agent/pytest-5/test_completed_bundle_has_exac0/plan'), PosixPath('/tmp/pytest-of-agent/pyte...le_has_exac0/reference/bin/python'), PosixPath('/tmp/pytest-of-agent/pytest-5/test_completed_bundle_has_exac0/output'))

    def test_completed_bundle_has_exact_names_runtime_allocation_and_durable_receipts(synthetic):
        result = run_synthetic(synthetic)
>       assert result.returncode == 0, result.stderr
E       AssertionError: 
E       assert 1 == 0
E        +  where 1 = CompletedProcess(args=['/workspace/atom-mlmm-g05-v2/env/bin/python', '/workspace/AToM_MLMM-m03-reference-g05/tools/res...d_bundle_has_exac0/reference/bin/python'], returncode=1, stdout='one exit -15 verified False total 0 / 3\n', stderr='').returncode

tests/unit/test_quantum_recovery.py:118: AssertionError
__ test_retry_reuses_successes_keeps_failed_attempt_and_debits_previous_time ___

synthetic = (PosixPath('/tmp/pytest-of-agent/pytest-5/test_retry_reuses_successes_ke0/plan'), PosixPath('/tmp/pytest-of-agent/pyte...uccesses_ke0/reference/bin/python'), PosixPath('/tmp/pytest-of-agent/pytest-5/test_retry_reuses_successes_ke0/output'))

    def test_retry_reuses_successes_keeps_failed_attempt_and_debits_previous_time(synthetic):
        failed = run_synthetic(synthetic, mode='fail')
        assert failed.returncode == 1, failed.stderr
        output = synthetic[-1]
        assert not (output / 'manifest.json').exists()
        originals = {p: sha(p) for p in output.glob('jobs/*/attempt-*/*') if p.is_file()}
        prior = json.loads((output / 'progress.json').read_text())['wall_seconds_debited']
        passed = run_synthetic(synthetic)
>       assert passed.returncode == 0, passed.stderr
E       AssertionError: 
E       assert 1 == 0
E        +  where 1 = CompletedProcess(args=['/workspace/atom-mlmm-g05-v2/env/bin/python', '/workspace/AToM_MLMM-m03-reference-g05/tools/res...uses_successes_ke0/reference/bin/python'], returncode=1, stdout='one exit -15 verified False total 0 / 3\n', stderr='').returncode

tests/unit/test_quantum_recovery.py:142: AssertionError
_______________ test_tampered_reused_record_blocks_before_launch _______________

synthetic = (PosixPath('/tmp/pytest-of-agent/pytest-5/test_tampered_reused_record_bl0/plan'), PosixPath('/tmp/pytest-of-agent/pyte...d_record_bl0/reference/bin/python'), PosixPath('/tmp/pytest-of-agent/pytest-5/test_tampered_reused_record_bl0/output'))

    def test_tampered_reused_record_blocks_before_launch(synthetic):
>       assert run_synthetic(synthetic).returncode == 0
E       AssertionError: assert 1 == 0
E        +  where 1 = CompletedProcess(args=['/workspace/atom-mlmm-g05-v2/env/bin/python', '/workspace/AToM_MLMM-m03-reference-g05/tools/res..._reused_record_bl0/reference/bin/python'], returncode=1, stdout='one exit -15 verified False total 0 / 3\n', stderr='').returncode
E        +    where CompletedProcess(args=['/workspace/atom-mlmm-g05-v2/env/bin/python', '/workspace/AToM_MLMM-m03-reference-g05/tools/res..._reused_record_bl0/reference/bin/python'], returncode=1, stdout='one exit -15 verified False total 0 / 3\n', stderr='') = run_synthetic((PosixPath('/tmp/pytest-of-agent/pytest-5/test_tampered_reused_record_bl0/plan'), PosixPath('/tmp/pytest-of-agent/pyte...d_record_bl0/reference/bin/python'), PosixPath('/tmp/pytest-of-agent/pytest-5/test_tampered_reused_record_bl0/output')))

tests/unit/test_quantum_recovery.py:150: AssertionError
___________________ test_recovery_refuses_a_live_old_worker ____________________

synthetic = (PosixPath('/tmp/pytest-of-agent/pytest-5/test_recovery_refuses_a_live_o0/plan'), PosixPath('/tmp/pytest-of-agent/pyte...es_a_live_o0/reference/bin/python'), PosixPath('/tmp/pytest-of-agent/pytest-5/test_recovery_refuses_a_live_o0/output'))

    def test_recovery_refuses_a_live_old_worker(synthetic):
>       assert run_synthetic(synthetic).returncode == 0
E       AssertionError: assert 1 == 0
E        +  where 1 = CompletedProcess(args=['/workspace/atom-mlmm-g05-v2/env/bin/python', '/workspace/AToM_MLMM-m03-reference-g05/tools/res..._refuses_a_live_o0/reference/bin/python'], returncode=1, stdout='one exit -15 verified False total 0 / 3\n', stderr='').returncode
E        +    where CompletedProcess(args=['/workspace/atom-mlmm-g05-v2/env/bin/python', '/workspace/AToM_MLMM-m03-reference-g05/tools/res..._refuses_a_live_o0/reference/bin/python'], returncode=1, stdout='one exit -15 verified False total 0 / 3\n', stderr='') = run_synthetic((PosixPath('/tmp/pytest-of-agent/pytest-5/test_recovery_refuses_a_live_o0/plan'), PosixPath('/tmp/pytest-of-agent/pyte...es_a_live_o0/reference/bin/python'), PosixPath('/tmp/pytest-of-agent/pytest-5/test_recovery_refuses_a_live_o0/output')))

tests/unit/test_quantum_recovery.py:213: AssertionError
_______ test_record_saved_before_progress_survives_lost_worker_identity ________

synthetic = (PosixPath('/tmp/pytest-of-agent/pytest-5/test_record_saved_before_progr0/plan'), PosixPath('/tmp/pytest-of-agent/pyte...efore_progr0/reference/bin/python'), PosixPath('/tmp/pytest-of-agent/pytest-5/test_record_saved_before_progr0/output'))

    def test_record_saved_before_progress_survives_lost_worker_identity(synthetic):
>       assert run_synthetic(synthetic).returncode == 0
E       AssertionError: assert 1 == 0
E        +  where 1 = CompletedProcess(args=['/workspace/atom-mlmm-g05-v2/env/bin/python', '/workspace/AToM_MLMM-m03-reference-g05/tools/res...aved_before_progr0/reference/bin/python'], returncode=1, stdout='one exit -15 verified False total 0 / 3\n', stderr='').returncode
E        +    where CompletedProcess(args=['/workspace/atom-mlmm-g05-v2/env/bin/python', '/workspace/AToM_MLMM-m03-reference-g05/tools/res...aved_before_progr0/reference/bin/python'], returncode=1, stdout='one exit -15 verified False total 0 / 3\n', stderr='') = run_synthetic((PosixPath('/tmp/pytest-of-agent/pytest-5/test_record_saved_before_progr0/plan'), PosixPath('/tmp/pytest-of-agent/pyte...efore_progr0/reference/bin/python'), PosixPath('/tmp/pytest-of-agent/pytest-5/test_record_saved_before_progr0/output')))

tests/unit/test_quantum_recovery.py:227: AssertionError
______ test_timeout_terminates_worker_process_group_and_preserves_receipt ______

synthetic = (PosixPath('/tmp/pytest-of-agent/pytest-5/test_timeout_terminates_worker0/plan'), PosixPath('/tmp/pytest-of-agent/pyte...ates_worker0/reference/bin/python'), PosixPath('/tmp/pytest-of-agent/pytest-5/test_timeout_terminates_worker0/output'))

    def test_timeout_terminates_worker_process_group_and_preserves_receipt(synthetic):
        result = run_synthetic(synthetic, ['--wall-limit-seconds', '0.3'], mode='timeout')
        assert result.returncode == 1, result.stderr
        output = synthetic[-1]
        receipts = list(output.glob('jobs/*/attempt-*/receipt.json'))
        assert len(receipts) == 1
>       assert json.loads(receipts[0].read_text())['reason'] == 'timeout'
E       AssertionError: assert 'memory_headroom_exhausted' == 'timeout'
E         
E         - timeout
E         + memory_headroom_exhausted

tests/unit/test_quantum_recovery.py:250: AssertionError
=========================== short test summary info ============================
FAILED tests/unit/test_quantum_recovery.py::test_completed_bundle_has_exact_names_runtime_allocation_and_durable_receipts
FAILED tests/unit/test_quantum_recovery.py::test_retry_reuses_successes_keeps_failed_attempt_and_debits_previous_time
FAILED tests/unit/test_quantum_recovery.py::test_tampered_reused_record_blocks_before_launch
FAILED tests/unit/test_quantum_recovery.py::test_recovery_refuses_a_live_old_worker
FAILED tests/unit/test_quantum_recovery.py::test_record_saved_before_progress_survives_lost_worker_identity
FAILED tests/unit/test_quantum_recovery.py::test_timeout_terminates_worker_process_group_and_preserves_receipt
6 failed, 10 passed in 1.72s
