butane-acetamide-d3.8-r0 exit 0 verified True total 9 / 46
butane-acetamide-d3.8-r60 exit 0 verified True total 10 / 46
butane-acetamide-d4.5-r0 exit 0 verified True total 11 / 46
butane-acetamide-separated exit 0 verified True total 12 / 46
butane-methanol-d3.4-r0 exit 0 verified True total 13 / 46
butane-methanol-d3.8-r0 exit 0 verified True total 14 / 46
butane-methanol-d3.8-r60 exit 0 verified True total 15 / 46
butane-methanol-d4.5-r0 exit 0 verified True total 16 / 46
butane-methanol-separated exit 0 verified True total 17 / 46
ethanol--60 exit 0 verified True total 18 / 46
ethanol-120 exit 0 verified True total 19 / 46
ethanol-180 exit 0 verified True total 20 / 46
ethanol-60 exit 0 verified True total 21 / 46
ethanol-acetamide-d2.6-r0 exit 0 verified True total 22 / 46
ethanol-acetamide-d3-r0 exit 0 verified True total 23 / 46
ethanol-acetamide-d3-r60 exit 0 verified True total 24 / 46
ethanol-acetamide-d3.5-r0 exit 0 verified True total 25 / 46
ethanol-acetamide-separated exit 0 verified True total 26 / 46
ethanol-methanol-d2.6-r0 exit 0 verified True total 27 / 46
ethanol-methanol-d3-r0 exit 0 verified True total 28 / 46
ethanol-methanol-d3-r60 exit 0 verified True total 29 / 46
ethanol-methanol-d3.5-r0 exit 0 verified True total 30 / 46
ethanol-methanol-separated exit 0 verified True total 31 / 46
methanol-baseline exit 0 verified True total 32 / 46
methanol-oh60 exit 0 verified True total 33 / 46
methanol-stretch003 exit 0 verified True total 34 / 46
acetamide-0-rotation-0 exit 0 verified True total 35 / 46
acetamide-0-rotation-1 exit 0 verified True total 36 / 46
acetamide-0-rotation-2 exit 0 verified True total 37 / 46
acetamide-0-rotation-3 exit 0 verified True total 38 / 46
butane-180-rotation-0 exit 0 verified True total 39 / 46
ethanol-180-rotation-0 exit 0 verified True total 40 / 46
methanol-baseline-rotation-0 exit 0 verified True total 41 / 46
methanol-baseline-rotation-1 exit 0 verified True total 42 / 46
methanol-baseline-rotation-2 exit 0 verified True total 43 / 46
methanol-baseline-rotation-3 exit 0 verified True total 44 / 46
acetamide-0-fine-grid exit 0 verified True total 45 / 46
ethanol-acetamide-d3-r0-fine-grid exit 0 verified True total 46 / 46
