{
  "generated_utc": "2026-10-03T19:22:53.476803+00:00",
  "calculation_source_commit": "419b64f7bd79199a0bf999e456f1564fc184cf75",
  "quantum_count": 46,
  "new_quantum_workers": 38,
  "chemical_structures": 34,
  "numerical_controls": 12,
  "quantum_numerical_controls_passed": true,
  "chemical_tests_passed": 2,
  "independent_audit_performed": false,
  "qualification_status": "pending independent full-G05 audit",
  "charged_wall_hours": 4.400612052481389,
  "new_session_wall_hours": 3.7478077885925,
  "peak_new_worker_rss_gib": 4.67095947265625,
  "maxima": {
    "force_rms_eV_angstrom": 0.02132607514964788,
    "force_atom_max_eV_angstrom": 0.08661313947506097,
    "projected_rms_eV_angstrom": 0.014514474163719775,
    "projected_atom_max_eV_angstrom": 0.08661313947506097,
    "net_ligand_force_error_eV_angstrom": 0.03976289531932941
  },
  "numerical_control_maxima": {
    "energy_error_kcal_mol": 5.8056883038472145e-05,
    "force_rms_eV_angstrom": 4.6777492913751695e-05,
    "force_max_eV_angstrom": 0.00022341431176649322
  },
  "attraction_sign_checks": 7,
  "compressed_repulsion_sign_checks": 4,
  "figure": "chemical-reference-results.png",
  "model_sha256": "165cce4cfec5a34b9c64d4ebf95de15d71106bb584b7291c8470f0749977c46f"
}
