2026-10-03:17:18:52,96 INFO     [psi4.driver.task_planner:259] PLANNING Atomic:  keywords={'DFT_RADIAL_POINTS': 99, 'DFT_SPHERICAL_POINTS': 590, 'DF_BASIS_SCF': 'DEF2-UNIVERSAL-JKFIT', 'D_CONVERGENCE': 1e-10, 'E_CONVERGENCE': 1e-10, 'INTS_TOLERANCE': 1e-12, 'MAXITER': 200, 'REFERENCE': 'RHF', 'SCF_TYPE': 'DF', 'WCOMBINE': 0, 'function_kwargs': {}}
2026-10-03:17:18:52,100 INFO     [psi4.driver.driver:638] Compute gradient(): method=wb97m-d3bj, basis=def2-tzvppd, molecule=default, nre=291.4662430193472
2026-10-03:17:29:24,754 INFO     [psi4.driver.driver:641] Return gradient(): -364.50964309360484
2026-10-03:17:29:24,758 INFO     [psi4.driver.driver:642] [[ 0.00812692  0.00560463 -0.01883825]
 [-0.00983893 -0.00558553  0.00973128]
 [ 0.00039177  0.00229451 -0.00083257]
 [-0.00185431  0.00114387  0.00640006]
 [ 0.00997586  0.00169879 -0.00214511]
 [-0.00338784 -0.00341267  0.0014121 ]
 [-0.0031629  -0.00009837  0.00369419]
 [-0.00166807  0.00193492 -0.00195542]
 [-0.00015509 -0.00325998  0.00212763]
 [-0.0059381  -0.00126159  0.00349935]
 [ 0.00915959  0.00298583 -0.00728815]
 [ 0.00046964  0.002064   -0.00495892]
 [-0.01160431 -0.00105677  0.00217356]
 [ 0.00358696 -0.00086203  0.00181711]
 [ 0.00058025 -0.00410461 -0.00288297]
 [ 0.00062533  0.00483321  0.00095836]
 [ 0.00827788 -0.00085136  0.00214709]
 [-0.0035835  -0.00206675  0.00493802]]
