cuequivariance or cuequivariance_torch is not available. Cuequivariance acceleration will be disabled.
{
  "scope": "bounded engine preflight; no equilibrium or physical-accuracy claim",
  "status": "complete",
  "samples": 9,
  "states": [
    "contact",
    "middle",
    "separated"
  ],
  "all_real_atoms": 56,
  "binding_result": "not_evaluated",
  "physical_identity": "f2b34007a8ff28026435672e83b8fcd707680a90d6511c7688cc5c857056832d",
  "alchemical_identity": "3cfcd0c09fcdb445546eeb365849186537ca167f6b7bda3106fb8f35d2120c09",
  "runtime_identity": "93485f1c629858c556c4758a1f735296e45d3ccbe6c908aa5e73d42f965cf56b",
  "worker_manifest_sha256": "157333b5ec87884c4ba5e833d7994901bc359b7052c4f14c9d2b339da4283031",
  "profile": {
    "python": "3.11.16",
    "machine": "x86_64",
    "packages": {
      "openmm": "8.6.1",
      "numpy": "2.4.6",
      "torch": "2.8.0",
      "mace-torch": "0.3.16",
      "atom-openmm": "8.5.0b0"
    },
    "installed_distribution_identity": "1865672db5d5a8db6c4d6abc4035d2eb0d70339cb85c1958f85eac7e7800fbf1",
    "openmm_platform": "Reference",
    "precision": "double",
    "model_device": "CPU",
    "model_dtype": "float64"
  },
  "elapsed_execution_seconds": 9.162229804000162,
  "peak_process_rss_bytes": 893599744,
  "reconstructed_matrix_shape": [
    3,
    9
  ],
  "limitations": [
    "Fixed windows; replica exchange is pending.",
    "No equilibrium, solvent-density, molecular accuracy, standard corrections or affinity qualification.",
    "Checkpoint continuation requires the identical CPU/software/source profile.",
    "Hard-crash pending transactions are preserved and require inspection."
  ]
}
