FFFFFFFFFFF                                                              [100%]
=================================== FAILURES ===================================
____ test_frozen_water_control_preserves_solute_and_fixed_membership[abfe] _____

kind = 'abfe'

    @pytest.mark.parametrize('kind', ('abfe', 'rbfe'))
    def test_frozen_water_control_preserves_solute_and_fixed_membership(kind):
        import hashlib
        import json
        import openmm as mm
        from openmm import unit
        from atm_mlmm.schema import from_json
        from atm_mlmm.partition import resolve_partition
        base = ROOT / 'fixtures/cloud_fragment_controls/v1' / kind
        fixture = FIXTURE / kind
>       manifest = json.loads((fixture / 'manifest.json').read_text())
                              ^^^^^^^^^^^^^^^^^^^^^^^^^^^^^^^^^^^^^^^

tests/workflow/test_solvated_handover.py:24: 
_ _ _ _ _ _ _ _ _ _ _ _ _ _ _ _ _ _ _ _ _ _ _ _ _ _ _ _ _ _ _ _ _ _ _ _ _ _ _ _ 
../atom-mlmm-g09-v3/env/lib/python3.11/pathlib.py:1058: in read_text
    with self.open(mode='r', encoding=encoding, errors=errors) as f:
         ^^^^^^^^^^^^^^^^^^^^^^^^^^^^^^^^^^^^^^^^^^^^^^^^^^^^^
_ _ _ _ _ _ _ _ _ _ _ _ _ _ _ _ _ _ _ _ _ _ _ _ _ _ _ _ _ _ _ _ _ _ _ _ _ _ _ _ 

self = PosixPath('/workspace/AToM_MLMM/fixtures/solvated_fragment/v1/abfe/manifest.json')
mode = 'r', buffering = -1, encoding = 'locale', errors = None, newline = None

    def open(self, mode='r', buffering=-1, encoding=None,
             errors=None, newline=None):
        """
        Open the file pointed by this path and return a file object, as
        the built-in open() function does.
        """
        if "b" not in mode:
            encoding = io.text_encoding(encoding)
>       return io.open(self, mode, buffering, encoding, errors, newline)
               ^^^^^^^^^^^^^^^^^^^^^^^^^^^^^^^^^^^^^^^^^^^^^^^^^^^^^^^^^
E       FileNotFoundError: [Errno 2] No such file or directory: '/workspace/AToM_MLMM/fixtures/solvated_fragment/v1/abfe/manifest.json'

../atom-mlmm-g09-v3/env/lib/python3.11/pathlib.py:1044: FileNotFoundError
____ test_frozen_water_control_preserves_solute_and_fixed_membership[rbfe] _____

kind = 'rbfe'

    @pytest.mark.parametrize('kind', ('abfe', 'rbfe'))
    def test_frozen_water_control_preserves_solute_and_fixed_membership(kind):
        import hashlib
        import json
        import openmm as mm
        from openmm import unit
        from atm_mlmm.schema import from_json
        from atm_mlmm.partition import resolve_partition
        base = ROOT / 'fixtures/cloud_fragment_controls/v1' / kind
        fixture = FIXTURE / kind
>       manifest = json.loads((fixture / 'manifest.json').read_text())
                              ^^^^^^^^^^^^^^^^^^^^^^^^^^^^^^^^^^^^^^^

tests/workflow/test_solvated_handover.py:24: 
_ _ _ _ _ _ _ _ _ _ _ _ _ _ _ _ _ _ _ _ _ _ _ _ _ _ _ _ _ _ _ _ _ _ _ _ _ _ _ _ 
../atom-mlmm-g09-v3/env/lib/python3.11/pathlib.py:1058: in read_text
    with self.open(mode='r', encoding=encoding, errors=errors) as f:
         ^^^^^^^^^^^^^^^^^^^^^^^^^^^^^^^^^^^^^^^^^^^^^^^^^^^^^
_ _ _ _ _ _ _ _ _ _ _ _ _ _ _ _ _ _ _ _ _ _ _ _ _ _ _ _ _ _ _ _ _ _ _ _ _ _ _ _ 

self = PosixPath('/workspace/AToM_MLMM/fixtures/solvated_fragment/v1/rbfe/manifest.json')
mode = 'r', buffering = -1, encoding = 'locale', errors = None, newline = None

    def open(self, mode='r', buffering=-1, encoding=None,
             errors=None, newline=None):
        """
        Open the file pointed by this path and return a file object, as
        the built-in open() function does.
        """
        if "b" not in mode:
            encoding = io.text_encoding(encoding)
>       return io.open(self, mode, buffering, encoding, errors, newline)
               ^^^^^^^^^^^^^^^^^^^^^^^^^^^^^^^^^^^^^^^^^^^^^^^^^^^^^^^^^
E       FileNotFoundError: [Errno 2] No such file or directory: '/workspace/AToM_MLMM/fixtures/solvated_fragment/v1/rbfe/manifest.json'

../atom-mlmm-g09-v3/env/lib/python3.11/pathlib.py:1044: FileNotFoundError
________ test_periodic_configuration_uses_existing_declared_convention _________

tmp_path = PosixPath('/tmp/pytest-of-agent/pytest-2/test_periodic_configuration_us0')

    def test_periodic_configuration_uses_existing_declared_convention(tmp_path):
        from atm_mlmm.workflow import load_configuration
        from tests.joint_oracle import joint_input
        original, partition, snapshot = joint_input(periodic=True)
>       actual = load_configuration(configuration_path(tmp_path, original, partition, snapshot))
                 ^^^^^^^^^^^^^^^^^^^^^^^^^^^^^^^^^^^^^^^^^^^^^^^^^^^^^^^^^^^^^^^^^^^^^^^^^^^^^^^

tests/workflow/test_solvated_handover.py:83: 
_ _ _ _ _ _ _ _ _ _ _ _ _ _ _ _ _ _ _ _ _ _ _ _ _ _ _ _ _ _ _ _ _ _ _ _ _ _ _ _ 

path = PosixPath('/tmp/pytest-of-agent/pytest-2/test_periodic_configuration_us0/config.json')

    def load_configuration(path):
        """Validate declarative inputs without deserializing executable MM/ML code."""
        from .partition import resolve_partition
        from .schedule import production_schedule, validate_schedule
        path = Path(path).resolve()
        document = read_json(path)
        required = {'version','input_manifest','input_manifest_sha256','settings'}
        if not isinstance(document,dict) or not required <= set(document) or set(document)-required-{'schedule'}:
            raise MalformedInput('configuration requires version, input_manifest, input_manifest_sha256 and settings')
        if type(document['version']) is not int or document['version'] != 1:
            raise UnsupportedCapability('configuration version must be 1')
        settings = dict(document['settings'])
        if set(settings)-_SETTINGS:
            raise UnsupportedCapability(f'unsupported settings: {sorted(set(settings)-_SETTINGS)}')
        mandatory = _SETTINGS-{'protocol_kind'}
        if not mandatory <= set(settings):
            raise MalformedInput(f'missing settings: {sorted(mandatory-set(settings))}')
        if settings['platform'] != 'Reference':
            raise UnsupportedCapability('bounded worker preflight admits Reference double on CPU')
        temperature = _number(settings['temperature_K'],'temperature_K')
        dt = _number(settings['timestep_ps'],'timestep_ps')
        if dt > .0005:
            raise UnsupportedCapability('qualified timestep is at most 0.0005 ps; larger steps need separate evidence')
        _integer(settings['seed'],'seed',2**31-10000)
        for key in ('steps_per_phase','minimization_iterations','frames_per_state','steps_per_frame'):
            _integer(settings[key],key)
        temperatures = settings['temperatures_K']
        if not isinstance(temperatures,list) or not 1 <= len(temperatures) <= 100:
            raise MalformedInput('temperatures_K requires 1 to 100 explicit phases')
        temperatures = [_number(t,'temperatures_K') for t in temperatures]
        if any(a >= b for a,b in zip(temperatures,temperatures[1:])) or temperatures[-1] != temperature:
            raise MalformedInput('temperatures_K must increase to temperature_K')
        displacement = settings['displacement_nm']
        if not isinstance(displacement,list) or len(displacement) != 3:
            raise MalformedInput('displacement_nm requires three finite numbers')
        if any(isinstance(x,bool) or not isinstance(x,(int,float)) or not math.isfinite(x) for x in displacement):
            raise MalformedInput('displacement_nm requires three finite numbers')
        if sum(x*x for x in displacement) == 0:
            raise MalformedInput('displacement_nm must be nonzero')
        _number(settings['outside_spring_kj_mol_nm2'],'outside_spring_kj_mol_nm2',positive=False)
        settings.setdefault('protocol_kind','abfe')
        if settings['protocol_kind'] not in ('abfe','rbfe'):
            raise UnsupportedCapability('protocol_kind must be abfe or rbfe')
        runtime = RuntimeSpec('Reference','double',(),dt,temperature,'NVT','LangevinMiddle')
        if 'schedule' in document:
            schedule = from_json(json.dumps(document['schedule'],allow_nan=False))
            if not isinstance(schedule,ScheduleSpec):
                raise MalformedInput('schedule must be a typed ScheduleSpec')
            validate_schedule(schedule)
            if schedule.kind != 'softplus' or schedule.temperature_K != temperature:
                raise UnsupportedCapability('worker requires softplus schedule at declared temperature')
        else:
            parameters = dict(Alpha=.1,Uh=0.,W0=0.,Umax=10000.,Ubcore=500.,
                              Acore=0.,Direction=1.,UOffset=0.)
            schedule = production_schedule(tuple((name,{**parameters,'Lambda1':lam,'Lambda2':lam})
                for name,lam in (('contact',0.),('middle',.5),('separated',1.))),temperature_K=temperature)
        if len(schedule.states) < 2 or len(schedule.states) >= 10000:
            raise MalformedInput('preflight requires 2 to 9999 explicit schedule states')
        if len(schedule.states)*settings['frames_per_state'] >= 1000000:
            raise MalformedInput('bounded journal permits fewer than one million samples')
        manifest_path = (path.parent/document['input_manifest']).resolve()
        if _sha(manifest_path) != document['input_manifest_sha256']:
            raise IdentityError('input manifest digest mismatch')
        manifest = read_json(manifest_path)
        files = manifest.get('files',{})
        if not {'system-input.json','partition.json','snapshot.json'} <= set(files):
            raise IdentityError('input manifest must bind system-input, partition and snapshot')
        for name,digest in files.items():
            artifact = (manifest_path.parent/name).resolve()
            if manifest_path.parent not in artifact.parents or _sha(artifact) != digest:
                raise IdentityError(f'input file digest/path mismatch: {name}')
        original,partition,snapshot = (from_json((manifest_path.parent/name).read_text())
            for name in ('system-input.json','partition.json','snapshot.json'))
        if not isinstance(original,SystemInput) or not isinstance(partition,PartitionSpec) or not isinstance(snapshot,Snapshot):
            raise MalformedInput('input records must be SystemInput, PartitionSpec and Snapshot')
        resolve_partition(original.topology,partition)
        if snapshot.real_atom_ids != tuple(a.atom_id for a in original.topology.atoms) or snapshot.box_nm != original.box_nm:
            raise IdentityError('input snapshot atom order/box differs from prepared system')
        if snapshot.box_nm is not None:
>           raise UnsupportedCapability('this initial common preflight admits nonperiodic inputs; solvated PME workflow is pending')
E           atm_mlmm.schema.UnsupportedCapability: this initial common preflight admits nonperiodic inputs; solvated PME workflow is pending

src/atm_mlmm/workflow.py:139: UnsupportedCapability
___________________ test_periodic_guard_detects_image_clash ____________________

    def test_periodic_guard_detects_image_clash():
        from atm_mlmm.workflow import _domain
        from atm_mlmm.schema import NumericalDomainError
        from tests.joint_oracle import joint_input, DISPLACEMENT
        original, _, snapshot = joint_input(periodic=True)
        x = np.array(snapshot.positions_nm)
        # A ligand approaches a static solute atom through its periodic image.
        x[26] = x[0] + (6.401, 0., 0.)
>       with pytest.raises(NumericalDomainError, match='Bondi ratio'):
E       Failed: DID NOT RAISE NumericalDomainError

tests/workflow/test_solvated_handover.py:95: Failed
__________ test_periodic_bulk_guard_checks_full_static_solute_images ___________

    def test_periodic_bulk_guard_checks_full_static_solute_images():
        from atm_mlmm.workflow import _domain
        from atm_mlmm.schema import NumericalDomainError
        from tests.joint_oracle import joint_input, DISPLACEMENT
        original, _, snapshot = joint_input(periodic=True)
        x = np.array(snapshot.positions_nm)
        # Move the complete static fragment to an image of the separated guest.
        x[:26] += x[26] + np.array(DISPLACEMENT) + (6.4, 0., .5) - x[0]
>       with pytest.raises(NumericalDomainError):
E       Failed: DID NOT RAISE NumericalDomainError

tests/workflow/test_solvated_handover.py:107: Failed
_____________ test_live_periodic_box_survives_snapshot_extraction ______________

    def test_live_periodic_box_survives_snapshot_extraction():
        from atm_mlmm.workflow import _snapshot
        from atm_mlmm.atm import PhysicalEvaluator
        from tests.periodic_oracle import periodic_case
        from tests.link_oracle import REFERENCE
        physical, snapshot = periodic_case()
        with PhysicalEvaluator(physical, REFERENCE) as evaluator:
            evaluator.evaluate(snapshot)
            worker = SimpleNamespace(bundle=SimpleNamespace(physical=physical), evaluator=evaluator)
            actual = _snapshot(worker)
>           assert actual.box_nm == snapshot.box_nm
E           AssertionError: assert None == ((3.2, 0.0, 0.0), (0.0, 3.4, 0.0), (0.0, 0.0, 3.6))
E            +  where None = Snapshot(real_atom_ids=('p0', 'p1', 'p2', 'p3', 'p4', 'p5', 'p6', 'p7', 'l8', 'l9', 'l10', 'l11', 'l12'), positions_nm..., 0.0), (0.0, 0.0, 0.0)), units=Units(positions='nm', energy='kJ/mol', forces='kJ/mol/nm', time='ps', temperature='K')).box_nm
E            +  and   ((3.2, 0.0, 0.0), (0.0, 3.4, 0.0), (0.0, 0.0, 3.6)) = Snapshot(real_atom_ids=('p0', 'p1', 'p2', 'p3', 'p4', 'p5', 'p6', 'p7', 'l8', 'l9', 'l10', 'l11', 'l12'), positions_nm...), velocities_nm_ps=None, units=Units(positions='nm', energy='kJ/mol', forces='kJ/mol/nm', time='ps', temperature='K')).box_nm

tests/workflow/test_solvated_handover.py:121: AssertionError
___________ test_acceptance_uses_actual_reduced_energies[False-abfe] ___________

tmp_path = PosixPath('/tmp/pytest-of-agent/pytest-2/test_acceptance_uses_actual_re0')
monkeypatch = <_pytest.monkeypatch.MonkeyPatch object at 0x7f6164979850>
kind = 'abfe', accept = False

    @pytest.mark.parametrize('kind', ('abfe', 'rbfe'))
    @pytest.mark.parametrize('accept', (False, True))
    def test_acceptance_uses_actual_reduced_energies(tmp_path, monkeypatch, kind, accept):
>       from atm_mlmm.adapters.atom import build_atom, export_worker_run, load_worker_run, attempt_pair_exchange
E       ImportError: cannot import name 'attempt_pair_exchange' from 'atm_mlmm.adapters.atom' (/workspace/AToM_MLMM/src/atm_mlmm/adapters/atom.py)

tests/workflow/test_replica_exchange.py:17: ImportError
___________ test_acceptance_uses_actual_reduced_energies[False-rbfe] ___________

tmp_path = PosixPath('/tmp/pytest-of-agent/pytest-2/test_acceptance_uses_actual_re1')
monkeypatch = <_pytest.monkeypatch.MonkeyPatch object at 0x7f6156495490>
kind = 'rbfe', accept = False

    @pytest.mark.parametrize('kind', ('abfe', 'rbfe'))
    @pytest.mark.parametrize('accept', (False, True))
    def test_acceptance_uses_actual_reduced_energies(tmp_path, monkeypatch, kind, accept):
>       from atm_mlmm.adapters.atom import build_atom, export_worker_run, load_worker_run, attempt_pair_exchange
E       ImportError: cannot import name 'attempt_pair_exchange' from 'atm_mlmm.adapters.atom' (/workspace/AToM_MLMM/src/atm_mlmm/adapters/atom.py)

tests/workflow/test_replica_exchange.py:17: ImportError
___________ test_acceptance_uses_actual_reduced_energies[True-abfe] ____________

tmp_path = PosixPath('/tmp/pytest-of-agent/pytest-2/test_acceptance_uses_actual_re2')
monkeypatch = <_pytest.monkeypatch.MonkeyPatch object at 0x7f6154b38110>
kind = 'abfe', accept = True

    @pytest.mark.parametrize('kind', ('abfe', 'rbfe'))
    @pytest.mark.parametrize('accept', (False, True))
    def test_acceptance_uses_actual_reduced_energies(tmp_path, monkeypatch, kind, accept):
>       from atm_mlmm.adapters.atom import build_atom, export_worker_run, load_worker_run, attempt_pair_exchange
E       ImportError: cannot import name 'attempt_pair_exchange' from 'atm_mlmm.adapters.atom' (/workspace/AToM_MLMM/src/atm_mlmm/adapters/atom.py)

tests/workflow/test_replica_exchange.py:17: ImportError
___________ test_acceptance_uses_actual_reduced_energies[True-rbfe] ____________

tmp_path = PosixPath('/tmp/pytest-of-agent/pytest-2/test_acceptance_uses_actual_re3')
monkeypatch = <_pytest.monkeypatch.MonkeyPatch object at 0x7f6156505cd0>
kind = 'rbfe', accept = True

    @pytest.mark.parametrize('kind', ('abfe', 'rbfe'))
    @pytest.mark.parametrize('accept', (False, True))
    def test_acceptance_uses_actual_reduced_energies(tmp_path, monkeypatch, kind, accept):
>       from atm_mlmm.adapters.atom import build_atom, export_worker_run, load_worker_run, attempt_pair_exchange
E       ImportError: cannot import name 'attempt_pair_exchange' from 'atm_mlmm.adapters.atom' (/workspace/AToM_MLMM/src/atm_mlmm/adapters/atom.py)

tests/workflow/test_replica_exchange.py:17: ImportError
_______ test_exchange_rejects_ambiguous_walker_labels_before_evaluation ________

    def test_exchange_rejects_ambiguous_walker_labels_before_evaluation():
>       from atm_mlmm.adapters.atom import attempt_pair_exchange
E       ImportError: cannot import name 'attempt_pair_exchange' from 'atm_mlmm.adapters.atom' (/workspace/AToM_MLMM/src/atm_mlmm/adapters/atom.py)

tests/workflow/test_replica_exchange.py:69: ImportError
=========================== short test summary info ============================
FAILED tests/workflow/test_solvated_handover.py::test_frozen_water_control_preserves_solute_and_fixed_membership[abfe]
FAILED tests/workflow/test_solvated_handover.py::test_frozen_water_control_preserves_solute_and_fixed_membership[rbfe]
FAILED tests/workflow/test_solvated_handover.py::test_periodic_configuration_uses_existing_declared_convention
FAILED tests/workflow/test_solvated_handover.py::test_periodic_guard_detects_image_clash
FAILED tests/workflow/test_solvated_handover.py::test_periodic_bulk_guard_checks_full_static_solute_images
FAILED tests/workflow/test_solvated_handover.py::test_live_periodic_box_survives_snapshot_extraction
FAILED tests/workflow/test_replica_exchange.py::test_acceptance_uses_actual_reduced_energies[False-abfe]
FAILED tests/workflow/test_replica_exchange.py::test_acceptance_uses_actual_reduced_energies[False-rbfe]
FAILED tests/workflow/test_replica_exchange.py::test_acceptance_uses_actual_reduced_energies[True-abfe]
FAILED tests/workflow/test_replica_exchange.py::test_acceptance_uses_actual_reduced_energies[True-rbfe]
FAILED tests/workflow/test_replica_exchange.py::test_exchange_rejects_ambiguous_walker_labels_before_evaluation
11 failed in 0.33s
