F                                                                        [100%]
=================================== FAILURES ===================================
___________________ test_periodic_anchor_is_image_invariant ____________________

    def test_periodic_anchor_is_image_invariant():
        import openmm as mm
        from openmm import unit
        from atm_mlmm.atm import outside_force
        from atm_mlmm.schema import RestraintSpec
        from tests.periodic_oracle import periodic_case
        physical, snapshot = periodic_case()
        center = tuple(np.array(snapshot.positions_nm[0]) + (.02, -.03, .01))
        restraint = RestraintSpec('periodic-anchor', (snapshot.real_atom_ids[0],), 10., center)
        system = mm.System()
        for mass in physical.masses_da:
            system.addParticle(mass)
        system.setDefaultPeriodicBoxVectors(*snapshot.box_nm)
        system.addForce(outside_force(physical, restraint))
        integrator = mm.VerletIntegrator(.0005)
        context = mm.Context(system, integrator, mm.Platform.getPlatformByName('Reference'))
        try:
            from atm_mlmm.geometry import final_positions
            x = np.array(final_positions(physical, snapshot))
            for image in (np.zeros(3), np.diag(snapshot.box_nm), -np.diag(snapshot.box_nm)):
                context.setPositions(x + image)
                actual = context.getState(getEnergy=True, getForces=True)
>               assert actual.getPotentialEnergy().value_in_unit(unit.kilojoules_per_mole) == pytest.approx(.007, abs=1e-10)
E               assert 50.567 == 0.007 ± 1.0e-10
E                 
E                 comparison failed
E                 Obtained: 50.567
E                 Expected: 0.007 ± 1.0e-10

tests/workflow/test_solvated_handover.py:149: AssertionError
=========================== short test summary info ============================
FAILED tests/workflow/test_solvated_handover.py::test_periodic_anchor_is_image_invariant
1 failed in 0.23s
