.FFF                                                                     [100%]
=================================== FAILURES ===================================
_ test_persistent_analyzer_rejects_duplicate_producer_streams_but_accepts_distinct_streams[synchronized_blocks] _

persistent_stream_cases = {'duplicate_inputs': (ExchangeAnalysisInput(records=EvaluationRecords(schedule=ScheduleSpec(kind='softplus', expressio...a', retained_window_evidence='/tmp/pytest-of-agent/pytest-79/persistent-initialization0/distinct-state-window.json')))}
method = 'synchronized_blocks'

    @pytest.mark.parametrize("method", ("independent_runs", "synchronized_blocks"))
    def test_persistent_analyzer_rejects_duplicate_producer_streams_but_accepts_distinct_streams(
            persistent_stream_cases, method):
        from atm_mlmm.exchange_analysis import analyze_exchange
        from atm_mlmm.schema import IdentityError, QualificationError
    
        thermo, resampling = _analysis_contract(method)
        duplicate_inputs = persistent_stream_cases["duplicate_inputs"]
>       with pytest.raises(IdentityError, match="initialization"):
E       Failed: DID NOT RAISE IdentityError

tests/workflow/test_persistent_initialization_provenance.py:145: Failed
_ test_multistate_journal_reader_checks_complete_recursive_source_inventory[nested-file] _

valid_prefix = (PosixPath('/tmp/pytest-of-agent/pytest-79/g10-v6-source-current0/prepared'), PosixPath('/tmp/pytest-of-agent/pytest-79/g10-v6-source-current0/prefix'))
tmp_path = PosixPath('/tmp/pytest-of-agent/pytest-79/test_multistate_journal_reader0')
fault = 'nested-file'

    @pytest.mark.parametrize('fault', ('nested-file', 'nested-symlink'))
    def test_multistate_journal_reader_checks_complete_recursive_source_inventory(
            valid_prefix, tmp_path, fault):
        from atm_mlmm.exchange_journal import read_multistate_boundaries
        from atm_mlmm.schema import IdentityError
    
        relocated = _clone_prefix(valid_prefix, tmp_path / 'relocated-matching')
        assert len(read_multistate_boundaries(relocated)) == 1
    
        challenge = _clone_prefix(valid_prefix, tmp_path / fault)
        bundled_source = challenge / 'worker/runtime/source/atm_mlmm'
        nested = bundled_source / 'nested'
        nested.mkdir()
        if fault == 'nested-file':
            (nested / 'undeclared.py').write_text("VALUE = 'not declared in the manifest'\n")
            expected = 'source inventory'
        else:
            (nested / 'linked-package').symlink_to(bundled_source, target_is_directory=True)
            expected = 'symbolic link'
    
>       with pytest.raises(IdentityError, match=expected):
E       Failed: DID NOT RAISE IdentityError

tests/workflow/test_multistate_inert_repairs.py:97: Failed
_ test_multistate_journal_reader_checks_complete_recursive_source_inventory[nested-symlink] _

valid_prefix = (PosixPath('/tmp/pytest-of-agent/pytest-79/g10-v6-source-current0/prepared'), PosixPath('/tmp/pytest-of-agent/pytest-79/g10-v6-source-current0/prefix'))
tmp_path = PosixPath('/tmp/pytest-of-agent/pytest-79/test_multistate_journal_reader1')
fault = 'nested-symlink'

    @pytest.mark.parametrize('fault', ('nested-file', 'nested-symlink'))
    def test_multistate_journal_reader_checks_complete_recursive_source_inventory(
            valid_prefix, tmp_path, fault):
        from atm_mlmm.exchange_journal import read_multistate_boundaries
        from atm_mlmm.schema import IdentityError
    
        relocated = _clone_prefix(valid_prefix, tmp_path / 'relocated-matching')
        assert len(read_multistate_boundaries(relocated)) == 1
    
        challenge = _clone_prefix(valid_prefix, tmp_path / fault)
        bundled_source = challenge / 'worker/runtime/source/atm_mlmm'
        nested = bundled_source / 'nested'
        nested.mkdir()
        if fault == 'nested-file':
            (nested / 'undeclared.py').write_text("VALUE = 'not declared in the manifest'\n")
            expected = 'source inventory'
        else:
            (nested / 'linked-package').symlink_to(bundled_source, target_is_directory=True)
            expected = 'symbolic link'
    
>       with pytest.raises(IdentityError, match=expected):
E       Failed: DID NOT RAISE IdentityError

tests/workflow/test_multistate_inert_repairs.py:97: Failed
=========================== short test summary info ============================
FAILED tests/workflow/test_persistent_initialization_provenance.py::test_persistent_analyzer_rejects_duplicate_producer_streams_but_accepts_distinct_streams[synchronized_blocks]
FAILED tests/workflow/test_multistate_inert_repairs.py::test_multistate_journal_reader_checks_complete_recursive_source_inventory[nested-file]
FAILED tests/workflow/test_multistate_inert_repairs.py::test_multistate_journal_reader_checks_complete_recursive_source_inventory[nested-symlink]
3 failed, 1 passed in 7.73s
