2026-10-03:16:46:41,184 INFO     [psi4.driver.task_planner:259] PLANNING Atomic:  keywords={'DFT_RADIAL_POINTS': 99, 'DFT_SPHERICAL_POINTS': 590, 'DF_BASIS_SCF': 'DEF2-UNIVERSAL-JKFIT', 'D_CONVERGENCE': 1e-10, 'E_CONVERGENCE': 1e-10, 'INTS_TOLERANCE': 1e-12, 'MAXITER': 200, 'REFERENCE': 'RHF', 'SCF_TYPE': 'DF', 'WCOMBINE': 0, 'function_kwargs': {}}
2026-10-03:16:46:41,187 INFO     [psi4.driver.driver:638] Compute gradient(): method=wb97m-d3bj, basis=def2-tzvppd, molecule=default, nre=219.17982432959147
2026-10-03:16:55:45,795 INFO     [psi4.driver.driver:641] Return gradient(): -274.346877730611
2026-10-03:16:55:45,799 INFO     [psi4.driver.driver:642] [[-0.00738385 -0.00714293 -0.01702905]
 [ 0.00036673  0.0023065   0.00287439]
 [ 0.00007897  0.00267368  0.00682625]
 [ 0.00252694 -0.00107728 -0.00235895]
 [ 0.00160673 -0.00250326  0.00572677]
 [ 0.00180332 -0.00240941 -0.00041734]
 [ 0.002269   -0.00217325  0.00203302]
 [ 0.0012158   0.00280706 -0.00166119]
 [-0.00300716  0.00366404 -0.00067621]
 [-0.00080204  0.00116643  0.00425013]
 [ 0.00055188  0.0034202   0.00171218]
 [-0.00060444  0.00017301 -0.00314024]
 [-0.00066242 -0.00068277  0.00306864]
 [ 0.00170541 -0.00021927 -0.0012051 ]
 [ 0.00051124 -0.00141121  0.00377397]
 [-0.00949724 -0.00347313  0.00935625]
 [-0.00326198 -0.00133629  0.0035905 ]
 [ 0.00508005  0.0022508  -0.00092069]
 [ 0.00507585 -0.00110399 -0.00215697]
 [ 0.00243864  0.00507008 -0.01364639]]
