START_UTC 2026-10-07T15:34:36Z
ARGV python -m pytest -q tests/workflow/test_engine_restart.py::test_local_project_metadata_does_not_change_runtime_profile
HEAD 6018317c8089a329925e5c0744906f28ff4f7283
F                                                                        [100%]
=================================== FAILURES ===================================
_________ test_local_project_metadata_does_not_change_runtime_profile __________

monkeypatch = <_pytest.monkeypatch.MonkeyPatch object at 0x7f6415d19810>

    def test_local_project_metadata_does_not_change_runtime_profile(monkeypatch):
        """Generated wheel metadata is not a scientific runtime dependency."""
        import importlib.metadata as metadata
        from types import SimpleNamespace
        from atm_mlmm.workflow import _profile
    
        normalize = lambda name: name.lower().replace('_', '-').replace('.', '-')
        dependencies = [d for d in metadata.distributions()
                        if normalize(d.metadata['Name']) != 'atom-mlmm']
        monkeypatch.setattr(metadata, 'distributions', lambda: iter(dependencies))
        without_project = _profile()['installed_distribution_identity']
        own_metadata = SimpleNamespace(metadata={'Name': 'atom-mlmm'}, version='0.1.0')
        monkeypatch.setattr(metadata, 'distributions', lambda: iter([*dependencies, own_metadata]))
        with_project = _profile()['installed_distribution_identity']
>       assert with_project == without_project
E       AssertionError: assert 'd02bec2bfb74...3ee98592aa17b' == '1865672db5d5...eac7e7800fbf1'
E         
E         - 1865672db5d5a8db6c4d6abc4035d2eb0d70339cb85c1958f85eac7e7800fbf1
E         + d02bec2bfb74209cae55d1b05631ad014249a47099c3f0110d63ee98592aa17b

tests/workflow/test_engine_restart.py:88: AssertionError
=========================== short test summary info ============================
FAILED tests/workflow/test_engine_restart.py::test_local_project_metadata_does_not_change_runtime_profile
1 failed in 0.25s
EXIT_CODE 1
END_UTC 2026-10-07T15:34:36Z
