START_UTC 2026-10-07T15:35:07Z
ARGV python -m pytest -q tests/workflow/test_engine_restart.py::test_local_project_metadata_does_not_change_runtime_profile tests/unit/test_environment.py::test_environment_manifest_complete tests/unit/test_environment.py::test_model_asset_hash_and_policy tests/unit/test_environment.py::test_version_drift_fails_before_numerical_probes tests/workflow/test_atom_force_routing.py::test_runtime_profile_replacement_rejected
HEAD 6018317c8089a329925e5c0744906f28ff4f7283
..F..                                                                    [100%]
=================================== FAILURES ===================================
_______________________ test_model_asset_hash_and_policy _______________________

tmp_path = PosixPath('/tmp/pytest-of-agent/pytest-55/test_model_asset_hash_and_poli0')

    @pytest.mark.model_assets
    def test_model_asset_hash_and_policy(tmp_path):
        from atm_mlmm.models.mace import CHECKPOINT, verify_asset
        report = verify_asset()
        assert report['name'] == 'MACE-OFF23-small'
        assert report['user_authorization'] == 'I will use it for academic purposes.'
        assert report['dtype'] == 'float64'
        corrupt = tmp_path / 'wrong.model'
        corrupt.write_bytes(b'a replacement is not the approved asset')
        with pytest.raises(ValueError, match='SHA-256'):
            verify_asset(corrupt)
        with pytest.raises(ValueError, match='absent'):
            verify_asset(tmp_path / 'absent.model')
        # Malformed manifests cannot choose a replacement physical definition.
        original = json.loads((CHECKPOINT.parent / 'manifest.json').read_text())
        for key, value in [('user_authorization', ''), ('dtype', 'float32'),
                           ('device', 'CUDA'), ('energy_convention', 'interaction_energy'),
                           ('license', 'package licence'), ('upstream_commit', 'main')]:
            altered = copy.deepcopy(original)
            altered[key] = value
            path = tmp_path / 'manifest.json'
            path.write_text(json.dumps(altered))
            # The approved manifest hash is checked before its fields are parsed;
            # altered authorization/policy fields therefore fail closed at admission.
            with pytest.raises(ValueError, match='SHA-256|authorization|policy'):
                verify_asset(CHECKPOINT, path)
        path.write_text(json.dumps(original))
>       with pytest.raises(ValueError, match='licence'):
E       AssertionError: Regex pattern did not match.
E         Expected regex: 'licence'
E         Actual message: 'model manifest SHA-256 differs from the approved asset manifest'

tests/unit/test_environment.py:147: AssertionError
=========================== short test summary info ============================
FAILED tests/unit/test_environment.py::test_model_asset_hash_and_policy - Ass...
1 failed, 4 passed in 5.46s
EXIT_CODE 1
END_UTC 2026-10-07T15:35:12Z
