START_UTC 2026-10-07T15:38:54Z
SOURCE_COMMIT 92a50000144d5407b397572d418c2d7402d77078
SOURCE_TREE 34ea1b377eeefc4bcf6a9444fc7fa8a7232cd5a9
SOURCE_STATUS  M Worker_Log/Before_HPC/progress.md
?? Worker_Log/Before_HPC/Before_HPC_v5_summary.md
?? Worker_Log/Before_HPC/evidence/final-cpu-v1/
ARGV python -m pip wheel --no-deps --no-build-isolation --wheel-dir /tmp/atom-mlmm-batch-e-wheel-final-006 .
BUILD_BACKENDS 84.0.0 0.48.0
Processing ./.
  Preparing metadata (pyproject.toml): started
  Preparing metadata (pyproject.toml): finished with status 'done'
Building wheels for collected packages: atom-mlmm
  Building wheel for atom-mlmm (pyproject.toml): started
  Building wheel for atom-mlmm (pyproject.toml): finished with status 'done'
  Created wheel for atom-mlmm: filename=atom_mlmm-0.1.0-py3-none-any.whl size=137373 sha256=616248d419eb826bead381949a20101c91fa25e5006c94101165dc996e1ddcf7
  Stored in directory: /tmp/pip-ephem-wheel-cache-szvsi7zx/wheels/fd/d6/27/fc15debd0ec7272e0d94ae3eaeb44d4d1fd7567267ab03d506
Successfully built atom-mlmm
EXIT_CODE 0
END_UTC 2026-10-07T15:38:55Z
616248d419eb826bead381949a20101c91fa25e5006c94101165dc996e1ddcf7  /tmp/atom-mlmm-batch-e-wheel-final-006/atom_mlmm-0.1.0-py3-none-any.whl
