sha256sum: wheels/annotated_doc-0.0.5-py3-none-any.whl: No such file or directory
wheels/annotated_doc-0.0.5-py3-none-any.whl: FAILED open or read
sha256sum: wheels/anyio-4.15.1-py3-none-any.whl: No such file or directory
wheels/anyio-4.15.1-py3-none-any.whl: FAILED open or read
sha256sum: wheels/asciitree-0.3.3-py3-none-any.whl: No such file or directory
wheels/asciitree-0.3.3-py3-none-any.whl: FAILED open or read
sha256sum: wheels/ase-3.29.0-py3-none-any.whl: No such file or directory
wheels/ase-3.29.0-py3-none-any.whl: FAILED open or read
sha256sum: wheels/atom_openmm-8.5.0b0-py3-none-any.whl: No such file or directory
wheels/atom_openmm-8.5.0b0-py3-none-any.whl: FAILED open or read
sha256sum: wheels/click-8.5.0-py3-none-any.whl: No such file or directory
wheels/click-8.5.0-py3-none-any.whl: FAILED open or read
sha256sum: wheels/configargparse-1.8.0-py3-none-any.whl: No such file or directory
wheels/configargparse-1.8.0-py3-none-any.whl: FAILED open or read
sha256sum: wheels/contourpy-1.3.3-cp311-cp311-manylinux_2_27_x86_64.manylinux_2_28_x86_64.whl: No such file or directory
wheels/contourpy-1.3.3-cp311-cp311-manylinux_2_27_x86_64.manylinux_2_28_x86_64.whl: FAILED open or read
sha256sum: wheels/cycler-0.12.1-py3-none-any.whl: No such file or directory
wheels/cycler-0.12.1-py3-none-any.whl: FAILED open or read
sha256sum: wheels/deprecated-1.3.1-py2.py3-none-any.whl: No such file or directory
wheels/deprecated-1.3.1-py2.py3-none-any.whl: FAILED open or read
sha256sum: wheels/fasteners-0.20-py3-none-any.whl: No such file or directory
wheels/fasteners-0.20-py3-none-any.whl: FAILED open or read
sha256sum: wheels/fonttools-4.66.1-cp311-cp311-manylinux2014_x86_64.manylinux_2_17_x86_64.whl: No such file or directory
wheels/fonttools-4.66.1-cp311-cp311-manylinux2014_x86_64.manylinux_2_17_x86_64.whl: FAILED open or read
sha256sum: wheels/gitdb-4.0.12-py3-none-any.whl: No such file or directory
wheels/gitdb-4.0.12-py3-none-any.whl: FAILED open or read
sha256sum: wheels/gitpython-3.2.0-py3-none-any.whl: No such file or directory
wheels/gitpython-3.2.0-py3-none-any.whl: FAILED open or read
sha256sum: wheels/h11-0.16.0-py3-none-any.whl: No such file or directory
wheels/h11-0.16.0-py3-none-any.whl: FAILED open or read
sha256sum: wheels/h5py-3.16.0-cp311-cp311-manylinux_2_28_x86_64.whl: No such file or directory
wheels/h5py-3.16.0-cp311-cp311-manylinux_2_28_x86_64.whl: FAILED open or read
sha256sum: wheels/hf_xet-1.6.0-cp38-abi3-manylinux2014_x86_64.manylinux_2_17_x86_64.whl: No such file or directory
wheels/hf_xet-1.6.0-cp38-abi3-manylinux2014_x86_64.manylinux_2_17_x86_64.whl: FAILED open or read
sha256sum: wheels/httpcore2-2.13.1-py3-none-any.whl: No such file or directory
wheels/httpcore2-2.13.1-py3-none-any.whl: FAILED open or read
sha256sum: wheels/httpx2-2.13.1-py3-none-any.whl: No such file or directory
wheels/httpx2-2.13.1-py3-none-any.whl: FAILED open or read
sha256sum: wheels/huggingface_hub-2.0.0-py3-none-any.whl: No such file or directory
wheels/huggingface_hub-2.0.0-py3-none-any.whl: FAILED open or read
sha256sum: wheels/kiwisolver-1.5.1-cp311-cp311-manylinux2014_x86_64.manylinux_2_17_x86_64.whl: No such file or directory
wheels/kiwisolver-1.5.1-cp311-cp311-manylinux2014_x86_64.manylinux_2_17_x86_64.whl: FAILED open or read
sha256sum: wheels/lightning_utilities-0.15.3-py3-none-any.whl: No such file or directory
wheels/lightning_utilities-0.15.3-py3-none-any.whl: FAILED open or read
sha256sum: wheels/lmdb-2.3.0-cp311-cp311-manylinux2014_x86_64.manylinux_2_17_x86_64.manylinux_2_28_x86_64.whl: No such file or directory
wheels/lmdb-2.3.0-cp311-cp311-manylinux2014_x86_64.manylinux_2_17_x86_64.manylinux_2_28_x86_64.whl: FAILED open or read
sha256sum: wheels/lxml-6.1.3-cp311-cp311-manylinux_2_26_x86_64.manylinux_2_28_x86_64.whl: No such file or directory
wheels/lxml-6.1.3-cp311-cp311-manylinux_2_26_x86_64.manylinux_2_28_x86_64.whl: FAILED open or read
sha256sum: wheels/mace_torch-0.3.16-py3-none-any.whl: No such file or directory
wheels/mace_torch-0.3.16-py3-none-any.whl: FAILED open or read
sha256sum: wheels/markdown_it_py-4.2.0-py3-none-any.whl: No such file or directory
wheels/markdown_it_py-4.2.0-py3-none-any.whl: FAILED open or read
sha256sum: wheels/matscipy-1.3.0-cp311-cp311-manylinux_2_24_x86_64.manylinux_2_28_x86_64.whl: No such file or directory
wheels/matscipy-1.3.0-cp311-cp311-manylinux_2_24_x86_64.manylinux_2_28_x86_64.whl: FAILED open or read
sha256sum: wheels/mdurl-0.1.2-py3-none-any.whl: No such file or directory
wheels/mdurl-0.1.2-py3-none-any.whl: FAILED open or read
sha256sum: wheels/ninja-1.13.2-py3-none-manylinux2014_x86_64.manylinux_2_17_x86_64.whl: No such file or directory
wheels/ninja-1.13.2-py3-none-manylinux2014_x86_64.manylinux_2_17_x86_64.whl: FAILED open or read
sha256sum: wheels/numcodecs-0.15.1-cp311-cp311-manylinux_2_17_x86_64.manylinux2014_x86_64.whl: No such file or directory
wheels/numcodecs-0.15.1-cp311-cp311-manylinux_2_17_x86_64.manylinux2014_x86_64.whl: FAILED open or read
sha256sum: wheels/openmmforcefields-0.16.0-py3-none-any.whl: No such file or directory
wheels/openmmforcefields-0.16.0-py3-none-any.whl: FAILED open or read
sha256sum: wheels/openmmml-1.8-py3-none-any.whl: No such file or directory
wheels/openmmml-1.8-py3-none-any.whl: FAILED open or read
sha256sum: wheels/orjson-3.12.0-cp311-cp311-manylinux_2_17_x86_64.manylinux2014_x86_64.whl: No such file or directory
wheels/orjson-3.12.0-cp311-cp311-manylinux_2_17_x86_64.manylinux2014_x86_64.whl: FAILED open or read
sha256sum: wheels/pillow-12.3.0-cp311-cp311-manylinux_2_27_x86_64.manylinux_2_28_x86_64.whl: No such file or directory
wheels/pillow-12.3.0-cp311-cp311-manylinux_2_27_x86_64.manylinux_2_28_x86_64.whl: FAILED open or read
sha256sum: wheels/prettytable-3.18.0-py3-none-any.whl: No such file or directory
wheels/prettytable-3.18.0-py3-none-any.whl: FAILED open or read
sha256sum: wheels/pyarrow-25.0.1-cp311-cp311-manylinux_2_28_x86_64.whl: No such file or directory
wheels/pyarrow-25.0.1-cp311-cp311-manylinux_2_28_x86_64.whl: FAILED open or read
sha256sum: wheels/python_hostlist-2.3.0-py3-none-any.whl: No such file or directory
wheels/python_hostlist-2.3.0-py3-none-any.whl: FAILED open or read
sha256sum: wheels/rich-15.0.0-py3-none-any.whl: No such file or directory
wheels/rich-15.0.0-py3-none-any.whl: FAILED open or read
sha256sum: wheels/shellingham-1.5.4-py2.py3-none-any.whl: No such file or directory
wheels/shellingham-1.5.4-py2.py3-none-any.whl: FAILED open or read
sha256sum: wheels/smmap-5.0.3-py3-none-any.whl: No such file or directory
wheels/smmap-5.0.3-py3-none-any.whl: FAILED open or read
sha256sum: wheels/tinydb-4.9.0-py3-none-any.whl: No such file or directory
wheels/tinydb-4.9.0-py3-none-any.whl: FAILED open or read
sha256sum: wheels/torch_ema-0.3-py3-none-any.whl: No such file or directory
wheels/torch_ema-0.3-py3-none-any.whl: FAILED open or read
sha256sum: wheels/torchani-2.9.0-py3-none-any.whl: No such file or directory
wheels/torchani-2.9.0-py3-none-any.whl: FAILED open or read
sha256sum: wheels/torchmetrics-1.9.0-py3-none-any.whl: No such file or directory
wheels/torchmetrics-1.9.0-py3-none-any.whl: FAILED open or read
sha256sum: wheels/tqdm-4.70.1-py3-none-any.whl: No such file or directory
wheels/tqdm-4.70.1-py3-none-any.whl: FAILED open or read
sha256sum: wheels/truststore-0.10.4-py3-none-any.whl: No such file or directory
wheels/truststore-0.10.4-py3-none-any.whl: FAILED open or read
sha256sum: wheels/typer-0.27.2-py3-none-any.whl: No such file or directory
wheels/typer-0.27.2-py3-none-any.whl: FAILED open or read
sha256sum: wheels/validators-0.35.0-py3-none-any.whl: No such file or directory
wheels/validators-0.35.0-py3-none-any.whl: FAILED open or read
sha256sum: wheels/wcwidth-0.9.1-cp310-abi3-manylinux2014_x86_64.manylinux_2_17_x86_64.whl: No such file or directory
wheels/wcwidth-0.9.1-cp310-abi3-manylinux2014_x86_64.manylinux_2_17_x86_64.whl: FAILED open or read
sha256sum: wheels/wrapt-2.5.0-cp311-cp311-manylinux1_x86_64.manylinux_2_28_x86_64.manylinux_2_5_x86_64.whl: No such file or directory
wheels/wrapt-2.5.0-cp311-cp311-manylinux1_x86_64.manylinux_2_28_x86_64.manylinux_2_5_x86_64.whl: FAILED open or read
sha256sum: wheels/zarr-2.18.7-py3-none-any.whl: No such file or directory
wheels/zarr-2.18.7-py3-none-any.whl: FAILED open or read
sha256sum: WARNING: 51 listed files could not be read
