tests/contracts/test_architecture_boundaries.py::test_shared_contracts_have_no_model_import
tests/contracts/test_architecture_boundaries.py::test_new_transfer_modules_keep_upstream_knowledge_in_adapter
tests/contracts/test_capabilities.py::test_unsupported_combination_fails_closed
tests/contracts/test_capabilities.py::test_runtime_metadata_does_not_admit_unqualified_settings[precision-mixed]
tests/contracts/test_capabilities.py::test_runtime_metadata_does_not_admit_unqualified_settings[integrator-MTS]
tests/contracts/test_capabilities.py::test_runtime_metadata_does_not_admit_unqualified_settings[platform-CUDA]
tests/contracts/test_capabilities.py::test_fixed_translation_description_rejects_wrong_shape_and_nonfinite
tests/contracts/test_capabilities.py::test_unreviewed_physics_policy_fields_fail_closed[embedding-policy_version-999]
tests/contracts/test_capabilities.py::test_unreviewed_physics_policy_fields_fail_closed[embedding-boundary_policy-disulfide]
tests/contracts/test_capabilities.py::test_unreviewed_physics_policy_fields_fail_closed[embedding-boundary_policy-charged_fragment]
tests/contracts/test_capabilities.py::test_unreviewed_physics_policy_fields_fail_closed[embedding-boundary_policy-unknown]
tests/contracts/test_capabilities.py::test_unreviewed_physics_policy_fields_fail_closed[model-output_energy_convention-eV]
tests/contracts/test_capabilities.py::test_unreviewed_physics_policy_fields_fail_closed[model-locality-reactive]
tests/contracts/test_capabilities.py::test_unreviewed_physics_policy_fields_fail_closed[model-locality-unknown]
tests/contracts/test_capabilities.py::test_environment_probe_declares_environment_dependence
tests/contracts/test_embedding_extension.py::test_environment_provider_reuses_atm_and_protocols[False-False]
tests/contracts/test_embedding_extension.py::test_environment_provider_reuses_atm_and_protocols[False-True]
tests/contracts/test_embedding_extension.py::test_environment_provider_reuses_atm_and_protocols[True-False]
tests/contracts/test_embedding_extension.py::test_environment_provider_reuses_atm_and_protocols[True-True]
tests/contracts/test_embedding_extension.py::test_joint_checker_detects_cap_and_environment_faults[False-omit-cap]
tests/contracts/test_embedding_extension.py::test_joint_checker_detects_cap_and_environment_faults[False-omit-environment]
tests/contracts/test_embedding_extension.py::test_joint_checker_detects_cap_and_environment_faults[False-double-parent]
tests/contracts/test_embedding_extension.py::test_joint_checker_detects_cap_and_environment_faults[True-omit-cap]
tests/contracts/test_embedding_extension.py::test_joint_checker_detects_cap_and_environment_faults[True-omit-environment]
tests/contracts/test_embedding_extension.py::test_joint_checker_detects_cap_and_environment_faults[True-double-parent]
tests/contracts/test_evidence_schema.py::test_acceptance_requires_evidence
tests/contracts/test_evidence_schema.py::test_blank_evidence_reference_cannot_accept_scope[fixture_identities]
tests/contracts/test_evidence_schema.py::test_blank_evidence_reference_cannot_accept_scope[logs]
tests/contracts/test_evidence_schema.py::test_blank_evidence_reference_cannot_accept_scope[reviewer_references]
tests/contracts/test_evidence_schema.py::test_blank_evidence_reference_cannot_accept_scope[all]
tests/contracts/test_fault_injection.py::test_known_transfer_errors_are_detected[wrong-index]
tests/contracts/test_fault_injection.py::test_known_transfer_errors_are_detected[omitted-force]
tests/contracts/test_fault_injection.py::test_known_transfer_errors_are_detected[environment-force]
tests/contracts/test_fault_injection.py::test_known_transfer_errors_are_detected[reversed-tuple]
tests/contracts/test_fault_injection.py::test_known_transfer_errors_are_detected[stale-environment]
tests/contracts/test_fault_injection.py::test_known_transfer_errors_are_detected[factor-ten]
tests/contracts/test_fault_injection.py::test_known_transfer_errors_are_detected[double-count]
tests/contracts/test_fault_injection.py::test_actual_physical_force_faults_are_detected[omitted-child]
tests/contracts/test_fault_injection.py::test_actual_physical_force_faults_are_detected[omitted-coupling]
tests/contracts/test_fault_injection.py::test_actual_physical_force_faults_are_detected[double-child]
tests/contracts/test_fault_injection.py::test_executable_environment_callback_faults_are_detected[zero-MM-gradient]
tests/contracts/test_fault_injection.py::test_executable_environment_callback_faults_are_detected[stale-input]
tests/contracts/test_fault_injection.py::test_executable_environment_callback_faults_are_detected[factor-ten]
tests/contracts/test_fault_injection.py::test_smallest_stale_callback_reproducer_after_fresh_reload
tests/contracts/test_general_input_admission.py::test_two_cut_fixture_freezes_distinct_neutral_components_and_mm_parameters
tests/contracts/test_general_input_admission.py::test_resolved_partition_preserves_explicit_component_chemistry
tests/contracts/test_general_input_admission.py::test_two_cut_native_build_admits_every_declared_cap_by_parent
tests/contracts/test_general_input_admission.py::test_zero_cut_mixed_ligands_retain_mm_environment
tests/contracts/test_general_input_admission.py::test_v2_input_rejects_declared_original_parameter_inventory_disagreement
tests/contracts/test_general_input_admission.py::test_builder_rejects_forged_partition_and_unknown_model_chemistry
tests/contracts/test_general_input_admission.py::test_original_mm_declared_masses_and_constraints_are_exact
tests/contracts/test_m02_admission.py::test_actual_expression_must_match_schedule[sealer-native-abfe]
tests/contracts/test_m02_admission.py::test_actual_expression_must_match_schedule[sealer-native-rbfe]
tests/contracts/test_m02_admission.py::test_actual_expression_must_match_schedule[sealer-upstream-abfe]
tests/contracts/test_m02_admission.py::test_actual_expression_must_match_schedule[sealer-upstream-rbfe]
tests/contracts/test_m02_admission.py::test_actual_expression_must_match_schedule[artifact-native-abfe]
tests/contracts/test_m02_admission.py::test_actual_expression_must_match_schedule[artifact-native-rbfe]
tests/contracts/test_m02_admission.py::test_actual_expression_must_match_schedule[artifact-upstream-abfe]
tests/contracts/test_m02_admission.py::test_actual_expression_must_match_schedule[artifact-upstream-rbfe]
tests/contracts/test_m02_admission.py::test_atm_itself_must_own_required_schedule_globals[Lambda1-sealer-native]
tests/contracts/test_m02_admission.py::test_atm_itself_must_own_required_schedule_globals[Lambda1-sealer-upstream]
tests/contracts/test_m02_admission.py::test_atm_itself_must_own_required_schedule_globals[Lambda1-artifact-native]
tests/contracts/test_m02_admission.py::test_atm_itself_must_own_required_schedule_globals[Lambda1-artifact-upstream]
tests/contracts/test_m02_admission.py::test_atm_itself_must_own_required_schedule_globals[UOffset-sealer-native]
tests/contracts/test_m02_admission.py::test_atm_itself_must_own_required_schedule_globals[UOffset-sealer-upstream]
tests/contracts/test_m02_admission.py::test_atm_itself_must_own_required_schedule_globals[UOffset-artifact-native]
tests/contracts/test_m02_admission.py::test_atm_itself_must_own_required_schedule_globals[UOffset-artifact-upstream]
tests/contracts/test_m02_admission.py::test_linear_schedule_expression_and_globals_are_bound[expression-sealer]
tests/contracts/test_m02_admission.py::test_linear_schedule_expression_and_globals_are_bound[expression-artifact]
tests/contracts/test_m02_admission.py::test_linear_schedule_expression_and_globals_are_bound[global-sealer]
tests/contracts/test_m02_admission.py::test_linear_schedule_expression_and_globals_are_bound[global-artifact]
tests/contracts/test_m02_admission.py::test_required_atm_global_cannot_have_ambiguous_duplicate_ownership[sealer]
tests/contracts/test_m02_admission.py::test_required_atm_global_cannot_have_ambiguous_duplicate_ownership[artifact]
tests/contracts/test_m02_admission.py::test_harmless_expression_whitespace_preserves_numerics[native]
tests/contracts/test_m02_admission.py::test_harmless_expression_whitespace_preserves_numerics[upstream]
tests/contracts/test_m02_admission.py::test_whitespace_cannot_join_different_expression_tokens[sealer]
tests/contracts/test_m02_admission.py::test_whitespace_cannot_join_different_expression_tokens[artifact]
tests/contracts/test_m02_admission.py::test_fixed_physical_globals_reject_context_or_state_mutation[False-physical]
tests/contracts/test_m02_admission.py::test_fixed_physical_globals_reject_context_or_state_mutation[False-preparation]
tests/contracts/test_m02_admission.py::test_fixed_physical_globals_reject_context_or_state_mutation[False-native]
tests/contracts/test_m02_admission.py::test_fixed_physical_globals_reject_context_or_state_mutation[False-upstream]
tests/contracts/test_m02_admission.py::test_fixed_physical_globals_reject_context_or_state_mutation[True-physical]
tests/contracts/test_m02_admission.py::test_fixed_physical_globals_reject_context_or_state_mutation[True-preparation]
tests/contracts/test_m02_admission.py::test_fixed_physical_globals_reject_context_or_state_mutation[True-native]
tests/contracts/test_m02_admission.py::test_fixed_physical_globals_reject_context_or_state_mutation[True-upstream]
tests/contracts/test_m02_admission.py::test_schedule_parameter_cannot_control_physical_child[native-abfe]
tests/contracts/test_m02_admission.py::test_schedule_parameter_cannot_control_physical_child[native-rbfe]
tests/contracts/test_m02_admission.py::test_schedule_parameter_cannot_control_physical_child[upstream-abfe]
tests/contracts/test_m02_admission.py::test_schedule_parameter_cannot_control_physical_child[upstream-rbfe]
tests/contracts/test_m02_admission.py::test_collision_is_rejected_even_when_constructors_are_bypassed[sealer-Lambda1]
tests/contracts/test_m02_admission.py::test_collision_is_rejected_even_when_constructors_are_bypassed[sealer-UOffset]
tests/contracts/test_m02_admission.py::test_collision_is_rejected_even_when_constructors_are_bypassed[artifact-Lambda1]
tests/contracts/test_m02_admission.py::test_collision_is_rejected_even_when_constructors_are_bypassed[artifact-UOffset]
tests/contracts/test_m02_admission.py::test_linear_schedule_parameter_collision_is_rejected
tests/contracts/test_m02_admission.py::test_fixed_global_positive_control_full_forces_and_state_changes[Reference-physical]
tests/contracts/test_m02_admission.py::test_fixed_global_positive_control_full_forces_and_state_changes[Reference-preparation]
tests/contracts/test_m02_admission.py::test_fixed_global_positive_control_full_forces_and_state_changes[Reference-native]
tests/contracts/test_m02_admission.py::test_fixed_global_positive_control_full_forces_and_state_changes[Reference-upstream]
tests/contracts/test_m02_admission.py::test_fixed_global_positive_control_full_forces_and_state_changes[CPU-physical]
tests/contracts/test_m02_admission.py::test_fixed_global_positive_control_full_forces_and_state_changes[CPU-preparation]
tests/contracts/test_m02_admission.py::test_fixed_global_positive_control_full_forces_and_state_changes[CPU-native]
tests/contracts/test_m02_admission.py::test_fixed_global_positive_control_full_forces_and_state_changes[CPU-upstream]
tests/contracts/test_m02_admission.py::test_explicit_state_restoration_resets_physical_and_schedule_globals[native]
tests/contracts/test_m02_admission.py::test_explicit_state_restoration_resets_physical_and_schedule_globals[upstream]
tests/contracts/test_m02_admission.py::test_duplicate_physical_content_cannot_be_hidden_by_labels[rename-python-export]
tests/contracts/test_m02_admission.py::test_duplicate_physical_content_cannot_be_hidden_by_labels[rename-python-native]
tests/contracts/test_m02_admission.py::test_duplicate_physical_content_cannot_be_hidden_by_labels[rename-python-upstream]
tests/contracts/test_m02_admission.py::test_duplicate_physical_content_cannot_be_hidden_by_labels[rename-external-export]
tests/contracts/test_m02_admission.py::test_duplicate_physical_content_cannot_be_hidden_by_labels[rename-external-native]
tests/contracts/test_m02_admission.py::test_duplicate_physical_content_cannot_be_hidden_by_labels[rename-external-upstream]
tests/contracts/test_m02_admission.py::test_duplicate_physical_content_cannot_be_hidden_by_labels[regroup-python-export]
tests/contracts/test_m02_admission.py::test_duplicate_physical_content_cannot_be_hidden_by_labels[regroup-python-native]
tests/contracts/test_m02_admission.py::test_duplicate_physical_content_cannot_be_hidden_by_labels[regroup-python-upstream]
tests/contracts/test_m02_admission.py::test_duplicate_physical_content_cannot_be_hidden_by_labels[regroup-external-export]
tests/contracts/test_m02_admission.py::test_duplicate_physical_content_cannot_be_hidden_by_labels[regroup-external-native]
tests/contracts/test_m02_admission.py::test_duplicate_physical_content_cannot_be_hidden_by_labels[regroup-external-upstream]
tests/contracts/test_m02_admission.py::test_duplicate_physical_content_cannot_be_hidden_by_labels[both-python-export]
tests/contracts/test_m02_admission.py::test_duplicate_physical_content_cannot_be_hidden_by_labels[both-python-native]
tests/contracts/test_m02_admission.py::test_duplicate_physical_content_cannot_be_hidden_by_labels[both-python-upstream]
tests/contracts/test_m02_admission.py::test_duplicate_physical_content_cannot_be_hidden_by_labels[both-external-export]
tests/contracts/test_m02_admission.py::test_duplicate_physical_content_cannot_be_hidden_by_labels[both-external-native]
tests/contracts/test_m02_admission.py::test_duplicate_physical_content_cannot_be_hidden_by_labels[both-external-upstream]
tests/contracts/test_m02_admission.py::test_distinct_physical_parameters_with_same_label_are_admitted[export]
tests/contracts/test_m02_admission.py::test_distinct_physical_parameters_with_same_label_are_admitted[native]
tests/contracts/test_m02_admission.py::test_distinct_physical_parameters_with_same_label_are_admitted[upstream]
tests/contracts/test_mace_candidate_admission.py::test_pinned_mace_candidate_metadata
tests/contracts/test_physical_evaluator.py::test_environment_force_and_recomputed_mapping[Reference-abfe]
tests/contracts/test_physical_evaluator.py::test_environment_force_and_recomputed_mapping[Reference-rbfe]
tests/contracts/test_physical_evaluator.py::test_environment_force_and_recomputed_mapping[CPU-abfe]
tests/contracts/test_physical_evaluator.py::test_environment_force_and_recomputed_mapping[CPU-rbfe]
tests/contracts/test_physical_evaluator.py::test_evaluation_history_independence[Reference-abfe]
tests/contracts/test_physical_evaluator.py::test_evaluation_history_independence[Reference-rbfe]
tests/contracts/test_physical_evaluator.py::test_evaluation_history_independence[CPU-abfe]
tests/contracts/test_physical_evaluator.py::test_evaluation_history_independence[CPU-rbfe]
tests/contracts/test_physical_evaluator.py::test_force_order_box_and_runtime_rejection
tests/contracts/test_release_evidence.py::test_claimed_profiles_require_exact_profile_and_evidence_level
tests/contracts/test_release_evidence.py::test_code_checkbox_cannot_promote_unrun_gpu_or_physics
tests/contracts/test_release_evidence.py::test_release_validator_rejects_missing_profile_dimensions
tests/contracts/test_release_evidence.py::test_requirement_matrix_covers_every_original_gate_assertion_and_holds
tests/contracts/test_schema.py::test_versioned_round_trip_and_units
tests/contracts/test_schema.py::test_records_own_immutable_data_and_full_real_forces
tests/contracts/test_schema.py::test_empty_duplicate_wrong_shape_and_unknown_fields_fail
tests/contracts/test_schema.py::test_protocol_presets_validate_counts_and_disjoint_groups
tests/contracts/test_schema.py::test_system_input_carries_original_identity_units_and_provenance
tests/contracts/test_transfer_protocols.py::test_one_and_two_unequal_mobile_groups[abfe]
tests/contracts/test_transfer_protocols.py::test_one_and_two_unequal_mobile_groups[rbfe]
tests/contracts/test_transfer_protocols.py::test_nonidentity_old_to_new_and_record_roundtrip
tests/contracts/test_transfer_protocols.py::test_reject_incomplete_membership_maps_and_unsupported_geometry
tests/contracts/test_transfer_protocols.py::test_owned_records_and_nonfinite_rejection
tests/contracts/test_transfer_protocols.py::test_second_group_has_nonzero_mapped_force
tests/environment/test_cloud_install.py::test_cloud_fallback_uses_current_development_branch[0]
tests/environment/test_cloud_install.py::test_cloud_fallback_uses_current_development_branch[17]
tests/environment/test_cpu_smoke.py::test_cpu_smoke_preserves_safe_loading
tests/environment/test_hpc_profile.py::test_hpc_profile_template_is_incomplete_and_defaults_to_validation_only
tests/environment/test_hpc_profile.py::test_complete_profile_only_authorizes_local_trial_dry_run
tests/environment/test_hpc_profile.py::test_hpc_profile_rejects_unknown_scheduler_or_missing_input_hash
tests/integration/test_boundary_ledger.py::test_each_boundary_term_disposition
tests/integration/test_boundary_ledger.py::test_saved_original_retained_hybrid_identity
tests/integration/test_cap_collections.py::test_two_cap_collection_probe_matches_independent_per_edge_force_oracle
tests/integration/test_cap_collections.py::test_zero_cut_mixed_collection_keeps_model_to_mm_environment_derivative
tests/integration/test_cap_collections.py::test_two_cap_parent_cartesian_derivatives_both_maps
tests/integration/test_cap_collections.py::test_approved_mace_two_cap_fixed_coordinate_parent_derivatives
tests/integration/test_cap_collections.py::test_two_cap_alchemical_bundle_trusted_reload_in_fresh_process
tests/integration/test_cap_collections.py::test_two_cap_bounded_restart_through_common_runner_in_fresh_process
tests/integration/test_cap_collections.py::test_two_cap_force_and_torque_balance_under_rigid_motion
tests/integration/test_cap_collections.py::test_two_cap_controls_detect_one_missing_projection_or_environment_derivative[omit-second-cap]
tests/integration/test_cap_collections.py::test_two_cap_controls_detect_one_missing_projection_or_environment_derivative[omit-second-environment]
tests/integration/test_cap_collections.py::test_two_cap_ledger_and_nonidentity_particle_mapping
tests/integration/test_cap_collections.py::test_two_cap_periodic_pme_ledger_preserves_exclusions_and_inert_caps
tests/integration/test_checkpoint_loading.py::test_authorization_is_checked_before_deserialization
tests/integration/test_checkpoint_loading.py::test_trusted_checkpoint_loads_in_fresh_process
tests/integration/test_checkpoint_loading.py::test_installed_asset_directory_routes_without_changing_asset_identity
tests/integration/test_checkpoint_loading.py::test_installed_asset_directory_rejects_invalid_assets_before_loading[missing]
tests/integration/test_checkpoint_loading.py::test_installed_asset_directory_rejects_invalid_assets_before_loading[modified]
tests/integration/test_checkpoint_loading.py::test_installed_asset_directory_rejects_invalid_assets_before_loading[untrusted]
tests/integration/test_chemical_reference.py::test_exact_capped_conformer_reference
tests/integration/test_chemical_reference.py::test_frozen_contact_reference
tests/integration/test_joint_hybrid_atm.py::test_uncut_reference_description_uses_same_builder
tests/integration/test_joint_hybrid_atm.py::test_direct_native_and_atom_agree[False]
tests/integration/test_joint_hybrid_atm.py::test_real_model_two_unequal_ligand_single_points
tests/integration/test_joint_hybrid_atm.py::test_mm_boundary_parent_force
tests/integration/test_joint_hybrid_atm.py::test_joint_contact_and_disconnected_graph
tests/integration/test_joint_hybrid_atm.py::test_only_mobile_groups_translate[False]
tests/integration/test_joint_hybrid_atm.py::test_only_mobile_groups_translate[True]
tests/integration/test_joint_hybrid_atm.py::test_joint_periodic_geometry_and_forces[False]
tests/integration/test_joint_hybrid_atm.py::test_joint_periodic_geometry_and_forces[True]
tests/integration/test_joint_hybrid_atm.py::test_periodic_full_real_derivative_step_sweep
tests/integration/test_link_geometry.py::test_fd_restores_snapshot_on_success_and_failure
tests/integration/test_link_geometry.py::test_cap_position_and_zero_mass
tests/integration/test_link_geometry.py::test_cap_parent_chain_rule[Reference]
tests/integration/test_link_geometry.py::test_cap_parent_chain_rule[CPU]
tests/integration/test_link_geometry.py::test_actual_and_nonidentity_index_maps
tests/integration/test_link_geometry.py::test_stationary_cap_force_under_atm[0.0-Reference]
tests/integration/test_link_geometry.py::test_stationary_cap_force_under_atm[0.0-CPU]
tests/integration/test_link_geometry.py::test_stationary_cap_force_under_atm[10.0-Reference]
tests/integration/test_link_geometry.py::test_stationary_cap_force_under_atm[10.0-CPU]
tests/integration/test_link_geometry.py::test_cap_environment_cross_derivative[Reference]
tests/integration/test_link_geometry.py::test_cap_environment_cross_derivative[CPU]
tests/integration/test_link_geometry.py::test_cap_projected_force_and_torque_balance[Reference]
tests/integration/test_link_geometry.py::test_cap_projected_force_and_torque_balance[CPU]
tests/integration/test_link_geometry.py::test_trusted_fresh_process_reload
tests/integration/test_link_geometry.py::test_deliberate_derivative_faults[omit-parent]
tests/integration/test_link_geometry.py::test_deliberate_derivative_faults[double-parent]
tests/integration/test_link_geometry.py::test_deliberate_derivative_faults[omit-environment]
tests/integration/test_link_geometry.py::test_deliberate_derivative_faults[stale-cap]
tests/integration/test_link_geometry.py::test_link_ids_cannot_alias_real_mm_ids
tests/integration/test_link_geometry.py::test_complete_runtime_state_restored_after_cartesian_fd
tests/integration/test_link_geometry.py::test_legacy_real_only_encoding_and_future_cap_version
tests/integration/test_link_geometry.py::test_nonidentity_capped_atm_matches_identity_case
tests/integration/test_locality.py::test_declared_local_component_additivity
tests/integration/test_mace_link_example.py::test_corrupt_checkpoint_is_rejected_before_loading
tests/integration/test_mace_link_example.py::test_local_mace_link_calculation
tests/integration/test_masked_interactions.py::test_pme_charge_mask_cross_identity
tests/integration/test_masked_interactions.py::test_lj_mask_cross_and_switching
tests/integration/test_masked_interactions.py::test_invalid_mask_sets_reject[sets0]
tests/integration/test_masked_interactions.py::test_invalid_mask_sets_reject[sets1]
tests/integration/test_masked_interactions.py::test_invalid_mask_sets_reject[sets2]
tests/integration/test_masked_interactions.py::test_invalid_mask_sets_reject[sets3]
tests/integration/test_mechanical_pme.py::test_periodic_builder_admits_standard_pme
tests/integration/test_mechanical_pme.py::test_ml_mm_cross_interactions_retained
tests/integration/test_mechanical_pme.py::test_nonstandard_forces_and_box_rejected[offset]
tests/integration/test_mechanical_pme.py::test_nonstandard_forces_and_box_rejected[exception-offset]
tests/integration/test_mechanical_pme.py::test_nonstandard_forces_and_box_rejected[ljpme]
tests/integration/test_mechanical_pme.py::test_nonstandard_forces_and_box_rejected[custom]
tests/integration/test_mechanical_pme.py::test_nonstandard_forces_and_box_rejected[triclinic]
tests/integration/test_mechanical_pme.py::test_nonstandard_forces_and_box_rejected[dispersion]
tests/integration/test_mechanical_pme.py::test_nonstandard_forces_and_box_rejected[two-nb]
tests/integration/test_model_adapter.py::test_native_and_openmm_energy_forces[Reference]
tests/integration/test_model_adapter.py::test_native_and_openmm_energy_forces[CPU]
tests/integration/test_model_adapter.py::test_real_parent_forces_with_model_caps[Reference]
tests/integration/test_model_adapter.py::test_real_parent_forces_with_model_caps[CPU]
tests/integration/test_model_adapter.py::test_consistent_translation_rotation_and_permutation
tests/integration/test_model_adapter.py::test_nonidentity_final_map
tests/integration/test_model_adapter.py::test_component_finite_difference_sweep
tests/integration/test_model_adapter.py::test_deliberate_numeric_faults[omit-parent]
tests/integration/test_model_adapter.py::test_deliberate_numeric_faults[force-times-ten]
tests/integration/test_model_adapter.py::test_deliberate_numeric_faults[wrong-order]
tests/integration/test_model_adapter.py::test_deliberate_numeric_faults[stale-cap]
tests/integration/test_model_adapter.py::test_mace_nested_atm_real_force_oracle
tests/integration/test_model_adapter.py::test_local_asset_fresh_process_reload[physical]
tests/integration/test_model_adapter.py::test_local_asset_fresh_process_reload[alchemical]
tests/integration/test_model_domain.py::test_contact_cutoff_and_counterfactual_scans
tests/integration/test_periodic_geometry.py::test_images_caps_and_bulk_separation
tests/integration/test_periodic_geometry.py::test_cap_wrapping_and_image_seam_continuity
tests/integration/test_periodic_geometry.py::test_backend_graph_matches_independent_geometry
tests/integration/test_periodic_geometry.py::test_runtime_unsafe_box_rejected[box0]
tests/integration/test_periodic_geometry.py::test_runtime_unsafe_box_rejected[box1]
tests/integration/test_periodic_geometry.py::test_ambiguous_bond_image_is_outside_admitted_domain
tests/integration/test_periodic_geometry.py::test_wrapped_cap_derivative_fault_is_detected
tests/integration/test_periodic_geometry.py::test_actual_cap_graph_matches_enumerated_images
tests/integration/test_pythonforce_atm.py::test_linear_endpoint_and_force_identity[Reference-initial-0.0-abfe]
tests/integration/test_pythonforce_atm.py::test_linear_endpoint_and_force_identity[Reference-initial-0.0-rbfe]
tests/integration/test_pythonforce_atm.py::test_linear_endpoint_and_force_identity[Reference-middle-0.37-abfe]
tests/integration/test_pythonforce_atm.py::test_linear_endpoint_and_force_identity[Reference-middle-0.37-rbfe]
tests/integration/test_pythonforce_atm.py::test_linear_endpoint_and_force_identity[Reference-final-1.0-abfe]
tests/integration/test_pythonforce_atm.py::test_linear_endpoint_and_force_identity[Reference-final-1.0-rbfe]
tests/integration/test_pythonforce_atm.py::test_linear_endpoint_and_force_identity[CPU-initial-0.0-abfe]
tests/integration/test_pythonforce_atm.py::test_linear_endpoint_and_force_identity[CPU-initial-0.0-rbfe]
tests/integration/test_pythonforce_atm.py::test_linear_endpoint_and_force_identity[CPU-middle-0.37-abfe]
tests/integration/test_pythonforce_atm.py::test_linear_endpoint_and_force_identity[CPU-middle-0.37-rbfe]
tests/integration/test_pythonforce_atm.py::test_linear_endpoint_and_force_identity[CPU-final-1.0-abfe]
tests/integration/test_pythonforce_atm.py::test_linear_endpoint_and_force_identity[CPU-final-1.0-rbfe]
tests/integration/test_pythonforce_atm.py::test_permuted_subset_and_units
tests/integration/test_pythonforce_atm.py::test_nonzero_outside_term_and_tuple_order
tests/integration/test_pythonforce_atm.py::test_independent_harmonic_forces
tests/integration/test_pythonforce_atm.py::test_nonlinear_mixing_force_chain_rule[Reference-0.99-1.0]
tests/integration/test_pythonforce_atm.py::test_nonlinear_mixing_force_chain_rule[Reference-0.99--1.0]
tests/integration/test_pythonforce_atm.py::test_nonlinear_mixing_force_chain_rule[Reference-1.0-1.0]
tests/integration/test_pythonforce_atm.py::test_nonlinear_mixing_force_chain_rule[Reference-1.0--1.0]
tests/integration/test_pythonforce_atm.py::test_nonlinear_mixing_force_chain_rule[Reference-1.01-1.0]
tests/integration/test_pythonforce_atm.py::test_nonlinear_mixing_force_chain_rule[Reference-1.01--1.0]
tests/integration/test_pythonforce_atm.py::test_nonlinear_mixing_force_chain_rule[Reference-2.0-1.0]
tests/integration/test_pythonforce_atm.py::test_nonlinear_mixing_force_chain_rule[Reference-2.0--1.0]
tests/integration/test_pythonforce_atm.py::test_nonlinear_mixing_force_chain_rule[Reference-8.0-1.0]
tests/integration/test_pythonforce_atm.py::test_nonlinear_mixing_force_chain_rule[Reference-8.0--1.0]
tests/integration/test_pythonforce_atm.py::test_nonlinear_mixing_force_chain_rule[CPU-0.99-1.0]
tests/integration/test_pythonforce_atm.py::test_nonlinear_mixing_force_chain_rule[CPU-0.99--1.0]
tests/integration/test_pythonforce_atm.py::test_nonlinear_mixing_force_chain_rule[CPU-1.0-1.0]
tests/integration/test_pythonforce_atm.py::test_nonlinear_mixing_force_chain_rule[CPU-1.0--1.0]
tests/integration/test_pythonforce_atm.py::test_nonlinear_mixing_force_chain_rule[CPU-1.01-1.0]
tests/integration/test_pythonforce_atm.py::test_nonlinear_mixing_force_chain_rule[CPU-1.01--1.0]
tests/integration/test_pythonforce_atm.py::test_nonlinear_mixing_force_chain_rule[CPU-2.0-1.0]
tests/integration/test_pythonforce_atm.py::test_nonlinear_mixing_force_chain_rule[CPU-2.0--1.0]
tests/integration/test_pythonforce_atm.py::test_nonlinear_mixing_force_chain_rule[CPU-8.0-1.0]
tests/integration/test_pythonforce_atm.py::test_nonlinear_mixing_force_chain_rule[CPU-8.0--1.0]
tests/integration/test_pythonforce_atm.py::test_fresh_process_serialization_offline[abfe]
tests/integration/test_pythonforce_atm.py::test_fresh_process_serialization_offline[rbfe]
tests/integration/test_pythonforce_atm.py::test_invalid_production_parameter_domains[changes0]
tests/integration/test_pythonforce_atm.py::test_invalid_production_parameter_domains[changes1]
tests/integration/test_pythonforce_atm.py::test_invalid_production_parameter_domains[changes2]
tests/integration/test_pythonforce_atm.py::test_invalid_production_parameter_domains[changes3]
tests/integration/test_pythonforce_atm.py::test_invalid_production_parameter_domains[changes4]
tests/integration/test_pythonforce_atm.py::test_invalid_production_parameter_domains[changes5]
tests/integration/test_pythonforce_atm.py::test_production_linear_limits_and_offsets[1.0-0.0]
tests/integration/test_pythonforce_atm.py::test_production_linear_limits_and_offsets[1.0-0.37]
tests/integration/test_pythonforce_atm.py::test_production_linear_limits_and_offsets[1.0-1.0]
tests/integration/test_pythonforce_atm.py::test_production_linear_limits_and_offsets[-1.0-0.0]
tests/integration/test_pythonforce_atm.py::test_production_linear_limits_and_offsets[-1.0-0.37]
tests/integration/test_pythonforce_atm.py::test_production_linear_limits_and_offsets[-1.0-1.0]
tests/sampling/test_analytic_free_energy.py::test_estimators_covariance_and_offsets
tests/sampling/test_analytic_free_energy.py::test_uwham_large_constant_state_offsets_are_a_gauge
tests/sampling/test_analytic_free_energy.py::test_repeated_seed_harmonic_md
tests/sampling/test_analytic_free_energy.py::test_estimator_rejects_disconnected_support_and_missing_counts
tests/sampling/test_analytic_free_energy.py::test_harmonic_known_difference
tests/sampling/test_exchange_uncertainty.py::test_exchange_analysis_api_is_explicit_and_opt_in
tests/sampling/test_exchange_uncertainty.py::test_synchronized_bootstrap_keeps_frame_bundles_and_reports_information_scopes
tests/sampling/test_exchange_uncertainty.py::test_excluded_frames_remain_in_raw_provenance_but_not_retained_window
tests/sampling/test_exchange_uncertainty.py::test_mislabeled_iid_histories_and_reused_initializations_are_rejected
tests/sampling/test_exchange_uncertainty.py::test_synchronized_input_must_match_verified_frame_order
tests/sampling/test_exchange_uncertainty.py::test_raw_outside_energy_is_validated_before_window_selection
tests/sampling/test_exchange_uncertainty.py::test_partial_block_tail_is_rejected_instead_of_dropped
tests/sampling/test_exchange_uncertainty.py::test_independent_run_resampling_keeps_complete_runs_without_nested_blocks
tests/sampling/test_exchange_uncertainty.py::test_failed_bootstrap_draw_is_preserved_and_withholds_covariance
tests/sampling/test_exchange_uncertainty.py::test_frozen_analytic_seed_design_qualifies_known_answer_and_covariance
tests/unit/test_benchmark_metrics.py::test_ns_per_day_uses_declared_timestep_and_step_seconds
tests/unit/test_benchmark_metrics.py::test_ns_per_day_rejects_nonpositive_inputs[0.0-1.0]
tests/unit/test_benchmark_metrics.py::test_ns_per_day_rejects_nonpositive_inputs[-0.5-1.0]
tests/unit/test_benchmark_metrics.py::test_ns_per_day_rejects_nonpositive_inputs[0.5-0.0]
tests/unit/test_benchmark_metrics.py::test_ns_per_day_rejects_nonpositive_inputs[0.5--1.0]
tests/unit/test_benchmark_metrics.py::test_benchmark_summary_separates_startup_and_repeat_variability
tests/unit/test_benchmark_metrics.py::test_serial_replicas_are_not_double_counted_as_aggregate_throughput
tests/unit/test_binding_result_admission.py::test_final_requires_embedded_thermodynamic_definition
tests/unit/test_binding_result_admission.py::test_final_definition_identity_observable_and_ordered_ledger_match
tests/unit/test_binding_result_admission.py::test_uncomputed_correction_cannot_hide_its_unresolved_status
tests/unit/test_binding_result_admission.py::test_partial_and_covariance_aware_final_round_trips
tests/unit/test_environment.py::test_required_apis_and_versions
tests/unit/test_environment.py::test_environment_manifest_complete
tests/unit/test_environment.py::test_missing_required_api_fails_clearly
tests/unit/test_environment.py::test_mixed_system_info_is_exercised_and_missing_mapping_fails
tests/unit/test_environment.py::test_version_drift_fails_before_numerical_probes
tests/unit/test_environment.py::test_atomic_json_rejects_nonfinite_and_preserves_previous_file
tests/unit/test_environment.py::test_model_asset_hash_and_policy
tests/unit/test_force_inventory.py::test_original_mm_inventory_and_unknown_force
tests/unit/test_force_inventory.py::test_inventory_virtual_sites_have_explicit_parents_and_weights
tests/unit/test_host_role.py::test_neutral_complete_host_is_static
tests/unit/test_host_role.py::test_host_admission_rejects_unsupported_state[partial]
tests/unit/test_host_role.py::test_host_admission_rejects_unsupported_state[charged]
tests/unit/test_host_role.py::test_host_admission_rejects_unsupported_state[ambiguous]
tests/unit/test_host_role.py::test_host_admission_rejects_unsupported_state[disconnected]
tests/unit/test_identity.py::test_chain_insertion_and_permutation_identity
tests/unit/test_joint_quantum_execution.py::test_only_frozen_thirty_jobs_with_pilot_first_and_no_g05_budget
tests/unit/test_joint_quantum_execution.py::test_copied_approval_cannot_reset_budget_by_changing_attempt
tests/unit/test_joint_quantum_execution.py::test_tampered_authorization_rejects_before_launch[matrix_sha256]
tests/unit/test_joint_quantum_execution.py::test_tampered_authorization_rejects_before_launch[user_agreed]
tests/unit/test_joint_quantum_execution.py::test_tampered_authorization_rejects_before_launch[reference_lock_sha256]
tests/unit/test_joint_quantum_execution.py::test_tampered_authorization_rejects_before_launch[pilot_job]
tests/unit/test_joint_quantum_execution.py::test_matrix_tamper_rejects_even_with_rebound_authorization
tests/unit/test_joint_quantum_execution.py::test_stricter_resource_and_pilot_policy
tests/unit/test_joint_quantum_execution.py::test_pilot_completion_stops_for_assessment_and_durable_receipt
tests/unit/test_joint_quantum_execution.py::test_failed_pilot_receipt_is_never_promoted_and_retry_keeps_budget
tests/unit/test_joint_quantum_execution.py::test_timeout_kills_worker_and_charges_resume
tests/unit/test_joint_quantum_execution.py::test_resume_requires_pilot_assessment_and_rejects_changed_receipt
tests/unit/test_joint_quantum_execution.py::test_concurrent_queue_lease_blocks_launch
tests/unit/test_joint_quantum_execution.py::test_g07_guards_stop_safely_before_promoting[rss]
tests/unit/test_joint_quantum_execution.py::test_g07_guards_stop_safely_before_promoting[disk]
tests/unit/test_joint_quantum_execution.py::test_g07_guards_stop_safely_before_promoting[oom]
tests/unit/test_joint_quantum_execution.py::test_nonconverged_zero_exit_record_is_not_promoted
tests/unit/test_joint_quantum_execution.py::test_actual_psi4_1102_convergence_message_is_admitted
tests/unit/test_joint_quantum_execution.py::test_posthoc_validation_preserves_rejection_and_debit_without_qm
tests/unit/test_joint_quantum_execution.py::test_revalidation_rejects_changed_original_evidence[receipt.json]
tests/unit/test_joint_quantum_execution.py::test_revalidation_rejects_changed_original_evidence[record.json]
tests/unit/test_joint_quantum_execution.py::test_revalidation_rejects_changed_original_evidence[record.psi4.txt]
tests/unit/test_joint_quantum_execution.py::test_revalidation_respects_lease_and_live_worker
tests/unit/test_joint_quantum_execution.py::test_correction_cannot_change_original_measurements_before_admission[wall_seconds]
tests/unit/test_joint_quantum_execution.py::test_correction_cannot_change_original_measurements_before_admission[resources]
tests/unit/test_joint_quantum_execution.py::test_correction_cannot_change_original_measurements_before_admission[correction]
tests/unit/test_joint_quantum_execution.py::test_correction_cannot_change_original_measurements_before_admission[original_copy]
tests/unit/test_joint_quantum_execution.py::test_ordinary_recovery_cannot_bypass_correction_by_removing_markers
tests/unit/test_joint_quantum_execution.py::test_recovery_fsyncs_renamed_attempt_before_admitted_checkpoint[False]
tests/unit/test_joint_quantum_execution.py::test_recovery_fsyncs_renamed_attempt_before_admitted_checkpoint[True]
tests/unit/test_joint_quantum_execution.py::test_recovery_rejects_missing_or_changed_convergence_log[missing]
tests/unit/test_joint_quantum_execution.py::test_recovery_rejects_missing_or_changed_convergence_log[changed]
tests/unit/test_joint_quantum_execution.py::test_zero_projection_assessment_cannot_replace_measured_evidence
tests/unit/test_joint_quantum_execution.py::test_measured_pilot_continues_exact_matrix_and_never_recalculates
tests/unit/test_joint_quantum_execution.py::test_pilot_ceiling_cannot_reset_on_retry
tests/unit/test_joint_reference_plan.py::test_frozen_joint_matrix_preserves_twenty_rows_and_fifty_descriptions
tests/unit/test_joint_reference_plan.py::test_cap_reference_rejects_changed_geometry_before_reusing_quantum
tests/unit/test_partition.py::test_fixed_complete_mobile_groups
tests/unit/test_partition.py::test_forbidden_boundaries_and_chemical_states[ring]
tests/unit/test_partition.py::test_forbidden_boundaries_and_chemical_states[peptide]
tests/unit/test_partition.py::test_forbidden_boundaries_and_chemical_states[disulfide]
tests/unit/test_partition.py::test_forbidden_boundaries_and_chemical_states[charged]
tests/unit/test_partition.py::test_forbidden_boundaries_and_chemical_states[unknown_element]
tests/unit/test_partition.py::test_forbidden_boundaries_and_chemical_states[ambiguous]
tests/unit/test_partition.py::test_forbidden_boundaries_and_chemical_states[multiple_caps]
tests/unit/test_partition.py::test_mobile_group_membership_matches_complete_ligand
tests/unit/test_partition.py::test_cross_molecule_bond_and_multiple_component_cuts_fail
tests/unit/test_quantum_interruptions.py::test_coordinator_crash_cannot_leave_live_or_duplicate_work[before_spawn]
tests/unit/test_quantum_interruptions.py::test_coordinator_crash_cannot_leave_live_or_duplicate_work[after_spawn]
tests/unit/test_quantum_interruptions.py::test_coordinator_crash_cannot_leave_live_or_duplicate_work[after_identity]
tests/unit/test_quantum_interruptions.py::test_coordinator_crash_cannot_leave_live_or_duplicate_work[after_authorize]
tests/unit/test_quantum_interruptions.py::test_progress_never_references_unsynced_record_or_receipt
tests/unit/test_quantum_interruptions.py::test_legacy_and_salvaged_data_are_synced_before_new_progress[False]
tests/unit/test_quantum_interruptions.py::test_legacy_and_salvaged_data_are_synced_before_new_progress[True]
tests/unit/test_quantum_interruptions.py::test_completion_boundary_crash_reuses_the_durable_record[receipt]
tests/unit/test_quantum_interruptions.py::test_completion_boundary_crash_reuses_the_durable_record[promotion]
tests/unit/test_quantum_interruptions.py::test_completion_boundary_crash_reuses_the_durable_record[progress]
tests/unit/test_quantum_interruptions.py::test_legacy_live_worker_without_saved_identity_blocks_recovery
tests/unit/test_quantum_interruptions.py::test_reused_pid_does_not_identify_an_unrelated_process_as_the_old_worker
tests/unit/test_quantum_interruptions.py::test_known_failure_in_an_old_ready_checkpoint_is_rejected
tests/unit/test_quantum_interruptions.py::test_resource_samples_include_reference_children_not_only_supervisor
tests/unit/test_quantum_interruptions.py::test_uncheckpointed_supervisor_inherits_the_queue_lock
tests/unit/test_quantum_interruptions.py::test_supervisor_loss_cleans_reference_group_before_next_launch
tests/unit/test_quantum_interruptions.py::test_worker_completion_is_atomic_and_durable_before_replace
tests/unit/test_quantum_interruptions.py::test_missing_promoted_copy_is_restored_from_validated_attempt
tests/unit/test_quantum_recovery.py::test_frozen_partial_check_schedules_only_38_and_preserves_history
tests/unit/test_quantum_recovery.py::test_completed_bundle_has_exact_names_runtime_allocation_and_durable_receipts
tests/unit/test_quantum_recovery.py::test_retry_reuses_successes_keeps_failed_attempt_and_debits_previous_time
tests/unit/test_quantum_recovery.py::test_tampered_reused_record_blocks_before_launch
tests/unit/test_quantum_recovery.py::test_invalid_runtime_memory_is_rejected[0]
tests/unit/test_quantum_recovery.py::test_invalid_runtime_memory_is_rejected[6]
tests/unit/test_quantum_recovery.py::test_invalid_runtime_memory_is_rejected[nan]
tests/unit/test_quantum_recovery.py::test_exhausted_budget_does_not_create_ready_manifest_or_launch
tests/unit/test_quantum_recovery.py::test_historical_content_is_validated_even_if_checkpoint_hash_is_updated[gradient]
tests/unit/test_quantum_recovery.py::test_historical_content_is_validated_even_if_checkpoint_hash_is_updated[settings]
tests/unit/test_quantum_recovery.py::test_historical_content_is_validated_even_if_checkpoint_hash_is_updated[dispersion]
tests/unit/test_quantum_recovery.py::test_historical_content_is_validated_even_if_checkpoint_hash_is_updated[status]
tests/unit/test_quantum_recovery.py::test_second_coordinator_is_rejected_by_lock
tests/unit/test_quantum_recovery.py::test_recovery_refuses_a_live_old_worker[False]
tests/unit/test_quantum_recovery.py::test_recovery_refuses_a_live_old_worker[True]
tests/unit/test_quantum_recovery.py::test_record_saved_before_progress_survives_lost_worker_identity
tests/unit/test_quantum_recovery.py::test_resume_preserves_known_failed_exit_and_retries_computed_record
tests/unit/test_quantum_recovery.py::test_resume_does_not_salvage_a_record_with_a_known_stop_or_validation_failure[reason-timeout]
tests/unit/test_quantum_recovery.py::test_resume_does_not_salvage_a_record_with_a_known_stop_or_validation_failure[reason-memory_headroom_exhausted]
tests/unit/test_quantum_recovery.py::test_resume_does_not_salvage_a_record_with_a_known_stop_or_validation_failure[reason-scratch_disk_headroom_exhausted]
tests/unit/test_quantum_recovery.py::test_resume_does_not_salvage_a_record_with_a_known_stop_or_validation_failure[validation_error-invalid original completion]
tests/unit/test_quantum_recovery.py::test_resume_keeps_genuinely_missing_exit_receipt_unknown
tests/unit/test_quantum_recovery.py::test_clean_file_cache_does_not_consume_unreclaimable_memory_headroom
tests/unit/test_quantum_recovery.py::test_timeout_terminates_worker_process_group_and_preserves_receipt
tests/unit/test_reference_metrics.py::test_fixed_composition_zeros_and_force_maximum
tests/unit/test_reference_metrics.py::test_missing_quantum_data_fail_closed
tests/unit/test_reference_metrics.py::test_force_metric_cannot_broadcast_missing_atoms
tests/unit/test_reference_provenance.py::test_matching_synthetic_plan_binding_is_readable
tests/unit/test_reference_provenance.py::test_reference_approval_requires_exact_plan_and_commit[input_manifest_sha256-ffffffffffffffffffffffffffffffffffffffffffffffffffffffffffffffff]
tests/unit/test_reference_provenance.py::test_reference_approval_requires_exact_plan_and_commit[input_manifest_sha256-None]
tests/unit/test_reference_provenance.py::test_reference_approval_requires_exact_plan_and_commit[reviewed_commit-None]
tests/unit/test_reference_provenance.py::test_reference_approval_requires_exact_plan_and_commit[reviewed_commit-aaaaaaaaaaaaaaaaaaaaaaaaaaaaaaaaaaaaaaa]
tests/unit/test_reference_provenance.py::test_reference_approval_requires_exact_plan_and_commit[reviewed_commit-xxxxxxxxxxxxxxxxxxxxxxxxxxxxxxxxxxxxxxxx]
tests/unit/test_reference_provenance.py::test_reference_approval_requires_exact_plan_and_commit[reviewed_commit-123]
tests/unit/test_relative_binding_result.py::test_relative_standard_definition_accepts_explicit_b_minus_a_endpoints
tests/unit/test_relative_binding_result.py::test_relative_definition_rejects_implicit_sign_volume_or_correction_obligations
tests/unit/test_relative_binding_result.py::test_relative_value_uses_declared_physical_endpoints_and_is_gauge_invariant
tests/unit/test_relative_binding_result.py::test_relative_corrections_are_signed_and_need_joint_covariance
tests/unit/test_relative_binding_result.py::test_every_uncomputed_relative_correction_withholds_final[translation_standard_state]
tests/unit/test_relative_binding_result.py::test_every_uncomputed_relative_correction_withholds_final[bound_release]
tests/unit/test_relative_binding_result.py::test_every_uncomputed_relative_correction_withholds_final[orientation]
tests/unit/test_relative_binding_result.py::test_every_uncomputed_relative_correction_withholds_final[conformation]
tests/unit/test_relative_binding_result.py::test_every_uncomputed_relative_correction_withholds_final[state_counting]
tests/unit/test_relative_binding_result.py::test_every_uncomputed_relative_correction_withholds_final[midpoint_bridge]
tests/unit/test_relative_binding_result.py::test_relative_result_admission_rejects_serialization_bypass_and_legacy_final
tests/unit/test_relative_binding_result.py::test_matched_a_to_a_control_is_zero_compatible_with_nonzero_instantaneous_difference
tests/unit/test_relative_binding_result.py::test_d_e_relative_ledger_template_keeps_all_molecular_corrections_uncomputed
tests/unit/test_restraint_volume.py::test_finite_wall_and_standard_state_sign
tests/unit/test_restraint_volume.py::test_volume_rejects_invalid_or_undefined_domain[args0]
tests/unit/test_restraint_volume.py::test_volume_rejects_invalid_or_undefined_domain[args1]
tests/unit/test_restraint_volume.py::test_volume_rejects_invalid_or_undefined_domain[args2]
tests/unit/test_restraint_volume.py::test_volume_rejects_invalid_or_undefined_domain[args3]
tests/unit/test_restraint_volume.py::test_volume_rejects_invalid_or_undefined_domain[args4]
tests/unit/test_restraint_volume.py::test_required_correction_cannot_default_to_zero
tests/unit/test_restraint_volume.py::test_endpoint_weights_and_covariance_are_explicit
tests/unit/test_restraint_volume.py::test_joint_correction_covariance_controls_final_uncertainty
tests/unit/test_schedule.py::test_reduced_energies_match_context
tests/unit/test_schedule.py::test_active_midpoint_difference_requires_bridge
tests/unit/test_schedule.py::test_raw_records_reject_lost_identity_duplicate_samples_and_nonfinite
tests/workflow/test_active_force_groups.py::test_all_physical_groups_integrated[Reference-preparation]
tests/workflow/test_active_force_groups.py::test_all_physical_groups_integrated[Reference-abfe]
tests/workflow/test_active_force_groups.py::test_all_physical_groups_integrated[Reference-rbfe]
tests/workflow/test_active_force_groups.py::test_all_physical_groups_integrated[CPU-preparation]
tests/workflow/test_active_force_groups.py::test_all_physical_groups_integrated[CPU-abfe]
tests/workflow/test_active_force_groups.py::test_all_physical_groups_integrated[CPU-rbfe]
tests/workflow/test_active_force_groups.py::test_preparation_and_export_copies
tests/workflow/test_active_force_groups.py::test_integrator_mutation_rejected_before_production_evaluation
tests/workflow/test_active_force_groups.py::test_native_integrator_mask_guard
tests/workflow/test_atom_force_routing.py::test_pythonforce_explicit_group_route
tests/workflow/test_atom_force_routing.py::test_both_protocols_match_native_oracle[Reference-False-abfe]
tests/workflow/test_atom_force_routing.py::test_both_protocols_match_native_oracle[Reference-False-rbfe]
tests/workflow/test_atom_force_routing.py::test_both_protocols_match_native_oracle[Reference-True-abfe]
tests/workflow/test_atom_force_routing.py::test_both_protocols_match_native_oracle[Reference-True-rbfe]
tests/workflow/test_atom_force_routing.py::test_both_protocols_match_native_oracle[CPU-False-abfe]
tests/workflow/test_atom_force_routing.py::test_both_protocols_match_native_oracle[CPU-False-rbfe]
tests/workflow/test_atom_force_routing.py::test_both_protocols_match_native_oracle[CPU-True-abfe]
tests/workflow/test_atom_force_routing.py::test_both_protocols_match_native_oracle[CPU-True-rbfe]
tests/workflow/test_atom_force_routing.py::test_upstream_unit_and_key_conversion[abfe]
tests/workflow/test_atom_force_routing.py::test_upstream_unit_and_key_conversion[rbfe]
tests/workflow/test_atom_force_routing.py::test_duplicate_and_nested_atm_rejected[occupied]
tests/workflow/test_atom_force_routing.py::test_duplicate_and_nested_atm_rejected[nested-root]
tests/workflow/test_atom_force_routing.py::test_duplicate_and_nested_atm_rejected[nested-cv]
tests/workflow/test_atom_force_routing.py::test_duplicate_and_nested_atm_rejected[duplicated-input]
tests/workflow/test_atom_force_routing.py::test_duplicate_and_nested_atm_rejected[left-outside]
tests/workflow/test_atom_force_routing.py::test_fixed_map_guard_after_construction[Reference-abfe]
tests/workflow/test_atom_force_routing.py::test_fixed_map_guard_after_construction[Reference-rbfe]
tests/workflow/test_atom_force_routing.py::test_fixed_map_guard_after_construction[CPU-abfe]
tests/workflow/test_atom_force_routing.py::test_fixed_map_guard_after_construction[CPU-rbfe]
tests/workflow/test_atom_force_routing.py::test_upstream_state_updates_reuse_worker_and_reject_bad_handover
tests/workflow/test_atom_force_routing.py::test_loaded_routing_report_is_verified_before_context
tests/workflow/test_atom_force_routing.py::test_femtosecond_conversion_at_upstream_boundary
tests/workflow/test_atom_force_routing.py::test_runtime_bundle_replacement_rejected[physical]
tests/workflow/test_atom_force_routing.py::test_runtime_bundle_replacement_rejected[native]
tests/workflow/test_atom_force_routing.py::test_runtime_bundle_replacement_rejected[upstream]
tests/workflow/test_atom_force_routing.py::test_runtime_profile_replacement_rejected
tests/workflow/test_atom_force_routing.py::test_upstream_artifact_fresh_offline_reload[abfe]
tests/workflow/test_atom_force_routing.py::test_upstream_artifact_fresh_offline_reload[rbfe]
tests/workflow/test_cloud_host_guest.py::test_frozen_host_guest_chemistry_and_maps
tests/workflow/test_cloud_host_guest.py::test_cloud_host_guest_actual_model_native_energy_and_forces
tests/workflow/test_dense_solvent.py::test_dense_control_preserves_solute_and_sixty_four_rigid_waters[abfe]
tests/workflow/test_dense_solvent.py::test_dense_control_preserves_solute_and_sixty_four_rigid_waters[rbfe]
tests/workflow/test_dense_solvent.py::test_dense_geometry_agrees_with_explicit_twenty_seven_image_oracle[abfe]
tests/workflow/test_dense_solvent.py::test_dense_geometry_agrees_with_explicit_twenty_seven_image_oracle[rbfe]
tests/workflow/test_dense_solvent.py::test_dense_builder_reproduces_exact_fixture_without_overwrite
tests/workflow/test_dense_solvent.py::test_synthetic_water_input_uses_exact_box_faces_for_roundoff_coordinates
tests/workflow/test_dense_solvent.py::test_dense_both_map_full_forces_coupling_and_parent_solvent_step_sweeps[abfe]
tests/workflow/test_dense_solvent.py::test_dense_both_map_full_forces_coupling_and_parent_solvent_step_sweeps[rbfe]
tests/workflow/test_engine_configuration.py::test_configuration_rejects_unsupported_settings_before_execution
tests/workflow/test_engine_configuration.py::test_common_runner_preserves_raw_states_and_all_real_forces
tests/workflow/test_engine_configuration.py::test_original_clashing_pose_rejects_before_model_startup_and_is_preserved
tests/workflow/test_engine_configuration.py::test_same_runner_preserves_caps_and_multiple_complete_mobile_groups[abfe-32-14]
tests/workflow/test_engine_configuration.py::test_same_runner_preserves_caps_and_multiple_complete_mobile_groups[rbfe-41-23]
tests/workflow/test_engine_failure_retention.py::test_advanced_actual_worker_failure_is_archived[integration]
tests/workflow/test_engine_failure_retention.py::test_advanced_actual_worker_failure_is_archived[final_state]
tests/workflow/test_engine_fresh_process.py::test_offline_actual_worker_resume_with_original_checkout_and_caches_denied
tests/workflow/test_engine_restart.py::test_interrupted_actual_workers_resume_without_duplicate_or_lost_samples
tests/workflow/test_engine_restart.py::test_journal_rejects_tampering_and_preserves_incomplete_transactions
tests/workflow/test_engine_restart.py::test_failed_counterfactual_is_saved_without_retriggering_failed_energy
tests/workflow/test_engine_restart.py::test_missing_bundled_source_rejects_before_load
tests/workflow/test_evidence_export.py::test_complete_copy_retains_failed_transaction_and_is_verified
tests/workflow/test_evidence_export.py::test_verify_rejects_partial_or_changed_copy[modified]
tests/workflow/test_evidence_export.py::test_verify_rejects_partial_or_changed_copy[missing]
tests/workflow/test_evidence_export.py::test_verify_rejects_partial_or_changed_copy[extra]
tests/workflow/test_evidence_export.py::test_verify_rejects_partial_or_changed_copy[empty-directory]
tests/workflow/test_evidence_export.py::test_copy_failure_keeps_local_and_partial_bytes
tests/workflow/test_evidence_export.py::test_rejects_symlinks_and_recursive_copy
tests/workflow/test_evidence_export.py::test_manifest_path_traversal_is_rejected_without_reading_outside
tests/workflow/test_failure_archive_errors.py::test_secondary_archive_error_keeps_primary_and_available_artifacts[mkdir]
tests/workflow/test_failure_archive_errors.py::test_secondary_archive_error_keeps_primary_and_available_artifacts[step_count]
tests/workflow/test_failure_archive_errors.py::test_secondary_archive_error_keeps_primary_and_available_artifacts[cached_state]
tests/workflow/test_failure_archive_errors.py::test_secondary_archive_error_keeps_primary_and_available_artifacts[serialization]
tests/workflow/test_failure_archive_errors.py::test_secondary_archive_error_keeps_primary_and_available_artifacts[state.xml]
tests/workflow/test_failure_archive_errors.py::test_secondary_archive_error_keeps_primary_and_available_artifacts[checkpoint_capture]
tests/workflow/test_failure_archive_errors.py::test_secondary_archive_error_keeps_primary_and_available_artifacts[checkpoint.chk]
tests/workflow/test_failure_archive_errors.py::test_secondary_archive_error_keeps_primary_and_available_artifacts[map0-state.xml]
tests/workflow/test_failure_archive_errors.py::test_secondary_archive_error_keeps_primary_and_available_artifacts[map1-state.xml]
tests/workflow/test_failure_archive_errors.py::test_secondary_archive_error_keeps_primary_and_available_artifacts[error.json]
tests/workflow/test_failure_archive_errors.py::test_normal_cli_surfaces_primary_and_secondary_archive_errors[map1-state.xml]
tests/workflow/test_failure_archive_errors.py::test_normal_cli_surfaces_primary_and_secondary_archive_errors[error.json]
tests/workflow/test_failure_geometries.py::test_failure_retains_both_mapped_coordinates[integration]
tests/workflow/test_failure_geometries.py::test_failure_retains_both_mapped_coordinates[final_state]
tests/workflow/test_host_guest_rbfe.py::test_host_guest_rbfe_fixture_is_complete_unequal_and_loadable
tests/workflow/test_host_guest_rbfe.py::test_host_guest_opposite_maps_clear_the_entire_host_and_each_other
tests/workflow/test_host_guest_rbfe.py::test_host_guest_generator_reproduces_the_frozen_preflight_input
tests/workflow/test_host_guest_rbfe.py::test_host_guest_direct_native_and_fresh_worker_restart_are_mechanism_checks
tests/workflow/test_multistate_cli.py::test_existing_module_command_and_new_multistate_help_are_preserved
tests/workflow/test_multistate_cli.py::test_multistate_cli_requires_explicit_trust_before_loading
tests/workflow/test_multistate_cli.py::test_multistate_plan_rejects_missing_explicit_count_or_pair_graph
tests/workflow/test_multistate_cli.py::test_analysis_cli_rejects_incomplete_serialized_inputs
tests/workflow/test_multistate_cli.py::test_analysis_cli_roundtrips_explicit_synthetic_records
tests/workflow/test_multistate_cli.py::test_multistate_cli_runs_and_resumes_a_tiny_interrupted_plan
tests/workflow/test_multistate_exchange_pilots.py::test_solvated_abfe_and_unequal_rbfe_multistate_pilot[solvated-abfe-224]
tests/workflow/test_multistate_exchange_pilots.py::test_solvated_abfe_and_unequal_rbfe_multistate_pilot[unequal-ligand-rbfe-233]
tests/workflow/test_multistate_inert_repairs.py::test_multistate_r1_challenges_reject_inertly[steps-exclusive-limit]
tests/workflow/test_multistate_inert_repairs.py::test_multistate_r1_challenges_reject_inertly[boundaries-boolean]
tests/workflow/test_multistate_inert_repairs.py::test_multistate_r1_challenges_reject_inertly[steps-boolean]
tests/workflow/test_multistate_inert_repairs.py::test_multistate_r1_challenges_reject_inertly[worker-seed-overflows-later-walkers]
tests/workflow/test_multistate_inert_repairs.py::test_multistate_r1_challenges_reject_inertly[worker-seed-base-boolean]
tests/workflow/test_multistate_inert_repairs.py::test_multistate_r1_challenges_reject_inertly[host-seed-boolean]
tests/workflow/test_multistate_inert_repairs.py::test_multistate_r1_challenges_reject_inertly[host-seed-api-exclusive-limit]
tests/workflow/test_multistate_inert_repairs.py::test_multistate_r1_challenges_reject_inertly[python-gaussian-cache-string]
tests/workflow/test_multistate_inert_repairs.py::test_multistate_r1_challenges_reject_inertly[python-gaussian-cache-boolean]
tests/workflow/test_multistate_inert_repairs.py::test_multistate_r1_challenges_reject_inertly[python-gaussian-cache-overflow]
tests/workflow/test_multistate_inert_repairs.py::test_multistate_r1_challenges_reject_inertly[python-internal-word-boolean]
tests/workflow/test_multistate_inert_repairs.py::test_multistate_r1_challenges_reject_inertly[python-index-boolean]
tests/workflow/test_multistate_inert_repairs.py::test_multistate_r1_challenges_reject_inertly[initial-record-inverse-boolean]
tests/workflow/test_multistate_inert_repairs.py::test_multistate_r1_challenges_reject_inertly[initial-inverse-document-boolean]
tests/workflow/test_multistate_inert_repairs.py::test_multistate_r1_challenges_reject_inertly[boundary-inverse-document-boolean]
tests/workflow/test_multistate_inert_repairs.py::test_multistate_r1_challenges_reject_inertly[attempt-inverse-boolean]
tests/workflow/test_multistate_inert_repairs.py::test_multistate_r1_challenges_reject_inertly[history-inverse-boolean]
tests/workflow/test_multistate_inert_repairs.py::test_multistate_r1_challenges_reject_inertly[record-final-inverse-conflict]
tests/workflow/test_multistate_inert_repairs.py::test_multistate_r1_challenges_reject_inertly[attempt-index-boolean]
tests/workflow/test_multistate_inert_repairs.py::test_multistate_r1_challenges_reject_inertly[attempt-pair-index-booleans]
tests/workflow/test_multistate_inert_repairs.py::test_multistate_r1_challenges_reject_inertly[attempt-worker-index-booleans]
tests/workflow/test_multistate_inert_repairs.py::test_multistate_r1_challenges_reject_inertly[sample-sequence-boolean]
tests/workflow/test_multistate_inert_repairs.py::test_multistate_r1_challenges_reject_inertly[sample-identity-zero-hashes]
tests/workflow/test_multistate_inert_repairs.py::test_multistate_r1_challenges_reject_inertly[sample-walker-index-boolean]
tests/workflow/test_multistate_inert_repairs.py::test_multistate_r1_challenges_reject_inertly[sample-integrator-seed-boolean]
tests/workflow/test_multistate_inert_repairs.py::test_multistate_r1_challenges_reject_inertly[boundary-record-index-boolean]
tests/workflow/test_multistate_inert_repairs.py::test_multistate_r1_challenges_reject_inertly[boundary-report-clock-types]
tests/workflow/test_multistate_inert_repairs.py::test_multistate_r1_challenges_reject_inertly[boundary-report-clock-disagrees-with-sample]
tests/workflow/test_multistate_inert_repairs.py::test_multistate_r1_challenges_reject_inertly[boundary-report-clock-overflow]
tests/workflow/test_multistate_inert_repairs.py::test_multistate_r1_challenges_reject_inertly[boundary-report-walker-index-boolean]
tests/workflow/test_multistate_inert_repairs.py::test_multistate_r1_challenges_reject_inertly[initial-report-clock-types]
tests/workflow/test_multistate_inert_repairs.py::test_multistate_public_run_rejects_unusable_worker_seed_before_output
tests/workflow/test_multistate_inert_repairs.py::test_multistate_r4_refreshed_total_must_match_matrix_on_both_decisions[False]
tests/workflow/test_multistate_inert_repairs.py::test_multistate_r4_refreshed_total_must_match_matrix_on_both_decisions[True]
tests/workflow/test_multistate_inert_repairs.py::test_multistate_r7_nested_attempt_manifest_is_rejected[added]
tests/workflow/test_multistate_inert_repairs.py::test_multistate_r7_nested_attempt_manifest_is_rejected[modified-after-seal]
tests/workflow/test_multistate_inert_repairs.py::test_valid_eight_state_selection_and_finite_gaussian_cache_roundtrip
tests/workflow/test_persistent_exchange.py::test_round_prefix_resume_preserves_rng_samples_states_and_analysis
tests/workflow/test_persistent_exchange.py::test_pair_restored_checkpoint_time_must_match_saved_state
tests/workflow/test_persistent_exchange.py::test_phase_failure_preserves_pending_and_explicit_rollback_replays[evaluated]
tests/workflow/test_persistent_exchange.py::test_phase_failure_preserves_pending_and_explicit_rollback_replays[decision]
tests/workflow/test_persistent_exchange.py::test_phase_failure_preserves_pending_and_explicit_rollback_replays[refreshed]
tests/workflow/test_persistent_exchange.py::test_round_journal_tamper_and_concurrent_controller_reject
tests/workflow/test_persistent_exchange.py::test_journal_failure_before_publish_never_commits_half_a_pair
tests/workflow/test_persistent_exchange.py::test_postpublish_reporting_failure_leaves_committed_round_authoritative
tests/workflow/test_persistent_exchange.py::test_postrename_sync_failure_keeps_published_pair
tests/workflow/test_persistent_exchange.py::test_refresh_failure_keeps_decision_and_does_not_reenter_energy
tests/workflow/test_persistent_exchange.py::test_stale_saved_energy_is_rejected_on_checkpoint_refresh
tests/workflow/test_persistent_exchange.py::test_guard_settings_must_describe_actual_sealed_maps
tests/workflow/test_persistent_exchange.py::test_multistate_admission_requires_connected_three_to_eight_schedule_states
tests/workflow/test_persistent_exchange.py::test_multistate_runtime_and_geometry_are_admitted_before_worker_load
tests/workflow/test_persistent_exchange.py::test_pair_and_multistate_modes_cannot_resume_each_other
tests/workflow/test_persistent_exchange.py::test_multistate_source_inventory_must_match_before_trusted_load[missing-source-path]
tests/workflow/test_persistent_exchange.py::test_multistate_source_inventory_must_match_before_trusted_load[changed-source-digest]
tests/workflow/test_persistent_exchange.py::test_pair_source_inventory_rejects_a_missing_bundled_module_before_load
tests/workflow/test_persistent_exchange.py::test_multistate_inert_admission_binds_runtime_and_initial_assignment
tests/workflow/test_persistent_exchange.py::test_multistate_controller_preserves_caller_global_rng
tests/workflow/test_persistent_exchange.py::test_multistate_sweep_resolves_overlapping_pairs_after_each_accept
tests/workflow/test_persistent_exchange.py::test_multistate_sample_state_is_distinct_from_final_assignment
tests/workflow/test_persistent_exchange.py::test_partial_integration_stages_worker_zero_and_replays_entire_boundary
tests/workflow/test_persistent_exchange.py::test_multistate_primary_error_survives_secondary_worker_archive_failure
tests/workflow/test_persistent_exchange.py::test_multistate_phase_persistence_failure_rolls_back_whole_sweep[0-evaluated]
tests/workflow/test_persistent_exchange.py::test_multistate_phase_persistence_failure_rolls_back_whole_sweep[0-decision]
tests/workflow/test_persistent_exchange.py::test_multistate_phase_persistence_failure_rolls_back_whole_sweep[0-refreshed]
tests/workflow/test_persistent_exchange.py::test_multistate_phase_persistence_failure_rolls_back_whole_sweep[1-evaluated]
tests/workflow/test_persistent_exchange.py::test_multistate_phase_persistence_failure_rolls_back_whole_sweep[1-decision]
tests/workflow/test_persistent_exchange.py::test_multistate_phase_persistence_failure_rolls_back_whole_sweep[1-refreshed]
tests/workflow/test_persistent_exchange.py::test_multistate_capture_seal_and_precommit_failures_do_not_publish[capture]
tests/workflow/test_persistent_exchange.py::test_multistate_capture_seal_and_precommit_failures_do_not_publish[seal]
tests/workflow/test_persistent_exchange.py::test_multistate_capture_seal_and_precommit_failures_do_not_publish[rename]
tests/workflow/test_persistent_exchange.py::test_multistate_postrename_failure_keeps_boundary_authoritative[source-parent-fsync]
tests/workflow/test_persistent_exchange.py::test_multistate_postrename_failure_keeps_boundary_authoritative[destination-parent-fsync]
tests/workflow/test_persistent_exchange.py::test_multistate_postrename_failure_keeps_boundary_authoritative[records]
tests/workflow/test_persistent_exchange.py::test_multistate_postrename_failure_keeps_boundary_authoritative[observations.json]
tests/workflow/test_persistent_exchange.py::test_multistate_postrename_failure_keeps_boundary_authoritative[summary.json]
tests/workflow/test_persistent_exchange.py::test_multistate_postcommit_secondary_capture_error_keeps_primary_and_other_artifacts
tests/workflow/test_persistent_exchange.py::test_multistate_restore_rejects_actual_clock_mismatch_before_evaluation[checkpoint]
tests/workflow/test_persistent_exchange.py::test_multistate_restore_rejects_actual_clock_mismatch_before_evaluation[portable-state]
tests/workflow/test_persistent_exchange.py::test_multistate_inert_samples_follow_declared_clock_increments[skipped]
tests/workflow/test_persistent_exchange.py::test_multistate_inert_samples_follow_declared_clock_increments[backwards]
tests/workflow/test_persistent_exchange.py::test_multistate_clock_roundoff_bound_covers_double_accumulation[100000]
tests/workflow/test_persistent_exchange.py::test_multistate_clock_roundoff_bound_covers_double_accumulation[999999]
tests/workflow/test_persistent_exchange.py::test_multistate_clock_roundoff_bound_rejects_same_step_time_shift
tests/workflow/test_persistent_exchange.py::test_multistate_public_backward_clocks_reject_inertly[overflow-origin]
tests/workflow/test_persistent_exchange.py::test_multistate_public_backward_clocks_reject_inertly[finite-one-ulp-backward]
tests/workflow/test_persistent_exchange.py::test_multistate_finite_clock_envelope_rejects_forward_contradiction
tests/workflow/test_persistent_exchange.py::test_multistate_clock_comparison_fails_closed_on_residual_overflow
tests/workflow/test_persistent_exchange.py::test_multistate_clock_accepts_negative_and_stagnant_large_origins
tests/workflow/test_persistent_exchange.py::test_multistate_guard_checks_actual_restored_coordinates_before_any_evaluation[0-0]
tests/workflow/test_persistent_exchange.py::test_multistate_guard_checks_actual_restored_coordinates_before_any_evaluation[2-1]
tests/workflow/test_persistent_exchange.py::test_multistate_publish_and_rollback_fsync_all_files_and_both_parents
tests/workflow/test_persistent_exchange.py::test_multistate_inert_admission_rejects_tampered_artifacts_before_load[permutation]
tests/workflow/test_persistent_exchange.py::test_multistate_inert_admission_rejects_tampered_artifacts_before_load[sample-id]
tests/workflow/test_persistent_exchange.py::test_multistate_inert_admission_rejects_tampered_artifacts_before_load[sample-sequence]
tests/workflow/test_persistent_exchange.py::test_multistate_inert_admission_rejects_tampered_artifacts_before_load[rng]
tests/workflow/test_persistent_exchange.py::test_multistate_inert_admission_rejects_tampered_artifacts_before_load[phase]
tests/workflow/test_persistent_exchange.py::test_multistate_inert_admission_rejects_tampered_artifacts_before_load[rng-before-chain]
tests/workflow/test_persistent_exchange.py::test_multistate_inert_admission_rejects_tampered_artifacts_before_load[history-assignment]
tests/workflow/test_persistent_exchange.py::test_multistate_inert_admission_rejects_tampered_artifacts_before_load[checkpoint]
tests/workflow/test_persistent_exchange.py::test_multistate_lock_rejects_concurrent_controller
tests/workflow/test_persistent_exchange.py::test_multistate_checkpoint_energy_is_refreshed_after_restore_before_integration
tests/workflow/test_persistent_exchange.py::test_multistate_fresh_restore_compares_complete_total_before_next_integration
tests/workflow/test_persistent_exchange.py::test_multistate_restore_rejects_portable_parameter_disagreement_before_integration
tests/workflow/test_preparation_phases.py::test_explicit_phases_keep_physical_hamiltonian_and_full_forces
tests/workflow/test_preparation_phases.py::test_bad_phase_settings_reject_before_context
tests/workflow/test_preparation_phases.py::test_phase_seeds_are_applied_before_context_initialization
tests/workflow/test_protein_abfe.py::test_two_cut_structural_controls_share_the_original_system_and_conventions
tests/workflow/test_protein_abfe.py::test_protein_abfe_correction_ledger_preserves_atm_source_and_unresolved_applicability
tests/workflow/test_protein_abfe.py::test_protein_proposal_is_an_actionable_hold_not_an_empty_support_test
tests/workflow/test_protein_input_admission.py::test_unselected_complete_protein_target_is_rejected_with_missing_choices
tests/workflow/test_protein_input_admission.py::test_two_cut_structural_control_imports_without_becoming_a_protein_target
tests/workflow/test_protein_input_admission.py::test_solvent_recipe_checker_blocks_missing_physical_liquid_definitions
tests/workflow/test_protein_input_admission.py::test_solvent_recipe_rejects_implicit_npt_and_unknown_schema_versions
tests/workflow/test_protein_input_admission.py::test_existing_sixty_four_water_control_stays_a_synthetic_plumbing_fixture
tests/workflow/test_release_bundle.py::test_release_bundle_hashes_source_wheel_inputs_assets_and_evidence
tests/workflow/test_release_bundle.py::test_release_bundle_is_immutable_and_rejects_asset_damage
tests/workflow/test_release_bundle.py::test_release_bundle_refuses_overwrite
tests/workflow/test_replica_exchange.py::test_acceptance_uses_actual_reduced_energies[False-abfe]
tests/workflow/test_replica_exchange.py::test_acceptance_uses_actual_reduced_energies[False-rbfe]
tests/workflow/test_replica_exchange.py::test_acceptance_uses_actual_reduced_energies[True-abfe]
tests/workflow/test_replica_exchange.py::test_acceptance_uses_actual_reduced_energies[True-rbfe]
tests/workflow/test_replica_exchange.py::test_exchange_rejects_ambiguous_walker_labels_before_evaluation
tests/workflow/test_replica_exchange.py::test_parameter_update_and_state_history[abfe]
tests/workflow/test_replica_exchange.py::test_parameter_update_and_state_history[rbfe]
tests/workflow/test_replica_exchange.py::test_exchange_rejects_incompatible_hamiltonians_before_sampling
tests/workflow/test_replica_exchange.py::test_multistate_decision_uses_fresh_nonlinear_outside_energies[abfe]
tests/workflow/test_replica_exchange.py::test_multistate_decision_uses_fresh_nonlinear_outside_energies[rbfe]
tests/workflow/test_replica_exchange.py::test_multistate_actual_adapter_accept_and_reject_thresholds[False-abfe]
tests/workflow/test_replica_exchange.py::test_multistate_actual_adapter_accept_and_reject_thresholds[False-rbfe]
tests/workflow/test_replica_exchange.py::test_multistate_actual_adapter_accept_and_reject_thresholds[True-abfe]
tests/workflow/test_replica_exchange.py::test_multistate_actual_adapter_accept_and_reject_thresholds[True-rbfe]
tests/workflow/test_restored_state_admission.py::test_invalid_restored_geometry_rejects_before_step[0]
tests/workflow/test_restored_state_admission.py::test_invalid_restored_geometry_rejects_before_step[1]
tests/workflow/test_restored_state_admission.py::test_restored_checkpoint_time_must_match_saved_state
tests/workflow/test_restored_state_admission.py::test_saved_row_must_match_actual_restored_state[positions_nm]
tests/workflow/test_restored_state_admission.py::test_saved_row_must_match_actual_restored_state[velocities_nm_ps]
tests/workflow/test_restored_state_admission.py::test_saved_row_must_match_actual_restored_state[box_nm]
tests/workflow/test_restored_state_admission.py::test_saved_row_must_match_actual_restored_state[parameters]
tests/workflow/test_restored_state_admission.py::test_fresh_valid_prefix_continues_with_exact_saved_history
tests/workflow/test_solvated_handover.py::test_frozen_water_control_preserves_solute_and_fixed_membership[abfe]
tests/workflow/test_solvated_handover.py::test_frozen_water_control_preserves_solute_and_fixed_membership[rbfe]
tests/workflow/test_solvated_handover.py::test_periodic_configuration_uses_existing_declared_convention
tests/workflow/test_solvated_handover.py::test_periodic_guard_detects_image_clash
tests/workflow/test_solvated_handover.py::test_periodic_bulk_guard_checks_full_static_solute_images
tests/workflow/test_solvated_handover.py::test_rbfe_bulk_guard_clears_the_other_complete_ligand
tests/workflow/test_solvated_handover.py::test_live_periodic_box_survives_snapshot_extraction
tests/workflow/test_solvated_handover.py::test_periodic_anchor_is_image_invariant
tests/workflow/test_solvated_handover.py::test_bulk_site_and_real_cross_forces[abfe]
tests/workflow/test_solvated_handover.py::test_same_hamiltonian_in_preparation[abfe]
tests/workflow/test_solvated_handover.py::test_worker_load_matches_direct_state[abfe]
tests/workflow/test_solvated_handover.py::test_saved_raw_records_reconstruct_states[abfe]
tests/workflow/test_solvated_handover.py::test_both_mapped_geometries_remain_admitted[abfe]
tests/workflow/test_solvated_handover.py::test_bulk_site_and_real_cross_forces[rbfe]
tests/workflow/test_solvated_handover.py::test_same_hamiltonian_in_preparation[rbfe]
tests/workflow/test_solvated_handover.py::test_worker_load_matches_direct_state[rbfe]
tests/workflow/test_solvated_handover.py::test_saved_raw_records_reconstruct_states[rbfe]
tests/workflow/test_solvated_handover.py::test_both_mapped_geometries_remain_admitted[rbfe]
tests/workflow/test_solvated_process_restart.py::test_solvated_checkpoint_exact_continuation_and_portable_observables[abfe]
tests/workflow/test_solvated_process_restart.py::test_solvated_offline_cache_independent_reload_and_devices[abfe]
tests/workflow/test_solvated_process_restart.py::test_solvated_checkpoint_exact_continuation_and_portable_observables[rbfe]
tests/workflow/test_solvated_process_restart.py::test_solvated_offline_cache_independent_reload_and_devices[rbfe]
tests/workflow/test_worker_handover.py::test_real_worker_constructor_preserves_high_precision_state
tests/workflow/test_worker_handover.py::test_worker_artifact_trust_and_identity_are_checked_before_loading
tests/workflow/test_worker_handover.py::test_checkpoint_continuity_and_portable_state_have_distinct_guarantees
tests/workflow/test_worker_handover.py::test_worker_source_inventory_is_complete_before_executable_loading[extra-source]
tests/workflow/test_worker_handover.py::test_worker_source_inventory_is_complete_before_executable_loading[changed-source]
tests/workflow/test_worker_handover.py::test_byte_identical_worker_bundle_can_be_relocated

725 tests collected in 0.64s
