FFFFFFF......                                                            [100%]
=================================== FAILURES ===================================
_____ test_two_cap_bounded_restart_through_common_runner_in_fresh_process ______
tests/integration/test_cap_collections.py:414: in test_two_cap_bounded_restart_through_common_runner_in_fresh_process
    assert child_result.returncode == 0, child_result.stdout + child_result.stderr
E   AssertionError: Traceback (most recent call last):
E       File "<string>", line 4, in <module>
E       File "/tmp/pytest-of-agent/pytest-54/test_two_cap_bounded_restart_t0/bounded-run/worker/runtime/source/atm_mlmm/workflow.py", line 604, in resume_run
E         raise UnsupportedCapability('checkpoint continuation requires identical admitted runtime/software profile')
E     atm_mlmm.schema.UnsupportedCapability: checkpoint continuation requires identical admitted runtime/software profile
E     
E   assert 1 == 0
E    +  where 1 = CompletedProcess(args=['/workspace/before-hpc-cpu-v2/env/bin/python', '-c', '\nimport json, sys\nfrom atm_mlmm.workflo...atm_mlmm.schema.UnsupportedCapability: checkpoint continuation requires identical admitted runtime/software profile\n').returncode
----------------------------- Captured stdout call -----------------------------
cuequivariance or cuequivariance_torch is not available. Cuequivariance acceleration will be disabled.
______________________ test_environment_manifest_complete ______________________
tests/unit/test_environment.py:30: in test_environment_manifest_complete
    report = characterize_environment(ROOT, SETUP)
             ^^^^^^^^^^^^^^^^^^^^^^^^^^^^^^^^^^^^^
src/atm_mlmm/environment.py:150: in characterize_environment
    validate_environment_manifest(report)
src/atm_mlmm/environment.py:190: in validate_environment_manifest
    raise ValueError('dependency checks missing or failed')
E   ValueError: dependency checks missing or failed
_______________________ test_model_asset_hash_and_policy _______________________
tests/unit/test_environment.py:142: in test_model_asset_hash_and_policy
    with pytest.raises(ValueError, match='authorization|policy'):
E   AssertionError: Regex pattern did not match.
E     Expected regex: 'authorization|policy'
E     Actual message: 'model manifest SHA-256 differs from the approved asset manifest'
__ test_offline_actual_worker_resume_with_original_checkout_and_caches_denied __
tests/workflow/test_engine_fresh_process.py:63: in test_offline_actual_worker_resume_with_original_checkout_and_caches_denied
    assert child.returncode==0,child.stdout+child.stderr
E   AssertionError: Traceback (most recent call last):
E       File "<string>", line 28, in <module>
E       File "/tmp/pytest-of-agent/pytest-54/test_offline_actual_worker_res0/relocated-run/worker/runtime/source/atm_mlmm/workflow.py", line 604, in resume_run
E         raise UnsupportedCapability('checkpoint continuation requires identical admitted runtime/software profile')
E     atm_mlmm.schema.UnsupportedCapability: checkpoint continuation requires identical admitted runtime/software profile
E     
E   assert 1 == 0
E    +  where 1 = CompletedProcess(args=['/workspace/before-hpc-cpu-v2/env/bin/python', '-c', "\nimport builtins,io,json,os,pathlib,sock...atm_mlmm.schema.UnsupportedCapability: checkpoint continuation requires identical admitted runtime/software profile\n').returncode
_ test_host_guest_direct_native_and_fresh_worker_restart_are_mechanism_checks __
tests/workflow/test_host_guest_rbfe.py:182: in test_host_guest_direct_native_and_fresh_worker_restart_are_mechanism_checks
    child = subprocess.run([
../before-hpc-cpu-v2/env/lib/python3.11/subprocess.py:571: in run
    raise CalledProcessError(retcode, process.args,
E   subprocess.CalledProcessError: Command '['/workspace/before-hpc-cpu-v2/env/bin/python', '-c', 'import json,sys; from atm_mlmm.workflow import resume_run; print(json.dumps(resume_run(sys.argv[1], trusted=True)))', '/tmp/pytest-of-agent/pytest-54/test_host_guest_direct_native_0/run']' returned non-zero exit status 1.
_______ test_solvated_offline_cache_independent_reload_and_devices[abfe] _______
tests/workflow/test_solvated_process_restart.py:101: in test_solvated_offline_cache_independent_reload_and_devices
    assert child.returncode==0,child.stdout+child.stderr
E   AssertionError: cuequivariance or cuequivariance_torch is not available. Cuequivariance acceleration will be disabled.
E     Traceback (most recent call last):
E       File "<string>", line 35, in <module>
E       File "/tmp/pytest-of-agent/pytest-54/test_solvated_offline_cache_in0/relocated/worker/runtime/source/atm_mlmm/workflow.py", line 604, in resume_run
E         raise UnsupportedCapability('checkpoint continuation requires identical admitted runtime/software profile')
E     atm_mlmm.schema.UnsupportedCapability: checkpoint continuation requires identical admitted runtime/software profile
E     
E   assert 1 == 0
E    +  where 1 = CompletedProcess(args=['/workspace/before-hpc-cpu-v2/env/bin/python', '-c', "\nimport builtins,io,json,os,pathlib,sock...atm_mlmm.schema.UnsupportedCapability: checkpoint continuation requires identical admitted runtime/software profile\n').returncode
_______ test_solvated_offline_cache_independent_reload_and_devices[rbfe] _______
tests/workflow/test_solvated_process_restart.py:101: in test_solvated_offline_cache_independent_reload_and_devices
    assert child.returncode==0,child.stdout+child.stderr
E   AssertionError: cuequivariance or cuequivariance_torch is not available. Cuequivariance acceleration will be disabled.
E     Traceback (most recent call last):
E       File "<string>", line 35, in <module>
E       File "/tmp/pytest-of-agent/pytest-54/test_solvated_offline_cache_in1/relocated/worker/runtime/source/atm_mlmm/workflow.py", line 604, in resume_run
E         raise UnsupportedCapability('checkpoint continuation requires identical admitted runtime/software profile')
E     atm_mlmm.schema.UnsupportedCapability: checkpoint continuation requires identical admitted runtime/software profile
E     
E   assert 1 == 0
E    +  where 1 = CompletedProcess(args=['/workspace/before-hpc-cpu-v2/env/bin/python', '-c', "\nimport builtins,io,json,os,pathlib,sock...atm_mlmm.schema.UnsupportedCapability: checkpoint continuation requires identical admitted runtime/software profile\n').returncode
=========================== short test summary info ============================
FAILED tests/integration/test_cap_collections.py::test_two_cap_bounded_restart_through_common_runner_in_fresh_process
FAILED tests/unit/test_environment.py::test_environment_manifest_complete - V...
FAILED tests/unit/test_environment.py::test_model_asset_hash_and_policy - Ass...
FAILED tests/workflow/test_engine_fresh_process.py::test_offline_actual_worker_resume_with_original_checkout_and_caches_denied
FAILED tests/workflow/test_host_guest_rbfe.py::test_host_guest_direct_native_and_fresh_worker_restart_are_mechanism_checks
FAILED tests/workflow/test_solvated_process_restart.py::test_solvated_offline_cache_independent_reload_and_devices[abfe]
FAILED tests/workflow/test_solvated_process_restart.py::test_solvated_offline_cache_independent_reload_and_devices[rbfe]
7 failed, 6 passed in 60.80s (0:01:00)
