cuequivariance or cuequivariance_torch is not available. Cuequivariance acceleration will be disabled.
Traceback (most recent call last):
  File "/workspace/AToM_MLMM-before-HPC/tools/benchmark_case.py", line 189, in <module>
    raise SystemExit(main())
                     ^^^^^^
  File "/workspace/AToM_MLMM-before-HPC/tools/benchmark_case.py", line 184, in main
    print(json.dumps(run(args.case,args.workdir),sort_keys=True,allow_nan=False))
                     ^^^^^^^^^^^^^^^^^^^^^^^^^^^
  File "/workspace/AToM_MLMM-before-HPC/tools/benchmark_case.py", line 69, in run
    transfer = resolve_protocol(physical, make_protocol(
                                          ^^^^^^^^^^^^^^
  File "/workspace/AToM_MLMM-before-HPC/src/atm_mlmm/protocols/rbfe.py", line 9, in make_protocol
    return ProtocolSpec('rbfe', groups, {'displacement_nm': displacement_nm},
           ^^^^^^^^^^^^^^^^^^^^^^^^^^^^^^^^^^^^^^^^^^^^^^^^^^^^^^^^^^^^^^^^^^
  File "<string>", line 8, in __init__
  File "/workspace/AToM_MLMM-before-HPC/src/atm_mlmm/schema.py", line 112, in __post_init__
    self._validate()
  File "/workspace/AToM_MLMM-before-HPC/src/atm_mlmm/schema.py", line 332, in _validate
    _coerce(self.geometry_requests['displacement_nm'], tuple[float, float, float], 'displacement_nm')
  File "/workspace/AToM_MLMM-before-HPC/src/atm_mlmm/schema.py", line 80, in _coerce
    raise MalformedInput(f'{field}: expected {len(args)} entries')
atm_mlmm.schema.MalformedInput: displacement_nm: expected 3 entries
