........F..F.............                                                [100%]
=================================== FAILURES ===================================
____________ test_code_checkbox_cannot_promote_unrun_gpu_or_physics ____________

    def test_code_checkbox_cannot_promote_unrun_gpu_or_physics():
        from atm_mlmm.release import validate_support_matrix
    
        matrix = json.loads((ROOT / "docs/project-0/support-matrix.json").read_text())
>       row = next(row for row in matrix["claims"] if row["claim_id"] == "g05-cuda-device")
              ^^^^^^^^^^^^^^^^^^^^^^^^^^^^^^^^^^^^^^^^^^^^^^^^^^^^^^^^^^^^^^^^^^^^^^^^^^^^^
E       StopIteration

tests/contracts/test_release_evidence.py:26: StopIteration
___ test_hpc_profile_template_is_incomplete_and_defaults_to_validation_only ____

    def test_hpc_profile_template_is_incomplete_and_defaults_to_validation_only():
        from atm_mlmm.hpc import check_profile
    
        result = check_profile(_profile(), bundle_manifest=None)
        assert result["status"] == "held"
        assert result["submission_performed"] is False
>       assert "platform" in result["missing_fields"]
E       AssertionError: assert 'platform' in ['allocation.memory_gib', 'allocation.scheduler', 'allocation.threads', 'allocation.walltime_seconds', 'allocation.workers', 'artifacts.asset_manifest_sha256', ...]

tests/environment/test_hpc_profile.py:18: AssertionError
=========================== short test summary info ============================
FAILED tests/contracts/test_release_evidence.py::test_code_checkbox_cannot_promote_unrun_gpu_or_physics
FAILED tests/environment/test_hpc_profile.py::test_hpc_profile_template_is_incomplete_and_defaults_to_validation_only
2 failed, 23 passed in 0.66s
