START_UTC 2026-10-07T14:41:05Z
COMMAND python -m pip wheel --no-deps --no-build-isolation . --wheel-dir /tmp/atom-mlmm-batch-e-wheel-002
Processing ./.
  Preparing metadata (pyproject.toml): started
  Preparing metadata (pyproject.toml): finished with status 'done'
Building wheels for collected packages: atom-mlmm
  Building wheel for atom-mlmm (pyproject.toml): started
  Building wheel for atom-mlmm (pyproject.toml): finished with status 'done'
  Created wheel for atom-mlmm: filename=atom_mlmm-0.1.0-py3-none-any.whl size=137030 sha256=6d194d75bba54de476061a994c456de180db0f3528cb033184435ef60d0e57d2
  Stored in directory: /tmp/pip-ephem-wheel-cache-ov7qrien/wheels/fd/d6/27/fc15debd0ec7272e0d94ae3eaeb44d4d1fd7567267ab03d506
Successfully built atom-mlmm
COMMAND python -m venv --system-site-packages /tmp/atom-mlmm-batch-e-installed-002
COMMAND installed-env python -m pip install --no-index --no-deps <wheel>
Processing /tmp/atom-mlmm-batch-e-wheel-002/atom_mlmm-0.1.0-py3-none-any.whl
atom-mlmm is already installed with the same version as the provided wheel. Use --force-reinstall to force an installation of the wheel.
COMMAND cd /tmp; env -u PYTHONPATH <installed python> <analytic probe>
Traceback (most recent call last):
  File "/workspace/AToM_MLMM-before-HPC/Worker_Log/Before_HPC/evidence/batch-e-v1/installed-analytic-probe.py", line 10, in <module>
    import atm_mlmm
ModuleNotFoundError: No module named 'atm_mlmm'
