============================= test session starts ==============================
platform linux -- Python 3.11.16, pytest-9.1.1, pluggy-1.6.0 -- /workspace/atom-mlmm-g05-v2/env/bin/python
cachedir: .pytest_cache
rootdir: /workspace/AToM_MLMM-m03-reference-g05
configfile: pytest.ini
plugins: cov-7.1.0, platformdirs-4.12.2, anyio-4.15.1
collecting ... collected 18 items / 17 deselected / 1 selected

tests/unit/test_quantum_interruptions.py::test_supervisor_loss_cleans_reference_group_before_next_launch FAILED [100%]

=================================== FAILURES ===================================
________ test_supervisor_loss_cleans_reference_group_before_next_launch ________

synthetic = (PosixPath('/tmp/pytest-of-agent/pytest-28/test_supervisor_loss_cleans_re0/plan'), PosixPath('/tmp/pytest-of-agent/pyt..._cleans_re0/reference/bin/python'), PosixPath('/tmp/pytest-of-agent/pytest-28/test_supervisor_loss_cleans_re0/output'))
monkeypatch = <_pytest.monkeypatch.MonkeyPatch object at 0x7fa9fbf0c150>

    def test_supervisor_loss_cleans_reference_group_before_next_launch(synthetic, monkeypatch):
        functions = load_recovery(monkeypatch)
        output = synthetic[-1]
        marker = output.parent / 'orphan.json'
        later = output.parent / 'later-job.json'
        original = synthetic[2]
        executable = original.with_name('supervisor-loss-worker')
        header, body = original.read_text().split('\n', 1)
        injection = f'''
    import signal
    marker=Path({str(marker)!r});later=Path({str(later)!r})
    if name=='one':
        marker.write_text(json.dumps({{'pid':os.getpid(),'group':os.getpgrp(),'supervisor':os.getppid()}}))
        os.kill(os.getppid(),signal.SIGKILL)
        time.sleep(30)
    elif not later.exists():
        info=json.loads(marker.read_text())
        try:
            fields=(Path('/proc')/str(info['pid'])/'stat').read_text().rsplit(')',1)[1].split()
            live=fields[0]!='Z'
        except OSError:live=False
        later.write_text(json.dumps({{'old_reference_child_live':live}}))
    '''
        needle = "mode=os.environ.get('QUANTUM_RECOVERY_TEST_MODE', '')\n"
        assert needle in body
        executable.write_text(header + '\n' + body.replace(needle, needle + injection))
        executable.chmod(0o755)
        try:
            result = UNIT['run_synthetic']((*synthetic[:2], executable, output))
            assert result.returncode == 1, result.stderr
            assert marker.exists() and later.exists(), 'Fault did not reach the intended scheduling boundary'
            child = json.loads(marker.read_text())
>           assert not json.loads(later.read_text())['old_reference_child_live'], 'Overlapping reference workers after supervisor loss'
E           AssertionError: Overlapping reference workers after supervisor loss
E           assert not True

tests/unit/test_quantum_interruptions.py:312: AssertionError
=========================== short test summary info ============================
FAILED tests/unit/test_quantum_interruptions.py::test_supervisor_loss_cleans_reference_group_before_next_launch
======================= 1 failed, 17 deselected in 3.19s =======================
