Worker_Log/Before_HPC/evidence/batch-e-v2/installed-final-worker-001.log:2: trailing whitespace.
+SOURCE_COMMIT 
Worker_Log/Before_HPC/evidence/batch-e-v2/installed-final-worker-001.log:26: trailing whitespace.
+/workspace/AToM_MLMM-before-HPC/tests/workflow/test_engine_restart.py:100: 
Worker_Log/Before_HPC/evidence/batch-e-v2/installed-final-worker-001.log:27: trailing whitespace.
+_ _ _ _ _ _ _ _ _ _ _ _ _ _ _ _ _ _ _ _ _ _ _ _ _ _ _ _ _ _ _ _ _ _ _ _ _ _ _ _ 
Worker_Log/Before_HPC/evidence/batch-e-v2/installed-final-worker-001.log:32: trailing whitespace.
+_ _ _ _ _ _ _ _ _ _ _ _ _ _ _ _ _ _ _ _ _ _ _ _ _ _ _ _ _ _ _ _ _ _ _ _ _ _ _ _ 
Worker_Log/Before_HPC/evidence/batch-e-v2/installed-final-worker-001.log:40: trailing whitespace.
+    
Worker_Log/Before_HPC/evidence/batch-e-v2/installed-final-worker-001.log:43: trailing whitespace.
+    
Worker_Log/Before_HPC/evidence/batch-e-v2/installed-final-worker-001.log:46: trailing whitespace.
+    
Worker_Log/Before_HPC/evidence/batch-e-v2/installed-final-worker-001.log:49: trailing whitespace.
+    
Worker_Log/Before_HPC/evidence/batch-e-v2/installed-final-worker-001.log:64: trailing whitespace.
+    
Worker_Log/Before_HPC/evidence/final-cpu-v1/targeted.log:11: trailing whitespace.
+E     
Worker_Log/Before_HPC/evidence/final-cpu-v1/targeted.log:39: trailing whitespace.
+E     
Worker_Log/Before_HPC/evidence/final-cpu-v1/targeted.log:57: trailing whitespace.
+E     
Worker_Log/Before_HPC/evidence/final-cpu-v1/targeted.log:69: trailing whitespace.
+E     
