CLOUD_START.md: OK
README.md: OK
activate-amber.sh: OK
activate.sh: OK
amber-conda-linux-64.lock: OK
amber-packages.json: OK
amber-pip-inventory.txt: OK
check_versions.py: OK
cloud-install.sh: OK
constraints.txt: OK
core-conda-linux-64.lock: OK
core-packages.json: OK
core-pip-inventory.txt: OK
install.sh: OK
package-identities.json: OK
pip-requirements.lock: OK
pip-wheels.lock: OK
smoke_cpu.py: OK
smoke_prep.py: OK
sources/AToM-OpenMM-9e26c5a3811038be1c98e3be6af4c78cd0dd57a7.tar.gz: OK
sources/openmm-ml-a7fb40ebecd031db3a5d1da08202cad6819c366f.tar.gz: OK
sources/openmmforcefields-3aa91626db3aeea8e8388c43c42a51bf1d99159e.tar.gz: OK
upstream-sources.json: OK
validate.py: OK
wheels/annotated_doc-0.0.5-py3-none-any.whl: OK
wheels/anyio-4.15.1-py3-none-any.whl: OK
wheels/asciitree-0.3.3-py3-none-any.whl: OK
wheels/ase-3.29.0-py3-none-any.whl: OK
wheels/atom_openmm-8.5.0b0-py3-none-any.whl: OK
wheels/click-8.5.0-py3-none-any.whl: OK
wheels/configargparse-1.8.0-py3-none-any.whl: OK
wheels/contourpy-1.3.3-cp311-cp311-manylinux_2_27_x86_64.manylinux_2_28_x86_64.whl: OK
wheels/cycler-0.12.1-py3-none-any.whl: OK
wheels/deprecated-1.3.1-py2.py3-none-any.whl: OK
wheels/fasteners-0.20-py3-none-any.whl: OK
wheels/fonttools-4.66.1-cp311-cp311-manylinux2014_x86_64.manylinux_2_17_x86_64.whl: OK
wheels/gitdb-4.0.12-py3-none-any.whl: OK
wheels/gitpython-3.2.0-py3-none-any.whl: OK
wheels/h11-0.16.0-py3-none-any.whl: OK
wheels/h5py-3.16.0-cp311-cp311-manylinux_2_28_x86_64.whl: OK
wheels/hf_xet-1.6.0-cp38-abi3-manylinux2014_x86_64.manylinux_2_17_x86_64.whl: OK
wheels/httpcore2-2.13.1-py3-none-any.whl: OK
wheels/httpx2-2.13.1-py3-none-any.whl: OK
wheels/huggingface_hub-2.0.0-py3-none-any.whl: OK
wheels/kiwisolver-1.5.1-cp311-cp311-manylinux2014_x86_64.manylinux_2_17_x86_64.whl: OK
wheels/lightning_utilities-0.15.3-py3-none-any.whl: OK
wheels/lmdb-2.3.0-cp311-cp311-manylinux2014_x86_64.manylinux_2_17_x86_64.manylinux_2_28_x86_64.whl: OK
wheels/lxml-6.1.3-cp311-cp311-manylinux_2_26_x86_64.manylinux_2_28_x86_64.whl: OK
wheels/mace_torch-0.3.16-py3-none-any.whl: OK
wheels/markdown_it_py-4.2.0-py3-none-any.whl: OK
wheels/matscipy-1.3.0-cp311-cp311-manylinux_2_24_x86_64.manylinux_2_28_x86_64.whl: OK
wheels/mdurl-0.1.2-py3-none-any.whl: OK
wheels/ninja-1.13.2-py3-none-manylinux2014_x86_64.manylinux_2_17_x86_64.whl: OK
wheels/numcodecs-0.15.1-cp311-cp311-manylinux_2_17_x86_64.manylinux2014_x86_64.whl: OK
wheels/openmmforcefields-0.16.0-py3-none-any.whl: OK
wheels/openmmml-1.8-py3-none-any.whl: OK
wheels/orjson-3.12.0-cp311-cp311-manylinux_2_17_x86_64.manylinux2014_x86_64.whl: OK
wheels/pillow-12.3.0-cp311-cp311-manylinux_2_27_x86_64.manylinux_2_28_x86_64.whl: OK
wheels/prettytable-3.18.0-py3-none-any.whl: OK
wheels/pyarrow-25.0.1-cp311-cp311-manylinux_2_28_x86_64.whl: OK
wheels/python_hostlist-2.3.0-py3-none-any.whl: OK
wheels/rich-15.0.0-py3-none-any.whl: OK
wheels/shellingham-1.5.4-py2.py3-none-any.whl: OK
wheels/smmap-5.0.3-py3-none-any.whl: OK
wheels/tinydb-4.9.0-py3-none-any.whl: OK
wheels/torch_ema-0.3-py3-none-any.whl: OK
wheels/torchani-2.9.0-py3-none-any.whl: OK
wheels/torchmetrics-1.9.0-py3-none-any.whl: OK
wheels/tqdm-4.70.1-py3-none-any.whl: OK
wheels/truststore-0.10.4-py3-none-any.whl: OK
wheels/typer-0.27.2-py3-none-any.whl: OK
wheels/validators-0.35.0-py3-none-any.whl: OK
wheels/wcwidth-0.9.1-cp310-abi3-manylinux2014_x86_64.manylinux_2_17_x86_64.whl: OK
wheels/wrapt-2.5.0-cp311-cp311-manylinux1_x86_64.manylinux_2_28_x86_64.manylinux_2_5_x86_64.whl: OK
wheels/zarr-2.18.7-py3-none-any.whl: OK
wheels.sha256: OK
