......F                                                                  [100%]
=================================== FAILURES ===================================
_______ test_map_archive_failure_does_not_hide_original_scientific_error _______

integrator = <openmm.openmm.LangevinMiddleIntegrator; proxy of <Swig Object of type 'OpenMM::LangevinMiddleIntegrator *' at 0x7f3b70325af0> >
steps = 1

    def step(integrator,steps):
        original_step(integrator,steps)
        if nonfinite:
            context = owners[id(integrator)].evaluator.context
            positions = original_state(context,getPositions=True).getPositions(asNumpy=True)
            positions[0,0] = float('nan')*unit.nanometer
            context.setPositions(positions)
        fired['value'] = True
>       raise NumericalDomainError('independent original scientific trigger')
E       atm_mlmm.schema.NumericalDomainError: independent original scientific trigger

Worker_Log/Milestone_05/evidence/cloud_v3_independent/probes.py:183: NumericalDomainError

During handling of the above exception, another exception occurred:

tmp_path = PosixPath('/tmp/atom-mlmm-cloud-independent-probes-final/test_map_archive_failure_does_0')
monkeypatch = <_pytest.monkeypatch.MonkeyPatch object at 0x7f3b702fcb50>

    def test_map_archive_failure_does_not_hide_original_scientific_error(tmp_path,monkeypatch):
        """Expected safety contract; frozen HEAD is allowed to fail this audit probe."""
        out,execute = failure_attempt(tmp_path,monkeypatch,map_write_failure=True)
        with pytest.raises(NumericalDomainError,match='independent original scientific trigger'):
>           execute()

Worker_Log/Milestone_05/evidence/cloud_v3_independent/probes.py:221: 
_ _ _ _ _ _ _ _ _ _ _ _ _ _ _ _ _ _ _ _ _ _ _ _ _ _ _ _ _ _ _ _ _ _ _ _ _ _ _ _ 
Worker_Log/Milestone_05/evidence/cloud_v3_independent/probes.py:201: in <lambda>
    return out, lambda:workflow._execute(out,metadata)
                       ^^^^^^^^^^^^^^^^^^^^^^^^^^^^^^^
src/atm_mlmm/workflow.py:326: in _execute
    _archive_map_states(failed,payload,bundle.transfer)
src/atm_mlmm/workflow.py:268: in _archive_map_states
    (directory/f'{label}-state.xml').write_text(ET.tostring(state,encoding='unicode'))
_ _ _ _ _ _ _ _ _ _ _ _ _ _ _ _ _ _ _ _ _ _ _ _ _ _ _ _ _ _ _ _ _ _ _ _ _ _ _ _ 

path = PosixPath('/tmp/atom-mlmm-cloud-independent-probes-final/test_map_archive_failure_does_0/failure-000000/map1-state.xml')
args = ('<State openmmVersion="8.6.1" stepCount="1" time=".0005" type="State" version="1">\n\t<PeriodicBoxVectors>\n\t\t<A x=...>\n\t\t<Velocity x=".04318284427071068" y=".02811391313910241" z=".012394515127401378" />\n\t</Velocities>\n</State>',)
kwargs = {}

    def write(path,*args,**kwargs):
        if map_write_failure and path.name == 'map1-state.xml':
>           raise OSError('independent mapped State archive trigger')
E           OSError: independent mapped State archive trigger

Worker_Log/Milestone_05/evidence/cloud_v3_independent/probes.py:190: OSError
=============================== warnings summary ===============================
Worker_Log/Milestone_05/evidence/cloud_v3_independent/probes.py::test_exchange_actual_nonfinite_and_outside_mutation_rejected
  /workspace/AToM_MLMM/src/atm_mlmm/analytic.py:22: RuntimeWarning: overflow encountered in multiply
    energy = float(.5*np.sum(k*difference*difference))

-- Docs: https://docs.pytest.org/en/stable/how-to/capture-warnings.html
=========================== short test summary info ============================
FAILED Worker_Log/Milestone_05/evidence/cloud_v3_independent/probes.py::test_map_archive_failure_does_not_hide_original_scientific_error
1 failed, 6 passed, 1 warning in 5.70s
